
> vite_react_shadcn_ts@0.0.0 build
> vite build

[36mvite v5.4.19 [32mbuilding for production...[36m[39m
transforming...
node.exe : Browserslist: browsers data (caniuse-lite) is 11 
months old. Please run:
At C:\Program Files\nodejs\npm.ps1:29 char:3
+   & $NODE_EXE $NPM_CLI_JS $args
+   ~~~~~~~~~~~~~~~~~~~~~~~~~~~~~
    + CategoryInfo          : NotSpecified: (Browserslist: b 
   ...ld. Please run::String) [], RemoteException
    + FullyQualifiedErrorId : NativeCommandError
 
  npx update-browserslist-db@latest
  Why you should do it regularly: 
https://github.com/browserslist/update-db#readme
[32mظ£ô[39m 58 modules transformed.
[31mx[39m Build failed in 3.19s
[31merror during build:
[31m[vite:esbuild] Transform failed with 1579 errors:
C:/Users/abdal/munaasib-event-compass-app-34-main/src/pages/B
ookingForm.tsx:57:8: ERROR: The symbol "isSurveyOpen" has 
already been declared
C:/Users/abdal/munaasib-event-compass-app-34-main/src/pages/B
ookingForm.tsx:57:8: ERROR: The symbol "setIsSurveyOpen" has 
already been declared
C:/Users/abdal/munaasib-event-compass-app-34-main/src/pages/B
ookingForm.tsx:58:8: ERROR: The symbol "confirmWhatsAppOpen" 
has already been declared
C:/Users/abdal/munaasib-event-compass-app-34-main/src/pages/B
ookingForm.tsx:58:8: ERROR: The symbol 
"setConfirmWhatsAppOpen" has already been declared
C:/Users/abdal/munaasib-event-compass-app-34-main/src/pages/B
ookingForm.tsx:59:8: ERROR: The symbol "pendingConvId" has 
already been declared
...[31m
file: [36mC:/Users/abdal/munaasib-event-compass-app-34-main/
src/pages/BookingForm.tsx:57:8[31m
[33m
[33mThe symbol "isSurveyOpen" has already been declared[33m
55 |    const [isEditing, setIsEditing] = useState(false);
56 |    const [editingBooking, setEditingBooking] = 
useState<EditBookingData | null>(null);
57 |    const [isSurveyOpen, setIsSurveyOpen] = 
useState(false);
   |          ^
58 |    const [confirmWhatsAppOpen, setConfirmWhatsAppOpen] 
= useState(false);
59 |    const [pendingConvId, setPendingConvId] = 
useState<string | null>(null);

[33mThe symbol "setIsSurveyOpen" has already been 
declared[33m
55 |    const [isEditing, setIsEditing] = useState(false);
56 |    const [editingBooking, setEditingBooking] = 
useState<EditBookingData | null>(null);
57 |    const [isSurveyOpen, setIsSurveyOpen] = 
useState(false);
   |          ^
58 |    const [confirmWhatsAppOpen, setConfirmWhatsAppOpen] 
= useState(false);
59 |    const [pendingConvId, setPendingConvId] = 
useState<string | null>(null);

[33mThe symbol "confirmWhatsAppOpen" has already been 
declared[33m
56 |    const [editingBooking, setEditingBooking] = 
useState<EditBookingData | null>(null);
57 |    const [isSurveyOpen, setIsSurveyOpen] = 
useState(false);
58 |    const [confirmWhatsAppOpen, setConfirmWhatsAppOpen] 
= useState(false);
   |          ^
59 |    const [pendingConvId, setPendingConvId] = 
useState<string | null>(null);
60 |    const [pendingWaLink, setPendingWaLink] = 
useState<string | null>(null);

[33mThe symbol "setConfirmWhatsAppOpen" has already been 
declared[33m
56 |    const [editingBooking, setEditingBooking] = 
useState<EditBookingData | null>(null);
57 |    const [isSurveyOpen, setIsSurveyOpen] = 
useState(false);
58 |    const [confirmWhatsAppOpen, setConfirmWhatsAppOpen] 
= useState(false);
   |          ^
59 |    const [pendingConvId, setPendingConvId] = 
useState<string | null>(null);
60 |    const [pendingWaLink, setPendingWaLink] = 
useState<string | null>(null);

[33mThe symbol "pendingConvId" has already been 
declared[33m
57 |    const [isSurveyOpen, setIsSurveyOpen] = 
useState(false);
58 |    const [confirmWhatsAppOpen, setConfirmWhatsAppOpen] 
= useState(false);
59 |    const [pendingConvId, setPendingConvId] = 
useState<string | null>(null);
   |          ^
60 |    const [pendingWaLink, setPendingWaLink] = 
useState<string | null>(null);
61 |    const [isEditing, setIsEditing] = useState(false);

[33mThe symbol "setPendingConvId" has already been 
declared[33m
57 |    const [isSurveyOpen, setIsSurveyOpen] = 
useState(false);
58 |    const [confirmWhatsAppOpen, setConfirmWhatsAppOpen] 
= useState(false);
59 |    const [pendingConvId, setPendingConvId] = 
useState<string | null>(null);
   |          ^
60 |    const [pendingWaLink, setPendingWaLink] = 
useState<string | null>(null);
61 |    const [isEditing, setIsEditing] = useState(false);

[33mThe symbol "pendingWaLink" has already been 
declared[33m
58 |    const [confirmWhatsAppOpen, setConfirmWhatsAppOpen] 
= useState(false);
59 |    const [pendingConvId, setPendingConvId] = 
useState<string | null>(null);
60 |    const [pendingWaLink, setPendingWaLink] = 
useState<string | null>(null);
   |          ^
61 |    const [isEditing, setIsEditing] = useState(false);
62 |    const [editingBooking, setEditingBooking] = 
useState<EditBookingData | null>(null);

[33mThe symbol "setPendingWaLink" has already been 
declared[33m
58 |    const [confirmWhatsAppOpen, setConfirmWhatsAppOpen] 
= useState(false);
59 |    const [pendingConvId, setPendingConvId] = 
useState<string | null>(null);
60 |    const [pendingWaLink, setPendingWaLink] = 
useState<string | null>(null);
   |          ^
61 |    const [isEditing, setIsEditing] = useState(false);
62 |    const [editingBooking, setEditingBooking] = 
useState<EditBookingData | null>(null);

[33mThe symbol "isEditing" has already been declared[33m
59 |    const [pendingConvId, setPendingConvId] = 
useState<string | null>(null);
60 |    const [pendingWaLink, setPendingWaLink] = 
useState<string | null>(null);
61 |    const [isEditing, setIsEditing] = useState(false);
   |          ^
62 |    const [editingBooking, setEditingBooking] = 
useState<EditBookingData | null>(null);
63 |    const [isSurveyOpen, setIsSurveyOpen] = 
useState(false);

[33mThe symbol "setIsEditing" has already been declared[33m
59 |    const [pendingConvId, setPendingConvId] = 
useState<string | null>(null);
60 |    const [pendingWaLink, setPendingWaLink] = 
useState<string | null>(null);
61 |    const [isEditing, setIsEditing] = useState(false);
   |          ^
62 |    const [editingBooking, setEditingBooking] = 
useState<EditBookingData | null>(null);
63 |    const [isSurveyOpen, setIsSurveyOpen] = 
useState(false);

[33mThe symbol "editingBooking" has already been 
declared[33m
60 |    const [pendingWaLink, setPendingWaLink] = 
useState<string | null>(null);
61 |    const [isEditing, setIsEditing] = useState(false);
62 |    const [editingBooking, setEditingBooking] = 
useState<EditBookingData | null>(null);
   |          ^
63 |    const [isSurveyOpen, setIsSurveyOpen] = 
useState(false);
64 |    const [confirmWhatsAppOpen, setConfirmWhatsAppOpen] 
= useState(false);

[33mThe symbol "setEditingBooking" has already been 
declared[33m
60 |    const [pendingWaLink, setPendingWaLink] = 
useState<string | null>(null);
61 |    const [isEditing, setIsEditing] = useState(false);
62 |    const [editingBooking, setEditingBooking] = 
useState<EditBookingData | null>(null);
   |          ^
63 |    const [isSurveyOpen, setIsSurveyOpen] = 
useState(false);
64 |    const [confirmWhatsAppOpen, setConfirmWhatsAppOpen] 
= useState(false);

[33mThe symbol "isSurveyOpen" has already been declared[33m
61 |    const [isEditing, setIsEditing] = useState(false);
62 |    const [editingBooking, setEditingBooking] = 
useState<EditBookingData | null>(null);
63 |    const [isSurveyOpen, setIsSurveyOpen] = 
useState(false);
   |          ^
64 |    const [confirmWhatsAppOpen, setConfirmWhatsAppOpen] 
= useState(false);
65 |    const [pendingConvId, setPendingConvId] = 
useState<string | null>(null);

[33mThe symbol "setIsSurveyOpen" has already been 
declared[33m
61 |    const [isEditing, setIsEditing] = useState(false);
62 |    const [editingBooking, setEditingBooking] = 
useState<EditBookingData | null>(null);
63 |    const [isSurveyOpen, setIsSurveyOpen] = 
useState(false);
   |          ^
64 |    const [confirmWhatsAppOpen, setConfirmWhatsAppOpen] 
= useState(false);
65 |    const [pendingConvId, setPendingConvId] = 
useState<string | null>(null);

[33mThe symbol "confirmWhatsAppOpen" has already been 
declared[33m
62 |    const [editingBooking, setEditingBooking] = 
useState<EditBookingData | null>(null);
63 |    const [isSurveyOpen, setIsSurveyOpen] = 
useState(false);
64 |    const [confirmWhatsAppOpen, setConfirmWhatsAppOpen] 
= useState(false);
   |          ^
65 |    const [pendingConvId, setPendingConvId] = 
useState<string | null>(null);
66 |    const [pendingWaLink, setPendingWaLink] = 
useState<string | null>(null);

[33mThe symbol "setConfirmWhatsAppOpen" has already been 
declared[33m
62 |    const [editingBooking, setEditingBooking] = 
useState<EditBookingData | null>(null);
63 |    const [isSurveyOpen, setIsSurveyOpen] = 
useState(false);
64 |    const [confirmWhatsAppOpen, setConfirmWhatsAppOpen] 
= useState(false);
   |          ^
65 |    const [pendingConvId, setPendingConvId] = 
useState<string | null>(null);
66 |    const [pendingWaLink, setPendingWaLink] = 
useState<string | null>(null);

[33mThe symbol "pendingConvId" has already been 
declared[33m
63 |    const [isSurveyOpen, setIsSurveyOpen] = 
useState(false);
64 |    const [confirmWhatsAppOpen, setConfirmWhatsAppOpen] 
= useState(false);
65 |    const [pendingConvId, setPendingConvId] = 
useState<string | null>(null);
   |          ^
66 |    const [pendingWaLink, setPendingWaLink] = 
useState<string | null>(null);
67 |    const [isEditing, setIsEditing] = useState(false);

[33mThe symbol "setPendingConvId" has already been 
declared[33m
63 |    const [isSurveyOpen, setIsSurveyOpen] = 
useState(false);
64 |    const [confirmWhatsAppOpen, setConfirmWhatsAppOpen] 
= useState(false);
65 |    const [pendingConvId, setPendingConvId] = 
useState<string | null>(null);
   |          ^
66 |    const [pendingWaLink, setPendingWaLink] = 
useState<string | null>(null);
67 |    const [isEditing, setIsEditing] = useState(false);

[33mThe symbol "pendingWaLink" has already been 
declared[33m
64 |    const [confirmWhatsAppOpen, setConfirmWhatsAppOpen] 
= useState(false);
65 |    const [pendingConvId, setPendingConvId] = 
useState<string | null>(null);
66 |    const [pendingWaLink, setPendingWaLink] = 
useState<string | null>(null);
   |          ^
67 |    const [isEditing, setIsEditing] = useState(false);
68 |    const [editingBooking, setEditingBooking] = 
useState<EditBookingData | null>(null);

[33mThe symbol "setPendingWaLink" has already been 
declared[33m
64 |    const [confirmWhatsAppOpen, setConfirmWhatsAppOpen] 
= useState(false);
65 |    const [pendingConvId, setPendingConvId] = 
useState<string | null>(null);
66 |    const [pendingWaLink, setPendingWaLink] = 
useState<string | null>(null);
   |          ^
67 |    const [isEditing, setIsEditing] = useState(false);
68 |    const [editingBooking, setEditingBooking] = 
useState<EditBookingData | null>(null);

[33mThe symbol "isEditing" has already been declared[33m
65 |    const [pendingConvId, setPendingConvId] = 
useState<string | null>(null);
66 |    const [pendingWaLink, setPendingWaLink] = 
useState<string | null>(null);
67 |    const [isEditing, setIsEditing] = useState(false);
   |          ^
68 |    const [editingBooking, setEditingBooking] = 
useState<EditBookingData | null>(null);
69 |    const [isSurveyOpen, setIsSurveyOpen] = 
useState(false);

[33mThe symbol "setIsEditing" has already been declared[33m
65 |    const [pendingConvId, setPendingConvId] = 
useState<string | null>(null);
66 |    const [pendingWaLink, setPendingWaLink] = 
useState<string | null>(null);
67 |    const [isEditing, setIsEditing] = useState(false);
   |          ^
68 |    const [editingBooking, setEditingBooking] = 
useState<EditBookingData | null>(null);
69 |    const [isSurveyOpen, setIsSurveyOpen] = 
useState(false);

[33mThe symbol "editingBooking" has already been 
declared[33m
66 |    const [pendingWaLink, setPendingWaLink] = 
useState<string | null>(null);
67 |    const [isEditing, setIsEditing] = useState(false);
68 |    const [editingBooking, setEditingBooking] = 
useState<EditBookingData | null>(null);
   |          ^
69 |    const [isSurveyOpen, setIsSurveyOpen] = 
useState(false);
70 |    const [confirmWhatsAppOpen, setConfirmWhatsAppOpen] 
= useState(false);

[33mThe symbol "setEditingBooking" has already been 
declared[33m
66 |    const [pendingWaLink, setPendingWaLink] = 
useState<string | null>(null);
67 |    const [isEditing, setIsEditing] = useState(false);
68 |    const [editingBooking, setEditingBooking] = 
useState<EditBookingData | null>(null);
   |          ^
69 |    const [isSurveyOpen, setIsSurveyOpen] = 
useState(false);
70 |    const [confirmWhatsAppOpen, setConfirmWhatsAppOpen] 
= useState(false);

[33mThe symbol "isSurveyOpen" has already been declared[33m
67 |    const [isEditing, setIsEditing] = useState(false);
68 |    const [editingBooking, setEditingBooking] = 
useState<EditBookingData | null>(null);
69 |    const [isSurveyOpen, setIsSurveyOpen] = 
useState(false);
   |          ^
70 |    const [confirmWhatsAppOpen, setConfirmWhatsAppOpen] 
= useState(false);
71 |    const [pendingConvId, setPendingConvId] = 
useState<string | null>(null);

[33mThe symbol "setIsSurveyOpen" has already been 
declared[33m
67 |    const [isEditing, setIsEditing] = useState(false);
68 |    const [editingBooking, setEditingBooking] = 
useState<EditBookingData | null>(null);
69 |    const [isSurveyOpen, setIsSurveyOpen] = 
useState(false);
   |          ^
70 |    const [confirmWhatsAppOpen, setConfirmWhatsAppOpen] 
= useState(false);
71 |    const [pendingConvId, setPendingConvId] = 
useState<string | null>(null);

[33mThe symbol "confirmWhatsAppOpen" has already been 
declared[33m
68 |    const [editingBooking, setEditingBooking] = 
useState<EditBookingData | null>(null);
69 |    const [isSurveyOpen, setIsSurveyOpen] = 
useState(false);
70 |    const [confirmWhatsAppOpen, setConfirmWhatsAppOpen] 
= useState(false);
   |          ^
71 |    const [pendingConvId, setPendingConvId] = 
useState<string | null>(null);
72 |    const [pendingWaLink, setPendingWaLink] = 
useState<string | null>(null);

[33mThe symbol "setConfirmWhatsAppOpen" has already been 
declared[33m
68 |    const [editingBooking, setEditingBooking] = 
useState<EditBookingData | null>(null);
69 |    const [isSurveyOpen, setIsSurveyOpen] = 
useState(false);
70 |    const [confirmWhatsAppOpen, setConfirmWhatsAppOpen] 
= useState(false);
   |          ^
71 |    const [pendingConvId, setPendingConvId] = 
useState<string | null>(null);
72 |    const [pendingWaLink, setPendingWaLink] = 
useState<string | null>(null);

[33mThe symbol "pendingConvId" has already been 
declared[33m
69 |    const [isSurveyOpen, setIsSurveyOpen] = 
useState(false);
70 |    const [confirmWhatsAppOpen, setConfirmWhatsAppOpen] 
= useState(false);
71 |    const [pendingConvId, setPendingConvId] = 
useState<string | null>(null);
   |          ^
72 |    const [pendingWaLink, setPendingWaLink] = 
useState<string | null>(null);
73 |    const [isEditing, setIsEditing] = useState(false);

[33mThe symbol "setPendingConvId" has already been 
declared[33m
69 |    const [isSurveyOpen, setIsSurveyOpen] = 
useState(false);
70 |    const [confirmWhatsAppOpen, setConfirmWhatsAppOpen] 
= useState(false);
71 |    const [pendingConvId, setPendingConvId] = 
useState<string | null>(null);
   |          ^
72 |    const [pendingWaLink, setPendingWaLink] = 
useState<string | null>(null);
73 |    const [isEditing, setIsEditing] = useState(false);

[33mThe symbol "pendingWaLink" has already been 
declared[33m
70 |    const [confirmWhatsAppOpen, setConfirmWhatsAppOpen] 
= useState(false);
71 |    const [pendingConvId, setPendingConvId] = 
useState<string | null>(null);
72 |    const [pendingWaLink, setPendingWaLink] = 
useState<string | null>(null);
   |          ^
73 |    const [isEditing, setIsEditing] = useState(false);
74 |    const [editingBooking, setEditingBooking] = 
useState<EditBookingData | null>(null);

[33mThe symbol "setPendingWaLink" has already been 
declared[33m
70 |    const [confirmWhatsAppOpen, setConfirmWhatsAppOpen] 
= useState(false);
71 |    const [pendingConvId, setPendingConvId] = 
useState<string | null>(null);
72 |    const [pendingWaLink, setPendingWaLink] = 
useState<string | null>(null);
   |          ^
73 |    const [isEditing, setIsEditing] = useState(false);
74 |    const [editingBooking, setEditingBooking] = 
useState<EditBookingData | null>(null);

[33mThe symbol "isEditing" has already been declared[33m
71 |    const [pendingConvId, setPendingConvId] = 
useState<string | null>(null);
72 |    const [pendingWaLink, setPendingWaLink] = 
useState<string | null>(null);
73 |    const [isEditing, setIsEditing] = useState(false);
   |          ^
74 |    const [editingBooking, setEditingBooking] = 
useState<EditBookingData | null>(null);
75 |    const [isSurveyOpen, setIsSurveyOpen] = 
useState(false);

[33mThe symbol "setIsEditing" has already been declared[33m
71 |    const [pendingConvId, setPendingConvId] = 
useState<string | null>(null);
72 |    const [pendingWaLink, setPendingWaLink] = 
useState<string | null>(null);
73 |    const [isEditing, setIsEditing] = useState(false);
   |          ^
74 |    const [editingBooking, setEditingBooking] = 
useState<EditBookingData | null>(null);
75 |    const [isSurveyOpen, setIsSurveyOpen] = 
useState(false);

[33mThe symbol "editingBooking" has already been 
declared[33m
72 |    const [pendingWaLink, setPendingWaLink] = 
useState<string | null>(null);
73 |    const [isEditing, setIsEditing] = useState(false);
74 |    const [editingBooking, setEditingBooking] = 
useState<EditBookingData | null>(null);
   |          ^
75 |    const [isSurveyOpen, setIsSurveyOpen] = 
useState(false);
76 |    const [confirmWhatsAppOpen, setConfirmWhatsAppOpen] 
= useState(false);

[33mThe symbol "setEditingBooking" has already been 
declared[33m
72 |    const [pendingWaLink, setPendingWaLink] = 
useState<string | null>(null);
73 |    const [isEditing, setIsEditing] = useState(false);
74 |    const [editingBooking, setEditingBooking] = 
useState<EditBookingData | null>(null);
   |          ^
75 |    const [isSurveyOpen, setIsSurveyOpen] = 
useState(false);
76 |    const [confirmWhatsAppOpen, setConfirmWhatsAppOpen] 
= useState(false);

[33mThe symbol "isSurveyOpen" has already been declared[33m
73 |    const [isEditing, setIsEditing] = useState(false);
74 |    const [editingBooking, setEditingBooking] = 
useState<EditBookingData | null>(null);
75 |    const [isSurveyOpen, setIsSurveyOpen] = 
useState(false);
   |          ^
76 |    const [confirmWhatsAppOpen, setConfirmWhatsAppOpen] 
= useState(false);
77 |    const [pendingConvId, setPendingConvId] = 
useState<string | null>(null);

[33mThe symbol "setIsSurveyOpen" has already been 
declared[33m
73 |    const [isEditing, setIsEditing] = useState(false);
74 |    const [editingBooking, setEditingBooking] = 
useState<EditBookingData | null>(null);
75 |    const [isSurveyOpen, setIsSurveyOpen] = 
useState(false);
   |          ^
76 |    const [confirmWhatsAppOpen, setConfirmWhatsAppOpen] 
= useState(false);
77 |    const [pendingConvId, setPendingConvId] = 
useState<string | null>(null);

[33mThe symbol "confirmWhatsAppOpen" has already been 
declared[33m
74 |    const [editingBooking, setEditingBooking] = 
useState<EditBookingData | null>(null);
75 |    const [isSurveyOpen, setIsSurveyOpen] = 
useState(false);
76 |    const [confirmWhatsAppOpen, setConfirmWhatsAppOpen] 
= useState(false);
   |          ^
77 |    const [pendingConvId, setPendingConvId] = 
useState<string | null>(null);
78 |    const [pendingWaLink, setPendingWaLink] = 
useState<string | null>(null);

[33mThe symbol "setConfirmWhatsAppOpen" has already been 
declared[33m
74 |    const [editingBooking, setEditingBooking] = 
useState<EditBookingData | null>(null);
75 |    const [isSurveyOpen, setIsSurveyOpen] = 
useState(false);
76 |    const [confirmWhatsAppOpen, setConfirmWhatsAppOpen] 
= useState(false);
   |          ^
77 |    const [pendingConvId, setPendingConvId] = 
useState<string | null>(null);
78 |    const [pendingWaLink, setPendingWaLink] = 
useState<string | null>(null);

[33mThe symbol "pendingConvId" has already been 
declared[33m
75 |    const [isSurveyOpen, setIsSurveyOpen] = 
useState(false);
76 |    const [confirmWhatsAppOpen, setConfirmWhatsAppOpen] 
= useState(false);
77 |    const [pendingConvId, setPendingConvId] = 
useState<string | null>(null);
   |          ^
78 |    const [pendingWaLink, setPendingWaLink] = 
useState<string | null>(null);
79 |    const [isEditing, setIsEditing] = useState(false);

[33mThe symbol "setPendingConvId" has already been 
declared[33m
75 |    const [isSurveyOpen, setIsSurveyOpen] = 
useState(false);
76 |    const [confirmWhatsAppOpen, setConfirmWhatsAppOpen] 
= useState(false);
77 |    const [pendingConvId, setPendingConvId] = 
useState<string | null>(null);
   |          ^
78 |    const [pendingWaLink, setPendingWaLink] = 
useState<string | null>(null);
79 |    const [isEditing, setIsEditing] = useState(false);

[33mThe symbol "pendingWaLink" has already been 
declared[33m
76 |    const [confirmWhatsAppOpen, setConfirmWhatsAppOpen] 
= useState(false);
77 |    const [pendingConvId, setPendingConvId] = 
useState<string | null>(null);
78 |    const [pendingWaLink, setPendingWaLink] = 
useState<string | null>(null);
   |          ^
79 |    const [isEditing, setIsEditing] = useState(false);
80 |    const [editingBooking, setEditingBooking] = 
useState<EditBookingData | null>(null);

[33mThe symbol "setPendingWaLink" has already been 
declared[33m
76 |    const [confirmWhatsAppOpen, setConfirmWhatsAppOpen] 
= useState(false);
77 |    const [pendingConvId, setPendingConvId] = 
useState<string | null>(null);
78 |    const [pendingWaLink, setPendingWaLink] = 
useState<string | null>(null);
   |          ^
79 |    const [isEditing, setIsEditing] = useState(false);
80 |    const [editingBooking, setEditingBooking] = 
useState<EditBookingData | null>(null);

[33mThe symbol "isEditing" has already been declared[33m
77 |    const [pendingConvId, setPendingConvId] = 
useState<string | null>(null);
78 |    const [pendingWaLink, setPendingWaLink] = 
useState<string | null>(null);
79 |    const [isEditing, setIsEditing] = useState(false);
   |          ^
80 |    const [editingBooking, setEditingBooking] = 
useState<EditBookingData | null>(null);
81 |    const [isSurveyOpen, setIsSurveyOpen] = 
useState(false);

[33mThe symbol "setIsEditing" has already been declared[33m
77 |    const [pendingConvId, setPendingConvId] = 
useState<string | null>(null);
78 |    const [pendingWaLink, setPendingWaLink] = 
useState<string | null>(null);
79 |    const [isEditing, setIsEditing] = useState(false);
   |          ^
80 |    const [editingBooking, setEditingBooking] = 
useState<EditBookingData | null>(null);
81 |    const [isSurveyOpen, setIsSurveyOpen] = 
useState(false);

[33mThe symbol "editingBooking" has already been 
declared[33m
78 |    const [pendingWaLink, setPendingWaLink] = 
useState<string | null>(null);
79 |    const [isEditing, setIsEditing] = useState(false);
80 |    const [editingBooking, setEditingBooking] = 
useState<EditBookingData | null>(null);
   |          ^
81 |    const [isSurveyOpen, setIsSurveyOpen] = 
useState(false);
82 |    const [confirmWhatsAppOpen, setConfirmWhatsAppOpen] 
= useState(false);

[33mThe symbol "setEditingBooking" has already been 
declared[33m
78 |    const [pendingWaLink, setPendingWaLink] = 
useState<string | null>(null);
79 |    const [isEditing, setIsEditing] = useState(false);
80 |    const [editingBooking, setEditingBooking] = 
useState<EditBookingData | null>(null);
   |          ^
81 |    const [isSurveyOpen, setIsSurveyOpen] = 
useState(false);
82 |    const [confirmWhatsAppOpen, setConfirmWhatsAppOpen] 
= useState(false);

[33mThe symbol "isSurveyOpen" has already been declared[33m
79 |    const [isEditing, setIsEditing] = useState(false);
80 |    const [editingBooking, setEditingBooking] = 
useState<EditBookingData | null>(null);
81 |    const [isSurveyOpen, setIsSurveyOpen] = 
useState(false);
   |          ^
82 |    const [confirmWhatsAppOpen, setConfirmWhatsAppOpen] 
= useState(false);
83 |    const [pendingConvId, setPendingConvId] = 
useState<string | null>(null);

[33mThe symbol "setIsSurveyOpen" has already been 
declared[33m
79 |    const [isEditing, setIsEditing] = useState(false);
80 |    const [editingBooking, setEditingBooking] = 
useState<EditBookingData | null>(null);
81 |    const [isSurveyOpen, setIsSurveyOpen] = 
useState(false);
   |          ^
82 |    const [confirmWhatsAppOpen, setConfirmWhatsAppOpen] 
= useState(false);
83 |    const [pendingConvId, setPendingConvId] = 
useState<string | null>(null);

[33mThe symbol "confirmWhatsAppOpen" has already been 
declared[33m
80 |    const [editingBooking, setEditingBooking] = 
useState<EditBookingData | null>(null);
81 |    const [isSurveyOpen, setIsSurveyOpen] = 
useState(false);
82 |    const [confirmWhatsAppOpen, setConfirmWhatsAppOpen] 
= useState(false);
   |          ^
83 |    const [pendingConvId, setPendingConvId] = 
useState<string | null>(null);
84 |    const [pendingWaLink, setPendingWaLink] = 
useState<string | null>(null);

[33mThe symbol "setConfirmWhatsAppOpen" has already been 
declared[33m
80 |    const [editingBooking, setEditingBooking] = 
useState<EditBookingData | null>(null);
81 |    const [isSurveyOpen, setIsSurveyOpen] = 
useState(false);
82 |    const [confirmWhatsAppOpen, setConfirmWhatsAppOpen] 
= useState(false);
   |          ^
83 |    const [pendingConvId, setPendingConvId] = 
useState<string | null>(null);
84 |    const [pendingWaLink, setPendingWaLink] = 
useState<string | null>(null);

[33mThe symbol "pendingConvId" has already been 
declared[33m
81 |    const [isSurveyOpen, setIsSurveyOpen] = 
useState(false);
82 |    const [confirmWhatsAppOpen, setConfirmWhatsAppOpen] 
= useState(false);
83 |    const [pendingConvId, setPendingConvId] = 
useState<string | null>(null);
   |          ^
84 |    const [pendingWaLink, setPendingWaLink] = 
useState<string | null>(null);
85 |    const [isEditing, setIsEditing] = useState(false);

[33mThe symbol "setPendingConvId" has already been 
declared[33m
81 |    const [isSurveyOpen, setIsSurveyOpen] = 
useState(false);
82 |    const [confirmWhatsAppOpen, setConfirmWhatsAppOpen] 
= useState(false);
83 |    const [pendingConvId, setPendingConvId] = 
useState<string | null>(null);
   |          ^
84 |    const [pendingWaLink, setPendingWaLink] = 
useState<string | null>(null);
85 |    const [isEditing, setIsEditing] = useState(false);

[33mThe symbol "pendingWaLink" has already been 
declared[33m
82 |    const [confirmWhatsAppOpen, setConfirmWhatsAppOpen] 
= useState(false);
83 |    const [pendingConvId, setPendingConvId] = 
useState<string | null>(null);
84 |    const [pendingWaLink, setPendingWaLink] = 
useState<string | null>(null);
   |          ^
85 |    const [isEditing, setIsEditing] = useState(false);
86 |    const [editingBooking, setEditingBooking] = 
useState<EditBookingData | null>(null);

[33mThe symbol "setPendingWaLink" has already been 
declared[33m
82 |    const [confirmWhatsAppOpen, setConfirmWhatsAppOpen] 
= useState(false);
83 |    const [pendingConvId, setPendingConvId] = 
useState<string | null>(null);
84 |    const [pendingWaLink, setPendingWaLink] = 
useState<string | null>(null);
   |          ^
85 |    const [isEditing, setIsEditing] = useState(false);
86 |    const [editingBooking, setEditingBooking] = 
useState<EditBookingData | null>(null);

[33mThe symbol "isEditing" has already been declared[33m
83 |    const [pendingConvId, setPendingConvId] = 
useState<string | null>(null);
84 |    const [pendingWaLink, setPendingWaLink] = 
useState<string | null>(null);
85 |    const [isEditing, setIsEditing] = useState(false);
   |          ^
86 |    const [editingBooking, setEditingBooking] = 
useState<EditBookingData | null>(null);
87 |    const [isSurveyOpen, setIsSurveyOpen] = 
useState(false);

[33mThe symbol "setIsEditing" has already been declared[33m
83 |    const [pendingConvId, setPendingConvId] = 
useState<string | null>(null);
84 |    const [pendingWaLink, setPendingWaLink] = 
useState<string | null>(null);
85 |    const [isEditing, setIsEditing] = useState(false);
   |          ^
86 |    const [editingBooking, setEditingBooking] = 
useState<EditBookingData | null>(null);
87 |    const [isSurveyOpen, setIsSurveyOpen] = 
useState(false);

[33mThe symbol "editingBooking" has already been 
declared[33m
84 |    const [pendingWaLink, setPendingWaLink] = 
useState<string | null>(null);
85 |    const [isEditing, setIsEditing] = useState(false);
86 |    const [editingBooking, setEditingBooking] = 
useState<EditBookingData | null>(null);
   |          ^
87 |    const [isSurveyOpen, setIsSurveyOpen] = 
useState(false);
88 |    const [confirmWhatsAppOpen, setConfirmWhatsAppOpen] 
= useState(false);

[33mThe symbol "setEditingBooking" has already been 
declared[33m
84 |    const [pendingWaLink, setPendingWaLink] = 
useState<string | null>(null);
85 |    const [isEditing, setIsEditing] = useState(false);
86 |    const [editingBooking, setEditingBooking] = 
useState<EditBookingData | null>(null);
   |          ^
87 |    const [isSurveyOpen, setIsSurveyOpen] = 
useState(false);
88 |    const [confirmWhatsAppOpen, setConfirmWhatsAppOpen] 
= useState(false);

[33mThe symbol "isSurveyOpen" has already been declared[33m
85 |    const [isEditing, setIsEditing] = useState(false);
86 |    const [editingBooking, setEditingBooking] = 
useState<EditBookingData | null>(null);
87 |    const [isSurveyOpen, setIsSurveyOpen] = 
useState(false);
   |          ^
88 |    const [confirmWhatsAppOpen, setConfirmWhatsAppOpen] 
= useState(false);
89 |    const [pendingConvId, setPendingConvId] = 
useState<string | null>(null);

[33mThe symbol "setIsSurveyOpen" has already been 
declared[33m
85 |    const [isEditing, setIsEditing] = useState(false);
86 |    const [editingBooking, setEditingBooking] = 
useState<EditBookingData | null>(null);
87 |    const [isSurveyOpen, setIsSurveyOpen] = 
useState(false);
   |          ^
88 |    const [confirmWhatsAppOpen, setConfirmWhatsAppOpen] 
= useState(false);
89 |    const [pendingConvId, setPendingConvId] = 
useState<string | null>(null);

[33mThe symbol "confirmWhatsAppOpen" has already been 
declared[33m
86 |    const [editingBooking, setEditingBooking] = 
useState<EditBookingData | null>(null);
87 |    const [isSurveyOpen, setIsSurveyOpen] = 
useState(false);
88 |    const [confirmWhatsAppOpen, setConfirmWhatsAppOpen] 
= useState(false);
   |          ^
89 |    const [pendingConvId, setPendingConvId] = 
useState<string | null>(null);
90 |    const [pendingWaLink, setPendingWaLink] = 
useState<string | null>(null);

[33mThe symbol "setConfirmWhatsAppOpen" has already been 
declared[33m
86 |    const [editingBooking, setEditingBooking] = 
useState<EditBookingData | null>(null);
87 |    const [isSurveyOpen, setIsSurveyOpen] = 
useState(false);
88 |    const [confirmWhatsAppOpen, setConfirmWhatsAppOpen] 
= useState(false);
   |          ^
89 |    const [pendingConvId, setPendingConvId] = 
useState<string | null>(null);
90 |    const [pendingWaLink, setPendingWaLink] = 
useState<string | null>(null);

[33mThe symbol "pendingConvId" has already been 
declared[33m
87 |    const [isSurveyOpen, setIsSurveyOpen] = 
useState(false);
88 |    const [confirmWhatsAppOpen, setConfirmWhatsAppOpen] 
= useState(false);
89 |    const [pendingConvId, setPendingConvId] = 
useState<string | null>(null);
   |          ^
90 |    const [pendingWaLink, setPendingWaLink] = 
useState<string | null>(null);
91 |    const [isEditing, setIsEditing] = useState(false);

[33mThe symbol "setPendingConvId" has already been 
declared[33m
87 |    const [isSurveyOpen, setIsSurveyOpen] = 
useState(false);
88 |    const [confirmWhatsAppOpen, setConfirmWhatsAppOpen] 
= useState(false);
89 |    const [pendingConvId, setPendingConvId] = 
useState<string | null>(null);
   |          ^
90 |    const [pendingWaLink, setPendingWaLink] = 
useState<string | null>(null);
91 |    const [isEditing, setIsEditing] = useState(false);

[33mThe symbol "pendingWaLink" has already been 
declared[33m
88 |    const [confirmWhatsAppOpen, setConfirmWhatsAppOpen] 
= useState(false);
89 |    const [pendingConvId, setPendingConvId] = 
useState<string | null>(null);
90 |    const [pendingWaLink, setPendingWaLink] = 
useState<string | null>(null);
   |          ^
91 |    const [isEditing, setIsEditing] = useState(false);
92 |    const [editingBooking, setEditingBooking] = 
useState<EditBookingData | null>(null);

[33mThe symbol "setPendingWaLink" has already been 
declared[33m
88 |    const [confirmWhatsAppOpen, setConfirmWhatsAppOpen] 
= useState(false);
89 |    const [pendingConvId, setPendingConvId] = 
useState<string | null>(null);
90 |    const [pendingWaLink, setPendingWaLink] = 
useState<string | null>(null);
   |          ^
91 |    const [isEditing, setIsEditing] = useState(false);
92 |    const [editingBooking, setEditingBooking] = 
useState<EditBookingData | null>(null);

[33mThe symbol "isEditing" has already been declared[33m
89 |    const [pendingConvId, setPendingConvId] = 
useState<string | null>(null);
90 |    const [pendingWaLink, setPendingWaLink] = 
useState<string | null>(null);
91 |    const [isEditing, setIsEditing] = useState(false);
   |          ^
92 |    const [editingBooking, setEditingBooking] = 
useState<EditBookingData | null>(null);
93 |    const [isSurveyOpen, setIsSurveyOpen] = 
useState(false);

[33mThe symbol "setIsEditing" has already been declared[33m
89 |    const [pendingConvId, setPendingConvId] = 
useState<string | null>(null);
90 |    const [pendingWaLink, setPendingWaLink] = 
useState<string | null>(null);
91 |    const [isEditing, setIsEditing] = useState(false);
   |          ^
92 |    const [editingBooking, setEditingBooking] = 
useState<EditBookingData | null>(null);
93 |    const [isSurveyOpen, setIsSurveyOpen] = 
useState(false);

[33mThe symbol "editingBooking" has already been 
declared[33m
90 |    const [pendingWaLink, setPendingWaLink] = 
useState<string | null>(null);
91 |    const [isEditing, setIsEditing] = useState(false);
92 |    const [editingBooking, setEditingBooking] = 
useState<EditBookingData | null>(null);
   |          ^
93 |    const [isSurveyOpen, setIsSurveyOpen] = 
useState(false);
94 |    const [confirmWhatsAppOpen, setConfirmWhatsAppOpen] 
= useState(false);

[33mThe symbol "setEditingBooking" has already been 
declared[33m
90 |    const [pendingWaLink, setPendingWaLink] = 
useState<string | null>(null);
91 |    const [isEditing, setIsEditing] = useState(false);
92 |    const [editingBooking, setEditingBooking] = 
useState<EditBookingData | null>(null);
   |          ^
93 |    const [isSurveyOpen, setIsSurveyOpen] = 
useState(false);
94 |    const [confirmWhatsAppOpen, setConfirmWhatsAppOpen] 
= useState(false);

[33mThe symbol "isSurveyOpen" has already been declared[33m
91 |    const [isEditing, setIsEditing] = useState(false);
92 |    const [editingBooking, setEditingBooking] = 
useState<EditBookingData | null>(null);
93 |    const [isSurveyOpen, setIsSurveyOpen] = 
useState(false);
   |          ^
94 |    const [confirmWhatsAppOpen, setConfirmWhatsAppOpen] 
= useState(false);
95 |    const [pendingConvId, setPendingConvId] = 
useState<string | null>(null);

[33mThe symbol "setIsSurveyOpen" has already been 
declared[33m
91 |    const [isEditing, setIsEditing] = useState(false);
92 |    const [editingBooking, setEditingBooking] = 
useState<EditBookingData | null>(null);
93 |    const [isSurveyOpen, setIsSurveyOpen] = 
useState(false);
   |          ^
94 |    const [confirmWhatsAppOpen, setConfirmWhatsAppOpen] 
= useState(false);
95 |    const [pendingConvId, setPendingConvId] = 
useState<string | null>(null);

[33mThe symbol "confirmWhatsAppOpen" has already been 
declared[33m
92 |    const [editingBooking, setEditingBooking] = 
useState<EditBookingData | null>(null);
93 |    const [isSurveyOpen, setIsSurveyOpen] = 
useState(false);
94 |    const [confirmWhatsAppOpen, setConfirmWhatsAppOpen] 
= useState(false);
   |          ^
95 |    const [pendingConvId, setPendingConvId] = 
useState<string | null>(null);
96 |    const [pendingWaLink, setPendingWaLink] = 
useState<string | null>(null);

[33mThe symbol "setConfirmWhatsAppOpen" has already been 
declared[33m
92 |    const [editingBooking, setEditingBooking] = 
useState<EditBookingData | null>(null);
93 |    const [isSurveyOpen, setIsSurveyOpen] = 
useState(false);
94 |    const [confirmWhatsAppOpen, setConfirmWhatsAppOpen] 
= useState(false);
   |          ^
95 |    const [pendingConvId, setPendingConvId] = 
useState<string | null>(null);
96 |    const [pendingWaLink, setPendingWaLink] = 
useState<string | null>(null);

[33mThe symbol "pendingConvId" has already been 
declared[33m
93 |    const [isSurveyOpen, setIsSurveyOpen] = 
useState(false);
94 |    const [confirmWhatsAppOpen, setConfirmWhatsAppOpen] 
= useState(false);
95 |    const [pendingConvId, setPendingConvId] = 
useState<string | null>(null);
   |          ^
96 |    const [pendingWaLink, setPendingWaLink] = 
useState<string | null>(null);
97 |    const [isEditing, setIsEditing] = useState(false);

[33mThe symbol "setPendingConvId" has already been 
declared[33m
93 |    const [isSurveyOpen, setIsSurveyOpen] = 
useState(false);
94 |    const [confirmWhatsAppOpen, setConfirmWhatsAppOpen] 
= useState(false);
95 |    const [pendingConvId, setPendingConvId] = 
useState<string | null>(null);
   |          ^
96 |    const [pendingWaLink, setPendingWaLink] = 
useState<string | null>(null);
97 |    const [isEditing, setIsEditing] = useState(false);

[33mThe symbol "pendingWaLink" has already been 
declared[33m
94 |    const [confirmWhatsAppOpen, setConfirmWhatsAppOpen] 
= useState(false);
95 |    const [pendingConvId, setPendingConvId] = 
useState<string | null>(null);
96 |    const [pendingWaLink, setPendingWaLink] = 
useState<string | null>(null);
   |          ^
97 |    const [isEditing, setIsEditing] = useState(false);
98 |    const [editingBooking, setEditingBooking] = 
useState<EditBookingData | null>(null);

[33mThe symbol "setPendingWaLink" has already been 
declared[33m
94 |    const [confirmWhatsAppOpen, setConfirmWhatsAppOpen] 
= useState(false);
95 |    const [pendingConvId, setPendingConvId] = 
useState<string | null>(null);
96 |    const [pendingWaLink, setPendingWaLink] = 
useState<string | null>(null);
   |          ^
97 |    const [isEditing, setIsEditing] = useState(false);
98 |    const [editingBooking, setEditingBooking] = 
useState<EditBookingData | null>(null);

[33mThe symbol "isEditing" has already been declared[33m
95 |    const [pendingConvId, setPendingConvId] = 
useState<string | null>(null);
96 |    const [pendingWaLink, setPendingWaLink] = 
useState<string | null>(null);
97 |    const [isEditing, setIsEditing] = useState(false);
   |          ^
98 |    const [editingBooking, setEditingBooking] = 
useState<EditBookingData | null>(null);
99 |    const [isSurveyOpen, setIsSurveyOpen] = 
useState(false);

[33mThe symbol "setIsEditing" has already been declared[33m
95 |    const [pendingConvId, setPendingConvId] = 
useState<string | null>(null);
96 |    const [pendingWaLink, setPendingWaLink] = 
useState<string | null>(null);
97 |    const [isEditing, setIsEditing] = useState(false);
   |          ^
98 |    const [editingBooking, setEditingBooking] = 
useState<EditBookingData | null>(null);
99 |    const [isSurveyOpen, setIsSurveyOpen] = 
useState(false);

[33mThe symbol "editingBooking" has already been 
declared[33m
96 |    const [pendingWaLink, setPendingWaLink] = 
useState<string | null>(null);
97 |    const [isEditing, setIsEditing] = useState(false);
98 |    const [editingBooking, setEditingBooking] = 
useState<EditBookingData | null>(null);
   |          ^
99 |    const [isSurveyOpen, setIsSurveyOpen] = 
useState(false);
100|    const [confirmWhatsAppOpen, setConfirmWhatsAppOpen] 
= useState(false);

[33mThe symbol "setEditingBooking" has already been 
declared[33m
96 |    const [pendingWaLink, setPendingWaLink] = 
useState<string | null>(null);
97 |    const [isEditing, setIsEditing] = useState(false);
98 |    const [editingBooking, setEditingBooking] = 
useState<EditBookingData | null>(null);
   |          ^
99 |    const [isSurveyOpen, setIsSurveyOpen] = 
useState(false);
100|    const [confirmWhatsAppOpen, setConfirmWhatsAppOpen] 
= useState(false);

[33mThe symbol "isSurveyOpen" has already been declared[33m
97 |    const [isEditing, setIsEditing] = useState(false);
98 |    const [editingBooking, setEditingBooking] = 
useState<EditBookingData | null>(null);
99 |    const [isSurveyOpen, setIsSurveyOpen] = 
useState(false);
   |          ^
100|    const [confirmWhatsAppOpen, setConfirmWhatsAppOpen] 
= useState(false);
101|    const [pendingConvId, setPendingConvId] = 
useState<string | null>(null);

[33mThe symbol "setIsSurveyOpen" has already been 
declared[33m
97 |    const [isEditing, setIsEditing] = useState(false);
98 |    const [editingBooking, setEditingBooking] = 
useState<EditBookingData | null>(null);
99 |    const [isSurveyOpen, setIsSurveyOpen] = 
useState(false);
   |          ^
100|    const [confirmWhatsAppOpen, setConfirmWhatsAppOpen] 
= useState(false);
101|    const [pendingConvId, setPendingConvId] = 
useState<string | null>(null);

[33mThe symbol "confirmWhatsAppOpen" has already been 
declared[33m
98 |    const [editingBooking, setEditingBooking] = 
useState<EditBookingData | null>(null);
99 |    const [isSurveyOpen, setIsSurveyOpen] = 
useState(false);
100|    const [confirmWhatsAppOpen, setConfirmWhatsAppOpen] 
= useState(false);
   |          ^
101|    const [pendingConvId, setPendingConvId] = 
useState<string | null>(null);
102|    const [pendingWaLink, setPendingWaLink] = 
useState<string | null>(null);

[33mThe symbol "setConfirmWhatsAppOpen" has already been 
declared[33m
98 |    const [editingBooking, setEditingBooking] = 
useState<EditBookingData | null>(null);
99 |    const [isSurveyOpen, setIsSurveyOpen] = 
useState(false);
100|    const [confirmWhatsAppOpen, setConfirmWhatsAppOpen] 
= useState(false);
   |          ^
101|    const [pendingConvId, setPendingConvId] = 
useState<string | null>(null);
102|    const [pendingWaLink, setPendingWaLink] = 
useState<string | null>(null);

[33mThe symbol "pendingConvId" has already been 
declared[33m
99 |    const [isSurveyOpen, setIsSurveyOpen] = 
useState(false);
100|    const [confirmWhatsAppOpen, setConfirmWhatsAppOpen] 
= useState(false);
101|    const [pendingConvId, setPendingConvId] = 
useState<string | null>(null);
   |          ^
102|    const [pendingWaLink, setPendingWaLink] = 
useState<string | null>(null);
103|    const [isEditing, setIsEditing] = useState(false);

[33mThe symbol "setPendingConvId" has already been 
declared[33m
99 |    const [isSurveyOpen, setIsSurveyOpen] = 
useState(false);
100|    const [confirmWhatsAppOpen, setConfirmWhatsAppOpen] 
= useState(false);
101|    const [pendingConvId, setPendingConvId] = 
useState<string | null>(null);
   |          ^
102|    const [pendingWaLink, setPendingWaLink] = 
useState<string | null>(null);
103|    const [isEditing, setIsEditing] = useState(false);

[33mThe symbol "pendingWaLink" has already been 
declared[33m
100|    const [confirmWhatsAppOpen, setConfirmWhatsAppOpen] 
= useState(false);
101|    const [pendingConvId, setPendingConvId] = 
useState<string | null>(null);
102|    const [pendingWaLink, setPendingWaLink] = 
useState<string | null>(null);
   |          ^
103|    const [isEditing, setIsEditing] = useState(false);
104|    const [editingBooking, setEditingBooking] = 
useState<EditBookingData | null>(null);

[33mThe symbol "setPendingWaLink" has already been 
declared[33m
100|    const [confirmWhatsAppOpen, setConfirmWhatsAppOpen] 
= useState(false);
101|    const [pendingConvId, setPendingConvId] = 
useState<string | null>(null);
102|    const [pendingWaLink, setPendingWaLink] = 
useState<string | null>(null);
   |          ^
103|    const [isEditing, setIsEditing] = useState(false);
104|    const [editingBooking, setEditingBooking] = 
useState<EditBookingData | null>(null);

[33mThe symbol "isEditing" has already been declared[33m
101|    const [pendingConvId, setPendingConvId] = 
useState<string | null>(null);
102|    const [pendingWaLink, setPendingWaLink] = 
useState<string | null>(null);
103|    const [isEditing, setIsEditing] = useState(false);
   |          ^
104|    const [editingBooking, setEditingBooking] = 
useState<EditBookingData | null>(null);
105|    const [isSurveyOpen, setIsSurveyOpen] = 
useState(false);

[33mThe symbol "setIsEditing" has already been declared[33m
101|    const [pendingConvId, setPendingConvId] = 
useState<string | null>(null);
102|    const [pendingWaLink, setPendingWaLink] = 
useState<string | null>(null);
103|    const [isEditing, setIsEditing] = useState(false);
   |          ^
104|    const [editingBooking, setEditingBooking] = 
useState<EditBookingData | null>(null);
105|    const [isSurveyOpen, setIsSurveyOpen] = 
useState(false);

[33mThe symbol "editingBooking" has already been 
declared[33m
102|    const [pendingWaLink, setPendingWaLink] = 
useState<string | null>(null);
103|    const [isEditing, setIsEditing] = useState(false);
104|    const [editingBooking, setEditingBooking] = 
useState<EditBookingData | null>(null);
   |          ^
105|    const [isSurveyOpen, setIsSurveyOpen] = 
useState(false);
106|    const [confirmWhatsAppOpen, setConfirmWhatsAppOpen] 
= useState(false);

[33mThe symbol "setEditingBooking" has already been 
declared[33m
102|    const [pendingWaLink, setPendingWaLink] = 
useState<string | null>(null);
103|    const [isEditing, setIsEditing] = useState(false);
104|    const [editingBooking, setEditingBooking] = 
useState<EditBookingData | null>(null);
   |          ^
105|    const [isSurveyOpen, setIsSurveyOpen] = 
useState(false);
106|    const [confirmWhatsAppOpen, setConfirmWhatsAppOpen] 
= useState(false);

[33mThe symbol "isSurveyOpen" has already been declared[33m
103|    const [isEditing, setIsEditing] = useState(false);
104|    const [editingBooking, setEditingBooking] = 
useState<EditBookingData | null>(null);
105|    const [isSurveyOpen, setIsSurveyOpen] = 
useState(false);
   |          ^
106|    const [confirmWhatsAppOpen, setConfirmWhatsAppOpen] 
= useState(false);
107|    const [pendingConvId, setPendingConvId] = 
useState<string | null>(null);

[33mThe symbol "setIsSurveyOpen" has already been 
declared[33m
103|    const [isEditing, setIsEditing] = useState(false);
104|    const [editingBooking, setEditingBooking] = 
useState<EditBookingData | null>(null);
105|    const [isSurveyOpen, setIsSurveyOpen] = 
useState(false);
   |          ^
106|    const [confirmWhatsAppOpen, setConfirmWhatsAppOpen] 
= useState(false);
107|    const [pendingConvId, setPendingConvId] = 
useState<string | null>(null);

[33mThe symbol "confirmWhatsAppOpen" has already been 
declared[33m
104|    const [editingBooking, setEditingBooking] = 
useState<EditBookingData | null>(null);
105|    const [isSurveyOpen, setIsSurveyOpen] = 
useState(false);
106|    const [confirmWhatsAppOpen, setConfirmWhatsAppOpen] 
= useState(false);
   |          ^
107|    const [pendingConvId, setPendingConvId] = 
useState<string | null>(null);
108|    const [pendingWaLink, setPendingWaLink] = 
useState<string | null>(null);

[33mThe symbol "setConfirmWhatsAppOpen" has already been 
declared[33m
104|    const [editingBooking, setEditingBooking] = 
useState<EditBookingData | null>(null);
105|    const [isSurveyOpen, setIsSurveyOpen] = 
useState(false);
106|    const [confirmWhatsAppOpen, setConfirmWhatsAppOpen] 
= useState(false);
   |          ^
107|    const [pendingConvId, setPendingConvId] = 
useState<string | null>(null);
108|    const [pendingWaLink, setPendingWaLink] = 
useState<string | null>(null);

[33mThe symbol "pendingConvId" has already been 
declared[33m
105|    const [isSurveyOpen, setIsSurveyOpen] = 
useState(false);
106|    const [confirmWhatsAppOpen, setConfirmWhatsAppOpen] 
= useState(false);
107|    const [pendingConvId, setPendingConvId] = 
useState<string | null>(null);
   |          ^
108|    const [pendingWaLink, setPendingWaLink] = 
useState<string | null>(null);
109|    const [isEditing, setIsEditing] = useState(false);

[33mThe symbol "setPendingConvId" has already been 
declared[33m
105|    const [isSurveyOpen, setIsSurveyOpen] = 
useState(false);
106|    const [confirmWhatsAppOpen, setConfirmWhatsAppOpen] 
= useState(false);
107|    const [pendingConvId, setPendingConvId] = 
useState<string | null>(null);
   |          ^
108|    const [pendingWaLink, setPendingWaLink] = 
useState<string | null>(null);
109|    const [isEditing, setIsEditing] = useState(false);

[33mThe symbol "pendingWaLink" has already been 
declared[33m
106|    const [confirmWhatsAppOpen, setConfirmWhatsAppOpen] 
= useState(false);
107|    const [pendingConvId, setPendingConvId] = 
useState<string | null>(null);
108|    const [pendingWaLink, setPendingWaLink] = 
useState<string | null>(null);
   |          ^
109|    const [isEditing, setIsEditing] = useState(false);
110|    const [editingBooking, setEditingBooking] = 
useState<EditBookingData | null>(null);

[33mThe symbol "setPendingWaLink" has already been 
declared[33m
106|    const [confirmWhatsAppOpen, setConfirmWhatsAppOpen] 
= useState(false);
107|    const [pendingConvId, setPendingConvId] = 
useState<string | null>(null);
108|    const [pendingWaLink, setPendingWaLink] = 
useState<string | null>(null);
   |          ^
109|    const [isEditing, setIsEditing] = useState(false);
110|    const [editingBooking, setEditingBooking] = 
useState<EditBookingData | null>(null);

[33mThe symbol "isEditing" has already been declared[33m
107|    const [pendingConvId, setPendingConvId] = 
useState<string | null>(null);
108|    const [pendingWaLink, setPendingWaLink] = 
useState<string | null>(null);
109|    const [isEditing, setIsEditing] = useState(false);
   |          ^
110|    const [editingBooking, setEditingBooking] = 
useState<EditBookingData | null>(null);
111|    const [isSurveyOpen, setIsSurveyOpen] = 
useState(false);

[33mThe symbol "setIsEditing" has already been declared[33m
107|    const [pendingConvId, setPendingConvId] = 
useState<string | null>(null);
108|    const [pendingWaLink, setPendingWaLink] = 
useState<string | null>(null);
109|    const [isEditing, setIsEditing] = useState(false);
   |          ^
110|    const [editingBooking, setEditingBooking] = 
useState<EditBookingData | null>(null);
111|    const [isSurveyOpen, setIsSurveyOpen] = 
useState(false);

[33mThe symbol "editingBooking" has already been 
declared[33m
108|    const [pendingWaLink, setPendingWaLink] = 
useState<string | null>(null);
109|    const [isEditing, setIsEditing] = useState(false);
110|    const [editingBooking, setEditingBooking] = 
useState<EditBookingData | null>(null);
   |          ^
111|    const [isSurveyOpen, setIsSurveyOpen] = 
useState(false);
112|    const [confirmWhatsAppOpen, setConfirmWhatsAppOpen] 
= useState(false);

[33mThe symbol "setEditingBooking" has already been 
declared[33m
108|    const [pendingWaLink, setPendingWaLink] = 
useState<string | null>(null);
109|    const [isEditing, setIsEditing] = useState(false);
110|    const [editingBooking, setEditingBooking] = 
useState<EditBookingData | null>(null);
   |          ^
111|    const [isSurveyOpen, setIsSurveyOpen] = 
useState(false);
112|    const [confirmWhatsAppOpen, setConfirmWhatsAppOpen] 
= useState(false);

[33mThe symbol "isSurveyOpen" has already been declared[33m
109|    const [isEditing, setIsEditing] = useState(false);
110|    const [editingBooking, setEditingBooking] = 
useState<EditBookingData | null>(null);
111|    const [isSurveyOpen, setIsSurveyOpen] = 
useState(false);
   |          ^
112|    const [confirmWhatsAppOpen, setConfirmWhatsAppOpen] 
= useState(false);
113|    const [pendingConvId, setPendingConvId] = 
useState<string | null>(null);

[33mThe symbol "setIsSurveyOpen" has already been 
declared[33m
109|    const [isEditing, setIsEditing] = useState(false);
110|    const [editingBooking, setEditingBooking] = 
useState<EditBookingData | null>(null);
111|    const [isSurveyOpen, setIsSurveyOpen] = 
useState(false);
   |          ^
112|    const [confirmWhatsAppOpen, setConfirmWhatsAppOpen] 
= useState(false);
113|    const [pendingConvId, setPendingConvId] = 
useState<string | null>(null);

[33mThe symbol "confirmWhatsAppOpen" has already been 
declared[33m
110|    const [editingBooking, setEditingBooking] = 
useState<EditBookingData | null>(null);
111|    const [isSurveyOpen, setIsSurveyOpen] = 
useState(false);
112|    const [confirmWhatsAppOpen, setConfirmWhatsAppOpen] 
= useState(false);
   |          ^
113|    const [pendingConvId, setPendingConvId] = 
useState<string | null>(null);
114|    const [pendingWaLink, setPendingWaLink] = 
useState<string | null>(null);

[33mThe symbol "setConfirmWhatsAppOpen" has already been 
declared[33m
110|    const [editingBooking, setEditingBooking] = 
useState<EditBookingData | null>(null);
111|    const [isSurveyOpen, setIsSurveyOpen] = 
useState(false);
112|    const [confirmWhatsAppOpen, setConfirmWhatsAppOpen] 
= useState(false);
   |          ^
113|    const [pendingConvId, setPendingConvId] = 
useState<string | null>(null);
114|    const [pendingWaLink, setPendingWaLink] = 
useState<string | null>(null);

[33mThe symbol "pendingConvId" has already been 
declared[33m
111|    const [isSurveyOpen, setIsSurveyOpen] = 
useState(false);
112|    const [confirmWhatsAppOpen, setConfirmWhatsAppOpen] 
= useState(false);
113|    const [pendingConvId, setPendingConvId] = 
useState<string | null>(null);
   |          ^
114|    const [pendingWaLink, setPendingWaLink] = 
useState<string | null>(null);
115|    const [isEditing, setIsEditing] = useState(false);

[33mThe symbol "setPendingConvId" has already been 
declared[33m
111|    const [isSurveyOpen, setIsSurveyOpen] = 
useState(false);
112|    const [confirmWhatsAppOpen, setConfirmWhatsAppOpen] 
= useState(false);
113|    const [pendingConvId, setPendingConvId] = 
useState<string | null>(null);
   |          ^
114|    const [pendingWaLink, setPendingWaLink] = 
useState<string | null>(null);
115|    const [isEditing, setIsEditing] = useState(false);

[33mThe symbol "pendingWaLink" has already been 
declared[33m
112|    const [confirmWhatsAppOpen, setConfirmWhatsAppOpen] 
= useState(false);
113|    const [pendingConvId, setPendingConvId] = 
useState<string | null>(null);
114|    const [pendingWaLink, setPendingWaLink] = 
useState<string | null>(null);
   |          ^
115|    const [isEditing, setIsEditing] = useState(false);
116|    const [editingBooking, setEditingBooking] = 
useState<EditBookingData | null>(null);

[33mThe symbol "setPendingWaLink" has already been 
declared[33m
112|    const [confirmWhatsAppOpen, setConfirmWhatsAppOpen] 
= useState(false);
113|    const [pendingConvId, setPendingConvId] = 
useState<string | null>(null);
114|    const [pendingWaLink, setPendingWaLink] = 
useState<string | null>(null);
   |          ^
115|    const [isEditing, setIsEditing] = useState(false);
116|    const [editingBooking, setEditingBooking] = 
useState<EditBookingData | null>(null);

[33mThe symbol "isEditing" has already been declared[33m
113|    const [pendingConvId, setPendingConvId] = 
useState<string | null>(null);
114|    const [pendingWaLink, setPendingWaLink] = 
useState<string | null>(null);
115|    const [isEditing, setIsEditing] = useState(false);
   |          ^
116|    const [editingBooking, setEditingBooking] = 
useState<EditBookingData | null>(null);
117|    const [isSurveyOpen, setIsSurveyOpen] = 
useState(false);

[33mThe symbol "setIsEditing" has already been declared[33m
113|    const [pendingConvId, setPendingConvId] = 
useState<string | null>(null);
114|    const [pendingWaLink, setPendingWaLink] = 
useState<string | null>(null);
115|    const [isEditing, setIsEditing] = useState(false);
   |          ^
116|    const [editingBooking, setEditingBooking] = 
useState<EditBookingData | null>(null);
117|    const [isSurveyOpen, setIsSurveyOpen] = 
useState(false);

[33mThe symbol "editingBooking" has already been 
declared[33m
114|    const [pendingWaLink, setPendingWaLink] = 
useState<string | null>(null);
115|    const [isEditing, setIsEditing] = useState(false);
116|    const [editingBooking, setEditingBooking] = 
useState<EditBookingData | null>(null);
   |          ^
117|    const [isSurveyOpen, setIsSurveyOpen] = 
useState(false);
118|    const [confirmWhatsAppOpen, setConfirmWhatsAppOpen] 
= useState(false);

[33mThe symbol "setEditingBooking" has already been 
declared[33m
114|    const [pendingWaLink, setPendingWaLink] = 
useState<string | null>(null);
115|    const [isEditing, setIsEditing] = useState(false);
116|    const [editingBooking, setEditingBooking] = 
useState<EditBookingData | null>(null);
   |          ^
117|    const [isSurveyOpen, setIsSurveyOpen] = 
useState(false);
118|    const [confirmWhatsAppOpen, setConfirmWhatsAppOpen] 
= useState(false);

[33mThe symbol "isSurveyOpen" has already been declared[33m
115|    const [isEditing, setIsEditing] = useState(false);
116|    const [editingBooking, setEditingBooking] = 
useState<EditBookingData | null>(null);
117|    const [isSurveyOpen, setIsSurveyOpen] = 
useState(false);
   |          ^
118|    const [confirmWhatsAppOpen, setConfirmWhatsAppOpen] 
= useState(false);
119|    const [pendingConvId, setPendingConvId] = 
useState<string | null>(null);

[33mThe symbol "setIsSurveyOpen" has already been 
declared[33m
115|    const [isEditing, setIsEditing] = useState(false);
116|    const [editingBooking, setEditingBooking] = 
useState<EditBookingData | null>(null);
117|    const [isSurveyOpen, setIsSurveyOpen] = 
useState(false);
   |          ^
118|    const [confirmWhatsAppOpen, setConfirmWhatsAppOpen] 
= useState(false);
119|    const [pendingConvId, setPendingConvId] = 
useState<string | null>(null);

[33mThe symbol "confirmWhatsAppOpen" has already been 
declared[33m
116|    const [editingBooking, setEditingBooking] = 
useState<EditBookingData | null>(null);
117|    const [isSurveyOpen, setIsSurveyOpen] = 
useState(false);
118|    const [confirmWhatsAppOpen, setConfirmWhatsAppOpen] 
= useState(false);
   |          ^
119|    const [pendingConvId, setPendingConvId] = 
useState<string | null>(null);
120|    const [pendingWaLink, setPendingWaLink] = 
useState<string | null>(null);

[33mThe symbol "setConfirmWhatsAppOpen" has already been 
declared[33m
116|    const [editingBooking, setEditingBooking] = 
useState<EditBookingData | null>(null);
117|    const [isSurveyOpen, setIsSurveyOpen] = 
useState(false);
118|    const [confirmWhatsAppOpen, setConfirmWhatsAppOpen] 
= useState(false);
   |          ^
119|    const [pendingConvId, setPendingConvId] = 
useState<string | null>(null);
120|    const [pendingWaLink, setPendingWaLink] = 
useState<string | null>(null);

[33mThe symbol "pendingConvId" has already been 
declared[33m
117|    const [isSurveyOpen, setIsSurveyOpen] = 
useState(false);
118|    const [confirmWhatsAppOpen, setConfirmWhatsAppOpen] 
= useState(false);
119|    const [pendingConvId, setPendingConvId] = 
useState<string | null>(null);
   |          ^
120|    const [pendingWaLink, setPendingWaLink] = 
useState<string | null>(null);
121|    const [isEditing, setIsEditing] = useState(false);

[33mThe symbol "setPendingConvId" has already been 
declared[33m
117|    const [isSurveyOpen, setIsSurveyOpen] = 
useState(false);
118|    const [confirmWhatsAppOpen, setConfirmWhatsAppOpen] 
= useState(false);
119|    const [pendingConvId, setPendingConvId] = 
useState<string | null>(null);
   |          ^
120|    const [pendingWaLink, setPendingWaLink] = 
useState<string | null>(null);
121|    const [isEditing, setIsEditing] = useState(false);

[33mThe symbol "pendingWaLink" has already been 
declared[33m
118|    const [confirmWhatsAppOpen, setConfirmWhatsAppOpen] 
= useState(false);
119|    const [pendingConvId, setPendingConvId] = 
useState<string | null>(null);
120|    const [pendingWaLink, setPendingWaLink] = 
useState<string | null>(null);
   |          ^
121|    const [isEditing, setIsEditing] = useState(false);
122|    const [editingBooking, setEditingBooking] = 
useState<EditBookingData | null>(null);

[33mThe symbol "setPendingWaLink" has already been 
declared[33m
118|    const [confirmWhatsAppOpen, setConfirmWhatsAppOpen] 
= useState(false);
119|    const [pendingConvId, setPendingConvId] = 
useState<string | null>(null);
120|    const [pendingWaLink, setPendingWaLink] = 
useState<string | null>(null);
   |          ^
121|    const [isEditing, setIsEditing] = useState(false);
122|    const [editingBooking, setEditingBooking] = 
useState<EditBookingData | null>(null);

[33mThe symbol "isEditing" has already been declared[33m
119|    const [pendingConvId, setPendingConvId] = 
useState<string | null>(null);
120|    const [pendingWaLink, setPendingWaLink] = 
useState<string | null>(null);
121|    const [isEditing, setIsEditing] = useState(false);
   |          ^
122|    const [editingBooking, setEditingBooking] = 
useState<EditBookingData | null>(null);
123|    const [isSurveyOpen, setIsSurveyOpen] = 
useState(false);

[33mThe symbol "setIsEditing" has already been declared[33m
119|    const [pendingConvId, setPendingConvId] = 
useState<string | null>(null);
120|    const [pendingWaLink, setPendingWaLink] = 
useState<string | null>(null);
121|    const [isEditing, setIsEditing] = useState(false);
   |          ^
122|    const [editingBooking, setEditingBooking] = 
useState<EditBookingData | null>(null);
123|    const [isSurveyOpen, setIsSurveyOpen] = 
useState(false);

[33mThe symbol "editingBooking" has already been 
declared[33m
120|    const [pendingWaLink, setPendingWaLink] = 
useState<string | null>(null);
121|    const [isEditing, setIsEditing] = useState(false);
122|    const [editingBooking, setEditingBooking] = 
useState<EditBookingData | null>(null);
   |          ^
123|    const [isSurveyOpen, setIsSurveyOpen] = 
useState(false);
124|    const [confirmWhatsAppOpen, setConfirmWhatsAppOpen] 
= useState(false);

[33mThe symbol "setEditingBooking" has already been 
declared[33m
120|    const [pendingWaLink, setPendingWaLink] = 
useState<string | null>(null);
121|    const [isEditing, setIsEditing] = useState(false);
122|    const [editingBooking, setEditingBooking] = 
useState<EditBookingData | null>(null);
   |          ^
123|    const [isSurveyOpen, setIsSurveyOpen] = 
useState(false);
124|    const [confirmWhatsAppOpen, setConfirmWhatsAppOpen] 
= useState(false);

[33mThe symbol "isSurveyOpen" has already been declared[33m
121|    const [isEditing, setIsEditing] = useState(false);
122|    const [editingBooking, setEditingBooking] = 
useState<EditBookingData | null>(null);
123|    const [isSurveyOpen, setIsSurveyOpen] = 
useState(false);
   |          ^
124|    const [confirmWhatsAppOpen, setConfirmWhatsAppOpen] 
= useState(false);
125|    const [pendingConvId, setPendingConvId] = 
useState<string | null>(null);

[33mThe symbol "setIsSurveyOpen" has already been 
declared[33m
121|    const [isEditing, setIsEditing] = useState(false);
122|    const [editingBooking, setEditingBooking] = 
useState<EditBookingData | null>(null);
123|    const [isSurveyOpen, setIsSurveyOpen] = 
useState(false);
   |          ^
124|    const [confirmWhatsAppOpen, setConfirmWhatsAppOpen] 
= useState(false);
125|    const [pendingConvId, setPendingConvId] = 
useState<string | null>(null);

[33mThe symbol "confirmWhatsAppOpen" has already been 
declared[33m
122|    const [editingBooking, setEditingBooking] = 
useState<EditBookingData | null>(null);
123|    const [isSurveyOpen, setIsSurveyOpen] = 
useState(false);
124|    const [confirmWhatsAppOpen, setConfirmWhatsAppOpen] 
= useState(false);
   |          ^
125|    const [pendingConvId, setPendingConvId] = 
useState<string | null>(null);
126|    const [pendingWaLink, setPendingWaLink] = 
useState<string | null>(null);

[33mThe symbol "setConfirmWhatsAppOpen" has already been 
declared[33m
122|    const [editingBooking, setEditingBooking] = 
useState<EditBookingData | null>(null);
123|    const [isSurveyOpen, setIsSurveyOpen] = 
useState(false);
124|    const [confirmWhatsAppOpen, setConfirmWhatsAppOpen] 
= useState(false);
   |          ^
125|    const [pendingConvId, setPendingConvId] = 
useState<string | null>(null);
126|    const [pendingWaLink, setPendingWaLink] = 
useState<string | null>(null);

[33mThe symbol "pendingConvId" has already been 
declared[33m
123|    const [isSurveyOpen, setIsSurveyOpen] = 
useState(false);
124|    const [confirmWhatsAppOpen, setConfirmWhatsAppOpen] 
= useState(false);
125|    const [pendingConvId, setPendingConvId] = 
useState<string | null>(null);
   |          ^
126|    const [pendingWaLink, setPendingWaLink] = 
useState<string | null>(null);
127|    const [isEditing, setIsEditing] = useState(false);

[33mThe symbol "setPendingConvId" has already been 
declared[33m
123|    const [isSurveyOpen, setIsSurveyOpen] = 
useState(false);
124|    const [confirmWhatsAppOpen, setConfirmWhatsAppOpen] 
= useState(false);
125|    const [pendingConvId, setPendingConvId] = 
useState<string | null>(null);
   |          ^
126|    const [pendingWaLink, setPendingWaLink] = 
useState<string | null>(null);
127|    const [isEditing, setIsEditing] = useState(false);

[33mThe symbol "pendingWaLink" has already been 
declared[33m
124|    const [confirmWhatsAppOpen, setConfirmWhatsAppOpen] 
= useState(false);
125|    const [pendingConvId, setPendingConvId] = 
useState<string | null>(null);
126|    const [pendingWaLink, setPendingWaLink] = 
useState<string | null>(null);
   |          ^
127|    const [isEditing, setIsEditing] = useState(false);
128|    const [editingBooking, setEditingBooking] = 
useState<EditBookingData | null>(null);

[33mThe symbol "setPendingWaLink" has already been 
declared[33m
124|    const [confirmWhatsAppOpen, setConfirmWhatsAppOpen] 
= useState(false);
125|    const [pendingConvId, setPendingConvId] = 
useState<string | null>(null);
126|    const [pendingWaLink, setPendingWaLink] = 
useState<string | null>(null);
   |          ^
127|    const [isEditing, setIsEditing] = useState(false);
128|    const [editingBooking, setEditingBooking] = 
useState<EditBookingData | null>(null);

[33mThe symbol "isEditing" has already been declared[33m
125|    const [pendingConvId, setPendingConvId] = 
useState<string | null>(null);
126|    const [pendingWaLink, setPendingWaLink] = 
useState<string | null>(null);
127|    const [isEditing, setIsEditing] = useState(false);
   |          ^
128|    const [editingBooking, setEditingBooking] = 
useState<EditBookingData | null>(null);
129|    const [isSurveyOpen, setIsSurveyOpen] = 
useState(false);

[33mThe symbol "setIsEditing" has already been declared[33m
125|    const [pendingConvId, setPendingConvId] = 
useState<string | null>(null);
126|    const [pendingWaLink, setPendingWaLink] = 
useState<string | null>(null);
127|    const [isEditing, setIsEditing] = useState(false);
   |          ^
128|    const [editingBooking, setEditingBooking] = 
useState<EditBookingData | null>(null);
129|    const [isSurveyOpen, setIsSurveyOpen] = 
useState(false);

[33mThe symbol "editingBooking" has already been 
declared[33m
126|    const [pendingWaLink, setPendingWaLink] = 
useState<string | null>(null);
127|    const [isEditing, setIsEditing] = useState(false);
128|    const [editingBooking, setEditingBooking] = 
useState<EditBookingData | null>(null);
   |          ^
129|    const [isSurveyOpen, setIsSurveyOpen] = 
useState(false);
130|    const [confirmWhatsAppOpen, setConfirmWhatsAppOpen] 
= useState(false);

[33mThe symbol "setEditingBooking" has already been 
declared[33m
126|    const [pendingWaLink, setPendingWaLink] = 
useState<string | null>(null);
127|    const [isEditing, setIsEditing] = useState(false);
128|    const [editingBooking, setEditingBooking] = 
useState<EditBookingData | null>(null);
   |          ^
129|    const [isSurveyOpen, setIsSurveyOpen] = 
useState(false);
130|    const [confirmWhatsAppOpen, setConfirmWhatsAppOpen] 
= useState(false);

[33mThe symbol "isSurveyOpen" has already been declared[33m
127|    const [isEditing, setIsEditing] = useState(false);
128|    const [editingBooking, setEditingBooking] = 
useState<EditBookingData | null>(null);
129|    const [isSurveyOpen, setIsSurveyOpen] = 
useState(false);
   |          ^
130|    const [confirmWhatsAppOpen, setConfirmWhatsAppOpen] 
= useState(false);
131|    const [pendingConvId, setPendingConvId] = 
useState<string | null>(null);

[33mThe symbol "setIsSurveyOpen" has already been 
declared[33m
127|    const [isEditing, setIsEditing] = useState(false);
128|    const [editingBooking, setEditingBooking] = 
useState<EditBookingData | null>(null);
129|    const [isSurveyOpen, setIsSurveyOpen] = 
useState(false);
   |          ^
130|    const [confirmWhatsAppOpen, setConfirmWhatsAppOpen] 
= useState(false);
131|    const [pendingConvId, setPendingConvId] = 
useState<string | null>(null);

[33mThe symbol "confirmWhatsAppOpen" has already been 
declared[33m
128|    const [editingBooking, setEditingBooking] = 
useState<EditBookingData | null>(null);
129|    const [isSurveyOpen, setIsSurveyOpen] = 
useState(false);
130|    const [confirmWhatsAppOpen, setConfirmWhatsAppOpen] 
= useState(false);
   |          ^
131|    const [pendingConvId, setPendingConvId] = 
useState<string | null>(null);
132|    const [pendingWaLink, setPendingWaLink] = 
useState<string | null>(null);

[33mThe symbol "setConfirmWhatsAppOpen" has already been 
declared[33m
128|    const [editingBooking, setEditingBooking] = 
useState<EditBookingData | null>(null);
129|    const [isSurveyOpen, setIsSurveyOpen] = 
useState(false);
130|    const [confirmWhatsAppOpen, setConfirmWhatsAppOpen] 
= useState(false);
   |          ^
131|    const [pendingConvId, setPendingConvId] = 
useState<string | null>(null);
132|    const [pendingWaLink, setPendingWaLink] = 
useState<string | null>(null);

[33mThe symbol "pendingConvId" has already been 
declared[33m
129|    const [isSurveyOpen, setIsSurveyOpen] = 
useState(false);
130|    const [confirmWhatsAppOpen, setConfirmWhatsAppOpen] 
= useState(false);
131|    const [pendingConvId, setPendingConvId] = 
useState<string | null>(null);
   |          ^
132|    const [pendingWaLink, setPendingWaLink] = 
useState<string | null>(null);
133|    const [isEditing, setIsEditing] = useState(false);

[33mThe symbol "setPendingConvId" has already been 
declared[33m
129|    const [isSurveyOpen, setIsSurveyOpen] = 
useState(false);
130|    const [confirmWhatsAppOpen, setConfirmWhatsAppOpen] 
= useState(false);
131|    const [pendingConvId, setPendingConvId] = 
useState<string | null>(null);
   |          ^
132|    const [pendingWaLink, setPendingWaLink] = 
useState<string | null>(null);
133|    const [isEditing, setIsEditing] = useState(false);

[33mThe symbol "pendingWaLink" has already been 
declared[33m
130|    const [confirmWhatsAppOpen, setConfirmWhatsAppOpen] 
= useState(false);
131|    const [pendingConvId, setPendingConvId] = 
useState<string | null>(null);
132|    const [pendingWaLink, setPendingWaLink] = 
useState<string | null>(null);
   |          ^
133|    const [isEditing, setIsEditing] = useState(false);
134|    const [editingBooking, setEditingBooking] = 
useState<EditBookingData | null>(null);

[33mThe symbol "setPendingWaLink" has already been 
declared[33m
130|    const [confirmWhatsAppOpen, setConfirmWhatsAppOpen] 
= useState(false);
131|    const [pendingConvId, setPendingConvId] = 
useState<string | null>(null);
132|    const [pendingWaLink, setPendingWaLink] = 
useState<string | null>(null);
   |          ^
133|    const [isEditing, setIsEditing] = useState(false);
134|    const [editingBooking, setEditingBooking] = 
useState<EditBookingData | null>(null);

[33mThe symbol "isEditing" has already been declared[33m
131|    const [pendingConvId, setPendingConvId] = 
useState<string | null>(null);
132|    const [pendingWaLink, setPendingWaLink] = 
useState<string | null>(null);
133|    const [isEditing, setIsEditing] = useState(false);
   |          ^
134|    const [editingBooking, setEditingBooking] = 
useState<EditBookingData | null>(null);
135|    const [isSurveyOpen, setIsSurveyOpen] = 
useState(false);

[33mThe symbol "setIsEditing" has already been declared[33m
131|    const [pendingConvId, setPendingConvId] = 
useState<string | null>(null);
132|    const [pendingWaLink, setPendingWaLink] = 
useState<string | null>(null);
133|    const [isEditing, setIsEditing] = useState(false);
   |          ^
134|    const [editingBooking, setEditingBooking] = 
useState<EditBookingData | null>(null);
135|    const [isSurveyOpen, setIsSurveyOpen] = 
useState(false);

[33mThe symbol "editingBooking" has already been 
declared[33m
132|    const [pendingWaLink, setPendingWaLink] = 
useState<string | null>(null);
133|    const [isEditing, setIsEditing] = useState(false);
134|    const [editingBooking, setEditingBooking] = 
useState<EditBookingData | null>(null);
   |          ^
135|    const [isSurveyOpen, setIsSurveyOpen] = 
useState(false);
136|    const [confirmWhatsAppOpen, setConfirmWhatsAppOpen] 
= useState(false);

[33mThe symbol "setEditingBooking" has already been 
declared[33m
132|    const [pendingWaLink, setPendingWaLink] = 
useState<string | null>(null);
133|    const [isEditing, setIsEditing] = useState(false);
134|    const [editingBooking, setEditingBooking] = 
useState<EditBookingData | null>(null);
   |          ^
135|    const [isSurveyOpen, setIsSurveyOpen] = 
useState(false);
136|    const [confirmWhatsAppOpen, setConfirmWhatsAppOpen] 
= useState(false);

[33mThe symbol "isSurveyOpen" has already been declared[33m
133|    const [isEditing, setIsEditing] = useState(false);
134|    const [editingBooking, setEditingBooking] = 
useState<EditBookingData | null>(null);
135|    const [isSurveyOpen, setIsSurveyOpen] = 
useState(false);
   |          ^
136|    const [confirmWhatsAppOpen, setConfirmWhatsAppOpen] 
= useState(false);
137|    const [pendingConvId, setPendingConvId] = 
useState<string | null>(null);

[33mThe symbol "setIsSurveyOpen" has already been 
declared[33m
133|    const [isEditing, setIsEditing] = useState(false);
134|    const [editingBooking, setEditingBooking] = 
useState<EditBookingData | null>(null);
135|    const [isSurveyOpen, setIsSurveyOpen] = 
useState(false);
   |          ^
136|    const [confirmWhatsAppOpen, setConfirmWhatsAppOpen] 
= useState(false);
137|    const [pendingConvId, setPendingConvId] = 
useState<string | null>(null);

[33mThe symbol "confirmWhatsAppOpen" has already been 
declared[33m
134|    const [editingBooking, setEditingBooking] = 
useState<EditBookingData | null>(null);
135|    const [isSurveyOpen, setIsSurveyOpen] = 
useState(false);
136|    const [confirmWhatsAppOpen, setConfirmWhatsAppOpen] 
= useState(false);
   |          ^
137|    const [pendingConvId, setPendingConvId] = 
useState<string | null>(null);
138|    const [pendingWaLink, setPendingWaLink] = 
useState<string | null>(null);

[33mThe symbol "setConfirmWhatsAppOpen" has already been 
declared[33m
134|    const [editingBooking, setEditingBooking] = 
useState<EditBookingData | null>(null);
135|    const [isSurveyOpen, setIsSurveyOpen] = 
useState(false);
136|    const [confirmWhatsAppOpen, setConfirmWhatsAppOpen] 
= useState(false);
   |          ^
137|    const [pendingConvId, setPendingConvId] = 
useState<string | null>(null);
138|    const [pendingWaLink, setPendingWaLink] = 
useState<string | null>(null);

[33mThe symbol "pendingConvId" has already been 
declared[33m
135|    const [isSurveyOpen, setIsSurveyOpen] = 
useState(false);
136|    const [confirmWhatsAppOpen, setConfirmWhatsAppOpen] 
= useState(false);
137|    const [pendingConvId, setPendingConvId] = 
useState<string | null>(null);
   |          ^
138|    const [pendingWaLink, setPendingWaLink] = 
useState<string | null>(null);
139|    const [isEditing, setIsEditing] = useState(false);

[33mThe symbol "setPendingConvId" has already been 
declared[33m
135|    const [isSurveyOpen, setIsSurveyOpen] = 
useState(false);
136|    const [confirmWhatsAppOpen, setConfirmWhatsAppOpen] 
= useState(false);
137|    const [pendingConvId, setPendingConvId] = 
useState<string | null>(null);
   |          ^
138|    const [pendingWaLink, setPendingWaLink] = 
useState<string | null>(null);
139|    const [isEditing, setIsEditing] = useState(false);

[33mThe symbol "pendingWaLink" has already been 
declared[33m
136|    const [confirmWhatsAppOpen, setConfirmWhatsAppOpen] 
= useState(false);
137|    const [pendingConvId, setPendingConvId] = 
useState<string | null>(null);
138|    const [pendingWaLink, setPendingWaLink] = 
useState<string | null>(null);
   |          ^
139|    const [isEditing, setIsEditing] = useState(false);
140|    const [editingBooking, setEditingBooking] = 
useState<EditBookingData | null>(null);

[33mThe symbol "setPendingWaLink" has already been 
declared[33m
136|    const [confirmWhatsAppOpen, setConfirmWhatsAppOpen] 
= useState(false);
137|    const [pendingConvId, setPendingConvId] = 
useState<string | null>(null);
138|    const [pendingWaLink, setPendingWaLink] = 
useState<string | null>(null);
   |          ^
139|    const [isEditing, setIsEditing] = useState(false);
140|    const [editingBooking, setEditingBooking] = 
useState<EditBookingData | null>(null);

[33mThe symbol "isEditing" has already been declared[33m
137|    const [pendingConvId, setPendingConvId] = 
useState<string | null>(null);
138|    const [pendingWaLink, setPendingWaLink] = 
useState<string | null>(null);
139|    const [isEditing, setIsEditing] = useState(false);
   |          ^
140|    const [editingBooking, setEditingBooking] = 
useState<EditBookingData | null>(null);
141|    const [isSurveyOpen, setIsSurveyOpen] = 
useState(false);

[33mThe symbol "setIsEditing" has already been declared[33m
137|    const [pendingConvId, setPendingConvId] = 
useState<string | null>(null);
138|    const [pendingWaLink, setPendingWaLink] = 
useState<string | null>(null);
139|    const [isEditing, setIsEditing] = useState(false);
   |          ^
140|    const [editingBooking, setEditingBooking] = 
useState<EditBookingData | null>(null);
141|    const [isSurveyOpen, setIsSurveyOpen] = 
useState(false);

[33mThe symbol "editingBooking" has already been 
declared[33m
138|    const [pendingWaLink, setPendingWaLink] = 
useState<string | null>(null);
139|    const [isEditing, setIsEditing] = useState(false);
140|    const [editingBooking, setEditingBooking] = 
useState<EditBookingData | null>(null);
   |          ^
141|    const [isSurveyOpen, setIsSurveyOpen] = 
useState(false);
142|    const [confirmWhatsAppOpen, setConfirmWhatsAppOpen] 
= useState(false);

[33mThe symbol "setEditingBooking" has already been 
declared[33m
138|    const [pendingWaLink, setPendingWaLink] = 
useState<string | null>(null);
139|    const [isEditing, setIsEditing] = useState(false);
140|    const [editingBooking, setEditingBooking] = 
useState<EditBookingData | null>(null);
   |          ^
141|    const [isSurveyOpen, setIsSurveyOpen] = 
useState(false);
142|    const [confirmWhatsAppOpen, setConfirmWhatsAppOpen] 
= useState(false);

[33mThe symbol "isSurveyOpen" has already been declared[33m
139|    const [isEditing, setIsEditing] = useState(false);
140|    const [editingBooking, setEditingBooking] = 
useState<EditBookingData | null>(null);
141|    const [isSurveyOpen, setIsSurveyOpen] = 
useState(false);
   |          ^
142|    const [confirmWhatsAppOpen, setConfirmWhatsAppOpen] 
= useState(false);
143|    const [pendingConvId, setPendingConvId] = 
useState<string | null>(null);

[33mThe symbol "setIsSurveyOpen" has already been 
declared[33m
139|    const [isEditing, setIsEditing] = useState(false);
140|    const [editingBooking, setEditingBooking] = 
useState<EditBookingData | null>(null);
141|    const [isSurveyOpen, setIsSurveyOpen] = 
useState(false);
   |          ^
142|    const [confirmWhatsAppOpen, setConfirmWhatsAppOpen] 
= useState(false);
143|    const [pendingConvId, setPendingConvId] = 
useState<string | null>(null);

[33mThe symbol "confirmWhatsAppOpen" has already been 
declared[33m
140|    const [editingBooking, setEditingBooking] = 
useState<EditBookingData | null>(null);
141|    const [isSurveyOpen, setIsSurveyOpen] = 
useState(false);
142|    const [confirmWhatsAppOpen, setConfirmWhatsAppOpen] 
= useState(false);
   |          ^
143|    const [pendingConvId, setPendingConvId] = 
useState<string | null>(null);
144|    const [pendingWaLink, setPendingWaLink] = 
useState<string | null>(null);

[33mThe symbol "setConfirmWhatsAppOpen" has already been 
declared[33m
140|    const [editingBooking, setEditingBooking] = 
useState<EditBookingData | null>(null);
141|    const [isSurveyOpen, setIsSurveyOpen] = 
useState(false);
142|    const [confirmWhatsAppOpen, setConfirmWhatsAppOpen] 
= useState(false);
   |          ^
143|    const [pendingConvId, setPendingConvId] = 
useState<string | null>(null);
144|    const [pendingWaLink, setPendingWaLink] = 
useState<string | null>(null);

[33mThe symbol "pendingConvId" has already been 
declared[33m
141|    const [isSurveyOpen, setIsSurveyOpen] = 
useState(false);
142|    const [confirmWhatsAppOpen, setConfirmWhatsAppOpen] 
= useState(false);
143|    const [pendingConvId, setPendingConvId] = 
useState<string | null>(null);
   |          ^
144|    const [pendingWaLink, setPendingWaLink] = 
useState<string | null>(null);
145|    const [isEditing, setIsEditing] = useState(false);

[33mThe symbol "setPendingConvId" has already been 
declared[33m
141|    const [isSurveyOpen, setIsSurveyOpen] = 
useState(false);
142|    const [confirmWhatsAppOpen, setConfirmWhatsAppOpen] 
= useState(false);
143|    const [pendingConvId, setPendingConvId] = 
useState<string | null>(null);
   |          ^
144|    const [pendingWaLink, setPendingWaLink] = 
useState<string | null>(null);
145|    const [isEditing, setIsEditing] = useState(false);

[33mThe symbol "pendingWaLink" has already been 
declared[33m
142|    const [confirmWhatsAppOpen, setConfirmWhatsAppOpen] 
= useState(false);
143|    const [pendingConvId, setPendingConvId] = 
useState<string | null>(null);
144|    const [pendingWaLink, setPendingWaLink] = 
useState<string | null>(null);
   |          ^
145|    const [isEditing, setIsEditing] = useState(false);
146|    const [editingBooking, setEditingBooking] = 
useState<EditBookingData | null>(null);

[33mThe symbol "setPendingWaLink" has already been 
declared[33m
142|    const [confirmWhatsAppOpen, setConfirmWhatsAppOpen] 
= useState(false);
143|    const [pendingConvId, setPendingConvId] = 
useState<string | null>(null);
144|    const [pendingWaLink, setPendingWaLink] = 
useState<string | null>(null);
   |          ^
145|    const [isEditing, setIsEditing] = useState(false);
146|    const [editingBooking, setEditingBooking] = 
useState<EditBookingData | null>(null);

[33mThe symbol "isEditing" has already been declared[33m
143|    const [pendingConvId, setPendingConvId] = 
useState<string | null>(null);
144|    const [pendingWaLink, setPendingWaLink] = 
useState<string | null>(null);
145|    const [isEditing, setIsEditing] = useState(false);
   |          ^
146|    const [editingBooking, setEditingBooking] = 
useState<EditBookingData | null>(null);
147|    const [isSurveyOpen, setIsSurveyOpen] = 
useState(false);

[33mThe symbol "setIsEditing" has already been declared[33m
143|    const [pendingConvId, setPendingConvId] = 
useState<string | null>(null);
144|    const [pendingWaLink, setPendingWaLink] = 
useState<string | null>(null);
145|    const [isEditing, setIsEditing] = useState(false);
   |          ^
146|    const [editingBooking, setEditingBooking] = 
useState<EditBookingData | null>(null);
147|    const [isSurveyOpen, setIsSurveyOpen] = 
useState(false);

[33mThe symbol "editingBooking" has already been 
declared[33m
144|    const [pendingWaLink, setPendingWaLink] = 
useState<string | null>(null);
145|    const [isEditing, setIsEditing] = useState(false);
146|    const [editingBooking, setEditingBooking] = 
useState<EditBookingData | null>(null);
   |          ^
147|    const [isSurveyOpen, setIsSurveyOpen] = 
useState(false);
148|    const [confirmWhatsAppOpen, setConfirmWhatsAppOpen] 
= useState(false);

[33mThe symbol "setEditingBooking" has already been 
declared[33m
144|    const [pendingWaLink, setPendingWaLink] = 
useState<string | null>(null);
145|    const [isEditing, setIsEditing] = useState(false);
146|    const [editingBooking, setEditingBooking] = 
useState<EditBookingData | null>(null);
   |          ^
147|    const [isSurveyOpen, setIsSurveyOpen] = 
useState(false);
148|    const [confirmWhatsAppOpen, setConfirmWhatsAppOpen] 
= useState(false);

[33mThe symbol "isSurveyOpen" has already been declared[33m
145|    const [isEditing, setIsEditing] = useState(false);
146|    const [editingBooking, setEditingBooking] = 
useState<EditBookingData | null>(null);
147|    const [isSurveyOpen, setIsSurveyOpen] = 
useState(false);
   |          ^
148|    const [confirmWhatsAppOpen, setConfirmWhatsAppOpen] 
= useState(false);
149|    const [pendingConvId, setPendingConvId] = 
useState<string | null>(null);

[33mThe symbol "setIsSurveyOpen" has already been 
declared[33m
145|    const [isEditing, setIsEditing] = useState(false);
146|    const [editingBooking, setEditingBooking] = 
useState<EditBookingData | null>(null);
147|    const [isSurveyOpen, setIsSurveyOpen] = 
useState(false);
   |          ^
148|    const [confirmWhatsAppOpen, setConfirmWhatsAppOpen] 
= useState(false);
149|    const [pendingConvId, setPendingConvId] = 
useState<string | null>(null);

[33mThe symbol "confirmWhatsAppOpen" has already been 
declared[33m
146|    const [editingBooking, setEditingBooking] = 
useState<EditBookingData | null>(null);
147|    const [isSurveyOpen, setIsSurveyOpen] = 
useState(false);
148|    const [confirmWhatsAppOpen, setConfirmWhatsAppOpen] 
= useState(false);
   |          ^
149|    const [pendingConvId, setPendingConvId] = 
useState<string | null>(null);
150|    const [pendingWaLink, setPendingWaLink] = 
useState<string | null>(null);

[33mThe symbol "setConfirmWhatsAppOpen" has already been 
declared[33m
146|    const [editingBooking, setEditingBooking] = 
useState<EditBookingData | null>(null);
147|    const [isSurveyOpen, setIsSurveyOpen] = 
useState(false);
148|    const [confirmWhatsAppOpen, setConfirmWhatsAppOpen] 
= useState(false);
   |          ^
149|    const [pendingConvId, setPendingConvId] = 
useState<string | null>(null);
150|    const [pendingWaLink, setPendingWaLink] = 
useState<string | null>(null);

[33mThe symbol "pendingConvId" has already been 
declared[33m
147|    const [isSurveyOpen, setIsSurveyOpen] = 
useState(false);
148|    const [confirmWhatsAppOpen, setConfirmWhatsAppOpen] 
= useState(false);
149|    const [pendingConvId, setPendingConvId] = 
useState<string | null>(null);
   |          ^
150|    const [pendingWaLink, setPendingWaLink] = 
useState<string | null>(null);
151|    const [isEditing, setIsEditing] = useState(false);

[33mThe symbol "setPendingConvId" has already been 
declared[33m
147|    const [isSurveyOpen, setIsSurveyOpen] = 
useState(false);
148|    const [confirmWhatsAppOpen, setConfirmWhatsAppOpen] 
= useState(false);
149|    const [pendingConvId, setPendingConvId] = 
useState<string | null>(null);
   |          ^
150|    const [pendingWaLink, setPendingWaLink] = 
useState<string | null>(null);
151|    const [isEditing, setIsEditing] = useState(false);

[33mThe symbol "pendingWaLink" has already been 
declared[33m
148|    const [confirmWhatsAppOpen, setConfirmWhatsAppOpen] 
= useState(false);
149|    const [pendingConvId, setPendingConvId] = 
useState<string | null>(null);
150|    const [pendingWaLink, setPendingWaLink] = 
useState<string | null>(null);
   |          ^
151|    const [isEditing, setIsEditing] = useState(false);
152|    const [editingBooking, setEditingBooking] = 
useState<EditBookingData | null>(null);

[33mThe symbol "setPendingWaLink" has already been 
declared[33m
148|    const [confirmWhatsAppOpen, setConfirmWhatsAppOpen] 
= useState(false);
149|    const [pendingConvId, setPendingConvId] = 
useState<string | null>(null);
150|    const [pendingWaLink, setPendingWaLink] = 
useState<string | null>(null);
   |          ^
151|    const [isEditing, setIsEditing] = useState(false);
152|    const [editingBooking, setEditingBooking] = 
useState<EditBookingData | null>(null);

[33mThe symbol "isEditing" has already been declared[33m
149|    const [pendingConvId, setPendingConvId] = 
useState<string | null>(null);
150|    const [pendingWaLink, setPendingWaLink] = 
useState<string | null>(null);
151|    const [isEditing, setIsEditing] = useState(false);
   |          ^
152|    const [editingBooking, setEditingBooking] = 
useState<EditBookingData | null>(null);
153|    const [isSurveyOpen, setIsSurveyOpen] = 
useState(false);

[33mThe symbol "setIsEditing" has already been declared[33m
149|    const [pendingConvId, setPendingConvId] = 
useState<string | null>(null);
150|    const [pendingWaLink, setPendingWaLink] = 
useState<string | null>(null);
151|    const [isEditing, setIsEditing] = useState(false);
   |          ^
152|    const [editingBooking, setEditingBooking] = 
useState<EditBookingData | null>(null);
153|    const [isSurveyOpen, setIsSurveyOpen] = 
useState(false);

[33mThe symbol "editingBooking" has already been 
declared[33m
150|    const [pendingWaLink, setPendingWaLink] = 
useState<string | null>(null);
151|    const [isEditing, setIsEditing] = useState(false);
152|    const [editingBooking, setEditingBooking] = 
useState<EditBookingData | null>(null);
   |          ^
153|    const [isSurveyOpen, setIsSurveyOpen] = 
useState(false);
154|    const [confirmWhatsAppOpen, setConfirmWhatsAppOpen] 
= useState(false);

[33mThe symbol "setEditingBooking" has already been 
declared[33m
150|    const [pendingWaLink, setPendingWaLink] = 
useState<string | null>(null);
151|    const [isEditing, setIsEditing] = useState(false);
152|    const [editingBooking, setEditingBooking] = 
useState<EditBookingData | null>(null);
   |          ^
153|    const [isSurveyOpen, setIsSurveyOpen] = 
useState(false);
154|    const [confirmWhatsAppOpen, setConfirmWhatsAppOpen] 
= useState(false);

[33mThe symbol "isSurveyOpen" has already been declared[33m
151|    const [isEditing, setIsEditing] = useState(false);
152|    const [editingBooking, setEditingBooking] = 
useState<EditBookingData | null>(null);
153|    const [isSurveyOpen, setIsSurveyOpen] = 
useState(false);
   |          ^
154|    const [confirmWhatsAppOpen, setConfirmWhatsAppOpen] 
= useState(false);
155|    const [pendingConvId, setPendingConvId] = 
useState<string | null>(null);

[33mThe symbol "setIsSurveyOpen" has already been 
declared[33m
151|    const [isEditing, setIsEditing] = useState(false);
152|    const [editingBooking, setEditingBooking] = 
useState<EditBookingData | null>(null);
153|    const [isSurveyOpen, setIsSurveyOpen] = 
useState(false);
   |          ^
154|    const [confirmWhatsAppOpen, setConfirmWhatsAppOpen] 
= useState(false);
155|    const [pendingConvId, setPendingConvId] = 
useState<string | null>(null);

[33mThe symbol "confirmWhatsAppOpen" has already been 
declared[33m
152|    const [editingBooking, setEditingBooking] = 
useState<EditBookingData | null>(null);
153|    const [isSurveyOpen, setIsSurveyOpen] = 
useState(false);
154|    const [confirmWhatsAppOpen, setConfirmWhatsAppOpen] 
= useState(false);
   |          ^
155|    const [pendingConvId, setPendingConvId] = 
useState<string | null>(null);
156|    const [pendingWaLink, setPendingWaLink] = 
useState<string | null>(null);

[33mThe symbol "setConfirmWhatsAppOpen" has already been 
declared[33m
152|    const [editingBooking, setEditingBooking] = 
useState<EditBookingData | null>(null);
153|    const [isSurveyOpen, setIsSurveyOpen] = 
useState(false);
154|    const [confirmWhatsAppOpen, setConfirmWhatsAppOpen] 
= useState(false);
   |          ^
155|    const [pendingConvId, setPendingConvId] = 
useState<string | null>(null);
156|    const [pendingWaLink, setPendingWaLink] = 
useState<string | null>(null);

[33mThe symbol "pendingConvId" has already been 
declared[33m
153|    const [isSurveyOpen, setIsSurveyOpen] = 
useState(false);
154|    const [confirmWhatsAppOpen, setConfirmWhatsAppOpen] 
= useState(false);
155|    const [pendingConvId, setPendingConvId] = 
useState<string | null>(null);
   |          ^
156|    const [pendingWaLink, setPendingWaLink] = 
useState<string | null>(null);
157|    const [isEditing, setIsEditing] = useState(false);

[33mThe symbol "setPendingConvId" has already been 
declared[33m
153|    const [isSurveyOpen, setIsSurveyOpen] = 
useState(false);
154|    const [confirmWhatsAppOpen, setConfirmWhatsAppOpen] 
= useState(false);
155|    const [pendingConvId, setPendingConvId] = 
useState<string | null>(null);
   |          ^
156|    const [pendingWaLink, setPendingWaLink] = 
useState<string | null>(null);
157|    const [isEditing, setIsEditing] = useState(false);

[33mThe symbol "pendingWaLink" has already been 
declared[33m
154|    const [confirmWhatsAppOpen, setConfirmWhatsAppOpen] 
= useState(false);
155|    const [pendingConvId, setPendingConvId] = 
useState<string | null>(null);
156|    const [pendingWaLink, setPendingWaLink] = 
useState<string | null>(null);
   |          ^
157|    const [isEditing, setIsEditing] = useState(false);
158|    const [editingBooking, setEditingBooking] = 
useState<EditBookingData | null>(null);

[33mThe symbol "setPendingWaLink" has already been 
declared[33m
154|    const [confirmWhatsAppOpen, setConfirmWhatsAppOpen] 
= useState(false);
155|    const [pendingConvId, setPendingConvId] = 
useState<string | null>(null);
156|    const [pendingWaLink, setPendingWaLink] = 
useState<string | null>(null);
   |          ^
157|    const [isEditing, setIsEditing] = useState(false);
158|    const [editingBooking, setEditingBooking] = 
useState<EditBookingData | null>(null);

[33mThe symbol "isEditing" has already been declared[33m
155|    const [pendingConvId, setPendingConvId] = 
useState<string | null>(null);
156|    const [pendingWaLink, setPendingWaLink] = 
useState<string | null>(null);
157|    const [isEditing, setIsEditing] = useState(false);
   |          ^
158|    const [editingBooking, setEditingBooking] = 
useState<EditBookingData | null>(null);
159|    const [isSurveyOpen, setIsSurveyOpen] = 
useState(false);

[33mThe symbol "setIsEditing" has already been declared[33m
155|    const [pendingConvId, setPendingConvId] = 
useState<string | null>(null);
156|    const [pendingWaLink, setPendingWaLink] = 
useState<string | null>(null);
157|    const [isEditing, setIsEditing] = useState(false);
   |          ^
158|    const [editingBooking, setEditingBooking] = 
useState<EditBookingData | null>(null);
159|    const [isSurveyOpen, setIsSurveyOpen] = 
useState(false);

[33mThe symbol "editingBooking" has already been 
declared[33m
156|    const [pendingWaLink, setPendingWaLink] = 
useState<string | null>(null);
157|    const [isEditing, setIsEditing] = useState(false);
158|    const [editingBooking, setEditingBooking] = 
useState<EditBookingData | null>(null);
   |          ^
159|    const [isSurveyOpen, setIsSurveyOpen] = 
useState(false);
160|    const [confirmWhatsAppOpen, setConfirmWhatsAppOpen] 
= useState(false);

[33mThe symbol "setEditingBooking" has already been 
declared[33m
156|    const [pendingWaLink, setPendingWaLink] = 
useState<string | null>(null);
157|    const [isEditing, setIsEditing] = useState(false);
158|    const [editingBooking, setEditingBooking] = 
useState<EditBookingData | null>(null);
   |          ^
159|    const [isSurveyOpen, setIsSurveyOpen] = 
useState(false);
160|    const [confirmWhatsAppOpen, setConfirmWhatsAppOpen] 
= useState(false);

[33mThe symbol "isSurveyOpen" has already been declared[33m
157|    const [isEditing, setIsEditing] = useState(false);
158|    const [editingBooking, setEditingBooking] = 
useState<EditBookingData | null>(null);
159|    const [isSurveyOpen, setIsSurveyOpen] = 
useState(false);
   |          ^
160|    const [confirmWhatsAppOpen, setConfirmWhatsAppOpen] 
= useState(false);
161|    const [pendingConvId, setPendingConvId] = 
useState<string | null>(null);

[33mThe symbol "setIsSurveyOpen" has already been 
declared[33m
157|    const [isEditing, setIsEditing] = useState(false);
158|    const [editingBooking, setEditingBooking] = 
useState<EditBookingData | null>(null);
159|    const [isSurveyOpen, setIsSurveyOpen] = 
useState(false);
   |          ^
160|    const [confirmWhatsAppOpen, setConfirmWhatsAppOpen] 
= useState(false);
161|    const [pendingConvId, setPendingConvId] = 
useState<string | null>(null);

[33mThe symbol "confirmWhatsAppOpen" has already been 
declared[33m
158|    const [editingBooking, setEditingBooking] = 
useState<EditBookingData | null>(null);
159|    const [isSurveyOpen, setIsSurveyOpen] = 
useState(false);
160|    const [confirmWhatsAppOpen, setConfirmWhatsAppOpen] 
= useState(false);
   |          ^
161|    const [pendingConvId, setPendingConvId] = 
useState<string | null>(null);
162|    const [pendingWaLink, setPendingWaLink] = 
useState<string | null>(null);

[33mThe symbol "setConfirmWhatsAppOpen" has already been 
declared[33m
158|    const [editingBooking, setEditingBooking] = 
useState<EditBookingData | null>(null);
159|    const [isSurveyOpen, setIsSurveyOpen] = 
useState(false);
160|    const [confirmWhatsAppOpen, setConfirmWhatsAppOpen] 
= useState(false);
   |          ^
161|    const [pendingConvId, setPendingConvId] = 
useState<string | null>(null);
162|    const [pendingWaLink, setPendingWaLink] = 
useState<string | null>(null);

[33mThe symbol "pendingConvId" has already been 
declared[33m
159|    const [isSurveyOpen, setIsSurveyOpen] = 
useState(false);
160|    const [confirmWhatsAppOpen, setConfirmWhatsAppOpen] 
= useState(false);
161|    const [pendingConvId, setPendingConvId] = 
useState<string | null>(null);
   |          ^
162|    const [pendingWaLink, setPendingWaLink] = 
useState<string | null>(null);
163|    const [isEditing, setIsEditing] = useState(false);

[33mThe symbol "setPendingConvId" has already been 
declared[33m
159|    const [isSurveyOpen, setIsSurveyOpen] = 
useState(false);
160|    const [confirmWhatsAppOpen, setConfirmWhatsAppOpen] 
= useState(false);
161|    const [pendingConvId, setPendingConvId] = 
useState<string | null>(null);
   |          ^
162|    const [pendingWaLink, setPendingWaLink] = 
useState<string | null>(null);
163|    const [isEditing, setIsEditing] = useState(false);

[33mThe symbol "pendingWaLink" has already been 
declared[33m
160|    const [confirmWhatsAppOpen, setConfirmWhatsAppOpen] 
= useState(false);
161|    const [pendingConvId, setPendingConvId] = 
useState<string | null>(null);
162|    const [pendingWaLink, setPendingWaLink] = 
useState<string | null>(null);
   |          ^
163|    const [isEditing, setIsEditing] = useState(false);
164|    const [editingBooking, setEditingBooking] = 
useState<EditBookingData | null>(null);

[33mThe symbol "setPendingWaLink" has already been 
declared[33m
160|    const [confirmWhatsAppOpen, setConfirmWhatsAppOpen] 
= useState(false);
161|    const [pendingConvId, setPendingConvId] = 
useState<string | null>(null);
162|    const [pendingWaLink, setPendingWaLink] = 
useState<string | null>(null);
   |          ^
163|    const [isEditing, setIsEditing] = useState(false);
164|    const [editingBooking, setEditingBooking] = 
useState<EditBookingData | null>(null);

[33mThe symbol "isEditing" has already been declared[33m
161|    const [pendingConvId, setPendingConvId] = 
useState<string | null>(null);
162|    const [pendingWaLink, setPendingWaLink] = 
useState<string | null>(null);
163|    const [isEditing, setIsEditing] = useState(false);
   |          ^
164|    const [editingBooking, setEditingBooking] = 
useState<EditBookingData | null>(null);
165|    const [isSurveyOpen, setIsSurveyOpen] = 
useState(false);

[33mThe symbol "setIsEditing" has already been declared[33m
161|    const [pendingConvId, setPendingConvId] = 
useState<string | null>(null);
162|    const [pendingWaLink, setPendingWaLink] = 
useState<string | null>(null);
163|    const [isEditing, setIsEditing] = useState(false);
   |          ^
164|    const [editingBooking, setEditingBooking] = 
useState<EditBookingData | null>(null);
165|    const [isSurveyOpen, setIsSurveyOpen] = 
useState(false);

[33mThe symbol "editingBooking" has already been 
declared[33m
162|    const [pendingWaLink, setPendingWaLink] = 
useState<string | null>(null);
163|    const [isEditing, setIsEditing] = useState(false);
164|    const [editingBooking, setEditingBooking] = 
useState<EditBookingData | null>(null);
   |          ^
165|    const [isSurveyOpen, setIsSurveyOpen] = 
useState(false);
166|    const [confirmWhatsAppOpen, setConfirmWhatsAppOpen] 
= useState(false);

[33mThe symbol "setEditingBooking" has already been 
declared[33m
162|    const [pendingWaLink, setPendingWaLink] = 
useState<string | null>(null);
163|    const [isEditing, setIsEditing] = useState(false);
164|    const [editingBooking, setEditingBooking] = 
useState<EditBookingData | null>(null);
   |          ^
165|    const [isSurveyOpen, setIsSurveyOpen] = 
useState(false);
166|    const [confirmWhatsAppOpen, setConfirmWhatsAppOpen] 
= useState(false);

[33mThe symbol "isSurveyOpen" has already been declared[33m
163|    const [isEditing, setIsEditing] = useState(false);
164|    const [editingBooking, setEditingBooking] = 
useState<EditBookingData | null>(null);
165|    const [isSurveyOpen, setIsSurveyOpen] = 
useState(false);
   |          ^
166|    const [confirmWhatsAppOpen, setConfirmWhatsAppOpen] 
= useState(false);
167|    const [pendingConvId, setPendingConvId] = 
useState<string | null>(null);

[33mThe symbol "setIsSurveyOpen" has already been 
declared[33m
163|    const [isEditing, setIsEditing] = useState(false);
164|    const [editingBooking, setEditingBooking] = 
useState<EditBookingData | null>(null);
165|    const [isSurveyOpen, setIsSurveyOpen] = 
useState(false);
   |          ^
166|    const [confirmWhatsAppOpen, setConfirmWhatsAppOpen] 
= useState(false);
167|    const [pendingConvId, setPendingConvId] = 
useState<string | null>(null);

[33mThe symbol "confirmWhatsAppOpen" has already been 
declared[33m
164|    const [editingBooking, setEditingBooking] = 
useState<EditBookingData | null>(null);
165|    const [isSurveyOpen, setIsSurveyOpen] = 
useState(false);
166|    const [confirmWhatsAppOpen, setConfirmWhatsAppOpen] 
= useState(false);
   |          ^
167|    const [pendingConvId, setPendingConvId] = 
useState<string | null>(null);
168|    const [pendingWaLink, setPendingWaLink] = 
useState<string | null>(null);

[33mThe symbol "setConfirmWhatsAppOpen" has already been 
declared[33m
164|    const [editingBooking, setEditingBooking] = 
useState<EditBookingData | null>(null);
165|    const [isSurveyOpen, setIsSurveyOpen] = 
useState(false);
166|    const [confirmWhatsAppOpen, setConfirmWhatsAppOpen] 
= useState(false);
   |          ^
167|    const [pendingConvId, setPendingConvId] = 
useState<string | null>(null);
168|    const [pendingWaLink, setPendingWaLink] = 
useState<string | null>(null);

[33mThe symbol "pendingConvId" has already been 
declared[33m
165|    const [isSurveyOpen, setIsSurveyOpen] = 
useState(false);
166|    const [confirmWhatsAppOpen, setConfirmWhatsAppOpen] 
= useState(false);
167|    const [pendingConvId, setPendingConvId] = 
useState<string | null>(null);
   |          ^
168|    const [pendingWaLink, setPendingWaLink] = 
useState<string | null>(null);
169|    const [isEditing, setIsEditing] = useState(false);

[33mThe symbol "setPendingConvId" has already been 
declared[33m
165|    const [isSurveyOpen, setIsSurveyOpen] = 
useState(false);
166|    const [confirmWhatsAppOpen, setConfirmWhatsAppOpen] 
= useState(false);
167|    const [pendingConvId, setPendingConvId] = 
useState<string | null>(null);
   |          ^
168|    const [pendingWaLink, setPendingWaLink] = 
useState<string | null>(null);
169|    const [isEditing, setIsEditing] = useState(false);

[33mThe symbol "pendingWaLink" has already been 
declared[33m
166|    const [confirmWhatsAppOpen, setConfirmWhatsAppOpen] 
= useState(false);
167|    const [pendingConvId, setPendingConvId] = 
useState<string | null>(null);
168|    const [pendingWaLink, setPendingWaLink] = 
useState<string | null>(null);
   |          ^
169|    const [isEditing, setIsEditing] = useState(false);
170|    const [editingBooking, setEditingBooking] = 
useState<EditBookingData | null>(null);

[33mThe symbol "setPendingWaLink" has already been 
declared[33m
166|    const [confirmWhatsAppOpen, setConfirmWhatsAppOpen] 
= useState(false);
167|    const [pendingConvId, setPendingConvId] = 
useState<string | null>(null);
168|    const [pendingWaLink, setPendingWaLink] = 
useState<string | null>(null);
   |          ^
169|    const [isEditing, setIsEditing] = useState(false);
170|    const [editingBooking, setEditingBooking] = 
useState<EditBookingData | null>(null);

[33mThe symbol "isEditing" has already been declared[33m
167|    const [pendingConvId, setPendingConvId] = 
useState<string | null>(null);
168|    const [pendingWaLink, setPendingWaLink] = 
useState<string | null>(null);
169|    const [isEditing, setIsEditing] = useState(false);
   |          ^
170|    const [editingBooking, setEditingBooking] = 
useState<EditBookingData | null>(null);
171|    const [isSurveyOpen, setIsSurveyOpen] = 
useState(false);

[33mThe symbol "setIsEditing" has already been declared[33m
167|    const [pendingConvId, setPendingConvId] = 
useState<string | null>(null);
168|    const [pendingWaLink, setPendingWaLink] = 
useState<string | null>(null);
169|    const [isEditing, setIsEditing] = useState(false);
   |          ^
170|    const [editingBooking, setEditingBooking] = 
useState<EditBookingData | null>(null);
171|    const [isSurveyOpen, setIsSurveyOpen] = 
useState(false);

[33mThe symbol "editingBooking" has already been 
declared[33m
168|    const [pendingWaLink, setPendingWaLink] = 
useState<string | null>(null);
169|    const [isEditing, setIsEditing] = useState(false);
170|    const [editingBooking, setEditingBooking] = 
useState<EditBookingData | null>(null);
   |          ^
171|    const [isSurveyOpen, setIsSurveyOpen] = 
useState(false);
172|    const [confirmWhatsAppOpen, setConfirmWhatsAppOpen] 
= useState(false);

[33mThe symbol "setEditingBooking" has already been 
declared[33m
168|    const [pendingWaLink, setPendingWaLink] = 
useState<string | null>(null);
169|    const [isEditing, setIsEditing] = useState(false);
170|    const [editingBooking, setEditingBooking] = 
useState<EditBookingData | null>(null);
   |          ^
171|    const [isSurveyOpen, setIsSurveyOpen] = 
useState(false);
172|    const [confirmWhatsAppOpen, setConfirmWhatsAppOpen] 
= useState(false);

[33mThe symbol "isSurveyOpen" has already been declared[33m
169|    const [isEditing, setIsEditing] = useState(false);
170|    const [editingBooking, setEditingBooking] = 
useState<EditBookingData | null>(null);
171|    const [isSurveyOpen, setIsSurveyOpen] = 
useState(false);
   |          ^
172|    const [confirmWhatsAppOpen, setConfirmWhatsAppOpen] 
= useState(false);
173|    const [pendingConvId, setPendingConvId] = 
useState<string | null>(null);

[33mThe symbol "setIsSurveyOpen" has already been 
declared[33m
169|    const [isEditing, setIsEditing] = useState(false);
170|    const [editingBooking, setEditingBooking] = 
useState<EditBookingData | null>(null);
171|    const [isSurveyOpen, setIsSurveyOpen] = 
useState(false);
   |          ^
172|    const [confirmWhatsAppOpen, setConfirmWhatsAppOpen] 
= useState(false);
173|    const [pendingConvId, setPendingConvId] = 
useState<string | null>(null);

[33mThe symbol "confirmWhatsAppOpen" has already been 
declared[33m
170|    const [editingBooking, setEditingBooking] = 
useState<EditBookingData | null>(null);
171|    const [isSurveyOpen, setIsSurveyOpen] = 
useState(false);
172|    const [confirmWhatsAppOpen, setConfirmWhatsAppOpen] 
= useState(false);
   |          ^
173|    const [pendingConvId, setPendingConvId] = 
useState<string | null>(null);
174|    const [pendingWaLink, setPendingWaLink] = 
useState<string | null>(null);

[33mThe symbol "setConfirmWhatsAppOpen" has already been 
declared[33m
170|    const [editingBooking, setEditingBooking] = 
useState<EditBookingData | null>(null);
171|    const [isSurveyOpen, setIsSurveyOpen] = 
useState(false);
172|    const [confirmWhatsAppOpen, setConfirmWhatsAppOpen] 
= useState(false);
   |          ^
173|    const [pendingConvId, setPendingConvId] = 
useState<string | null>(null);
174|    const [pendingWaLink, setPendingWaLink] = 
useState<string | null>(null);

[33mThe symbol "pendingConvId" has already been 
declared[33m
171|    const [isSurveyOpen, setIsSurveyOpen] = 
useState(false);
172|    const [confirmWhatsAppOpen, setConfirmWhatsAppOpen] 
= useState(false);
173|    const [pendingConvId, setPendingConvId] = 
useState<string | null>(null);
   |          ^
174|    const [pendingWaLink, setPendingWaLink] = 
useState<string | null>(null);
175|    const [isEditing, setIsEditing] = useState(false);

[33mThe symbol "setPendingConvId" has already been 
declared[33m
171|    const [isSurveyOpen, setIsSurveyOpen] = 
useState(false);
172|    const [confirmWhatsAppOpen, setConfirmWhatsAppOpen] 
= useState(false);
173|    const [pendingConvId, setPendingConvId] = 
useState<string | null>(null);
   |          ^
174|    const [pendingWaLink, setPendingWaLink] = 
useState<string | null>(null);
175|    const [isEditing, setIsEditing] = useState(false);

[33mThe symbol "pendingWaLink" has already been 
declared[33m
172|    const [confirmWhatsAppOpen, setConfirmWhatsAppOpen] 
= useState(false);
173|    const [pendingConvId, setPendingConvId] = 
useState<string | null>(null);
174|    const [pendingWaLink, setPendingWaLink] = 
useState<string | null>(null);
   |          ^
175|    const [isEditing, setIsEditing] = useState(false);
176|    const [editingBooking, setEditingBooking] = 
useState<EditBookingData | null>(null);

[33mThe symbol "setPendingWaLink" has already been 
declared[33m
172|    const [confirmWhatsAppOpen, setConfirmWhatsAppOpen] 
= useState(false);
173|    const [pendingConvId, setPendingConvId] = 
useState<string | null>(null);
174|    const [pendingWaLink, setPendingWaLink] = 
useState<string | null>(null);
   |          ^
175|    const [isEditing, setIsEditing] = useState(false);
176|    const [editingBooking, setEditingBooking] = 
useState<EditBookingData | null>(null);

[33mThe symbol "isEditing" has already been declared[33m
173|    const [pendingConvId, setPendingConvId] = 
useState<string | null>(null);
174|    const [pendingWaLink, setPendingWaLink] = 
useState<string | null>(null);
175|    const [isEditing, setIsEditing] = useState(false);
   |          ^
176|    const [editingBooking, setEditingBooking] = 
useState<EditBookingData | null>(null);
177|    const [isSurveyOpen, setIsSurveyOpen] = 
useState(false);

[33mThe symbol "setIsEditing" has already been declared[33m
173|    const [pendingConvId, setPendingConvId] = 
useState<string | null>(null);
174|    const [pendingWaLink, setPendingWaLink] = 
useState<string | null>(null);
175|    const [isEditing, setIsEditing] = useState(false);
   |          ^
176|    const [editingBooking, setEditingBooking] = 
useState<EditBookingData | null>(null);
177|    const [isSurveyOpen, setIsSurveyOpen] = 
useState(false);

[33mThe symbol "editingBooking" has already been 
declared[33m
174|    const [pendingWaLink, setPendingWaLink] = 
useState<string | null>(null);
175|    const [isEditing, setIsEditing] = useState(false);
176|    const [editingBooking, setEditingBooking] = 
useState<EditBookingData | null>(null);
   |          ^
177|    const [isSurveyOpen, setIsSurveyOpen] = 
useState(false);
178|    const [confirmWhatsAppOpen, setConfirmWhatsAppOpen] 
= useState(false);

[33mThe symbol "setEditingBooking" has already been 
declared[33m
174|    const [pendingWaLink, setPendingWaLink] = 
useState<string | null>(null);
175|    const [isEditing, setIsEditing] = useState(false);
176|    const [editingBooking, setEditingBooking] = 
useState<EditBookingData | null>(null);
   |          ^
177|    const [isSurveyOpen, setIsSurveyOpen] = 
useState(false);
178|    const [confirmWhatsAppOpen, setConfirmWhatsAppOpen] 
= useState(false);

[33mThe symbol "isSurveyOpen" has already been declared[33m
175|    const [isEditing, setIsEditing] = useState(false);
176|    const [editingBooking, setEditingBooking] = 
useState<EditBookingData | null>(null);
177|    const [isSurveyOpen, setIsSurveyOpen] = 
useState(false);
   |          ^
178|    const [confirmWhatsAppOpen, setConfirmWhatsAppOpen] 
= useState(false);
179|    const [pendingConvId, setPendingConvId] = 
useState<string | null>(null);

[33mThe symbol "setIsSurveyOpen" has already been 
declared[33m
175|    const [isEditing, setIsEditing] = useState(false);
176|    const [editingBooking, setEditingBooking] = 
useState<EditBookingData | null>(null);
177|    const [isSurveyOpen, setIsSurveyOpen] = 
useState(false);
   |          ^
178|    const [confirmWhatsAppOpen, setConfirmWhatsAppOpen] 
= useState(false);
179|    const [pendingConvId, setPendingConvId] = 
useState<string | null>(null);

[33mThe symbol "confirmWhatsAppOpen" has already been 
declared[33m
176|    const [editingBooking, setEditingBooking] = 
useState<EditBookingData | null>(null);
177|    const [isSurveyOpen, setIsSurveyOpen] = 
useState(false);
178|    const [confirmWhatsAppOpen, setConfirmWhatsAppOpen] 
= useState(false);
   |          ^
179|    const [pendingConvId, setPendingConvId] = 
useState<string | null>(null);
180|    const [pendingWaLink, setPendingWaLink] = 
useState<string | null>(null);

[33mThe symbol "setConfirmWhatsAppOpen" has already been 
declared[33m
176|    const [editingBooking, setEditingBooking] = 
useState<EditBookingData | null>(null);
177|    const [isSurveyOpen, setIsSurveyOpen] = 
useState(false);
178|    const [confirmWhatsAppOpen, setConfirmWhatsAppOpen] 
= useState(false);
   |          ^
179|    const [pendingConvId, setPendingConvId] = 
useState<string | null>(null);
180|    const [pendingWaLink, setPendingWaLink] = 
useState<string | null>(null);

[33mThe symbol "pendingConvId" has already been 
declared[33m
177|    const [isSurveyOpen, setIsSurveyOpen] = 
useState(false);
178|    const [confirmWhatsAppOpen, setConfirmWhatsAppOpen] 
= useState(false);
179|    const [pendingConvId, setPendingConvId] = 
useState<string | null>(null);
   |          ^
180|    const [pendingWaLink, setPendingWaLink] = 
useState<string | null>(null);
181|    const [isEditing, setIsEditing] = useState(false);

[33mThe symbol "setPendingConvId" has already been 
declared[33m
177|    const [isSurveyOpen, setIsSurveyOpen] = 
useState(false);
178|    const [confirmWhatsAppOpen, setConfirmWhatsAppOpen] 
= useState(false);
179|    const [pendingConvId, setPendingConvId] = 
useState<string | null>(null);
   |          ^
180|    const [pendingWaLink, setPendingWaLink] = 
useState<string | null>(null);
181|    const [isEditing, setIsEditing] = useState(false);

[33mThe symbol "pendingWaLink" has already been 
declared[33m
178|    const [confirmWhatsAppOpen, setConfirmWhatsAppOpen] 
= useState(false);
179|    const [pendingConvId, setPendingConvId] = 
useState<string | null>(null);
180|    const [pendingWaLink, setPendingWaLink] = 
useState<string | null>(null);
   |          ^
181|    const [isEditing, setIsEditing] = useState(false);
182|    const [editingBooking, setEditingBooking] = 
useState<EditBookingData | null>(null);

[33mThe symbol "setPendingWaLink" has already been 
declared[33m
178|    const [confirmWhatsAppOpen, setConfirmWhatsAppOpen] 
= useState(false);
179|    const [pendingConvId, setPendingConvId] = 
useState<string | null>(null);
180|    const [pendingWaLink, setPendingWaLink] = 
useState<string | null>(null);
   |          ^
181|    const [isEditing, setIsEditing] = useState(false);
182|    const [editingBooking, setEditingBooking] = 
useState<EditBookingData | null>(null);

[33mThe symbol "isEditing" has already been declared[33m
179|    const [pendingConvId, setPendingConvId] = 
useState<string | null>(null);
180|    const [pendingWaLink, setPendingWaLink] = 
useState<string | null>(null);
181|    const [isEditing, setIsEditing] = useState(false);
   |          ^
182|    const [editingBooking, setEditingBooking] = 
useState<EditBookingData | null>(null);
183|    const [isSurveyOpen, setIsSurveyOpen] = 
useState(false);

[33mThe symbol "setIsEditing" has already been declared[33m
179|    const [pendingConvId, setPendingConvId] = 
useState<string | null>(null);
180|    const [pendingWaLink, setPendingWaLink] = 
useState<string | null>(null);
181|    const [isEditing, setIsEditing] = useState(false);
   |          ^
182|    const [editingBooking, setEditingBooking] = 
useState<EditBookingData | null>(null);
183|    const [isSurveyOpen, setIsSurveyOpen] = 
useState(false);

[33mThe symbol "editingBooking" has already been 
declared[33m
180|    const [pendingWaLink, setPendingWaLink] = 
useState<string | null>(null);
181|    const [isEditing, setIsEditing] = useState(false);
182|    const [editingBooking, setEditingBooking] = 
useState<EditBookingData | null>(null);
   |          ^
183|    const [isSurveyOpen, setIsSurveyOpen] = 
useState(false);
184|    const [confirmWhatsAppOpen, setConfirmWhatsAppOpen] 
= useState(false);

[33mThe symbol "setEditingBooking" has already been 
declared[33m
180|    const [pendingWaLink, setPendingWaLink] = 
useState<string | null>(null);
181|    const [isEditing, setIsEditing] = useState(false);
182|    const [editingBooking, setEditingBooking] = 
useState<EditBookingData | null>(null);
   |          ^
183|    const [isSurveyOpen, setIsSurveyOpen] = 
useState(false);
184|    const [confirmWhatsAppOpen, setConfirmWhatsAppOpen] 
= useState(false);

[33mThe symbol "isSurveyOpen" has already been declared[33m
181|    const [isEditing, setIsEditing] = useState(false);
182|    const [editingBooking, setEditingBooking] = 
useState<EditBookingData | null>(null);
183|    const [isSurveyOpen, setIsSurveyOpen] = 
useState(false);
   |          ^
184|    const [confirmWhatsAppOpen, setConfirmWhatsAppOpen] 
= useState(false);
185|    const [pendingConvId, setPendingConvId] = 
useState<string | null>(null);

[33mThe symbol "setIsSurveyOpen" has already been 
declared[33m
181|    const [isEditing, setIsEditing] = useState(false);
182|    const [editingBooking, setEditingBooking] = 
useState<EditBookingData | null>(null);
183|    const [isSurveyOpen, setIsSurveyOpen] = 
useState(false);
   |          ^
184|    const [confirmWhatsAppOpen, setConfirmWhatsAppOpen] 
= useState(false);
185|    const [pendingConvId, setPendingConvId] = 
useState<string | null>(null);

[33mThe symbol "confirmWhatsAppOpen" has already been 
declared[33m
182|    const [editingBooking, setEditingBooking] = 
useState<EditBookingData | null>(null);
183|    const [isSurveyOpen, setIsSurveyOpen] = 
useState(false);
184|    const [confirmWhatsAppOpen, setConfirmWhatsAppOpen] 
= useState(false);
   |          ^
185|    const [pendingConvId, setPendingConvId] = 
useState<string | null>(null);
186|    const [pendingWaLink, setPendingWaLink] = 
useState<string | null>(null);

[33mThe symbol "setConfirmWhatsAppOpen" has already been 
declared[33m
182|    const [editingBooking, setEditingBooking] = 
useState<EditBookingData | null>(null);
183|    const [isSurveyOpen, setIsSurveyOpen] = 
useState(false);
184|    const [confirmWhatsAppOpen, setConfirmWhatsAppOpen] 
= useState(false);
   |          ^
185|    const [pendingConvId, setPendingConvId] = 
useState<string | null>(null);
186|    const [pendingWaLink, setPendingWaLink] = 
useState<string | null>(null);

[33mThe symbol "pendingConvId" has already been 
declared[33m
183|    const [isSurveyOpen, setIsSurveyOpen] = 
useState(false);
184|    const [confirmWhatsAppOpen, setConfirmWhatsAppOpen] 
= useState(false);
185|    const [pendingConvId, setPendingConvId] = 
useState<string | null>(null);
   |          ^
186|    const [pendingWaLink, setPendingWaLink] = 
useState<string | null>(null);
187|    const [isEditing, setIsEditing] = useState(false);

[33mThe symbol "setPendingConvId" has already been 
declared[33m
183|    const [isSurveyOpen, setIsSurveyOpen] = 
useState(false);
184|    const [confirmWhatsAppOpen, setConfirmWhatsAppOpen] 
= useState(false);
185|    const [pendingConvId, setPendingConvId] = 
useState<string | null>(null);
   |          ^
186|    const [pendingWaLink, setPendingWaLink] = 
useState<string | null>(null);
187|    const [isEditing, setIsEditing] = useState(false);

[33mThe symbol "pendingWaLink" has already been 
declared[33m
184|    const [confirmWhatsAppOpen, setConfirmWhatsAppOpen] 
= useState(false);
185|    const [pendingConvId, setPendingConvId] = 
useState<string | null>(null);
186|    const [pendingWaLink, setPendingWaLink] = 
useState<string | null>(null);
   |          ^
187|    const [isEditing, setIsEditing] = useState(false);
188|    const [editingBooking, setEditingBooking] = 
useState<EditBookingData | null>(null);

[33mThe symbol "setPendingWaLink" has already been 
declared[33m
184|    const [confirmWhatsAppOpen, setConfirmWhatsAppOpen] 
= useState(false);
185|    const [pendingConvId, setPendingConvId] = 
useState<string | null>(null);
186|    const [pendingWaLink, setPendingWaLink] = 
useState<string | null>(null);
   |          ^
187|    const [isEditing, setIsEditing] = useState(false);
188|    const [editingBooking, setEditingBooking] = 
useState<EditBookingData | null>(null);

[33mThe symbol "isEditing" has already been declared[33m
185|    const [pendingConvId, setPendingConvId] = 
useState<string | null>(null);
186|    const [pendingWaLink, setPendingWaLink] = 
useState<string | null>(null);
187|    const [isEditing, setIsEditing] = useState(false);
   |          ^
188|    const [editingBooking, setEditingBooking] = 
useState<EditBookingData | null>(null);
189|    const [isSurveyOpen, setIsSurveyOpen] = 
useState(false);

[33mThe symbol "setIsEditing" has already been declared[33m
185|    const [pendingConvId, setPendingConvId] = 
useState<string | null>(null);
186|    const [pendingWaLink, setPendingWaLink] = 
useState<string | null>(null);
187|    const [isEditing, setIsEditing] = useState(false);
   |          ^
188|    const [editingBooking, setEditingBooking] = 
useState<EditBookingData | null>(null);
189|    const [isSurveyOpen, setIsSurveyOpen] = 
useState(false);

[33mThe symbol "editingBooking" has already been 
declared[33m
186|    const [pendingWaLink, setPendingWaLink] = 
useState<string | null>(null);
187|    const [isEditing, setIsEditing] = useState(false);
188|    const [editingBooking, setEditingBooking] = 
useState<EditBookingData | null>(null);
   |          ^
189|    const [isSurveyOpen, setIsSurveyOpen] = 
useState(false);
190|    const [confirmWhatsAppOpen, setConfirmWhatsAppOpen] 
= useState(false);

[33mThe symbol "setEditingBooking" has already been 
declared[33m
186|    const [pendingWaLink, setPendingWaLink] = 
useState<string | null>(null);
187|    const [isEditing, setIsEditing] = useState(false);
188|    const [editingBooking, setEditingBooking] = 
useState<EditBookingData | null>(null);
   |          ^
189|    const [isSurveyOpen, setIsSurveyOpen] = 
useState(false);
190|    const [confirmWhatsAppOpen, setConfirmWhatsAppOpen] 
= useState(false);

[33mThe symbol "isSurveyOpen" has already been declared[33m
187|    const [isEditing, setIsEditing] = useState(false);
188|    const [editingBooking, setEditingBooking] = 
useState<EditBookingData | null>(null);
189|    const [isSurveyOpen, setIsSurveyOpen] = 
useState(false);
   |          ^
190|    const [confirmWhatsAppOpen, setConfirmWhatsAppOpen] 
= useState(false);
191|    const [pendingConvId, setPendingConvId] = 
useState<string | null>(null);

[33mThe symbol "setIsSurveyOpen" has already been 
declared[33m
187|    const [isEditing, setIsEditing] = useState(false);
188|    const [editingBooking, setEditingBooking] = 
useState<EditBookingData | null>(null);
189|    const [isSurveyOpen, setIsSurveyOpen] = 
useState(false);
   |          ^
190|    const [confirmWhatsAppOpen, setConfirmWhatsAppOpen] 
= useState(false);
191|    const [pendingConvId, setPendingConvId] = 
useState<string | null>(null);

[33mThe symbol "confirmWhatsAppOpen" has already been 
declared[33m
188|    const [editingBooking, setEditingBooking] = 
useState<EditBookingData | null>(null);
189|    const [isSurveyOpen, setIsSurveyOpen] = 
useState(false);
190|    const [confirmWhatsAppOpen, setConfirmWhatsAppOpen] 
= useState(false);
   |          ^
191|    const [pendingConvId, setPendingConvId] = 
useState<string | null>(null);
192|    const [pendingWaLink, setPendingWaLink] = 
useState<string | null>(null);

[33mThe symbol "setConfirmWhatsAppOpen" has already been 
declared[33m
188|    const [editingBooking, setEditingBooking] = 
useState<EditBookingData | null>(null);
189|    const [isSurveyOpen, setIsSurveyOpen] = 
useState(false);
190|    const [confirmWhatsAppOpen, setConfirmWhatsAppOpen] 
= useState(false);
   |          ^
191|    const [pendingConvId, setPendingConvId] = 
useState<string | null>(null);
192|    const [pendingWaLink, setPendingWaLink] = 
useState<string | null>(null);

[33mThe symbol "pendingConvId" has already been 
declared[33m
189|    const [isSurveyOpen, setIsSurveyOpen] = 
useState(false);
190|    const [confirmWhatsAppOpen, setConfirmWhatsAppOpen] 
= useState(false);
191|    const [pendingConvId, setPendingConvId] = 
useState<string | null>(null);
   |          ^
192|    const [pendingWaLink, setPendingWaLink] = 
useState<string | null>(null);
193|    const [isEditing, setIsEditing] = useState(false);

[33mThe symbol "setPendingConvId" has already been 
declared[33m
189|    const [isSurveyOpen, setIsSurveyOpen] = 
useState(false);
190|    const [confirmWhatsAppOpen, setConfirmWhatsAppOpen] 
= useState(false);
191|    const [pendingConvId, setPendingConvId] = 
useState<string | null>(null);
   |          ^
192|    const [pendingWaLink, setPendingWaLink] = 
useState<string | null>(null);
193|    const [isEditing, setIsEditing] = useState(false);

[33mThe symbol "pendingWaLink" has already been 
declared[33m
190|    const [confirmWhatsAppOpen, setConfirmWhatsAppOpen] 
= useState(false);
191|    const [pendingConvId, setPendingConvId] = 
useState<string | null>(null);
192|    const [pendingWaLink, setPendingWaLink] = 
useState<string | null>(null);
   |          ^
193|    const [isEditing, setIsEditing] = useState(false);
194|    const [editingBooking, setEditingBooking] = 
useState<EditBookingData | null>(null);

[33mThe symbol "setPendingWaLink" has already been 
declared[33m
190|    const [confirmWhatsAppOpen, setConfirmWhatsAppOpen] 
= useState(false);
191|    const [pendingConvId, setPendingConvId] = 
useState<string | null>(null);
192|    const [pendingWaLink, setPendingWaLink] = 
useState<string | null>(null);
   |          ^
193|    const [isEditing, setIsEditing] = useState(false);
194|    const [editingBooking, setEditingBooking] = 
useState<EditBookingData | null>(null);

[33mThe symbol "isEditing" has already been declared[33m
191|    const [pendingConvId, setPendingConvId] = 
useState<string | null>(null);
192|    const [pendingWaLink, setPendingWaLink] = 
useState<string | null>(null);
193|    const [isEditing, setIsEditing] = useState(false);
   |          ^
194|    const [editingBooking, setEditingBooking] = 
useState<EditBookingData | null>(null);
195|    const [isSurveyOpen, setIsSurveyOpen] = 
useState(false);

[33mThe symbol "setIsEditing" has already been declared[33m
191|    const [pendingConvId, setPendingConvId] = 
useState<string | null>(null);
192|    const [pendingWaLink, setPendingWaLink] = 
useState<string | null>(null);
193|    const [isEditing, setIsEditing] = useState(false);
   |          ^
194|    const [editingBooking, setEditingBooking] = 
useState<EditBookingData | null>(null);
195|    const [isSurveyOpen, setIsSurveyOpen] = 
useState(false);

[33mThe symbol "editingBooking" has already been 
declared[33m
192|    const [pendingWaLink, setPendingWaLink] = 
useState<string | null>(null);
193|    const [isEditing, setIsEditing] = useState(false);
194|    const [editingBooking, setEditingBooking] = 
useState<EditBookingData | null>(null);
   |          ^
195|    const [isSurveyOpen, setIsSurveyOpen] = 
useState(false);
196|    const [confirmWhatsAppOpen, setConfirmWhatsAppOpen] 
= useState(false);

[33mThe symbol "setEditingBooking" has already been 
declared[33m
192|    const [pendingWaLink, setPendingWaLink] = 
useState<string | null>(null);
193|    const [isEditing, setIsEditing] = useState(false);
194|    const [editingBooking, setEditingBooking] = 
useState<EditBookingData | null>(null);
   |          ^
195|    const [isSurveyOpen, setIsSurveyOpen] = 
useState(false);
196|    const [confirmWhatsAppOpen, setConfirmWhatsAppOpen] 
= useState(false);

[33mThe symbol "isSurveyOpen" has already been declared[33m
193|    const [isEditing, setIsEditing] = useState(false);
194|    const [editingBooking, setEditingBooking] = 
useState<EditBookingData | null>(null);
195|    const [isSurveyOpen, setIsSurveyOpen] = 
useState(false);
   |          ^
196|    const [confirmWhatsAppOpen, setConfirmWhatsAppOpen] 
= useState(false);
197|    const [pendingConvId, setPendingConvId] = 
useState<string | null>(null);

[33mThe symbol "setIsSurveyOpen" has already been 
declared[33m
193|    const [isEditing, setIsEditing] = useState(false);
194|    const [editingBooking, setEditingBooking] = 
useState<EditBookingData | null>(null);
195|    const [isSurveyOpen, setIsSurveyOpen] = 
useState(false);
   |          ^
196|    const [confirmWhatsAppOpen, setConfirmWhatsAppOpen] 
= useState(false);
197|    const [pendingConvId, setPendingConvId] = 
useState<string | null>(null);

[33mThe symbol "confirmWhatsAppOpen" has already been 
declared[33m
194|    const [editingBooking, setEditingBooking] = 
useState<EditBookingData | null>(null);
195|    const [isSurveyOpen, setIsSurveyOpen] = 
useState(false);
196|    const [confirmWhatsAppOpen, setConfirmWhatsAppOpen] 
= useState(false);
   |          ^
197|    const [pendingConvId, setPendingConvId] = 
useState<string | null>(null);
198|    const [pendingWaLink, setPendingWaLink] = 
useState<string | null>(null);

[33mThe symbol "setConfirmWhatsAppOpen" has already been 
declared[33m
194|    const [editingBooking, setEditingBooking] = 
useState<EditBookingData | null>(null);
195|    const [isSurveyOpen, setIsSurveyOpen] = 
useState(false);
196|    const [confirmWhatsAppOpen, setConfirmWhatsAppOpen] 
= useState(false);
   |          ^
197|    const [pendingConvId, setPendingConvId] = 
useState<string | null>(null);
198|    const [pendingWaLink, setPendingWaLink] = 
useState<string | null>(null);

[33mThe symbol "pendingConvId" has already been 
declared[33m
195|    const [isSurveyOpen, setIsSurveyOpen] = 
useState(false);
196|    const [confirmWhatsAppOpen, setConfirmWhatsAppOpen] 
= useState(false);
197|    const [pendingConvId, setPendingConvId] = 
useState<string | null>(null);
   |          ^
198|    const [pendingWaLink, setPendingWaLink] = 
useState<string | null>(null);
199|    const [isEditing, setIsEditing] = useState(false);

[33mThe symbol "setPendingConvId" has already been 
declared[33m
195|    const [isSurveyOpen, setIsSurveyOpen] = 
useState(false);
196|    const [confirmWhatsAppOpen, setConfirmWhatsAppOpen] 
= useState(false);
197|    const [pendingConvId, setPendingConvId] = 
useState<string | null>(null);
   |          ^
198|    const [pendingWaLink, setPendingWaLink] = 
useState<string | null>(null);
199|    const [isEditing, setIsEditing] = useState(false);

[33mThe symbol "pendingWaLink" has already been 
declared[33m
196|    const [confirmWhatsAppOpen, setConfirmWhatsAppOpen] 
= useState(false);
197|    const [pendingConvId, setPendingConvId] = 
useState<string | null>(null);
198|    const [pendingWaLink, setPendingWaLink] = 
useState<string | null>(null);
   |          ^
199|    const [isEditing, setIsEditing] = useState(false);
200|    const [editingBooking, setEditingBooking] = 
useState<EditBookingData | null>(null);

[33mThe symbol "setPendingWaLink" has already been 
declared[33m
196|    const [confirmWhatsAppOpen, setConfirmWhatsAppOpen] 
= useState(false);
197|    const [pendingConvId, setPendingConvId] = 
useState<string | null>(null);
198|    const [pendingWaLink, setPendingWaLink] = 
useState<string | null>(null);
   |          ^
199|    const [isEditing, setIsEditing] = useState(false);
200|    const [editingBooking, setEditingBooking] = 
useState<EditBookingData | null>(null);

[33mThe symbol "isEditing" has already been declared[33m
197|    const [pendingConvId, setPendingConvId] = 
useState<string | null>(null);
198|    const [pendingWaLink, setPendingWaLink] = 
useState<string | null>(null);
199|    const [isEditing, setIsEditing] = useState(false);
   |          ^
200|    const [editingBooking, setEditingBooking] = 
useState<EditBookingData | null>(null);
201|    const [isSurveyOpen, setIsSurveyOpen] = 
useState(false);

[33mThe symbol "setIsEditing" has already been declared[33m
197|    const [pendingConvId, setPendingConvId] = 
useState<string | null>(null);
198|    const [pendingWaLink, setPendingWaLink] = 
useState<string | null>(null);
199|    const [isEditing, setIsEditing] = useState(false);
   |          ^
200|    const [editingBooking, setEditingBooking] = 
useState<EditBookingData | null>(null);
201|    const [isSurveyOpen, setIsSurveyOpen] = 
useState(false);

[33mThe symbol "editingBooking" has already been 
declared[33m
198|    const [pendingWaLink, setPendingWaLink] = 
useState<string | null>(null);
199|    const [isEditing, setIsEditing] = useState(false);
200|    const [editingBooking, setEditingBooking] = 
useState<EditBookingData | null>(null);
   |          ^
201|    const [isSurveyOpen, setIsSurveyOpen] = 
useState(false);
202|    const [confirmWhatsAppOpen, setConfirmWhatsAppOpen] 
= useState(false);

[33mThe symbol "setEditingBooking" has already been 
declared[33m
198|    const [pendingWaLink, setPendingWaLink] = 
useState<string | null>(null);
199|    const [isEditing, setIsEditing] = useState(false);
200|    const [editingBooking, setEditingBooking] = 
useState<EditBookingData | null>(null);
   |          ^
201|    const [isSurveyOpen, setIsSurveyOpen] = 
useState(false);
202|    const [confirmWhatsAppOpen, setConfirmWhatsAppOpen] 
= useState(false);

[33mThe symbol "isSurveyOpen" has already been declared[33m
199|    const [isEditing, setIsEditing] = useState(false);
200|    const [editingBooking, setEditingBooking] = 
useState<EditBookingData | null>(null);
201|    const [isSurveyOpen, setIsSurveyOpen] = 
useState(false);
   |          ^
202|    const [confirmWhatsAppOpen, setConfirmWhatsAppOpen] 
= useState(false);
203|    const [pendingConvId, setPendingConvId] = 
useState<string | null>(null);

[33mThe symbol "setIsSurveyOpen" has already been 
declared[33m
199|    const [isEditing, setIsEditing] = useState(false);
200|    const [editingBooking, setEditingBooking] = 
useState<EditBookingData | null>(null);
201|    const [isSurveyOpen, setIsSurveyOpen] = 
useState(false);
   |          ^
202|    const [confirmWhatsAppOpen, setConfirmWhatsAppOpen] 
= useState(false);
203|    const [pendingConvId, setPendingConvId] = 
useState<string | null>(null);

[33mThe symbol "confirmWhatsAppOpen" has already been 
declared[33m
200|    const [editingBooking, setEditingBooking] = 
useState<EditBookingData | null>(null);
201|    const [isSurveyOpen, setIsSurveyOpen] = 
useState(false);
202|    const [confirmWhatsAppOpen, setConfirmWhatsAppOpen] 
= useState(false);
   |          ^
203|    const [pendingConvId, setPendingConvId] = 
useState<string | null>(null);
204|    const [pendingWaLink, setPendingWaLink] = 
useState<string | null>(null);

[33mThe symbol "setConfirmWhatsAppOpen" has already been 
declared[33m
200|    const [editingBooking, setEditingBooking] = 
useState<EditBookingData | null>(null);
201|    const [isSurveyOpen, setIsSurveyOpen] = 
useState(false);
202|    const [confirmWhatsAppOpen, setConfirmWhatsAppOpen] 
= useState(false);
   |          ^
203|    const [pendingConvId, setPendingConvId] = 
useState<string | null>(null);
204|    const [pendingWaLink, setPendingWaLink] = 
useState<string | null>(null);

[33mThe symbol "pendingConvId" has already been 
declared[33m
201|    const [isSurveyOpen, setIsSurveyOpen] = 
useState(false);
202|    const [confirmWhatsAppOpen, setConfirmWhatsAppOpen] 
= useState(false);
203|    const [pendingConvId, setPendingConvId] = 
useState<string | null>(null);
   |          ^
204|    const [pendingWaLink, setPendingWaLink] = 
useState<string | null>(null);
205|    const [isEditing, setIsEditing] = useState(false);

[33mThe symbol "setPendingConvId" has already been 
declared[33m
201|    const [isSurveyOpen, setIsSurveyOpen] = 
useState(false);
202|    const [confirmWhatsAppOpen, setConfirmWhatsAppOpen] 
= useState(false);
203|    const [pendingConvId, setPendingConvId] = 
useState<string | null>(null);
   |          ^
204|    const [pendingWaLink, setPendingWaLink] = 
useState<string | null>(null);
205|    const [isEditing, setIsEditing] = useState(false);

[33mThe symbol "pendingWaLink" has already been 
declared[33m
202|    const [confirmWhatsAppOpen, setConfirmWhatsAppOpen] 
= useState(false);
203|    const [pendingConvId, setPendingConvId] = 
useState<string | null>(null);
204|    const [pendingWaLink, setPendingWaLink] = 
useState<string | null>(null);
   |          ^
205|    const [isEditing, setIsEditing] = useState(false);
206|    const [editingBooking, setEditingBooking] = 
useState<EditBookingData | null>(null);

[33mThe symbol "setPendingWaLink" has already been 
declared[33m
202|    const [confirmWhatsAppOpen, setConfirmWhatsAppOpen] 
= useState(false);
203|    const [pendingConvId, setPendingConvId] = 
useState<string | null>(null);
204|    const [pendingWaLink, setPendingWaLink] = 
useState<string | null>(null);
   |          ^
205|    const [isEditing, setIsEditing] = useState(false);
206|    const [editingBooking, setEditingBooking] = 
useState<EditBookingData | null>(null);

[33mThe symbol "isEditing" has already been declared[33m
203|    const [pendingConvId, setPendingConvId] = 
useState<string | null>(null);
204|    const [pendingWaLink, setPendingWaLink] = 
useState<string | null>(null);
205|    const [isEditing, setIsEditing] = useState(false);
   |          ^
206|    const [editingBooking, setEditingBooking] = 
useState<EditBookingData | null>(null);
207|    const [isSurveyOpen, setIsSurveyOpen] = 
useState(false);

[33mThe symbol "setIsEditing" has already been declared[33m
203|    const [pendingConvId, setPendingConvId] = 
useState<string | null>(null);
204|    const [pendingWaLink, setPendingWaLink] = 
useState<string | null>(null);
205|    const [isEditing, setIsEditing] = useState(false);
   |          ^
206|    const [editingBooking, setEditingBooking] = 
useState<EditBookingData | null>(null);
207|    const [isSurveyOpen, setIsSurveyOpen] = 
useState(false);

[33mThe symbol "editingBooking" has already been 
declared[33m
204|    const [pendingWaLink, setPendingWaLink] = 
useState<string | null>(null);
205|    const [isEditing, setIsEditing] = useState(false);
206|    const [editingBooking, setEditingBooking] = 
useState<EditBookingData | null>(null);
   |          ^
207|    const [isSurveyOpen, setIsSurveyOpen] = 
useState(false);
208|    const [confirmWhatsAppOpen, setConfirmWhatsAppOpen] 
= useState(false);

[33mThe symbol "setEditingBooking" has already been 
declared[33m
204|    const [pendingWaLink, setPendingWaLink] = 
useState<string | null>(null);
205|    const [isEditing, setIsEditing] = useState(false);
206|    const [editingBooking, setEditingBooking] = 
useState<EditBookingData | null>(null);
   |          ^
207|    const [isSurveyOpen, setIsSurveyOpen] = 
useState(false);
208|    const [confirmWhatsAppOpen, setConfirmWhatsAppOpen] 
= useState(false);

[33mThe symbol "isSurveyOpen" has already been declared[33m
205|    const [isEditing, setIsEditing] = useState(false);
206|    const [editingBooking, setEditingBooking] = 
useState<EditBookingData | null>(null);
207|    const [isSurveyOpen, setIsSurveyOpen] = 
useState(false);
   |          ^
208|    const [confirmWhatsAppOpen, setConfirmWhatsAppOpen] 
= useState(false);
209|    const [pendingConvId, setPendingConvId] = 
useState<string | null>(null);

[33mThe symbol "setIsSurveyOpen" has already been 
declared[33m
205|    const [isEditing, setIsEditing] = useState(false);
206|    const [editingBooking, setEditingBooking] = 
useState<EditBookingData | null>(null);
207|    const [isSurveyOpen, setIsSurveyOpen] = 
useState(false);
   |          ^
208|    const [confirmWhatsAppOpen, setConfirmWhatsAppOpen] 
= useState(false);
209|    const [pendingConvId, setPendingConvId] = 
useState<string | null>(null);

[33mThe symbol "confirmWhatsAppOpen" has already been 
declared[33m
206|    const [editingBooking, setEditingBooking] = 
useState<EditBookingData | null>(null);
207|    const [isSurveyOpen, setIsSurveyOpen] = 
useState(false);
208|    const [confirmWhatsAppOpen, setConfirmWhatsAppOpen] 
= useState(false);
   |          ^
209|    const [pendingConvId, setPendingConvId] = 
useState<string | null>(null);
210|    const [pendingWaLink, setPendingWaLink] = 
useState<string | null>(null);

[33mThe symbol "setConfirmWhatsAppOpen" has already been 
declared[33m
206|    const [editingBooking, setEditingBooking] = 
useState<EditBookingData | null>(null);
207|    const [isSurveyOpen, setIsSurveyOpen] = 
useState(false);
208|    const [confirmWhatsAppOpen, setConfirmWhatsAppOpen] 
= useState(false);
   |          ^
209|    const [pendingConvId, setPendingConvId] = 
useState<string | null>(null);
210|    const [pendingWaLink, setPendingWaLink] = 
useState<string | null>(null);

[33mThe symbol "pendingConvId" has already been 
declared[33m
207|    const [isSurveyOpen, setIsSurveyOpen] = 
useState(false);
208|    const [confirmWhatsAppOpen, setConfirmWhatsAppOpen] 
= useState(false);
209|    const [pendingConvId, setPendingConvId] = 
useState<string | null>(null);
   |          ^
210|    const [pendingWaLink, setPendingWaLink] = 
useState<string | null>(null);
211|    const [isEditing, setIsEditing] = useState(false);

[33mThe symbol "setPendingConvId" has already been 
declared[33m
207|    const [isSurveyOpen, setIsSurveyOpen] = 
useState(false);
208|    const [confirmWhatsAppOpen, setConfirmWhatsAppOpen] 
= useState(false);
209|    const [pendingConvId, setPendingConvId] = 
useState<string | null>(null);
   |          ^
210|    const [pendingWaLink, setPendingWaLink] = 
useState<string | null>(null);
211|    const [isEditing, setIsEditing] = useState(false);

[33mThe symbol "pendingWaLink" has already been 
declared[33m
208|    const [confirmWhatsAppOpen, setConfirmWhatsAppOpen] 
= useState(false);
209|    const [pendingConvId, setPendingConvId] = 
useState<string | null>(null);
210|    const [pendingWaLink, setPendingWaLink] = 
useState<string | null>(null);
   |          ^
211|    const [isEditing, setIsEditing] = useState(false);
212|    const [editingBooking, setEditingBooking] = 
useState<EditBookingData | null>(null);

[33mThe symbol "setPendingWaLink" has already been 
declared[33m
208|    const [confirmWhatsAppOpen, setConfirmWhatsAppOpen] 
= useState(false);
209|    const [pendingConvId, setPendingConvId] = 
useState<string | null>(null);
210|    const [pendingWaLink, setPendingWaLink] = 
useState<string | null>(null);
   |          ^
211|    const [isEditing, setIsEditing] = useState(false);
212|    const [editingBooking, setEditingBooking] = 
useState<EditBookingData | null>(null);

[33mThe symbol "isEditing" has already been declared[33m
209|    const [pendingConvId, setPendingConvId] = 
useState<string | null>(null);
210|    const [pendingWaLink, setPendingWaLink] = 
useState<string | null>(null);
211|    const [isEditing, setIsEditing] = useState(false);
   |          ^
212|    const [editingBooking, setEditingBooking] = 
useState<EditBookingData | null>(null);
213|    const [isSurveyOpen, setIsSurveyOpen] = 
useState(false);

[33mThe symbol "setIsEditing" has already been declared[33m
209|    const [pendingConvId, setPendingConvId] = 
useState<string | null>(null);
210|    const [pendingWaLink, setPendingWaLink] = 
useState<string | null>(null);
211|    const [isEditing, setIsEditing] = useState(false);
   |          ^
212|    const [editingBooking, setEditingBooking] = 
useState<EditBookingData | null>(null);
213|    const [isSurveyOpen, setIsSurveyOpen] = 
useState(false);

[33mThe symbol "editingBooking" has already been 
declared[33m
210|    const [pendingWaLink, setPendingWaLink] = 
useState<string | null>(null);
211|    const [isEditing, setIsEditing] = useState(false);
212|    const [editingBooking, setEditingBooking] = 
useState<EditBookingData | null>(null);
   |          ^
213|    const [isSurveyOpen, setIsSurveyOpen] = 
useState(false);
214|    const [confirmWhatsAppOpen, setConfirmWhatsAppOpen] 
= useState(false);

[33mThe symbol "setEditingBooking" has already been 
declared[33m
210|    const [pendingWaLink, setPendingWaLink] = 
useState<string | null>(null);
211|    const [isEditing, setIsEditing] = useState(false);
212|    const [editingBooking, setEditingBooking] = 
useState<EditBookingData | null>(null);
   |          ^
213|    const [isSurveyOpen, setIsSurveyOpen] = 
useState(false);
214|    const [confirmWhatsAppOpen, setConfirmWhatsAppOpen] 
= useState(false);

[33mThe symbol "isSurveyOpen" has already been declared[33m
211|    const [isEditing, setIsEditing] = useState(false);
212|    const [editingBooking, setEditingBooking] = 
useState<EditBookingData | null>(null);
213|    const [isSurveyOpen, setIsSurveyOpen] = 
useState(false);
   |          ^
214|    const [confirmWhatsAppOpen, setConfirmWhatsAppOpen] 
= useState(false);
215|    const [pendingConvId, setPendingConvId] = 
useState<string | null>(null);

[33mThe symbol "setIsSurveyOpen" has already been 
declared[33m
211|    const [isEditing, setIsEditing] = useState(false);
212|    const [editingBooking, setEditingBooking] = 
useState<EditBookingData | null>(null);
213|    const [isSurveyOpen, setIsSurveyOpen] = 
useState(false);
   |          ^
214|    const [confirmWhatsAppOpen, setConfirmWhatsAppOpen] 
= useState(false);
215|    const [pendingConvId, setPendingConvId] = 
useState<string | null>(null);

[33mThe symbol "confirmWhatsAppOpen" has already been 
declared[33m
212|    const [editingBooking, setEditingBooking] = 
useState<EditBookingData | null>(null);
213|    const [isSurveyOpen, setIsSurveyOpen] = 
useState(false);
214|    const [confirmWhatsAppOpen, setConfirmWhatsAppOpen] 
= useState(false);
   |          ^
215|    const [pendingConvId, setPendingConvId] = 
useState<string | null>(null);
216|    const [pendingWaLink, setPendingWaLink] = 
useState<string | null>(null);

[33mThe symbol "setConfirmWhatsAppOpen" has already been 
declared[33m
212|    const [editingBooking, setEditingBooking] = 
useState<EditBookingData | null>(null);
213|    const [isSurveyOpen, setIsSurveyOpen] = 
useState(false);
214|    const [confirmWhatsAppOpen, setConfirmWhatsAppOpen] 
= useState(false);
   |          ^
215|    const [pendingConvId, setPendingConvId] = 
useState<string | null>(null);
216|    const [pendingWaLink, setPendingWaLink] = 
useState<string | null>(null);

[33mThe symbol "pendingConvId" has already been 
declared[33m
213|    const [isSurveyOpen, setIsSurveyOpen] = 
useState(false);
214|    const [confirmWhatsAppOpen, setConfirmWhatsAppOpen] 
= useState(false);
215|    const [pendingConvId, setPendingConvId] = 
useState<string | null>(null);
   |          ^
216|    const [pendingWaLink, setPendingWaLink] = 
useState<string | null>(null);
217|    const [isEditing, setIsEditing] = useState(false);

[33mThe symbol "setPendingConvId" has already been 
declared[33m
213|    const [isSurveyOpen, setIsSurveyOpen] = 
useState(false);
214|    const [confirmWhatsAppOpen, setConfirmWhatsAppOpen] 
= useState(false);
215|    const [pendingConvId, setPendingConvId] = 
useState<string | null>(null);
   |          ^
216|    const [pendingWaLink, setPendingWaLink] = 
useState<string | null>(null);
217|    const [isEditing, setIsEditing] = useState(false);

[33mThe symbol "pendingWaLink" has already been 
declared[33m
214|    const [confirmWhatsAppOpen, setConfirmWhatsAppOpen] 
= useState(false);
215|    const [pendingConvId, setPendingConvId] = 
useState<string | null>(null);
216|    const [pendingWaLink, setPendingWaLink] = 
useState<string | null>(null);
   |          ^
217|    const [isEditing, setIsEditing] = useState(false);
218|    const [editingBooking, setEditingBooking] = 
useState<EditBookingData | null>(null);

[33mThe symbol "setPendingWaLink" has already been 
declared[33m
214|    const [confirmWhatsAppOpen, setConfirmWhatsAppOpen] 
= useState(false);
215|    const [pendingConvId, setPendingConvId] = 
useState<string | null>(null);
216|    const [pendingWaLink, setPendingWaLink] = 
useState<string | null>(null);
   |          ^
217|    const [isEditing, setIsEditing] = useState(false);
218|    const [editingBooking, setEditingBooking] = 
useState<EditBookingData | null>(null);

[33mThe symbol "isEditing" has already been declared[33m
215|    const [pendingConvId, setPendingConvId] = 
useState<string | null>(null);
216|    const [pendingWaLink, setPendingWaLink] = 
useState<string | null>(null);
217|    const [isEditing, setIsEditing] = useState(false);
   |          ^
218|    const [editingBooking, setEditingBooking] = 
useState<EditBookingData | null>(null);
219|    const [isSurveyOpen, setIsSurveyOpen] = 
useState(false);

[33mThe symbol "setIsEditing" has already been declared[33m
215|    const [pendingConvId, setPendingConvId] = 
useState<string | null>(null);
216|    const [pendingWaLink, setPendingWaLink] = 
useState<string | null>(null);
217|    const [isEditing, setIsEditing] = useState(false);
   |          ^
218|    const [editingBooking, setEditingBooking] = 
useState<EditBookingData | null>(null);
219|    const [isSurveyOpen, setIsSurveyOpen] = 
useState(false);

[33mThe symbol "editingBooking" has already been 
declared[33m
216|    const [pendingWaLink, setPendingWaLink] = 
useState<string | null>(null);
217|    const [isEditing, setIsEditing] = useState(false);
218|    const [editingBooking, setEditingBooking] = 
useState<EditBookingData | null>(null);
   |          ^
219|    const [isSurveyOpen, setIsSurveyOpen] = 
useState(false);
220|    const [confirmWhatsAppOpen, setConfirmWhatsAppOpen] 
= useState(false);

[33mThe symbol "setEditingBooking" has already been 
declared[33m
216|    const [pendingWaLink, setPendingWaLink] = 
useState<string | null>(null);
217|    const [isEditing, setIsEditing] = useState(false);
218|    const [editingBooking, setEditingBooking] = 
useState<EditBookingData | null>(null);
   |          ^
219|    const [isSurveyOpen, setIsSurveyOpen] = 
useState(false);
220|    const [confirmWhatsAppOpen, setConfirmWhatsAppOpen] 
= useState(false);

[33mThe symbol "isSurveyOpen" has already been declared[33m
217|    const [isEditing, setIsEditing] = useState(false);
218|    const [editingBooking, setEditingBooking] = 
useState<EditBookingData | null>(null);
219|    const [isSurveyOpen, setIsSurveyOpen] = 
useState(false);
   |          ^
220|    const [confirmWhatsAppOpen, setConfirmWhatsAppOpen] 
= useState(false);
221|    const [pendingConvId, setPendingConvId] = 
useState<string | null>(null);

[33mThe symbol "setIsSurveyOpen" has already been 
declared[33m
217|    const [isEditing, setIsEditing] = useState(false);
218|    const [editingBooking, setEditingBooking] = 
useState<EditBookingData | null>(null);
219|    const [isSurveyOpen, setIsSurveyOpen] = 
useState(false);
   |          ^
220|    const [confirmWhatsAppOpen, setConfirmWhatsAppOpen] 
= useState(false);
221|    const [pendingConvId, setPendingConvId] = 
useState<string | null>(null);

[33mThe symbol "confirmWhatsAppOpen" has already been 
declared[33m
218|    const [editingBooking, setEditingBooking] = 
useState<EditBookingData | null>(null);
219|    const [isSurveyOpen, setIsSurveyOpen] = 
useState(false);
220|    const [confirmWhatsAppOpen, setConfirmWhatsAppOpen] 
= useState(false);
   |          ^
221|    const [pendingConvId, setPendingConvId] = 
useState<string | null>(null);
222|    const [pendingWaLink, setPendingWaLink] = 
useState<string | null>(null);

[33mThe symbol "setConfirmWhatsAppOpen" has already been 
declared[33m
218|    const [editingBooking, setEditingBooking] = 
useState<EditBookingData | null>(null);
219|    const [isSurveyOpen, setIsSurveyOpen] = 
useState(false);
220|    const [confirmWhatsAppOpen, setConfirmWhatsAppOpen] 
= useState(false);
   |          ^
221|    const [pendingConvId, setPendingConvId] = 
useState<string | null>(null);
222|    const [pendingWaLink, setPendingWaLink] = 
useState<string | null>(null);

[33mThe symbol "pendingConvId" has already been 
declared[33m
219|    const [isSurveyOpen, setIsSurveyOpen] = 
useState(false);
220|    const [confirmWhatsAppOpen, setConfirmWhatsAppOpen] 
= useState(false);
221|    const [pendingConvId, setPendingConvId] = 
useState<string | null>(null);
   |          ^
222|    const [pendingWaLink, setPendingWaLink] = 
useState<string | null>(null);
223|    const [isEditing, setIsEditing] = useState(false);

[33mThe symbol "setPendingConvId" has already been 
declared[33m
219|    const [isSurveyOpen, setIsSurveyOpen] = 
useState(false);
220|    const [confirmWhatsAppOpen, setConfirmWhatsAppOpen] 
= useState(false);
221|    const [pendingConvId, setPendingConvId] = 
useState<string | null>(null);
   |          ^
222|    const [pendingWaLink, setPendingWaLink] = 
useState<string | null>(null);
223|    const [isEditing, setIsEditing] = useState(false);

[33mThe symbol "pendingWaLink" has already been 
declared[33m
220|    const [confirmWhatsAppOpen, setConfirmWhatsAppOpen] 
= useState(false);
221|    const [pendingConvId, setPendingConvId] = 
useState<string | null>(null);
222|    const [pendingWaLink, setPendingWaLink] = 
useState<string | null>(null);
   |          ^
223|    const [isEditing, setIsEditing] = useState(false);
224|    const [editingBooking, setEditingBooking] = 
useState<EditBookingData | null>(null);

[33mThe symbol "setPendingWaLink" has already been 
declared[33m
220|    const [confirmWhatsAppOpen, setConfirmWhatsAppOpen] 
= useState(false);
221|    const [pendingConvId, setPendingConvId] = 
useState<string | null>(null);
222|    const [pendingWaLink, setPendingWaLink] = 
useState<string | null>(null);
   |          ^
223|    const [isEditing, setIsEditing] = useState(false);
224|    const [editingBooking, setEditingBooking] = 
useState<EditBookingData | null>(null);

[33mThe symbol "isEditing" has already been declared[33m
221|    const [pendingConvId, setPendingConvId] = 
useState<string | null>(null);
222|    const [pendingWaLink, setPendingWaLink] = 
useState<string | null>(null);
223|    const [isEditing, setIsEditing] = useState(false);
   |          ^
224|    const [editingBooking, setEditingBooking] = 
useState<EditBookingData | null>(null);
225|    const [isSurveyOpen, setIsSurveyOpen] = 
useState(false);

[33mThe symbol "setIsEditing" has already been declared[33m
221|    const [pendingConvId, setPendingConvId] = 
useState<string | null>(null);
222|    const [pendingWaLink, setPendingWaLink] = 
useState<string | null>(null);
223|    const [isEditing, setIsEditing] = useState(false);
   |          ^
224|    const [editingBooking, setEditingBooking] = 
useState<EditBookingData | null>(null);
225|    const [isSurveyOpen, setIsSurveyOpen] = 
useState(false);

[33mThe symbol "editingBooking" has already been 
declared[33m
222|    const [pendingWaLink, setPendingWaLink] = 
useState<string | null>(null);
223|    const [isEditing, setIsEditing] = useState(false);
224|    const [editingBooking, setEditingBooking] = 
useState<EditBookingData | null>(null);
   |          ^
225|    const [isSurveyOpen, setIsSurveyOpen] = 
useState(false);
226|    const [confirmWhatsAppOpen, setConfirmWhatsAppOpen] 
= useState(false);

[33mThe symbol "setEditingBooking" has already been 
declared[33m
222|    const [pendingWaLink, setPendingWaLink] = 
useState<string | null>(null);
223|    const [isEditing, setIsEditing] = useState(false);
224|    const [editingBooking, setEditingBooking] = 
useState<EditBookingData | null>(null);
   |          ^
225|    const [isSurveyOpen, setIsSurveyOpen] = 
useState(false);
226|    const [confirmWhatsAppOpen, setConfirmWhatsAppOpen] 
= useState(false);

[33mThe symbol "isSurveyOpen" has already been declared[33m
223|    const [isEditing, setIsEditing] = useState(false);
224|    const [editingBooking, setEditingBooking] = 
useState<EditBookingData | null>(null);
225|    const [isSurveyOpen, setIsSurveyOpen] = 
useState(false);
   |          ^
226|    const [confirmWhatsAppOpen, setConfirmWhatsAppOpen] 
= useState(false);
227|    const [pendingConvId, setPendingConvId] = 
useState<string | null>(null);

[33mThe symbol "setIsSurveyOpen" has already been 
declared[33m
223|    const [isEditing, setIsEditing] = useState(false);
224|    const [editingBooking, setEditingBooking] = 
useState<EditBookingData | null>(null);
225|    const [isSurveyOpen, setIsSurveyOpen] = 
useState(false);
   |          ^
226|    const [confirmWhatsAppOpen, setConfirmWhatsAppOpen] 
= useState(false);
227|    const [pendingConvId, setPendingConvId] = 
useState<string | null>(null);

[33mThe symbol "confirmWhatsAppOpen" has already been 
declared[33m
224|    const [editingBooking, setEditingBooking] = 
useState<EditBookingData | null>(null);
225|    const [isSurveyOpen, setIsSurveyOpen] = 
useState(false);
226|    const [confirmWhatsAppOpen, setConfirmWhatsAppOpen] 
= useState(false);
   |          ^
227|    const [pendingConvId, setPendingConvId] = 
useState<string | null>(null);
228|    const [pendingWaLink, setPendingWaLink] = 
useState<string | null>(null);

[33mThe symbol "setConfirmWhatsAppOpen" has already been 
declared[33m
224|    const [editingBooking, setEditingBooking] = 
useState<EditBookingData | null>(null);
225|    const [isSurveyOpen, setIsSurveyOpen] = 
useState(false);
226|    const [confirmWhatsAppOpen, setConfirmWhatsAppOpen] 
= useState(false);
   |          ^
227|    const [pendingConvId, setPendingConvId] = 
useState<string | null>(null);
228|    const [pendingWaLink, setPendingWaLink] = 
useState<string | null>(null);

[33mThe symbol "pendingConvId" has already been 
declared[33m
225|    const [isSurveyOpen, setIsSurveyOpen] = 
useState(false);
226|    const [confirmWhatsAppOpen, setConfirmWhatsAppOpen] 
= useState(false);
227|    const [pendingConvId, setPendingConvId] = 
useState<string | null>(null);
   |          ^
228|    const [pendingWaLink, setPendingWaLink] = 
useState<string | null>(null);
229|    const [isEditing, setIsEditing] = useState(false);

[33mThe symbol "setPendingConvId" has already been 
declared[33m
225|    const [isSurveyOpen, setIsSurveyOpen] = 
useState(false);
226|    const [confirmWhatsAppOpen, setConfirmWhatsAppOpen] 
= useState(false);
227|    const [pendingConvId, setPendingConvId] = 
useState<string | null>(null);
   |          ^
228|    const [pendingWaLink, setPendingWaLink] = 
useState<string | null>(null);
229|    const [isEditing, setIsEditing] = useState(false);

[33mThe symbol "pendingWaLink" has already been 
declared[33m
226|    const [confirmWhatsAppOpen, setConfirmWhatsAppOpen] 
= useState(false);
227|    const [pendingConvId, setPendingConvId] = 
useState<string | null>(null);
228|    const [pendingWaLink, setPendingWaLink] = 
useState<string | null>(null);
   |          ^
229|    const [isEditing, setIsEditing] = useState(false);
230|    const [editingBooking, setEditingBooking] = 
useState<EditBookingData | null>(null);

[33mThe symbol "setPendingWaLink" has already been 
declared[33m
226|    const [confirmWhatsAppOpen, setConfirmWhatsAppOpen] 
= useState(false);
227|    const [pendingConvId, setPendingConvId] = 
useState<string | null>(null);
228|    const [pendingWaLink, setPendingWaLink] = 
useState<string | null>(null);
   |          ^
229|    const [isEditing, setIsEditing] = useState(false);
230|    const [editingBooking, setEditingBooking] = 
useState<EditBookingData | null>(null);

[33mThe symbol "isEditing" has already been declared[33m
227|    const [pendingConvId, setPendingConvId] = 
useState<string | null>(null);
228|    const [pendingWaLink, setPendingWaLink] = 
useState<string | null>(null);
229|    const [isEditing, setIsEditing] = useState(false);
   |          ^
230|    const [editingBooking, setEditingBooking] = 
useState<EditBookingData | null>(null);
231|    const [isSurveyOpen, setIsSurveyOpen] = 
useState(false);

[33mThe symbol "setIsEditing" has already been declared[33m
227|    const [pendingConvId, setPendingConvId] = 
useState<string | null>(null);
228|    const [pendingWaLink, setPendingWaLink] = 
useState<string | null>(null);
229|    const [isEditing, setIsEditing] = useState(false);
   |          ^
230|    const [editingBooking, setEditingBooking] = 
useState<EditBookingData | null>(null);
231|    const [isSurveyOpen, setIsSurveyOpen] = 
useState(false);

[33mThe symbol "editingBooking" has already been 
declared[33m
228|    const [pendingWaLink, setPendingWaLink] = 
useState<string | null>(null);
229|    const [isEditing, setIsEditing] = useState(false);
230|    const [editingBooking, setEditingBooking] = 
useState<EditBookingData | null>(null);
   |          ^
231|    const [isSurveyOpen, setIsSurveyOpen] = 
useState(false);
232|    const [confirmWhatsAppOpen, setConfirmWhatsAppOpen] 
= useState(false);

[33mThe symbol "setEditingBooking" has already been 
declared[33m
228|    const [pendingWaLink, setPendingWaLink] = 
useState<string | null>(null);
229|    const [isEditing, setIsEditing] = useState(false);
230|    const [editingBooking, setEditingBooking] = 
useState<EditBookingData | null>(null);
   |          ^
231|    const [isSurveyOpen, setIsSurveyOpen] = 
useState(false);
232|    const [confirmWhatsAppOpen, setConfirmWhatsAppOpen] 
= useState(false);

[33mThe symbol "isSurveyOpen" has already been declared[33m
229|    const [isEditing, setIsEditing] = useState(false);
230|    const [editingBooking, setEditingBooking] = 
useState<EditBookingData | null>(null);
231|    const [isSurveyOpen, setIsSurveyOpen] = 
useState(false);
   |          ^
232|    const [confirmWhatsAppOpen, setConfirmWhatsAppOpen] 
= useState(false);
233|    const [pendingConvId, setPendingConvId] = 
useState<string | null>(null);

[33mThe symbol "setIsSurveyOpen" has already been 
declared[33m
229|    const [isEditing, setIsEditing] = useState(false);
230|    const [editingBooking, setEditingBooking] = 
useState<EditBookingData | null>(null);
231|    const [isSurveyOpen, setIsSurveyOpen] = 
useState(false);
   |          ^
232|    const [confirmWhatsAppOpen, setConfirmWhatsAppOpen] 
= useState(false);
233|    const [pendingConvId, setPendingConvId] = 
useState<string | null>(null);

[33mThe symbol "confirmWhatsAppOpen" has already been 
declared[33m
230|    const [editingBooking, setEditingBooking] = 
useState<EditBookingData | null>(null);
231|    const [isSurveyOpen, setIsSurveyOpen] = 
useState(false);
232|    const [confirmWhatsAppOpen, setConfirmWhatsAppOpen] 
= useState(false);
   |          ^
233|    const [pendingConvId, setPendingConvId] = 
useState<string | null>(null);
234|    const [pendingWaLink, setPendingWaLink] = 
useState<string | null>(null);

[33mThe symbol "setConfirmWhatsAppOpen" has already been 
declared[33m
230|    const [editingBooking, setEditingBooking] = 
useState<EditBookingData | null>(null);
231|    const [isSurveyOpen, setIsSurveyOpen] = 
useState(false);
232|    const [confirmWhatsAppOpen, setConfirmWhatsAppOpen] 
= useState(false);
   |          ^
233|    const [pendingConvId, setPendingConvId] = 
useState<string | null>(null);
234|    const [pendingWaLink, setPendingWaLink] = 
useState<string | null>(null);

[33mThe symbol "pendingConvId" has already been 
declared[33m
231|    const [isSurveyOpen, setIsSurveyOpen] = 
useState(false);
232|    const [confirmWhatsAppOpen, setConfirmWhatsAppOpen] 
= useState(false);
233|    const [pendingConvId, setPendingConvId] = 
useState<string | null>(null);
   |          ^
234|    const [pendingWaLink, setPendingWaLink] = 
useState<string | null>(null);
235|    const [isEditing, setIsEditing] = useState(false);

[33mThe symbol "setPendingConvId" has already been 
declared[33m
231|    const [isSurveyOpen, setIsSurveyOpen] = 
useState(false);
232|    const [confirmWhatsAppOpen, setConfirmWhatsAppOpen] 
= useState(false);
233|    const [pendingConvId, setPendingConvId] = 
useState<string | null>(null);
   |          ^
234|    const [pendingWaLink, setPendingWaLink] = 
useState<string | null>(null);
235|    const [isEditing, setIsEditing] = useState(false);

[33mThe symbol "pendingWaLink" has already been 
declared[33m
232|    const [confirmWhatsAppOpen, setConfirmWhatsAppOpen] 
= useState(false);
233|    const [pendingConvId, setPendingConvId] = 
useState<string | null>(null);
234|    const [pendingWaLink, setPendingWaLink] = 
useState<string | null>(null);
   |          ^
235|    const [isEditing, setIsEditing] = useState(false);
236|    const [editingBooking, setEditingBooking] = 
useState<EditBookingData | null>(null);

[33mThe symbol "setPendingWaLink" has already been 
declared[33m
232|    const [confirmWhatsAppOpen, setConfirmWhatsAppOpen] 
= useState(false);
233|    const [pendingConvId, setPendingConvId] = 
useState<string | null>(null);
234|    const [pendingWaLink, setPendingWaLink] = 
useState<string | null>(null);
   |          ^
235|    const [isEditing, setIsEditing] = useState(false);
236|    const [editingBooking, setEditingBooking] = 
useState<EditBookingData | null>(null);

[33mThe symbol "isEditing" has already been declared[33m
233|    const [pendingConvId, setPendingConvId] = 
useState<string | null>(null);
234|    const [pendingWaLink, setPendingWaLink] = 
useState<string | null>(null);
235|    const [isEditing, setIsEditing] = useState(false);
   |          ^
236|    const [editingBooking, setEditingBooking] = 
useState<EditBookingData | null>(null);
237|    const [isSurveyOpen, setIsSurveyOpen] = 
useState(false);

[33mThe symbol "setIsEditing" has already been declared[33m
233|    const [pendingConvId, setPendingConvId] = 
useState<string | null>(null);
234|    const [pendingWaLink, setPendingWaLink] = 
useState<string | null>(null);
235|    const [isEditing, setIsEditing] = useState(false);
   |          ^
236|    const [editingBooking, setEditingBooking] = 
useState<EditBookingData | null>(null);
237|    const [isSurveyOpen, setIsSurveyOpen] = 
useState(false);

[33mThe symbol "editingBooking" has already been 
declared[33m
234|    const [pendingWaLink, setPendingWaLink] = 
useState<string | null>(null);
235|    const [isEditing, setIsEditing] = useState(false);
236|    const [editingBooking, setEditingBooking] = 
useState<EditBookingData | null>(null);
   |          ^
237|    const [isSurveyOpen, setIsSurveyOpen] = 
useState(false);
238|    const [confirmWhatsAppOpen, setConfirmWhatsAppOpen] 
= useState(false);

[33mThe symbol "setEditingBooking" has already been 
declared[33m
234|    const [pendingWaLink, setPendingWaLink] = 
useState<string | null>(null);
235|    const [isEditing, setIsEditing] = useState(false);
236|    const [editingBooking, setEditingBooking] = 
useState<EditBookingData | null>(null);
   |          ^
237|    const [isSurveyOpen, setIsSurveyOpen] = 
useState(false);
238|    const [confirmWhatsAppOpen, setConfirmWhatsAppOpen] 
= useState(false);

[33mThe symbol "isSurveyOpen" has already been declared[33m
235|    const [isEditing, setIsEditing] = useState(false);
236|    const [editingBooking, setEditingBooking] = 
useState<EditBookingData | null>(null);
237|    const [isSurveyOpen, setIsSurveyOpen] = 
useState(false);
   |          ^
238|    const [confirmWhatsAppOpen, setConfirmWhatsAppOpen] 
= useState(false);
239|    const [pendingConvId, setPendingConvId] = 
useState<string | null>(null);

[33mThe symbol "setIsSurveyOpen" has already been 
declared[33m
235|    const [isEditing, setIsEditing] = useState(false);
236|    const [editingBooking, setEditingBooking] = 
useState<EditBookingData | null>(null);
237|    const [isSurveyOpen, setIsSurveyOpen] = 
useState(false);
   |          ^
238|    const [confirmWhatsAppOpen, setConfirmWhatsAppOpen] 
= useState(false);
239|    const [pendingConvId, setPendingConvId] = 
useState<string | null>(null);

[33mThe symbol "confirmWhatsAppOpen" has already been 
declared[33m
236|    const [editingBooking, setEditingBooking] = 
useState<EditBookingData | null>(null);
237|    const [isSurveyOpen, setIsSurveyOpen] = 
useState(false);
238|    const [confirmWhatsAppOpen, setConfirmWhatsAppOpen] 
= useState(false);
   |          ^
239|    const [pendingConvId, setPendingConvId] = 
useState<string | null>(null);
240|    const [pendingWaLink, setPendingWaLink] = 
useState<string | null>(null);

[33mThe symbol "setConfirmWhatsAppOpen" has already been 
declared[33m
236|    const [editingBooking, setEditingBooking] = 
useState<EditBookingData | null>(null);
237|    const [isSurveyOpen, setIsSurveyOpen] = 
useState(false);
238|    const [confirmWhatsAppOpen, setConfirmWhatsAppOpen] 
= useState(false);
   |          ^
239|    const [pendingConvId, setPendingConvId] = 
useState<string | null>(null);
240|    const [pendingWaLink, setPendingWaLink] = 
useState<string | null>(null);

[33mThe symbol "pendingConvId" has already been 
declared[33m
237|    const [isSurveyOpen, setIsSurveyOpen] = 
useState(false);
238|    const [confirmWhatsAppOpen, setConfirmWhatsAppOpen] 
= useState(false);
239|    const [pendingConvId, setPendingConvId] = 
useState<string | null>(null);
   |          ^
240|    const [pendingWaLink, setPendingWaLink] = 
useState<string | null>(null);
241|    const [isEditing, setIsEditing] = useState(false);

[33mThe symbol "setPendingConvId" has already been 
declared[33m
237|    const [isSurveyOpen, setIsSurveyOpen] = 
useState(false);
238|    const [confirmWhatsAppOpen, setConfirmWhatsAppOpen] 
= useState(false);
239|    const [pendingConvId, setPendingConvId] = 
useState<string | null>(null);
   |          ^
240|    const [pendingWaLink, setPendingWaLink] = 
useState<string | null>(null);
241|    const [isEditing, setIsEditing] = useState(false);

[33mThe symbol "pendingWaLink" has already been 
declared[33m
238|    const [confirmWhatsAppOpen, setConfirmWhatsAppOpen] 
= useState(false);
239|    const [pendingConvId, setPendingConvId] = 
useState<string | null>(null);
240|    const [pendingWaLink, setPendingWaLink] = 
useState<string | null>(null);
   |          ^
241|    const [isEditing, setIsEditing] = useState(false);
242|    const [editingBooking, setEditingBooking] = 
useState<EditBookingData | null>(null);

[33mThe symbol "setPendingWaLink" has already been 
declared[33m
238|    const [confirmWhatsAppOpen, setConfirmWhatsAppOpen] 
= useState(false);
239|    const [pendingConvId, setPendingConvId] = 
useState<string | null>(null);
240|    const [pendingWaLink, setPendingWaLink] = 
useState<string | null>(null);
   |          ^
241|    const [isEditing, setIsEditing] = useState(false);
242|    const [editingBooking, setEditingBooking] = 
useState<EditBookingData | null>(null);

[33mThe symbol "isEditing" has already been declared[33m
239|    const [pendingConvId, setPendingConvId] = 
useState<string | null>(null);
240|    const [pendingWaLink, setPendingWaLink] = 
useState<string | null>(null);
241|    const [isEditing, setIsEditing] = useState(false);
   |          ^
242|    const [editingBooking, setEditingBooking] = 
useState<EditBookingData | null>(null);
243|    const [isSurveyOpen, setIsSurveyOpen] = 
useState(false);

[33mThe symbol "setIsEditing" has already been declared[33m
239|    const [pendingConvId, setPendingConvId] = 
useState<string | null>(null);
240|    const [pendingWaLink, setPendingWaLink] = 
useState<string | null>(null);
241|    const [isEditing, setIsEditing] = useState(false);
   |          ^
242|    const [editingBooking, setEditingBooking] = 
useState<EditBookingData | null>(null);
243|    const [isSurveyOpen, setIsSurveyOpen] = 
useState(false);

[33mThe symbol "editingBooking" has already been 
declared[33m
240|    const [pendingWaLink, setPendingWaLink] = 
useState<string | null>(null);
241|    const [isEditing, setIsEditing] = useState(false);
242|    const [editingBooking, setEditingBooking] = 
useState<EditBookingData | null>(null);
   |          ^
243|    const [isSurveyOpen, setIsSurveyOpen] = 
useState(false);
244|    const [confirmWhatsAppOpen, setConfirmWhatsAppOpen] 
= useState(false);

[33mThe symbol "setEditingBooking" has already been 
declared[33m
240|    const [pendingWaLink, setPendingWaLink] = 
useState<string | null>(null);
241|    const [isEditing, setIsEditing] = useState(false);
242|    const [editingBooking, setEditingBooking] = 
useState<EditBookingData | null>(null);
   |          ^
243|    const [isSurveyOpen, setIsSurveyOpen] = 
useState(false);
244|    const [confirmWhatsAppOpen, setConfirmWhatsAppOpen] 
= useState(false);

[33mThe symbol "isSurveyOpen" has already been declared[33m
241|    const [isEditing, setIsEditing] = useState(false);
242|    const [editingBooking, setEditingBooking] = 
useState<EditBookingData | null>(null);
243|    const [isSurveyOpen, setIsSurveyOpen] = 
useState(false);
   |          ^
244|    const [confirmWhatsAppOpen, setConfirmWhatsAppOpen] 
= useState(false);
245|    const [pendingConvId, setPendingConvId] = 
useState<string | null>(null);

[33mThe symbol "setIsSurveyOpen" has already been 
declared[33m
241|    const [isEditing, setIsEditing] = useState(false);
242|    const [editingBooking, setEditingBooking] = 
useState<EditBookingData | null>(null);
243|    const [isSurveyOpen, setIsSurveyOpen] = 
useState(false);
   |          ^
244|    const [confirmWhatsAppOpen, setConfirmWhatsAppOpen] 
= useState(false);
245|    const [pendingConvId, setPendingConvId] = 
useState<string | null>(null);

[33mThe symbol "confirmWhatsAppOpen" has already been 
declared[33m
242|    const [editingBooking, setEditingBooking] = 
useState<EditBookingData | null>(null);
243|    const [isSurveyOpen, setIsSurveyOpen] = 
useState(false);
244|    const [confirmWhatsAppOpen, setConfirmWhatsAppOpen] 
= useState(false);
   |          ^
245|    const [pendingConvId, setPendingConvId] = 
useState<string | null>(null);
246|    const [pendingWaLink, setPendingWaLink] = 
useState<string | null>(null);

[33mThe symbol "setConfirmWhatsAppOpen" has already been 
declared[33m
242|    const [editingBooking, setEditingBooking] = 
useState<EditBookingData | null>(null);
243|    const [isSurveyOpen, setIsSurveyOpen] = 
useState(false);
244|    const [confirmWhatsAppOpen, setConfirmWhatsAppOpen] 
= useState(false);
   |          ^
245|    const [pendingConvId, setPendingConvId] = 
useState<string | null>(null);
246|    const [pendingWaLink, setPendingWaLink] = 
useState<string | null>(null);

[33mThe symbol "pendingConvId" has already been 
declared[33m
243|    const [isSurveyOpen, setIsSurveyOpen] = 
useState(false);
244|    const [confirmWhatsAppOpen, setConfirmWhatsAppOpen] 
= useState(false);
245|    const [pendingConvId, setPendingConvId] = 
useState<string | null>(null);
   |          ^
246|    const [pendingWaLink, setPendingWaLink] = 
useState<string | null>(null);
247|    const [isEditing, setIsEditing] = useState(false);

[33mThe symbol "setPendingConvId" has already been 
declared[33m
243|    const [isSurveyOpen, setIsSurveyOpen] = 
useState(false);
244|    const [confirmWhatsAppOpen, setConfirmWhatsAppOpen] 
= useState(false);
245|    const [pendingConvId, setPendingConvId] = 
useState<string | null>(null);
   |          ^
246|    const [pendingWaLink, setPendingWaLink] = 
useState<string | null>(null);
247|    const [isEditing, setIsEditing] = useState(false);

[33mThe symbol "pendingWaLink" has already been 
declared[33m
244|    const [confirmWhatsAppOpen, setConfirmWhatsAppOpen] 
= useState(false);
245|    const [pendingConvId, setPendingConvId] = 
useState<string | null>(null);
246|    const [pendingWaLink, setPendingWaLink] = 
useState<string | null>(null);
   |          ^
247|    const [isEditing, setIsEditing] = useState(false);
248|    const [editingBooking, setEditingBooking] = 
useState<EditBookingData | null>(null);

[33mThe symbol "setPendingWaLink" has already been 
declared[33m
244|    const [confirmWhatsAppOpen, setConfirmWhatsAppOpen] 
= useState(false);
245|    const [pendingConvId, setPendingConvId] = 
useState<string | null>(null);
246|    const [pendingWaLink, setPendingWaLink] = 
useState<string | null>(null);
   |          ^
247|    const [isEditing, setIsEditing] = useState(false);
248|    const [editingBooking, setEditingBooking] = 
useState<EditBookingData | null>(null);

[33mThe symbol "isEditing" has already been declared[33m
245|    const [pendingConvId, setPendingConvId] = 
useState<string | null>(null);
246|    const [pendingWaLink, setPendingWaLink] = 
useState<string | null>(null);
247|    const [isEditing, setIsEditing] = useState(false);
   |          ^
248|    const [editingBooking, setEditingBooking] = 
useState<EditBookingData | null>(null);
249|    const [isSurveyOpen, setIsSurveyOpen] = 
useState(false);

[33mThe symbol "setIsEditing" has already been declared[33m
245|    const [pendingConvId, setPendingConvId] = 
useState<string | null>(null);
246|    const [pendingWaLink, setPendingWaLink] = 
useState<string | null>(null);
247|    const [isEditing, setIsEditing] = useState(false);
   |          ^
248|    const [editingBooking, setEditingBooking] = 
useState<EditBookingData | null>(null);
249|    const [isSurveyOpen, setIsSurveyOpen] = 
useState(false);

[33mThe symbol "editingBooking" has already been 
declared[33m
246|    const [pendingWaLink, setPendingWaLink] = 
useState<string | null>(null);
247|    const [isEditing, setIsEditing] = useState(false);
248|    const [editingBooking, setEditingBooking] = 
useState<EditBookingData | null>(null);
   |          ^
249|    const [isSurveyOpen, setIsSurveyOpen] = 
useState(false);
250|    const [confirmWhatsAppOpen, setConfirmWhatsAppOpen] 
= useState(false);

[33mThe symbol "setEditingBooking" has already been 
declared[33m
246|    const [pendingWaLink, setPendingWaLink] = 
useState<string | null>(null);
247|    const [isEditing, setIsEditing] = useState(false);
248|    const [editingBooking, setEditingBooking] = 
useState<EditBookingData | null>(null);
   |          ^
249|    const [isSurveyOpen, setIsSurveyOpen] = 
useState(false);
250|    const [confirmWhatsAppOpen, setConfirmWhatsAppOpen] 
= useState(false);

[33mThe symbol "isSurveyOpen" has already been declared[33m
247|    const [isEditing, setIsEditing] = useState(false);
248|    const [editingBooking, setEditingBooking] = 
useState<EditBookingData | null>(null);
249|    const [isSurveyOpen, setIsSurveyOpen] = 
useState(false);
   |          ^
250|    const [confirmWhatsAppOpen, setConfirmWhatsAppOpen] 
= useState(false);
251|    const [pendingConvId, setPendingConvId] = 
useState<string | null>(null);

[33mThe symbol "setIsSurveyOpen" has already been 
declared[33m
247|    const [isEditing, setIsEditing] = useState(false);
248|    const [editingBooking, setEditingBooking] = 
useState<EditBookingData | null>(null);
249|    const [isSurveyOpen, setIsSurveyOpen] = 
useState(false);
   |          ^
250|    const [confirmWhatsAppOpen, setConfirmWhatsAppOpen] 
= useState(false);
251|    const [pendingConvId, setPendingConvId] = 
useState<string | null>(null);

[33mThe symbol "confirmWhatsAppOpen" has already been 
declared[33m
248|    const [editingBooking, setEditingBooking] = 
useState<EditBookingData | null>(null);
249|    const [isSurveyOpen, setIsSurveyOpen] = 
useState(false);
250|    const [confirmWhatsAppOpen, setConfirmWhatsAppOpen] 
= useState(false);
   |          ^
251|    const [pendingConvId, setPendingConvId] = 
useState<string | null>(null);
252|    const [pendingWaLink, setPendingWaLink] = 
useState<string | null>(null);

[33mThe symbol "setConfirmWhatsAppOpen" has already been 
declared[33m
248|    const [editingBooking, setEditingBooking] = 
useState<EditBookingData | null>(null);
249|    const [isSurveyOpen, setIsSurveyOpen] = 
useState(false);
250|    const [confirmWhatsAppOpen, setConfirmWhatsAppOpen] 
= useState(false);
   |          ^
251|    const [pendingConvId, setPendingConvId] = 
useState<string | null>(null);
252|    const [pendingWaLink, setPendingWaLink] = 
useState<string | null>(null);

[33mThe symbol "pendingConvId" has already been 
declared[33m
249|    const [isSurveyOpen, setIsSurveyOpen] = 
useState(false);
250|    const [confirmWhatsAppOpen, setConfirmWhatsAppOpen] 
= useState(false);
251|    const [pendingConvId, setPendingConvId] = 
useState<string | null>(null);
   |          ^
252|    const [pendingWaLink, setPendingWaLink] = 
useState<string | null>(null);
253|    const [isEditing, setIsEditing] = useState(false);

[33mThe symbol "setPendingConvId" has already been 
declared[33m
249|    const [isSurveyOpen, setIsSurveyOpen] = 
useState(false);
250|    const [confirmWhatsAppOpen, setConfirmWhatsAppOpen] 
= useState(false);
251|    const [pendingConvId, setPendingConvId] = 
useState<string | null>(null);
   |          ^
252|    const [pendingWaLink, setPendingWaLink] = 
useState<string | null>(null);
253|    const [isEditing, setIsEditing] = useState(false);

[33mThe symbol "pendingWaLink" has already been 
declared[33m
250|    const [confirmWhatsAppOpen, setConfirmWhatsAppOpen] 
= useState(false);
251|    const [pendingConvId, setPendingConvId] = 
useState<string | null>(null);
252|    const [pendingWaLink, setPendingWaLink] = 
useState<string | null>(null);
   |          ^
253|    const [isEditing, setIsEditing] = useState(false);
254|    const [editingBooking, setEditingBooking] = 
useState<EditBookingData | null>(null);

[33mThe symbol "setPendingWaLink" has already been 
declared[33m
250|    const [confirmWhatsAppOpen, setConfirmWhatsAppOpen] 
= useState(false);
251|    const [pendingConvId, setPendingConvId] = 
useState<string | null>(null);
252|    const [pendingWaLink, setPendingWaLink] = 
useState<string | null>(null);
   |          ^
253|    const [isEditing, setIsEditing] = useState(false);
254|    const [editingBooking, setEditingBooking] = 
useState<EditBookingData | null>(null);

[33mThe symbol "isEditing" has already been declared[33m
251|    const [pendingConvId, setPendingConvId] = 
useState<string | null>(null);
252|    const [pendingWaLink, setPendingWaLink] = 
useState<string | null>(null);
253|    const [isEditing, setIsEditing] = useState(false);
   |          ^
254|    const [editingBooking, setEditingBooking] = 
useState<EditBookingData | null>(null);
255|    const [isSurveyOpen, setIsSurveyOpen] = 
useState(false);

[33mThe symbol "setIsEditing" has already been declared[33m
251|    const [pendingConvId, setPendingConvId] = 
useState<string | null>(null);
252|    const [pendingWaLink, setPendingWaLink] = 
useState<string | null>(null);
253|    const [isEditing, setIsEditing] = useState(false);
   |          ^
254|    const [editingBooking, setEditingBooking] = 
useState<EditBookingData | null>(null);
255|    const [isSurveyOpen, setIsSurveyOpen] = 
useState(false);

[33mThe symbol "editingBooking" has already been 
declared[33m
252|    const [pendingWaLink, setPendingWaLink] = 
useState<string | null>(null);
253|    const [isEditing, setIsEditing] = useState(false);
254|    const [editingBooking, setEditingBooking] = 
useState<EditBookingData | null>(null);
   |          ^
255|    const [isSurveyOpen, setIsSurveyOpen] = 
useState(false);
256|    const [confirmWhatsAppOpen, setConfirmWhatsAppOpen] 
= useState(false);

[33mThe symbol "setEditingBooking" has already been 
declared[33m
252|    const [pendingWaLink, setPendingWaLink] = 
useState<string | null>(null);
253|    const [isEditing, setIsEditing] = useState(false);
254|    const [editingBooking, setEditingBooking] = 
useState<EditBookingData | null>(null);
   |          ^
255|    const [isSurveyOpen, setIsSurveyOpen] = 
useState(false);
256|    const [confirmWhatsAppOpen, setConfirmWhatsAppOpen] 
= useState(false);

[33mThe symbol "isSurveyOpen" has already been declared[33m
253|    const [isEditing, setIsEditing] = useState(false);
254|    const [editingBooking, setEditingBooking] = 
useState<EditBookingData | null>(null);
255|    const [isSurveyOpen, setIsSurveyOpen] = 
useState(false);
   |          ^
256|    const [confirmWhatsAppOpen, setConfirmWhatsAppOpen] 
= useState(false);
257|    const [pendingConvId, setPendingConvId] = 
useState<string | null>(null);

[33mThe symbol "setIsSurveyOpen" has already been 
declared[33m
253|    const [isEditing, setIsEditing] = useState(false);
254|    const [editingBooking, setEditingBooking] = 
useState<EditBookingData | null>(null);
255|    const [isSurveyOpen, setIsSurveyOpen] = 
useState(false);
   |          ^
256|    const [confirmWhatsAppOpen, setConfirmWhatsAppOpen] 
= useState(false);
257|    const [pendingConvId, setPendingConvId] = 
useState<string | null>(null);

[33mThe symbol "confirmWhatsAppOpen" has already been 
declared[33m
254|    const [editingBooking, setEditingBooking] = 
useState<EditBookingData | null>(null);
255|    const [isSurveyOpen, setIsSurveyOpen] = 
useState(false);
256|    const [confirmWhatsAppOpen, setConfirmWhatsAppOpen] 
= useState(false);
   |          ^
257|    const [pendingConvId, setPendingConvId] = 
useState<string | null>(null);
258|    const [pendingWaLink, setPendingWaLink] = 
useState<string | null>(null);

[33mThe symbol "setConfirmWhatsAppOpen" has already been 
declared[33m
254|    const [editingBooking, setEditingBooking] = 
useState<EditBookingData | null>(null);
255|    const [isSurveyOpen, setIsSurveyOpen] = 
useState(false);
256|    const [confirmWhatsAppOpen, setConfirmWhatsAppOpen] 
= useState(false);
   |          ^
257|    const [pendingConvId, setPendingConvId] = 
useState<string | null>(null);
258|    const [pendingWaLink, setPendingWaLink] = 
useState<string | null>(null);

[33mThe symbol "pendingConvId" has already been 
declared[33m
255|    const [isSurveyOpen, setIsSurveyOpen] = 
useState(false);
256|    const [confirmWhatsAppOpen, setConfirmWhatsAppOpen] 
= useState(false);
257|    const [pendingConvId, setPendingConvId] = 
useState<string | null>(null);
   |          ^
258|    const [pendingWaLink, setPendingWaLink] = 
useState<string | null>(null);
259|    const [isEditing, setIsEditing] = useState(false);

[33mThe symbol "setPendingConvId" has already been 
declared[33m
255|    const [isSurveyOpen, setIsSurveyOpen] = 
useState(false);
256|    const [confirmWhatsAppOpen, setConfirmWhatsAppOpen] 
= useState(false);
257|    const [pendingConvId, setPendingConvId] = 
useState<string | null>(null);
   |          ^
258|    const [pendingWaLink, setPendingWaLink] = 
useState<string | null>(null);
259|    const [isEditing, setIsEditing] = useState(false);

[33mThe symbol "pendingWaLink" has already been 
declared[33m
256|    const [confirmWhatsAppOpen, setConfirmWhatsAppOpen] 
= useState(false);
257|    const [pendingConvId, setPendingConvId] = 
useState<string | null>(null);
258|    const [pendingWaLink, setPendingWaLink] = 
useState<string | null>(null);
   |          ^
259|    const [isEditing, setIsEditing] = useState(false);
260|    const [editingBooking, setEditingBooking] = 
useState<EditBookingData | null>(null);

[33mThe symbol "setPendingWaLink" has already been 
declared[33m
256|    const [confirmWhatsAppOpen, setConfirmWhatsAppOpen] 
= useState(false);
257|    const [pendingConvId, setPendingConvId] = 
useState<string | null>(null);
258|    const [pendingWaLink, setPendingWaLink] = 
useState<string | null>(null);
   |          ^
259|    const [isEditing, setIsEditing] = useState(false);
260|    const [editingBooking, setEditingBooking] = 
useState<EditBookingData | null>(null);

[33mThe symbol "isEditing" has already been declared[33m
257|    const [pendingConvId, setPendingConvId] = 
useState<string | null>(null);
258|    const [pendingWaLink, setPendingWaLink] = 
useState<string | null>(null);
259|    const [isEditing, setIsEditing] = useState(false);
   |          ^
260|    const [editingBooking, setEditingBooking] = 
useState<EditBookingData | null>(null);
261|    const [isSurveyOpen, setIsSurveyOpen] = 
useState(false);

[33mThe symbol "setIsEditing" has already been declared[33m
257|    const [pendingConvId, setPendingConvId] = 
useState<string | null>(null);
258|    const [pendingWaLink, setPendingWaLink] = 
useState<string | null>(null);
259|    const [isEditing, setIsEditing] = useState(false);
   |          ^
260|    const [editingBooking, setEditingBooking] = 
useState<EditBookingData | null>(null);
261|    const [isSurveyOpen, setIsSurveyOpen] = 
useState(false);

[33mThe symbol "editingBooking" has already been 
declared[33m
258|    const [pendingWaLink, setPendingWaLink] = 
useState<string | null>(null);
259|    const [isEditing, setIsEditing] = useState(false);
260|    const [editingBooking, setEditingBooking] = 
useState<EditBookingData | null>(null);
   |          ^
261|    const [isSurveyOpen, setIsSurveyOpen] = 
useState(false);
262|    const [confirmWhatsAppOpen, setConfirmWhatsAppOpen] 
= useState(false);

[33mThe symbol "setEditingBooking" has already been 
declared[33m
258|    const [pendingWaLink, setPendingWaLink] = 
useState<string | null>(null);
259|    const [isEditing, setIsEditing] = useState(false);
260|    const [editingBooking, setEditingBooking] = 
useState<EditBookingData | null>(null);
   |          ^
261|    const [isSurveyOpen, setIsSurveyOpen] = 
useState(false);
262|    const [confirmWhatsAppOpen, setConfirmWhatsAppOpen] 
= useState(false);

[33mThe symbol "isSurveyOpen" has already been declared[33m
259|    const [isEditing, setIsEditing] = useState(false);
260|    const [editingBooking, setEditingBooking] = 
useState<EditBookingData | null>(null);
261|    const [isSurveyOpen, setIsSurveyOpen] = 
useState(false);
   |          ^
262|    const [confirmWhatsAppOpen, setConfirmWhatsAppOpen] 
= useState(false);
263|    const [pendingConvId, setPendingConvId] = 
useState<string | null>(null);

[33mThe symbol "setIsSurveyOpen" has already been 
declared[33m
259|    const [isEditing, setIsEditing] = useState(false);
260|    const [editingBooking, setEditingBooking] = 
useState<EditBookingData | null>(null);
261|    const [isSurveyOpen, setIsSurveyOpen] = 
useState(false);
   |          ^
262|    const [confirmWhatsAppOpen, setConfirmWhatsAppOpen] 
= useState(false);
263|    const [pendingConvId, setPendingConvId] = 
useState<string | null>(null);

[33mThe symbol "confirmWhatsAppOpen" has already been 
declared[33m
260|    const [editingBooking, setEditingBooking] = 
useState<EditBookingData | null>(null);
261|    const [isSurveyOpen, setIsSurveyOpen] = 
useState(false);
262|    const [confirmWhatsAppOpen, setConfirmWhatsAppOpen] 
= useState(false);
   |          ^
263|    const [pendingConvId, setPendingConvId] = 
useState<string | null>(null);
264|    const [pendingWaLink, setPendingWaLink] = 
useState<string | null>(null);

[33mThe symbol "setConfirmWhatsAppOpen" has already been 
declared[33m
260|    const [editingBooking, setEditingBooking] = 
useState<EditBookingData | null>(null);
261|    const [isSurveyOpen, setIsSurveyOpen] = 
useState(false);
262|    const [confirmWhatsAppOpen, setConfirmWhatsAppOpen] 
= useState(false);
   |          ^
263|    const [pendingConvId, setPendingConvId] = 
useState<string | null>(null);
264|    const [pendingWaLink, setPendingWaLink] = 
useState<string | null>(null);

[33mThe symbol "pendingConvId" has already been 
declared[33m
261|    const [isSurveyOpen, setIsSurveyOpen] = 
useState(false);
262|    const [confirmWhatsAppOpen, setConfirmWhatsAppOpen] 
= useState(false);
263|    const [pendingConvId, setPendingConvId] = 
useState<string | null>(null);
   |          ^
264|    const [pendingWaLink, setPendingWaLink] = 
useState<string | null>(null);
265|    const [isEditing, setIsEditing] = useState(false);

[33mThe symbol "setPendingConvId" has already been 
declared[33m
261|    const [isSurveyOpen, setIsSurveyOpen] = 
useState(false);
262|    const [confirmWhatsAppOpen, setConfirmWhatsAppOpen] 
= useState(false);
263|    const [pendingConvId, setPendingConvId] = 
useState<string | null>(null);
   |          ^
264|    const [pendingWaLink, setPendingWaLink] = 
useState<string | null>(null);
265|    const [isEditing, setIsEditing] = useState(false);

[33mThe symbol "pendingWaLink" has already been 
declared[33m
262|    const [confirmWhatsAppOpen, setConfirmWhatsAppOpen] 
= useState(false);
263|    const [pendingConvId, setPendingConvId] = 
useState<string | null>(null);
264|    const [pendingWaLink, setPendingWaLink] = 
useState<string | null>(null);
   |          ^
265|    const [isEditing, setIsEditing] = useState(false);
266|    const [editingBooking, setEditingBooking] = 
useState<EditBookingData | null>(null);

[33mThe symbol "setPendingWaLink" has already been 
declared[33m
262|    const [confirmWhatsAppOpen, setConfirmWhatsAppOpen] 
= useState(false);
263|    const [pendingConvId, setPendingConvId] = 
useState<string | null>(null);
264|    const [pendingWaLink, setPendingWaLink] = 
useState<string | null>(null);
   |          ^
265|    const [isEditing, setIsEditing] = useState(false);
266|    const [editingBooking, setEditingBooking] = 
useState<EditBookingData | null>(null);

[33mThe symbol "isEditing" has already been declared[33m
263|    const [pendingConvId, setPendingConvId] = 
useState<string | null>(null);
264|    const [pendingWaLink, setPendingWaLink] = 
useState<string | null>(null);
265|    const [isEditing, setIsEditing] = useState(false);
   |          ^
266|    const [editingBooking, setEditingBooking] = 
useState<EditBookingData | null>(null);
267|    const [isSurveyOpen, setIsSurveyOpen] = 
useState(false);

[33mThe symbol "setIsEditing" has already been declared[33m
263|    const [pendingConvId, setPendingConvId] = 
useState<string | null>(null);
264|    const [pendingWaLink, setPendingWaLink] = 
useState<string | null>(null);
265|    const [isEditing, setIsEditing] = useState(false);
   |          ^
266|    const [editingBooking, setEditingBooking] = 
useState<EditBookingData | null>(null);
267|    const [isSurveyOpen, setIsSurveyOpen] = 
useState(false);

[33mThe symbol "editingBooking" has already been 
declared[33m
264|    const [pendingWaLink, setPendingWaLink] = 
useState<string | null>(null);
265|    const [isEditing, setIsEditing] = useState(false);
266|    const [editingBooking, setEditingBooking] = 
useState<EditBookingData | null>(null);
   |          ^
267|    const [isSurveyOpen, setIsSurveyOpen] = 
useState(false);
268|    const [confirmWhatsAppOpen, setConfirmWhatsAppOpen] 
= useState(false);

[33mThe symbol "setEditingBooking" has already been 
declared[33m
264|    const [pendingWaLink, setPendingWaLink] = 
useState<string | null>(null);
265|    const [isEditing, setIsEditing] = useState(false);
266|    const [editingBooking, setEditingBooking] = 
useState<EditBookingData | null>(null);
   |          ^
267|    const [isSurveyOpen, setIsSurveyOpen] = 
useState(false);
268|    const [confirmWhatsAppOpen, setConfirmWhatsAppOpen] 
= useState(false);

[33mThe symbol "isSurveyOpen" has already been declared[33m
265|    const [isEditing, setIsEditing] = useState(false);
266|    const [editingBooking, setEditingBooking] = 
useState<EditBookingData | null>(null);
267|    const [isSurveyOpen, setIsSurveyOpen] = 
useState(false);
   |          ^
268|    const [confirmWhatsAppOpen, setConfirmWhatsAppOpen] 
= useState(false);
269|    const [pendingConvId, setPendingConvId] = 
useState<string | null>(null);

[33mThe symbol "setIsSurveyOpen" has already been 
declared[33m
265|    const [isEditing, setIsEditing] = useState(false);
266|    const [editingBooking, setEditingBooking] = 
useState<EditBookingData | null>(null);
267|    const [isSurveyOpen, setIsSurveyOpen] = 
useState(false);
   |          ^
268|    const [confirmWhatsAppOpen, setConfirmWhatsAppOpen] 
= useState(false);
269|    const [pendingConvId, setPendingConvId] = 
useState<string | null>(null);

[33mThe symbol "confirmWhatsAppOpen" has already been 
declared[33m
266|    const [editingBooking, setEditingBooking] = 
useState<EditBookingData | null>(null);
267|    const [isSurveyOpen, setIsSurveyOpen] = 
useState(false);
268|    const [confirmWhatsAppOpen, setConfirmWhatsAppOpen] 
= useState(false);
   |          ^
269|    const [pendingConvId, setPendingConvId] = 
useState<string | null>(null);
270|    const [pendingWaLink, setPendingWaLink] = 
useState<string | null>(null);

[33mThe symbol "setConfirmWhatsAppOpen" has already been 
declared[33m
266|    const [editingBooking, setEditingBooking] = 
useState<EditBookingData | null>(null);
267|    const [isSurveyOpen, setIsSurveyOpen] = 
useState(false);
268|    const [confirmWhatsAppOpen, setConfirmWhatsAppOpen] 
= useState(false);
   |          ^
269|    const [pendingConvId, setPendingConvId] = 
useState<string | null>(null);
270|    const [pendingWaLink, setPendingWaLink] = 
useState<string | null>(null);

[33mThe symbol "pendingConvId" has already been 
declared[33m
267|    const [isSurveyOpen, setIsSurveyOpen] = 
useState(false);
268|    const [confirmWhatsAppOpen, setConfirmWhatsAppOpen] 
= useState(false);
269|    const [pendingConvId, setPendingConvId] = 
useState<string | null>(null);
   |          ^
270|    const [pendingWaLink, setPendingWaLink] = 
useState<string | null>(null);
271|    const [isEditing, setIsEditing] = useState(false);

[33mThe symbol "setPendingConvId" has already been 
declared[33m
267|    const [isSurveyOpen, setIsSurveyOpen] = 
useState(false);
268|    const [confirmWhatsAppOpen, setConfirmWhatsAppOpen] 
= useState(false);
269|    const [pendingConvId, setPendingConvId] = 
useState<string | null>(null);
   |          ^
270|    const [pendingWaLink, setPendingWaLink] = 
useState<string | null>(null);
271|    const [isEditing, setIsEditing] = useState(false);

[33mThe symbol "pendingWaLink" has already been 
declared[33m
268|    const [confirmWhatsAppOpen, setConfirmWhatsAppOpen] 
= useState(false);
269|    const [pendingConvId, setPendingConvId] = 
useState<string | null>(null);
270|    const [pendingWaLink, setPendingWaLink] = 
useState<string | null>(null);
   |          ^
271|    const [isEditing, setIsEditing] = useState(false);
272|    const [editingBooking, setEditingBooking] = 
useState<EditBookingData | null>(null);

[33mThe symbol "setPendingWaLink" has already been 
declared[33m
268|    const [confirmWhatsAppOpen, setConfirmWhatsAppOpen] 
= useState(false);
269|    const [pendingConvId, setPendingConvId] = 
useState<string | null>(null);
270|    const [pendingWaLink, setPendingWaLink] = 
useState<string | null>(null);
   |          ^
271|    const [isEditing, setIsEditing] = useState(false);
272|    const [editingBooking, setEditingBooking] = 
useState<EditBookingData | null>(null);

[33mThe symbol "isEditing" has already been declared[33m
269|    const [pendingConvId, setPendingConvId] = 
useState<string | null>(null);
270|    const [pendingWaLink, setPendingWaLink] = 
useState<string | null>(null);
271|    const [isEditing, setIsEditing] = useState(false);
   |          ^
272|    const [editingBooking, setEditingBooking] = 
useState<EditBookingData | null>(null);
273|    const [isSurveyOpen, setIsSurveyOpen] = 
useState(false);

[33mThe symbol "setIsEditing" has already been declared[33m
269|    const [pendingConvId, setPendingConvId] = 
useState<string | null>(null);
270|    const [pendingWaLink, setPendingWaLink] = 
useState<string | null>(null);
271|    const [isEditing, setIsEditing] = useState(false);
   |          ^
272|    const [editingBooking, setEditingBooking] = 
useState<EditBookingData | null>(null);
273|    const [isSurveyOpen, setIsSurveyOpen] = 
useState(false);

[33mThe symbol "editingBooking" has already been 
declared[33m
270|    const [pendingWaLink, setPendingWaLink] = 
useState<string | null>(null);
271|    const [isEditing, setIsEditing] = useState(false);
272|    const [editingBooking, setEditingBooking] = 
useState<EditBookingData | null>(null);
   |          ^
273|    const [isSurveyOpen, setIsSurveyOpen] = 
useState(false);
274|    const [confirmWhatsAppOpen, setConfirmWhatsAppOpen] 
= useState(false);

[33mThe symbol "setEditingBooking" has already been 
declared[33m
270|    const [pendingWaLink, setPendingWaLink] = 
useState<string | null>(null);
271|    const [isEditing, setIsEditing] = useState(false);
272|    const [editingBooking, setEditingBooking] = 
useState<EditBookingData | null>(null);
   |          ^
273|    const [isSurveyOpen, setIsSurveyOpen] = 
useState(false);
274|    const [confirmWhatsAppOpen, setConfirmWhatsAppOpen] 
= useState(false);

[33mThe symbol "isSurveyOpen" has already been declared[33m
271|    const [isEditing, setIsEditing] = useState(false);
272|    const [editingBooking, setEditingBooking] = 
useState<EditBookingData | null>(null);
273|    const [isSurveyOpen, setIsSurveyOpen] = 
useState(false);
   |          ^
274|    const [confirmWhatsAppOpen, setConfirmWhatsAppOpen] 
= useState(false);
275|    const [pendingConvId, setPendingConvId] = 
useState<string | null>(null);

[33mThe symbol "setIsSurveyOpen" has already been 
declared[33m
271|    const [isEditing, setIsEditing] = useState(false);
272|    const [editingBooking, setEditingBooking] = 
useState<EditBookingData | null>(null);
273|    const [isSurveyOpen, setIsSurveyOpen] = 
useState(false);
   |          ^
274|    const [confirmWhatsAppOpen, setConfirmWhatsAppOpen] 
= useState(false);
275|    const [pendingConvId, setPendingConvId] = 
useState<string | null>(null);

[33mThe symbol "confirmWhatsAppOpen" has already been 
declared[33m
272|    const [editingBooking, setEditingBooking] = 
useState<EditBookingData | null>(null);
273|    const [isSurveyOpen, setIsSurveyOpen] = 
useState(false);
274|    const [confirmWhatsAppOpen, setConfirmWhatsAppOpen] 
= useState(false);
   |          ^
275|    const [pendingConvId, setPendingConvId] = 
useState<string | null>(null);
276|    const [pendingWaLink, setPendingWaLink] = 
useState<string | null>(null);

[33mThe symbol "setConfirmWhatsAppOpen" has already been 
declared[33m
272|    const [editingBooking, setEditingBooking] = 
useState<EditBookingData | null>(null);
273|    const [isSurveyOpen, setIsSurveyOpen] = 
useState(false);
274|    const [confirmWhatsAppOpen, setConfirmWhatsAppOpen] 
= useState(false);
   |          ^
275|    const [pendingConvId, setPendingConvId] = 
useState<string | null>(null);
276|    const [pendingWaLink, setPendingWaLink] = 
useState<string | null>(null);

[33mThe symbol "pendingConvId" has already been 
declared[33m
273|    const [isSurveyOpen, setIsSurveyOpen] = 
useState(false);
274|    const [confirmWhatsAppOpen, setConfirmWhatsAppOpen] 
= useState(false);
275|    const [pendingConvId, setPendingConvId] = 
useState<string | null>(null);
   |          ^
276|    const [pendingWaLink, setPendingWaLink] = 
useState<string | null>(null);
277|    const [isEditing, setIsEditing] = useState(false);

[33mThe symbol "setPendingConvId" has already been 
declared[33m
273|    const [isSurveyOpen, setIsSurveyOpen] = 
useState(false);
274|    const [confirmWhatsAppOpen, setConfirmWhatsAppOpen] 
= useState(false);
275|    const [pendingConvId, setPendingConvId] = 
useState<string | null>(null);
   |          ^
276|    const [pendingWaLink, setPendingWaLink] = 
useState<string | null>(null);
277|    const [isEditing, setIsEditing] = useState(false);

[33mThe symbol "pendingWaLink" has already been 
declared[33m
274|    const [confirmWhatsAppOpen, setConfirmWhatsAppOpen] 
= useState(false);
275|    const [pendingConvId, setPendingConvId] = 
useState<string | null>(null);
276|    const [pendingWaLink, setPendingWaLink] = 
useState<string | null>(null);
   |          ^
277|    const [isEditing, setIsEditing] = useState(false);
278|    const [editingBooking, setEditingBooking] = 
useState<EditBookingData | null>(null);

[33mThe symbol "setPendingWaLink" has already been 
declared[33m
274|    const [confirmWhatsAppOpen, setConfirmWhatsAppOpen] 
= useState(false);
275|    const [pendingConvId, setPendingConvId] = 
useState<string | null>(null);
276|    const [pendingWaLink, setPendingWaLink] = 
useState<string | null>(null);
   |          ^
277|    const [isEditing, setIsEditing] = useState(false);
278|    const [editingBooking, setEditingBooking] = 
useState<EditBookingData | null>(null);

[33mThe symbol "isEditing" has already been declared[33m
275|    const [pendingConvId, setPendingConvId] = 
useState<string | null>(null);
276|    const [pendingWaLink, setPendingWaLink] = 
useState<string | null>(null);
277|    const [isEditing, setIsEditing] = useState(false);
   |          ^
278|    const [editingBooking, setEditingBooking] = 
useState<EditBookingData | null>(null);
279|    const [isSurveyOpen, setIsSurveyOpen] = 
useState(false);

[33mThe symbol "setIsEditing" has already been declared[33m
275|    const [pendingConvId, setPendingConvId] = 
useState<string | null>(null);
276|    const [pendingWaLink, setPendingWaLink] = 
useState<string | null>(null);
277|    const [isEditing, setIsEditing] = useState(false);
   |          ^
278|    const [editingBooking, setEditingBooking] = 
useState<EditBookingData | null>(null);
279|    const [isSurveyOpen, setIsSurveyOpen] = 
useState(false);

[33mThe symbol "editingBooking" has already been 
declared[33m
276|    const [pendingWaLink, setPendingWaLink] = 
useState<string | null>(null);
277|    const [isEditing, setIsEditing] = useState(false);
278|    const [editingBooking, setEditingBooking] = 
useState<EditBookingData | null>(null);
   |          ^
279|    const [isSurveyOpen, setIsSurveyOpen] = 
useState(false);
280|    const [confirmWhatsAppOpen, setConfirmWhatsAppOpen] 
= useState(false);

[33mThe symbol "setEditingBooking" has already been 
declared[33m
276|    const [pendingWaLink, setPendingWaLink] = 
useState<string | null>(null);
277|    const [isEditing, setIsEditing] = useState(false);
278|    const [editingBooking, setEditingBooking] = 
useState<EditBookingData | null>(null);
   |          ^
279|    const [isSurveyOpen, setIsSurveyOpen] = 
useState(false);
280|    const [confirmWhatsAppOpen, setConfirmWhatsAppOpen] 
= useState(false);

[33mThe symbol "isSurveyOpen" has already been declared[33m
277|    const [isEditing, setIsEditing] = useState(false);
278|    const [editingBooking, setEditingBooking] = 
useState<EditBookingData | null>(null);
279|    const [isSurveyOpen, setIsSurveyOpen] = 
useState(false);
   |          ^
280|    const [confirmWhatsAppOpen, setConfirmWhatsAppOpen] 
= useState(false);
281|    const [pendingConvId, setPendingConvId] = 
useState<string | null>(null);

[33mThe symbol "setIsSurveyOpen" has already been 
declared[33m
277|    const [isEditing, setIsEditing] = useState(false);
278|    const [editingBooking, setEditingBooking] = 
useState<EditBookingData | null>(null);
279|    const [isSurveyOpen, setIsSurveyOpen] = 
useState(false);
   |          ^
280|    const [confirmWhatsAppOpen, setConfirmWhatsAppOpen] 
= useState(false);
281|    const [pendingConvId, setPendingConvId] = 
useState<string | null>(null);

[33mThe symbol "confirmWhatsAppOpen" has already been 
declared[33m
278|    const [editingBooking, setEditingBooking] = 
useState<EditBookingData | null>(null);
279|    const [isSurveyOpen, setIsSurveyOpen] = 
useState(false);
280|    const [confirmWhatsAppOpen, setConfirmWhatsAppOpen] 
= useState(false);
   |          ^
281|    const [pendingConvId, setPendingConvId] = 
useState<string | null>(null);
282|    const [pendingWaLink, setPendingWaLink] = 
useState<string | null>(null);

[33mThe symbol "setConfirmWhatsAppOpen" has already been 
declared[33m
278|    const [editingBooking, setEditingBooking] = 
useState<EditBookingData | null>(null);
279|    const [isSurveyOpen, setIsSurveyOpen] = 
useState(false);
280|    const [confirmWhatsAppOpen, setConfirmWhatsAppOpen] 
= useState(false);
   |          ^
281|    const [pendingConvId, setPendingConvId] = 
useState<string | null>(null);
282|    const [pendingWaLink, setPendingWaLink] = 
useState<string | null>(null);

[33mThe symbol "pendingConvId" has already been 
declared[33m
279|    const [isSurveyOpen, setIsSurveyOpen] = 
useState(false);
280|    const [confirmWhatsAppOpen, setConfirmWhatsAppOpen] 
= useState(false);
281|    const [pendingConvId, setPendingConvId] = 
useState<string | null>(null);
   |          ^
282|    const [pendingWaLink, setPendingWaLink] = 
useState<string | null>(null);
283|    const [isEditing, setIsEditing] = useState(false);

[33mThe symbol "setPendingConvId" has already been 
declared[33m
279|    const [isSurveyOpen, setIsSurveyOpen] = 
useState(false);
280|    const [confirmWhatsAppOpen, setConfirmWhatsAppOpen] 
= useState(false);
281|    const [pendingConvId, setPendingConvId] = 
useState<string | null>(null);
   |          ^
282|    const [pendingWaLink, setPendingWaLink] = 
useState<string | null>(null);
283|    const [isEditing, setIsEditing] = useState(false);

[33mThe symbol "pendingWaLink" has already been 
declared[33m
280|    const [confirmWhatsAppOpen, setConfirmWhatsAppOpen] 
= useState(false);
281|    const [pendingConvId, setPendingConvId] = 
useState<string | null>(null);
282|    const [pendingWaLink, setPendingWaLink] = 
useState<string | null>(null);
   |          ^
283|    const [isEditing, setIsEditing] = useState(false);
284|    const [editingBooking, setEditingBooking] = 
useState<EditBookingData | null>(null);

[33mThe symbol "setPendingWaLink" has already been 
declared[33m
280|    const [confirmWhatsAppOpen, setConfirmWhatsAppOpen] 
= useState(false);
281|    const [pendingConvId, setPendingConvId] = 
useState<string | null>(null);
282|    const [pendingWaLink, setPendingWaLink] = 
useState<string | null>(null);
   |          ^
283|    const [isEditing, setIsEditing] = useState(false);
284|    const [editingBooking, setEditingBooking] = 
useState<EditBookingData | null>(null);

[33mThe symbol "isEditing" has already been declared[33m
281|    const [pendingConvId, setPendingConvId] = 
useState<string | null>(null);
282|    const [pendingWaLink, setPendingWaLink] = 
useState<string | null>(null);
283|    const [isEditing, setIsEditing] = useState(false);
   |          ^
284|    const [editingBooking, setEditingBooking] = 
useState<EditBookingData | null>(null);
285|    const [isSurveyOpen, setIsSurveyOpen] = 
useState(false);

[33mThe symbol "setIsEditing" has already been declared[33m
281|    const [pendingConvId, setPendingConvId] = 
useState<string | null>(null);
282|    const [pendingWaLink, setPendingWaLink] = 
useState<string | null>(null);
283|    const [isEditing, setIsEditing] = useState(false);
   |          ^
284|    const [editingBooking, setEditingBooking] = 
useState<EditBookingData | null>(null);
285|    const [isSurveyOpen, setIsSurveyOpen] = 
useState(false);

[33mThe symbol "editingBooking" has already been 
declared[33m
282|    const [pendingWaLink, setPendingWaLink] = 
useState<string | null>(null);
283|    const [isEditing, setIsEditing] = useState(false);
284|    const [editingBooking, setEditingBooking] = 
useState<EditBookingData | null>(null);
   |          ^
285|    const [isSurveyOpen, setIsSurveyOpen] = 
useState(false);
286|    const [confirmWhatsAppOpen, setConfirmWhatsAppOpen] 
= useState(false);

[33mThe symbol "setEditingBooking" has already been 
declared[33m
282|    const [pendingWaLink, setPendingWaLink] = 
useState<string | null>(null);
283|    const [isEditing, setIsEditing] = useState(false);
284|    const [editingBooking, setEditingBooking] = 
useState<EditBookingData | null>(null);
   |          ^
285|    const [isSurveyOpen, setIsSurveyOpen] = 
useState(false);
286|    const [confirmWhatsAppOpen, setConfirmWhatsAppOpen] 
= useState(false);

[33mThe symbol "isSurveyOpen" has already been declared[33m
283|    const [isEditing, setIsEditing] = useState(false);
284|    const [editingBooking, setEditingBooking] = 
useState<EditBookingData | null>(null);
285|    const [isSurveyOpen, setIsSurveyOpen] = 
useState(false);
   |          ^
286|    const [confirmWhatsAppOpen, setConfirmWhatsAppOpen] 
= useState(false);
287|    const [pendingConvId, setPendingConvId] = 
useState<string | null>(null);

[33mThe symbol "setIsSurveyOpen" has already been 
declared[33m
283|    const [isEditing, setIsEditing] = useState(false);
284|    const [editingBooking, setEditingBooking] = 
useState<EditBookingData | null>(null);
285|    const [isSurveyOpen, setIsSurveyOpen] = 
useState(false);
   |          ^
286|    const [confirmWhatsAppOpen, setConfirmWhatsAppOpen] 
= useState(false);
287|    const [pendingConvId, setPendingConvId] = 
useState<string | null>(null);

[33mThe symbol "confirmWhatsAppOpen" has already been 
declared[33m
284|    const [editingBooking, setEditingBooking] = 
useState<EditBookingData | null>(null);
285|    const [isSurveyOpen, setIsSurveyOpen] = 
useState(false);
286|    const [confirmWhatsAppOpen, setConfirmWhatsAppOpen] 
= useState(false);
   |          ^
287|    const [pendingConvId, setPendingConvId] = 
useState<string | null>(null);
288|    const [pendingWaLink, setPendingWaLink] = 
useState<string | null>(null);

[33mThe symbol "setConfirmWhatsAppOpen" has already been 
declared[33m
284|    const [editingBooking, setEditingBooking] = 
useState<EditBookingData | null>(null);
285|    const [isSurveyOpen, setIsSurveyOpen] = 
useState(false);
286|    const [confirmWhatsAppOpen, setConfirmWhatsAppOpen] 
= useState(false);
   |          ^
287|    const [pendingConvId, setPendingConvId] = 
useState<string | null>(null);
288|    const [pendingWaLink, setPendingWaLink] = 
useState<string | null>(null);

[33mThe symbol "pendingConvId" has already been 
declared[33m
285|    const [isSurveyOpen, setIsSurveyOpen] = 
useState(false);
286|    const [confirmWhatsAppOpen, setConfirmWhatsAppOpen] 
= useState(false);
287|    const [pendingConvId, setPendingConvId] = 
useState<string | null>(null);
   |          ^
288|    const [pendingWaLink, setPendingWaLink] = 
useState<string | null>(null);
289|    const [isEditing, setIsEditing] = useState(false);

[33mThe symbol "setPendingConvId" has already been 
declared[33m
285|    const [isSurveyOpen, setIsSurveyOpen] = 
useState(false);
286|    const [confirmWhatsAppOpen, setConfirmWhatsAppOpen] 
= useState(false);
287|    const [pendingConvId, setPendingConvId] = 
useState<string | null>(null);
   |          ^
288|    const [pendingWaLink, setPendingWaLink] = 
useState<string | null>(null);
289|    const [isEditing, setIsEditing] = useState(false);

[33mThe symbol "pendingWaLink" has already been 
declared[33m
286|    const [confirmWhatsAppOpen, setConfirmWhatsAppOpen] 
= useState(false);
287|    const [pendingConvId, setPendingConvId] = 
useState<string | null>(null);
288|    const [pendingWaLink, setPendingWaLink] = 
useState<string | null>(null);
   |          ^
289|    const [isEditing, setIsEditing] = useState(false);
290|    const [editingBooking, setEditingBooking] = 
useState<EditBookingData | null>(null);

[33mThe symbol "setPendingWaLink" has already been 
declared[33m
286|    const [confirmWhatsAppOpen, setConfirmWhatsAppOpen] 
= useState(false);
287|    const [pendingConvId, setPendingConvId] = 
useState<string | null>(null);
288|    const [pendingWaLink, setPendingWaLink] = 
useState<string | null>(null);
   |          ^
289|    const [isEditing, setIsEditing] = useState(false);
290|    const [editingBooking, setEditingBooking] = 
useState<EditBookingData | null>(null);

[33mThe symbol "isEditing" has already been declared[33m
287|    const [pendingConvId, setPendingConvId] = 
useState<string | null>(null);
288|    const [pendingWaLink, setPendingWaLink] = 
useState<string | null>(null);
289|    const [isEditing, setIsEditing] = useState(false);
   |          ^
290|    const [editingBooking, setEditingBooking] = 
useState<EditBookingData | null>(null);
291|    const [isSurveyOpen, setIsSurveyOpen] = 
useState(false);

[33mThe symbol "setIsEditing" has already been declared[33m
287|    const [pendingConvId, setPendingConvId] = 
useState<string | null>(null);
288|    const [pendingWaLink, setPendingWaLink] = 
useState<string | null>(null);
289|    const [isEditing, setIsEditing] = useState(false);
   |          ^
290|    const [editingBooking, setEditingBooking] = 
useState<EditBookingData | null>(null);
291|    const [isSurveyOpen, setIsSurveyOpen] = 
useState(false);

[33mThe symbol "editingBooking" has already been 
declared[33m
288|    const [pendingWaLink, setPendingWaLink] = 
useState<string | null>(null);
289|    const [isEditing, setIsEditing] = useState(false);
290|    const [editingBooking, setEditingBooking] = 
useState<EditBookingData | null>(null);
   |          ^
291|    const [isSurveyOpen, setIsSurveyOpen] = 
useState(false);
292|    const [confirmWhatsAppOpen, setConfirmWhatsAppOpen] 
= useState(false);

[33mThe symbol "setEditingBooking" has already been 
declared[33m
288|    const [pendingWaLink, setPendingWaLink] = 
useState<string | null>(null);
289|    const [isEditing, setIsEditing] = useState(false);
290|    const [editingBooking, setEditingBooking] = 
useState<EditBookingData | null>(null);
   |          ^
291|    const [isSurveyOpen, setIsSurveyOpen] = 
useState(false);
292|    const [confirmWhatsAppOpen, setConfirmWhatsAppOpen] 
= useState(false);

[33mThe symbol "isSurveyOpen" has already been declared[33m
289|    const [isEditing, setIsEditing] = useState(false);
290|    const [editingBooking, setEditingBooking] = 
useState<EditBookingData | null>(null);
291|    const [isSurveyOpen, setIsSurveyOpen] = 
useState(false);
   |          ^
292|    const [confirmWhatsAppOpen, setConfirmWhatsAppOpen] 
= useState(false);
293|    const [pendingConvId, setPendingConvId] = 
useState<string | null>(null);

[33mThe symbol "setIsSurveyOpen" has already been 
declared[33m
289|    const [isEditing, setIsEditing] = useState(false);
290|    const [editingBooking, setEditingBooking] = 
useState<EditBookingData | null>(null);
291|    const [isSurveyOpen, setIsSurveyOpen] = 
useState(false);
   |          ^
292|    const [confirmWhatsAppOpen, setConfirmWhatsAppOpen] 
= useState(false);
293|    const [pendingConvId, setPendingConvId] = 
useState<string | null>(null);

[33mThe symbol "confirmWhatsAppOpen" has already been 
declared[33m
290|    const [editingBooking, setEditingBooking] = 
useState<EditBookingData | null>(null);
291|    const [isSurveyOpen, setIsSurveyOpen] = 
useState(false);
292|    const [confirmWhatsAppOpen, setConfirmWhatsAppOpen] 
= useState(false);
   |          ^
293|    const [pendingConvId, setPendingConvId] = 
useState<string | null>(null);
294|    const [pendingWaLink, setPendingWaLink] = 
useState<string | null>(null);

[33mThe symbol "setConfirmWhatsAppOpen" has already been 
declared[33m
290|    const [editingBooking, setEditingBooking] = 
useState<EditBookingData | null>(null);
291|    const [isSurveyOpen, setIsSurveyOpen] = 
useState(false);
292|    const [confirmWhatsAppOpen, setConfirmWhatsAppOpen] 
= useState(false);
   |          ^
293|    const [pendingConvId, setPendingConvId] = 
useState<string | null>(null);
294|    const [pendingWaLink, setPendingWaLink] = 
useState<string | null>(null);

[33mThe symbol "pendingConvId" has already been 
declared[33m
291|    const [isSurveyOpen, setIsSurveyOpen] = 
useState(false);
292|    const [confirmWhatsAppOpen, setConfirmWhatsAppOpen] 
= useState(false);
293|    const [pendingConvId, setPendingConvId] = 
useState<string | null>(null);
   |          ^
294|    const [pendingWaLink, setPendingWaLink] = 
useState<string | null>(null);
295|    const [isEditing, setIsEditing] = useState(false);

[33mThe symbol "setPendingConvId" has already been 
declared[33m
291|    const [isSurveyOpen, setIsSurveyOpen] = 
useState(false);
292|    const [confirmWhatsAppOpen, setConfirmWhatsAppOpen] 
= useState(false);
293|    const [pendingConvId, setPendingConvId] = 
useState<string | null>(null);
   |          ^
294|    const [pendingWaLink, setPendingWaLink] = 
useState<string | null>(null);
295|    const [isEditing, setIsEditing] = useState(false);

[33mThe symbol "pendingWaLink" has already been 
declared[33m
292|    const [confirmWhatsAppOpen, setConfirmWhatsAppOpen] 
= useState(false);
293|    const [pendingConvId, setPendingConvId] = 
useState<string | null>(null);
294|    const [pendingWaLink, setPendingWaLink] = 
useState<string | null>(null);
   |          ^
295|    const [isEditing, setIsEditing] = useState(false);
296|    const [editingBooking, setEditingBooking] = 
useState<EditBookingData | null>(null);

[33mThe symbol "setPendingWaLink" has already been 
declared[33m
292|    const [confirmWhatsAppOpen, setConfirmWhatsAppOpen] 
= useState(false);
293|    const [pendingConvId, setPendingConvId] = 
useState<string | null>(null);
294|    const [pendingWaLink, setPendingWaLink] = 
useState<string | null>(null);
   |          ^
295|    const [isEditing, setIsEditing] = useState(false);
296|    const [editingBooking, setEditingBooking] = 
useState<EditBookingData | null>(null);

[33mThe symbol "isEditing" has already been declared[33m
293|    const [pendingConvId, setPendingConvId] = 
useState<string | null>(null);
294|    const [pendingWaLink, setPendingWaLink] = 
useState<string | null>(null);
295|    const [isEditing, setIsEditing] = useState(false);
   |          ^
296|    const [editingBooking, setEditingBooking] = 
useState<EditBookingData | null>(null);
297|    const [isSurveyOpen, setIsSurveyOpen] = 
useState(false);

[33mThe symbol "setIsEditing" has already been declared[33m
293|    const [pendingConvId, setPendingConvId] = 
useState<string | null>(null);
294|    const [pendingWaLink, setPendingWaLink] = 
useState<string | null>(null);
295|    const [isEditing, setIsEditing] = useState(false);
   |          ^
296|    const [editingBooking, setEditingBooking] = 
useState<EditBookingData | null>(null);
297|    const [isSurveyOpen, setIsSurveyOpen] = 
useState(false);

[33mThe symbol "editingBooking" has already been 
declared[33m
294|    const [pendingWaLink, setPendingWaLink] = 
useState<string | null>(null);
295|    const [isEditing, setIsEditing] = useState(false);
296|    const [editingBooking, setEditingBooking] = 
useState<EditBookingData | null>(null);
   |          ^
297|    const [isSurveyOpen, setIsSurveyOpen] = 
useState(false);
298|    const [confirmWhatsAppOpen, setConfirmWhatsAppOpen] 
= useState(false);

[33mThe symbol "setEditingBooking" has already been 
declared[33m
294|    const [pendingWaLink, setPendingWaLink] = 
useState<string | null>(null);
295|    const [isEditing, setIsEditing] = useState(false);
296|    const [editingBooking, setEditingBooking] = 
useState<EditBookingData | null>(null);
   |          ^
297|    const [isSurveyOpen, setIsSurveyOpen] = 
useState(false);
298|    const [confirmWhatsAppOpen, setConfirmWhatsAppOpen] 
= useState(false);

[33mThe symbol "isSurveyOpen" has already been declared[33m
295|    const [isEditing, setIsEditing] = useState(false);
296|    const [editingBooking, setEditingBooking] = 
useState<EditBookingData | null>(null);
297|    const [isSurveyOpen, setIsSurveyOpen] = 
useState(false);
   |          ^
298|    const [confirmWhatsAppOpen, setConfirmWhatsAppOpen] 
= useState(false);
299|    const [pendingConvId, setPendingConvId] = 
useState<string | null>(null);

[33mThe symbol "setIsSurveyOpen" has already been 
declared[33m
295|    const [isEditing, setIsEditing] = useState(false);
296|    const [editingBooking, setEditingBooking] = 
useState<EditBookingData | null>(null);
297|    const [isSurveyOpen, setIsSurveyOpen] = 
useState(false);
   |          ^
298|    const [confirmWhatsAppOpen, setConfirmWhatsAppOpen] 
= useState(false);
299|    const [pendingConvId, setPendingConvId] = 
useState<string | null>(null);

[33mThe symbol "confirmWhatsAppOpen" has already been 
declared[33m
296|    const [editingBooking, setEditingBooking] = 
useState<EditBookingData | null>(null);
297|    const [isSurveyOpen, setIsSurveyOpen] = 
useState(false);
298|    const [confirmWhatsAppOpen, setConfirmWhatsAppOpen] 
= useState(false);
   |          ^
299|    const [pendingConvId, setPendingConvId] = 
useState<string | null>(null);
300|    const [pendingWaLink, setPendingWaLink] = 
useState<string | null>(null);

[33mThe symbol "setConfirmWhatsAppOpen" has already been 
declared[33m
296|    const [editingBooking, setEditingBooking] = 
useState<EditBookingData | null>(null);
297|    const [isSurveyOpen, setIsSurveyOpen] = 
useState(false);
298|    const [confirmWhatsAppOpen, setConfirmWhatsAppOpen] 
= useState(false);
   |          ^
299|    const [pendingConvId, setPendingConvId] = 
useState<string | null>(null);
300|    const [pendingWaLink, setPendingWaLink] = 
useState<string | null>(null);

[33mThe symbol "pendingConvId" has already been 
declared[33m
297|    const [isSurveyOpen, setIsSurveyOpen] = 
useState(false);
298|    const [confirmWhatsAppOpen, setConfirmWhatsAppOpen] 
= useState(false);
299|    const [pendingConvId, setPendingConvId] = 
useState<string | null>(null);
   |          ^
300|    const [pendingWaLink, setPendingWaLink] = 
useState<string | null>(null);
301|    const [isEditing, setIsEditing] = useState(false);

[33mThe symbol "setPendingConvId" has already been 
declared[33m
297|    const [isSurveyOpen, setIsSurveyOpen] = 
useState(false);
298|    const [confirmWhatsAppOpen, setConfirmWhatsAppOpen] 
= useState(false);
299|    const [pendingConvId, setPendingConvId] = 
useState<string | null>(null);
   |          ^
300|    const [pendingWaLink, setPendingWaLink] = 
useState<string | null>(null);
301|    const [isEditing, setIsEditing] = useState(false);

[33mThe symbol "pendingWaLink" has already been 
declared[33m
298|    const [confirmWhatsAppOpen, setConfirmWhatsAppOpen] 
= useState(false);
299|    const [pendingConvId, setPendingConvId] = 
useState<string | null>(null);
300|    const [pendingWaLink, setPendingWaLink] = 
useState<string | null>(null);
   |          ^
301|    const [isEditing, setIsEditing] = useState(false);
302|    const [editingBooking, setEditingBooking] = 
useState<EditBookingData | null>(null);

[33mThe symbol "setPendingWaLink" has already been 
declared[33m
298|    const [confirmWhatsAppOpen, setConfirmWhatsAppOpen] 
= useState(false);
299|    const [pendingConvId, setPendingConvId] = 
useState<string | null>(null);
300|    const [pendingWaLink, setPendingWaLink] = 
useState<string | null>(null);
   |          ^
301|    const [isEditing, setIsEditing] = useState(false);
302|    const [editingBooking, setEditingBooking] = 
useState<EditBookingData | null>(null);

[33mThe symbol "isEditing" has already been declared[33m
299|    const [pendingConvId, setPendingConvId] = 
useState<string | null>(null);
300|    const [pendingWaLink, setPendingWaLink] = 
useState<string | null>(null);
301|    const [isEditing, setIsEditing] = useState(false);
   |          ^
302|    const [editingBooking, setEditingBooking] = 
useState<EditBookingData | null>(null);
303|    const [isSurveyOpen, setIsSurveyOpen] = 
useState(false);

[33mThe symbol "setIsEditing" has already been declared[33m
299|    const [pendingConvId, setPendingConvId] = 
useState<string | null>(null);
300|    const [pendingWaLink, setPendingWaLink] = 
useState<string | null>(null);
301|    const [isEditing, setIsEditing] = useState(false);
   |          ^
302|    const [editingBooking, setEditingBooking] = 
useState<EditBookingData | null>(null);
303|    const [isSurveyOpen, setIsSurveyOpen] = 
useState(false);

[33mThe symbol "editingBooking" has already been 
declared[33m
300|    const [pendingWaLink, setPendingWaLink] = 
useState<string | null>(null);
301|    const [isEditing, setIsEditing] = useState(false);
302|    const [editingBooking, setEditingBooking] = 
useState<EditBookingData | null>(null);
   |          ^
303|    const [isSurveyOpen, setIsSurveyOpen] = 
useState(false);
304|    const [confirmWhatsAppOpen, setConfirmWhatsAppOpen] 
= useState(false);

[33mThe symbol "setEditingBooking" has already been 
declared[33m
300|    const [pendingWaLink, setPendingWaLink] = 
useState<string | null>(null);
301|    const [isEditing, setIsEditing] = useState(false);
302|    const [editingBooking, setEditingBooking] = 
useState<EditBookingData | null>(null);
   |          ^
303|    const [isSurveyOpen, setIsSurveyOpen] = 
useState(false);
304|    const [confirmWhatsAppOpen, setConfirmWhatsAppOpen] 
= useState(false);

[33mThe symbol "isSurveyOpen" has already been declared[33m
301|    const [isEditing, setIsEditing] = useState(false);
302|    const [editingBooking, setEditingBooking] = 
useState<EditBookingData | null>(null);
303|    const [isSurveyOpen, setIsSurveyOpen] = 
useState(false);
   |          ^
304|    const [confirmWhatsAppOpen, setConfirmWhatsAppOpen] 
= useState(false);
305|    const [pendingConvId, setPendingConvId] = 
useState<string | null>(null);

[33mThe symbol "setIsSurveyOpen" has already been 
declared[33m
301|    const [isEditing, setIsEditing] = useState(false);
302|    const [editingBooking, setEditingBooking] = 
useState<EditBookingData | null>(null);
303|    const [isSurveyOpen, setIsSurveyOpen] = 
useState(false);
   |          ^
304|    const [confirmWhatsAppOpen, setConfirmWhatsAppOpen] 
= useState(false);
305|    const [pendingConvId, setPendingConvId] = 
useState<string | null>(null);

[33mThe symbol "confirmWhatsAppOpen" has already been 
declared[33m
302|    const [editingBooking, setEditingBooking] = 
useState<EditBookingData | null>(null);
303|    const [isSurveyOpen, setIsSurveyOpen] = 
useState(false);
304|    const [confirmWhatsAppOpen, setConfirmWhatsAppOpen] 
= useState(false);
   |          ^
305|    const [pendingConvId, setPendingConvId] = 
useState<string | null>(null);
306|    const [pendingWaLink, setPendingWaLink] = 
useState<string | null>(null);

[33mThe symbol "setConfirmWhatsAppOpen" has already been 
declared[33m
302|    const [editingBooking, setEditingBooking] = 
useState<EditBookingData | null>(null);
303|    const [isSurveyOpen, setIsSurveyOpen] = 
useState(false);
304|    const [confirmWhatsAppOpen, setConfirmWhatsAppOpen] 
= useState(false);
   |          ^
305|    const [pendingConvId, setPendingConvId] = 
useState<string | null>(null);
306|    const [pendingWaLink, setPendingWaLink] = 
useState<string | null>(null);

[33mThe symbol "pendingConvId" has already been 
declared[33m
303|    const [isSurveyOpen, setIsSurveyOpen] = 
useState(false);
304|    const [confirmWhatsAppOpen, setConfirmWhatsAppOpen] 
= useState(false);
305|    const [pendingConvId, setPendingConvId] = 
useState<string | null>(null);
   |          ^
306|    const [pendingWaLink, setPendingWaLink] = 
useState<string | null>(null);
307|    const [isEditing, setIsEditing] = useState(false);

[33mThe symbol "setPendingConvId" has already been 
declared[33m
303|    const [isSurveyOpen, setIsSurveyOpen] = 
useState(false);
304|    const [confirmWhatsAppOpen, setConfirmWhatsAppOpen] 
= useState(false);
305|    const [pendingConvId, setPendingConvId] = 
useState<string | null>(null);
   |          ^
306|    const [pendingWaLink, setPendingWaLink] = 
useState<string | null>(null);
307|    const [isEditing, setIsEditing] = useState(false);

[33mThe symbol "pendingWaLink" has already been 
declared[33m
304|    const [confirmWhatsAppOpen, setConfirmWhatsAppOpen] 
= useState(false);
305|    const [pendingConvId, setPendingConvId] = 
useState<string | null>(null);
306|    const [pendingWaLink, setPendingWaLink] = 
useState<string | null>(null);
   |          ^
307|    const [isEditing, setIsEditing] = useState(false);
308|    const [editingBooking, setEditingBooking] = 
useState<EditBookingData | null>(null);

[33mThe symbol "setPendingWaLink" has already been 
declared[33m
304|    const [confirmWhatsAppOpen, setConfirmWhatsAppOpen] 
= useState(false);
305|    const [pendingConvId, setPendingConvId] = 
useState<string | null>(null);
306|    const [pendingWaLink, setPendingWaLink] = 
useState<string | null>(null);
   |          ^
307|    const [isEditing, setIsEditing] = useState(false);
308|    const [editingBooking, setEditingBooking] = 
useState<EditBookingData | null>(null);

[33mThe symbol "isEditing" has already been declared[33m
305|    const [pendingConvId, setPendingConvId] = 
useState<string | null>(null);
306|    const [pendingWaLink, setPendingWaLink] = 
useState<string | null>(null);
307|    const [isEditing, setIsEditing] = useState(false);
   |          ^
308|    const [editingBooking, setEditingBooking] = 
useState<EditBookingData | null>(null);
309|    const [isSurveyOpen, setIsSurveyOpen] = 
useState(false);

[33mThe symbol "setIsEditing" has already been declared[33m
305|    const [pendingConvId, setPendingConvId] = 
useState<string | null>(null);
306|    const [pendingWaLink, setPendingWaLink] = 
useState<string | null>(null);
307|    const [isEditing, setIsEditing] = useState(false);
   |          ^
308|    const [editingBooking, setEditingBooking] = 
useState<EditBookingData | null>(null);
309|    const [isSurveyOpen, setIsSurveyOpen] = 
useState(false);

[33mThe symbol "editingBooking" has already been 
declared[33m
306|    const [pendingWaLink, setPendingWaLink] = 
useState<string | null>(null);
307|    const [isEditing, setIsEditing] = useState(false);
308|    const [editingBooking, setEditingBooking] = 
useState<EditBookingData | null>(null);
   |          ^
309|    const [isSurveyOpen, setIsSurveyOpen] = 
useState(false);
310|    const [confirmWhatsAppOpen, setConfirmWhatsAppOpen] 
= useState(false);

[33mThe symbol "setEditingBooking" has already been 
declared[33m
306|    const [pendingWaLink, setPendingWaLink] = 
useState<string | null>(null);
307|    const [isEditing, setIsEditing] = useState(false);
308|    const [editingBooking, setEditingBooking] = 
useState<EditBookingData | null>(null);
   |          ^
309|    const [isSurveyOpen, setIsSurveyOpen] = 
useState(false);
310|    const [confirmWhatsAppOpen, setConfirmWhatsAppOpen] 
= useState(false);

[33mThe symbol "isSurveyOpen" has already been declared[33m
307|    const [isEditing, setIsEditing] = useState(false);
308|    const [editingBooking, setEditingBooking] = 
useState<EditBookingData | null>(null);
309|    const [isSurveyOpen, setIsSurveyOpen] = 
useState(false);
   |          ^
310|    const [confirmWhatsAppOpen, setConfirmWhatsAppOpen] 
= useState(false);
311|    const [pendingConvId, setPendingConvId] = 
useState<string | null>(null);

[33mThe symbol "setIsSurveyOpen" has already been 
declared[33m
307|    const [isEditing, setIsEditing] = useState(false);
308|    const [editingBooking, setEditingBooking] = 
useState<EditBookingData | null>(null);
309|    const [isSurveyOpen, setIsSurveyOpen] = 
useState(false);
   |          ^
310|    const [confirmWhatsAppOpen, setConfirmWhatsAppOpen] 
= useState(false);
311|    const [pendingConvId, setPendingConvId] = 
useState<string | null>(null);

[33mThe symbol "confirmWhatsAppOpen" has already been 
declared[33m
308|    const [editingBooking, setEditingBooking] = 
useState<EditBookingData | null>(null);
309|    const [isSurveyOpen, setIsSurveyOpen] = 
useState(false);
310|    const [confirmWhatsAppOpen, setConfirmWhatsAppOpen] 
= useState(false);
   |          ^
311|    const [pendingConvId, setPendingConvId] = 
useState<string | null>(null);
312|    const [pendingWaLink, setPendingWaLink] = 
useState<string | null>(null);

[33mThe symbol "setConfirmWhatsAppOpen" has already been 
declared[33m
308|    const [editingBooking, setEditingBooking] = 
useState<EditBookingData | null>(null);
309|    const [isSurveyOpen, setIsSurveyOpen] = 
useState(false);
310|    const [confirmWhatsAppOpen, setConfirmWhatsAppOpen] 
= useState(false);
   |          ^
311|    const [pendingConvId, setPendingConvId] = 
useState<string | null>(null);
312|    const [pendingWaLink, setPendingWaLink] = 
useState<string | null>(null);

[33mThe symbol "pendingConvId" has already been 
declared[33m
309|    const [isSurveyOpen, setIsSurveyOpen] = 
useState(false);
310|    const [confirmWhatsAppOpen, setConfirmWhatsAppOpen] 
= useState(false);
311|    const [pendingConvId, setPendingConvId] = 
useState<string | null>(null);
   |          ^
312|    const [pendingWaLink, setPendingWaLink] = 
useState<string | null>(null);
313|    const [isEditing, setIsEditing] = useState(false);

[33mThe symbol "setPendingConvId" has already been 
declared[33m
309|    const [isSurveyOpen, setIsSurveyOpen] = 
useState(false);
310|    const [confirmWhatsAppOpen, setConfirmWhatsAppOpen] 
= useState(false);
311|    const [pendingConvId, setPendingConvId] = 
useState<string | null>(null);
   |          ^
312|    const [pendingWaLink, setPendingWaLink] = 
useState<string | null>(null);
313|    const [isEditing, setIsEditing] = useState(false);

[33mThe symbol "pendingWaLink" has already been 
declared[33m
310|    const [confirmWhatsAppOpen, setConfirmWhatsAppOpen] 
= useState(false);
311|    const [pendingConvId, setPendingConvId] = 
useState<string | null>(null);
312|    const [pendingWaLink, setPendingWaLink] = 
useState<string | null>(null);
   |          ^
313|    const [isEditing, setIsEditing] = useState(false);
314|    const [editingBooking, setEditingBooking] = 
useState<EditBookingData | null>(null);

[33mThe symbol "setPendingWaLink" has already been 
declared[33m
310|    const [confirmWhatsAppOpen, setConfirmWhatsAppOpen] 
= useState(false);
311|    const [pendingConvId, setPendingConvId] = 
useState<string | null>(null);
312|    const [pendingWaLink, setPendingWaLink] = 
useState<string | null>(null);
   |          ^
313|    const [isEditing, setIsEditing] = useState(false);
314|    const [editingBooking, setEditingBooking] = 
useState<EditBookingData | null>(null);

[33mThe symbol "isEditing" has already been declared[33m
311|    const [pendingConvId, setPendingConvId] = 
useState<string | null>(null);
312|    const [pendingWaLink, setPendingWaLink] = 
useState<string | null>(null);
313|    const [isEditing, setIsEditing] = useState(false);
   |          ^
314|    const [editingBooking, setEditingBooking] = 
useState<EditBookingData | null>(null);
315|    const [isSurveyOpen, setIsSurveyOpen] = 
useState(false);

[33mThe symbol "setIsEditing" has already been declared[33m
311|    const [pendingConvId, setPendingConvId] = 
useState<string | null>(null);
312|    const [pendingWaLink, setPendingWaLink] = 
useState<string | null>(null);
313|    const [isEditing, setIsEditing] = useState(false);
   |          ^
314|    const [editingBooking, setEditingBooking] = 
useState<EditBookingData | null>(null);
315|    const [isSurveyOpen, setIsSurveyOpen] = 
useState(false);

[33mThe symbol "editingBooking" has already been 
declared[33m
312|    const [pendingWaLink, setPendingWaLink] = 
useState<string | null>(null);
313|    const [isEditing, setIsEditing] = useState(false);
314|    const [editingBooking, setEditingBooking] = 
useState<EditBookingData | null>(null);
   |          ^
315|    const [isSurveyOpen, setIsSurveyOpen] = 
useState(false);
316|    const [confirmWhatsAppOpen, setConfirmWhatsAppOpen] 
= useState(false);

[33mThe symbol "setEditingBooking" has already been 
declared[33m
312|    const [pendingWaLink, setPendingWaLink] = 
useState<string | null>(null);
313|    const [isEditing, setIsEditing] = useState(false);
314|    const [editingBooking, setEditingBooking] = 
useState<EditBookingData | null>(null);
   |          ^
315|    const [isSurveyOpen, setIsSurveyOpen] = 
useState(false);
316|    const [confirmWhatsAppOpen, setConfirmWhatsAppOpen] 
= useState(false);

[33mThe symbol "isSurveyOpen" has already been declared[33m
313|    const [isEditing, setIsEditing] = useState(false);
314|    const [editingBooking, setEditingBooking] = 
useState<EditBookingData | null>(null);
315|    const [isSurveyOpen, setIsSurveyOpen] = 
useState(false);
   |          ^
316|    const [confirmWhatsAppOpen, setConfirmWhatsAppOpen] 
= useState(false);
317|    const [pendingConvId, setPendingConvId] = 
useState<string | null>(null);

[33mThe symbol "setIsSurveyOpen" has already been 
declared[33m
313|    const [isEditing, setIsEditing] = useState(false);
314|    const [editingBooking, setEditingBooking] = 
useState<EditBookingData | null>(null);
315|    const [isSurveyOpen, setIsSurveyOpen] = 
useState(false);
   |          ^
316|    const [confirmWhatsAppOpen, setConfirmWhatsAppOpen] 
= useState(false);
317|    const [pendingConvId, setPendingConvId] = 
useState<string | null>(null);

[33mThe symbol "confirmWhatsAppOpen" has already been 
declared[33m
314|    const [editingBooking, setEditingBooking] = 
useState<EditBookingData | null>(null);
315|    const [isSurveyOpen, setIsSurveyOpen] = 
useState(false);
316|    const [confirmWhatsAppOpen, setConfirmWhatsAppOpen] 
= useState(false);
   |          ^
317|    const [pendingConvId, setPendingConvId] = 
useState<string | null>(null);
318|    const [pendingWaLink, setPendingWaLink] = 
useState<string | null>(null);

[33mThe symbol "setConfirmWhatsAppOpen" has already been 
declared[33m
314|    const [editingBooking, setEditingBooking] = 
useState<EditBookingData | null>(null);
315|    const [isSurveyOpen, setIsSurveyOpen] = 
useState(false);
316|    const [confirmWhatsAppOpen, setConfirmWhatsAppOpen] 
= useState(false);
   |          ^
317|    const [pendingConvId, setPendingConvId] = 
useState<string | null>(null);
318|    const [pendingWaLink, setPendingWaLink] = 
useState<string | null>(null);

[33mThe symbol "pendingConvId" has already been 
declared[33m
315|    const [isSurveyOpen, setIsSurveyOpen] = 
useState(false);
316|    const [confirmWhatsAppOpen, setConfirmWhatsAppOpen] 
= useState(false);
317|    const [pendingConvId, setPendingConvId] = 
useState<string | null>(null);
   |          ^
318|    const [pendingWaLink, setPendingWaLink] = 
useState<string | null>(null);
319|    const [isEditing, setIsEditing] = useState(false);

[33mThe symbol "setPendingConvId" has already been 
declared[33m
315|    const [isSurveyOpen, setIsSurveyOpen] = 
useState(false);
316|    const [confirmWhatsAppOpen, setConfirmWhatsAppOpen] 
= useState(false);
317|    const [pendingConvId, setPendingConvId] = 
useState<string | null>(null);
   |          ^
318|    const [pendingWaLink, setPendingWaLink] = 
useState<string | null>(null);
319|    const [isEditing, setIsEditing] = useState(false);

[33mThe symbol "pendingWaLink" has already been 
declared[33m
316|    const [confirmWhatsAppOpen, setConfirmWhatsAppOpen] 
= useState(false);
317|    const [pendingConvId, setPendingConvId] = 
useState<string | null>(null);
318|    const [pendingWaLink, setPendingWaLink] = 
useState<string | null>(null);
   |          ^
319|    const [isEditing, setIsEditing] = useState(false);
320|    const [editingBooking, setEditingBooking] = 
useState<EditBookingData | null>(null);

[33mThe symbol "setPendingWaLink" has already been 
declared[33m
316|    const [confirmWhatsAppOpen, setConfirmWhatsAppOpen] 
= useState(false);
317|    const [pendingConvId, setPendingConvId] = 
useState<string | null>(null);
318|    const [pendingWaLink, setPendingWaLink] = 
useState<string | null>(null);
   |          ^
319|    const [isEditing, setIsEditing] = useState(false);
320|    const [editingBooking, setEditingBooking] = 
useState<EditBookingData | null>(null);

[33mThe symbol "isEditing" has already been declared[33m
317|    const [pendingConvId, setPendingConvId] = 
useState<string | null>(null);
318|    const [pendingWaLink, setPendingWaLink] = 
useState<string | null>(null);
319|    const [isEditing, setIsEditing] = useState(false);
   |          ^
320|    const [editingBooking, setEditingBooking] = 
useState<EditBookingData | null>(null);
321|    const [isSurveyOpen, setIsSurveyOpen] = 
useState(false);

[33mThe symbol "setIsEditing" has already been declared[33m
317|    const [pendingConvId, setPendingConvId] = 
useState<string | null>(null);
318|    const [pendingWaLink, setPendingWaLink] = 
useState<string | null>(null);
319|    const [isEditing, setIsEditing] = useState(false);
   |          ^
320|    const [editingBooking, setEditingBooking] = 
useState<EditBookingData | null>(null);
321|    const [isSurveyOpen, setIsSurveyOpen] = 
useState(false);

[33mThe symbol "editingBooking" has already been 
declared[33m
318|    const [pendingWaLink, setPendingWaLink] = 
useState<string | null>(null);
319|    const [isEditing, setIsEditing] = useState(false);
320|    const [editingBooking, setEditingBooking] = 
useState<EditBookingData | null>(null);
   |          ^
321|    const [isSurveyOpen, setIsSurveyOpen] = 
useState(false);
322|    const [confirmWhatsAppOpen, setConfirmWhatsAppOpen] 
= useState(false);

[33mThe symbol "setEditingBooking" has already been 
declared[33m
318|    const [pendingWaLink, setPendingWaLink] = 
useState<string | null>(null);
319|    const [isEditing, setIsEditing] = useState(false);
320|    const [editingBooking, setEditingBooking] = 
useState<EditBookingData | null>(null);
   |          ^
321|    const [isSurveyOpen, setIsSurveyOpen] = 
useState(false);
322|    const [confirmWhatsAppOpen, setConfirmWhatsAppOpen] 
= useState(false);

[33mThe symbol "isSurveyOpen" has already been declared[33m
319|    const [isEditing, setIsEditing] = useState(false);
320|    const [editingBooking, setEditingBooking] = 
useState<EditBookingData | null>(null);
321|    const [isSurveyOpen, setIsSurveyOpen] = 
useState(false);
   |          ^
322|    const [confirmWhatsAppOpen, setConfirmWhatsAppOpen] 
= useState(false);
323|    const [pendingConvId, setPendingConvId] = 
useState<string | null>(null);

[33mThe symbol "setIsSurveyOpen" has already been 
declared[33m
319|    const [isEditing, setIsEditing] = useState(false);
320|    const [editingBooking, setEditingBooking] = 
useState<EditBookingData | null>(null);
321|    const [isSurveyOpen, setIsSurveyOpen] = 
useState(false);
   |          ^
322|    const [confirmWhatsAppOpen, setConfirmWhatsAppOpen] 
= useState(false);
323|    const [pendingConvId, setPendingConvId] = 
useState<string | null>(null);

[33mThe symbol "confirmWhatsAppOpen" has already been 
declared[33m
320|    const [editingBooking, setEditingBooking] = 
useState<EditBookingData | null>(null);
321|    const [isSurveyOpen, setIsSurveyOpen] = 
useState(false);
322|    const [confirmWhatsAppOpen, setConfirmWhatsAppOpen] 
= useState(false);
   |          ^
323|    const [pendingConvId, setPendingConvId] = 
useState<string | null>(null);
324|    const [pendingWaLink, setPendingWaLink] = 
useState<string | null>(null);

[33mThe symbol "setConfirmWhatsAppOpen" has already been 
declared[33m
320|    const [editingBooking, setEditingBooking] = 
useState<EditBookingData | null>(null);
321|    const [isSurveyOpen, setIsSurveyOpen] = 
useState(false);
322|    const [confirmWhatsAppOpen, setConfirmWhatsAppOpen] 
= useState(false);
   |          ^
323|    const [pendingConvId, setPendingConvId] = 
useState<string | null>(null);
324|    const [pendingWaLink, setPendingWaLink] = 
useState<string | null>(null);

[33mThe symbol "pendingConvId" has already been 
declared[33m
321|    const [isSurveyOpen, setIsSurveyOpen] = 
useState(false);
322|    const [confirmWhatsAppOpen, setConfirmWhatsAppOpen] 
= useState(false);
323|    const [pendingConvId, setPendingConvId] = 
useState<string | null>(null);
   |          ^
324|    const [pendingWaLink, setPendingWaLink] = 
useState<string | null>(null);
325|    const [isEditing, setIsEditing] = useState(false);

[33mThe symbol "setPendingConvId" has already been 
declared[33m
321|    const [isSurveyOpen, setIsSurveyOpen] = 
useState(false);
322|    const [confirmWhatsAppOpen, setConfirmWhatsAppOpen] 
= useState(false);
323|    const [pendingConvId, setPendingConvId] = 
useState<string | null>(null);
   |          ^
324|    const [pendingWaLink, setPendingWaLink] = 
useState<string | null>(null);
325|    const [isEditing, setIsEditing] = useState(false);

[33mThe symbol "pendingWaLink" has already been 
declared[33m
322|    const [confirmWhatsAppOpen, setConfirmWhatsAppOpen] 
= useState(false);
323|    const [pendingConvId, setPendingConvId] = 
useState<string | null>(null);
324|    const [pendingWaLink, setPendingWaLink] = 
useState<string | null>(null);
   |          ^
325|    const [isEditing, setIsEditing] = useState(false);
326|    const [editingBooking, setEditingBooking] = 
useState<EditBookingData | null>(null);

[33mThe symbol "setPendingWaLink" has already been 
declared[33m
322|    const [confirmWhatsAppOpen, setConfirmWhatsAppOpen] 
= useState(false);
323|    const [pendingConvId, setPendingConvId] = 
useState<string | null>(null);
324|    const [pendingWaLink, setPendingWaLink] = 
useState<string | null>(null);
   |          ^
325|    const [isEditing, setIsEditing] = useState(false);
326|    const [editingBooking, setEditingBooking] = 
useState<EditBookingData | null>(null);

[33mThe symbol "isEditing" has already been declared[33m
323|    const [pendingConvId, setPendingConvId] = 
useState<string | null>(null);
324|    const [pendingWaLink, setPendingWaLink] = 
useState<string | null>(null);
325|    const [isEditing, setIsEditing] = useState(false);
   |          ^
326|    const [editingBooking, setEditingBooking] = 
useState<EditBookingData | null>(null);
327|    const [isSurveyOpen, setIsSurveyOpen] = 
useState(false);

[33mThe symbol "setIsEditing" has already been declared[33m
323|    const [pendingConvId, setPendingConvId] = 
useState<string | null>(null);
324|    const [pendingWaLink, setPendingWaLink] = 
useState<string | null>(null);
325|    const [isEditing, setIsEditing] = useState(false);
   |          ^
326|    const [editingBooking, setEditingBooking] = 
useState<EditBookingData | null>(null);
327|    const [isSurveyOpen, setIsSurveyOpen] = 
useState(false);

[33mThe symbol "editingBooking" has already been 
declared[33m
324|    const [pendingWaLink, setPendingWaLink] = 
useState<string | null>(null);
325|    const [isEditing, setIsEditing] = useState(false);
326|    const [editingBooking, setEditingBooking] = 
useState<EditBookingData | null>(null);
   |          ^
327|    const [isSurveyOpen, setIsSurveyOpen] = 
useState(false);
328|    const [confirmWhatsAppOpen, setConfirmWhatsAppOpen] 
= useState(false);

[33mThe symbol "setEditingBooking" has already been 
declared[33m
324|    const [pendingWaLink, setPendingWaLink] = 
useState<string | null>(null);
325|    const [isEditing, setIsEditing] = useState(false);
326|    const [editingBooking, setEditingBooking] = 
useState<EditBookingData | null>(null);
   |          ^
327|    const [isSurveyOpen, setIsSurveyOpen] = 
useState(false);
328|    const [confirmWhatsAppOpen, setConfirmWhatsAppOpen] 
= useState(false);

[33mThe symbol "isSurveyOpen" has already been declared[33m
325|    const [isEditing, setIsEditing] = useState(false);
326|    const [editingBooking, setEditingBooking] = 
useState<EditBookingData | null>(null);
327|    const [isSurveyOpen, setIsSurveyOpen] = 
useState(false);
   |          ^
328|    const [confirmWhatsAppOpen, setConfirmWhatsAppOpen] 
= useState(false);
329|    const [pendingConvId, setPendingConvId] = 
useState<string | null>(null);

[33mThe symbol "setIsSurveyOpen" has already been 
declared[33m
325|    const [isEditing, setIsEditing] = useState(false);
326|    const [editingBooking, setEditingBooking] = 
useState<EditBookingData | null>(null);
327|    const [isSurveyOpen, setIsSurveyOpen] = 
useState(false);
   |          ^
328|    const [confirmWhatsAppOpen, setConfirmWhatsAppOpen] 
= useState(false);
329|    const [pendingConvId, setPendingConvId] = 
useState<string | null>(null);

[33mThe symbol "confirmWhatsAppOpen" has already been 
declared[33m
326|    const [editingBooking, setEditingBooking] = 
useState<EditBookingData | null>(null);
327|    const [isSurveyOpen, setIsSurveyOpen] = 
useState(false);
328|    const [confirmWhatsAppOpen, setConfirmWhatsAppOpen] 
= useState(false);
   |          ^
329|    const [pendingConvId, setPendingConvId] = 
useState<string | null>(null);
330|    const [pendingWaLink, setPendingWaLink] = 
useState<string | null>(null);

[33mThe symbol "setConfirmWhatsAppOpen" has already been 
declared[33m
326|    const [editingBooking, setEditingBooking] = 
useState<EditBookingData | null>(null);
327|    const [isSurveyOpen, setIsSurveyOpen] = 
useState(false);
328|    const [confirmWhatsAppOpen, setConfirmWhatsAppOpen] 
= useState(false);
   |          ^
329|    const [pendingConvId, setPendingConvId] = 
useState<string | null>(null);
330|    const [pendingWaLink, setPendingWaLink] = 
useState<string | null>(null);

[33mThe symbol "pendingConvId" has already been 
declared[33m
327|    const [isSurveyOpen, setIsSurveyOpen] = 
useState(false);
328|    const [confirmWhatsAppOpen, setConfirmWhatsAppOpen] 
= useState(false);
329|    const [pendingConvId, setPendingConvId] = 
useState<string | null>(null);
   |          ^
330|    const [pendingWaLink, setPendingWaLink] = 
useState<string | null>(null);
331|    const [isEditing, setIsEditing] = useState(false);

[33mThe symbol "setPendingConvId" has already been 
declared[33m
327|    const [isSurveyOpen, setIsSurveyOpen] = 
useState(false);
328|    const [confirmWhatsAppOpen, setConfirmWhatsAppOpen] 
= useState(false);
329|    const [pendingConvId, setPendingConvId] = 
useState<string | null>(null);
   |          ^
330|    const [pendingWaLink, setPendingWaLink] = 
useState<string | null>(null);
331|    const [isEditing, setIsEditing] = useState(false);

[33mThe symbol "pendingWaLink" has already been 
declared[33m
328|    const [confirmWhatsAppOpen, setConfirmWhatsAppOpen] 
= useState(false);
329|    const [pendingConvId, setPendingConvId] = 
useState<string | null>(null);
330|    const [pendingWaLink, setPendingWaLink] = 
useState<string | null>(null);
   |          ^
331|    const [isEditing, setIsEditing] = useState(false);
332|    const [editingBooking, setEditingBooking] = 
useState<EditBookingData | null>(null);

[33mThe symbol "setPendingWaLink" has already been 
declared[33m
328|    const [confirmWhatsAppOpen, setConfirmWhatsAppOpen] 
= useState(false);
329|    const [pendingConvId, setPendingConvId] = 
useState<string | null>(null);
330|    const [pendingWaLink, setPendingWaLink] = 
useState<string | null>(null);
   |          ^
331|    const [isEditing, setIsEditing] = useState(false);
332|    const [editingBooking, setEditingBooking] = 
useState<EditBookingData | null>(null);

[33mThe symbol "isEditing" has already been declared[33m
329|    const [pendingConvId, setPendingConvId] = 
useState<string | null>(null);
330|    const [pendingWaLink, setPendingWaLink] = 
useState<string | null>(null);
331|    const [isEditing, setIsEditing] = useState(false);
   |          ^
332|    const [editingBooking, setEditingBooking] = 
useState<EditBookingData | null>(null);
333|    const [isSurveyOpen, setIsSurveyOpen] = 
useState(false);

[33mThe symbol "setIsEditing" has already been declared[33m
329|    const [pendingConvId, setPendingConvId] = 
useState<string | null>(null);
330|    const [pendingWaLink, setPendingWaLink] = 
useState<string | null>(null);
331|    const [isEditing, setIsEditing] = useState(false);
   |          ^
332|    const [editingBooking, setEditingBooking] = 
useState<EditBookingData | null>(null);
333|    const [isSurveyOpen, setIsSurveyOpen] = 
useState(false);

[33mThe symbol "editingBooking" has already been 
declared[33m
330|    const [pendingWaLink, setPendingWaLink] = 
useState<string | null>(null);
331|    const [isEditing, setIsEditing] = useState(false);
332|    const [editingBooking, setEditingBooking] = 
useState<EditBookingData | null>(null);
   |          ^
333|    const [isSurveyOpen, setIsSurveyOpen] = 
useState(false);
334|    const [confirmWhatsAppOpen, setConfirmWhatsAppOpen] 
= useState(false);

[33mThe symbol "setEditingBooking" has already been 
declared[33m
330|    const [pendingWaLink, setPendingWaLink] = 
useState<string | null>(null);
331|    const [isEditing, setIsEditing] = useState(false);
332|    const [editingBooking, setEditingBooking] = 
useState<EditBookingData | null>(null);
   |          ^
333|    const [isSurveyOpen, setIsSurveyOpen] = 
useState(false);
334|    const [confirmWhatsAppOpen, setConfirmWhatsAppOpen] 
= useState(false);

[33mThe symbol "isSurveyOpen" has already been declared[33m
331|    const [isEditing, setIsEditing] = useState(false);
332|    const [editingBooking, setEditingBooking] = 
useState<EditBookingData | null>(null);
333|    const [isSurveyOpen, setIsSurveyOpen] = 
useState(false);
   |          ^
334|    const [confirmWhatsAppOpen, setConfirmWhatsAppOpen] 
= useState(false);
335|    const [pendingConvId, setPendingConvId] = 
useState<string | null>(null);

[33mThe symbol "setIsSurveyOpen" has already been 
declared[33m
331|    const [isEditing, setIsEditing] = useState(false);
332|    const [editingBooking, setEditingBooking] = 
useState<EditBookingData | null>(null);
333|    const [isSurveyOpen, setIsSurveyOpen] = 
useState(false);
   |          ^
334|    const [confirmWhatsAppOpen, setConfirmWhatsAppOpen] 
= useState(false);
335|    const [pendingConvId, setPendingConvId] = 
useState<string | null>(null);

[33mThe symbol "confirmWhatsAppOpen" has already been 
declared[33m
332|    const [editingBooking, setEditingBooking] = 
useState<EditBookingData | null>(null);
333|    const [isSurveyOpen, setIsSurveyOpen] = 
useState(false);
334|    const [confirmWhatsAppOpen, setConfirmWhatsAppOpen] 
= useState(false);
   |          ^
335|    const [pendingConvId, setPendingConvId] = 
useState<string | null>(null);
336|    const [pendingWaLink, setPendingWaLink] = 
useState<string | null>(null);

[33mThe symbol "setConfirmWhatsAppOpen" has already been 
declared[33m
332|    const [editingBooking, setEditingBooking] = 
useState<EditBookingData | null>(null);
333|    const [isSurveyOpen, setIsSurveyOpen] = 
useState(false);
334|    const [confirmWhatsAppOpen, setConfirmWhatsAppOpen] 
= useState(false);
   |          ^
335|    const [pendingConvId, setPendingConvId] = 
useState<string | null>(null);
336|    const [pendingWaLink, setPendingWaLink] = 
useState<string | null>(null);

[33mThe symbol "pendingConvId" has already been 
declared[33m
333|    const [isSurveyOpen, setIsSurveyOpen] = 
useState(false);
334|    const [confirmWhatsAppOpen, setConfirmWhatsAppOpen] 
= useState(false);
335|    const [pendingConvId, setPendingConvId] = 
useState<string | null>(null);
   |          ^
336|    const [pendingWaLink, setPendingWaLink] = 
useState<string | null>(null);
337|    const [isEditing, setIsEditing] = useState(false);

[33mThe symbol "setPendingConvId" has already been 
declared[33m
333|    const [isSurveyOpen, setIsSurveyOpen] = 
useState(false);
334|    const [confirmWhatsAppOpen, setConfirmWhatsAppOpen] 
= useState(false);
335|    const [pendingConvId, setPendingConvId] = 
useState<string | null>(null);
   |          ^
336|    const [pendingWaLink, setPendingWaLink] = 
useState<string | null>(null);
337|    const [isEditing, setIsEditing] = useState(false);

[33mThe symbol "pendingWaLink" has already been 
declared[33m
334|    const [confirmWhatsAppOpen, setConfirmWhatsAppOpen] 
= useState(false);
335|    const [pendingConvId, setPendingConvId] = 
useState<string | null>(null);
336|    const [pendingWaLink, setPendingWaLink] = 
useState<string | null>(null);
   |          ^
337|    const [isEditing, setIsEditing] = useState(false);
338|    const [editingBooking, setEditingBooking] = 
useState<EditBookingData | null>(null);

[33mThe symbol "setPendingWaLink" has already been 
declared[33m
334|    const [confirmWhatsAppOpen, setConfirmWhatsAppOpen] 
= useState(false);
335|    const [pendingConvId, setPendingConvId] = 
useState<string | null>(null);
336|    const [pendingWaLink, setPendingWaLink] = 
useState<string | null>(null);
   |          ^
337|    const [isEditing, setIsEditing] = useState(false);
338|    const [editingBooking, setEditingBooking] = 
useState<EditBookingData | null>(null);

[33mThe symbol "isEditing" has already been declared[33m
335|    const [pendingConvId, setPendingConvId] = 
useState<string | null>(null);
336|    const [pendingWaLink, setPendingWaLink] = 
useState<string | null>(null);
337|    const [isEditing, setIsEditing] = useState(false);
   |          ^
338|    const [editingBooking, setEditingBooking] = 
useState<EditBookingData | null>(null);
339|    const [isSurveyOpen, setIsSurveyOpen] = 
useState(false);

[33mThe symbol "setIsEditing" has already been declared[33m
335|    const [pendingConvId, setPendingConvId] = 
useState<string | null>(null);
336|    const [pendingWaLink, setPendingWaLink] = 
useState<string | null>(null);
337|    const [isEditing, setIsEditing] = useState(false);
   |          ^
338|    const [editingBooking, setEditingBooking] = 
useState<EditBookingData | null>(null);
339|    const [isSurveyOpen, setIsSurveyOpen] = 
useState(false);

[33mThe symbol "editingBooking" has already been 
declared[33m
336|    const [pendingWaLink, setPendingWaLink] = 
useState<string | null>(null);
337|    const [isEditing, setIsEditing] = useState(false);
338|    const [editingBooking, setEditingBooking] = 
useState<EditBookingData | null>(null);
   |          ^
339|    const [isSurveyOpen, setIsSurveyOpen] = 
useState(false);
340|    const [confirmWhatsAppOpen, setConfirmWhatsAppOpen] 
= useState(false);

[33mThe symbol "setEditingBooking" has already been 
declared[33m
336|    const [pendingWaLink, setPendingWaLink] = 
useState<string | null>(null);
337|    const [isEditing, setIsEditing] = useState(false);
338|    const [editingBooking, setEditingBooking] = 
useState<EditBookingData | null>(null);
   |          ^
339|    const [isSurveyOpen, setIsSurveyOpen] = 
useState(false);
340|    const [confirmWhatsAppOpen, setConfirmWhatsAppOpen] 
= useState(false);

[33mThe symbol "isSurveyOpen" has already been declared[33m
337|    const [isEditing, setIsEditing] = useState(false);
338|    const [editingBooking, setEditingBooking] = 
useState<EditBookingData | null>(null);
339|    const [isSurveyOpen, setIsSurveyOpen] = 
useState(false);
   |          ^
340|    const [confirmWhatsAppOpen, setConfirmWhatsAppOpen] 
= useState(false);
341|    const [pendingConvId, setPendingConvId] = 
useState<string | null>(null);

[33mThe symbol "setIsSurveyOpen" has already been 
declared[33m
337|    const [isEditing, setIsEditing] = useState(false);
338|    const [editingBooking, setEditingBooking] = 
useState<EditBookingData | null>(null);
339|    const [isSurveyOpen, setIsSurveyOpen] = 
useState(false);
   |          ^
340|    const [confirmWhatsAppOpen, setConfirmWhatsAppOpen] 
= useState(false);
341|    const [pendingConvId, setPendingConvId] = 
useState<string | null>(null);

[33mThe symbol "confirmWhatsAppOpen" has already been 
declared[33m
338|    const [editingBooking, setEditingBooking] = 
useState<EditBookingData | null>(null);
339|    const [isSurveyOpen, setIsSurveyOpen] = 
useState(false);
340|    const [confirmWhatsAppOpen, setConfirmWhatsAppOpen] 
= useState(false);
   |          ^
341|    const [pendingConvId, setPendingConvId] = 
useState<string | null>(null);
342|    const [pendingWaLink, setPendingWaLink] = 
useState<string | null>(null);

[33mThe symbol "setConfirmWhatsAppOpen" has already been 
declared[33m
338|    const [editingBooking, setEditingBooking] = 
useState<EditBookingData | null>(null);
339|    const [isSurveyOpen, setIsSurveyOpen] = 
useState(false);
340|    const [confirmWhatsAppOpen, setConfirmWhatsAppOpen] 
= useState(false);
   |          ^
341|    const [pendingConvId, setPendingConvId] = 
useState<string | null>(null);
342|    const [pendingWaLink, setPendingWaLink] = 
useState<string | null>(null);

[33mThe symbol "pendingConvId" has already been 
declared[33m
339|    const [isSurveyOpen, setIsSurveyOpen] = 
useState(false);
340|    const [confirmWhatsAppOpen, setConfirmWhatsAppOpen] 
= useState(false);
341|    const [pendingConvId, setPendingConvId] = 
useState<string | null>(null);
   |          ^
342|    const [pendingWaLink, setPendingWaLink] = 
useState<string | null>(null);
343|    const [isEditing, setIsEditing] = useState(false);

[33mThe symbol "setPendingConvId" has already been 
declared[33m
339|    const [isSurveyOpen, setIsSurveyOpen] = 
useState(false);
340|    const [confirmWhatsAppOpen, setConfirmWhatsAppOpen] 
= useState(false);
341|    const [pendingConvId, setPendingConvId] = 
useState<string | null>(null);
   |          ^
342|    const [pendingWaLink, setPendingWaLink] = 
useState<string | null>(null);
343|    const [isEditing, setIsEditing] = useState(false);

[33mThe symbol "pendingWaLink" has already been 
declared[33m
340|    const [confirmWhatsAppOpen, setConfirmWhatsAppOpen] 
= useState(false);
341|    const [pendingConvId, setPendingConvId] = 
useState<string | null>(null);
342|    const [pendingWaLink, setPendingWaLink] = 
useState<string | null>(null);
   |          ^
343|    const [isEditing, setIsEditing] = useState(false);
344|    const [editingBooking, setEditingBooking] = 
useState<EditBookingData | null>(null);

[33mThe symbol "setPendingWaLink" has already been 
declared[33m
340|    const [confirmWhatsAppOpen, setConfirmWhatsAppOpen] 
= useState(false);
341|    const [pendingConvId, setPendingConvId] = 
useState<string | null>(null);
342|    const [pendingWaLink, setPendingWaLink] = 
useState<string | null>(null);
   |          ^
343|    const [isEditing, setIsEditing] = useState(false);
344|    const [editingBooking, setEditingBooking] = 
useState<EditBookingData | null>(null);

[33mThe symbol "isEditing" has already been declared[33m
341|    const [pendingConvId, setPendingConvId] = 
useState<string | null>(null);
342|    const [pendingWaLink, setPendingWaLink] = 
useState<string | null>(null);
343|    const [isEditing, setIsEditing] = useState(false);
   |          ^
344|    const [editingBooking, setEditingBooking] = 
useState<EditBookingData | null>(null);
345|    const [isSurveyOpen, setIsSurveyOpen] = 
useState(false);

[33mThe symbol "setIsEditing" has already been declared[33m
341|    const [pendingConvId, setPendingConvId] = 
useState<string | null>(null);
342|    const [pendingWaLink, setPendingWaLink] = 
useState<string | null>(null);
343|    const [isEditing, setIsEditing] = useState(false);
   |          ^
344|    const [editingBooking, setEditingBooking] = 
useState<EditBookingData | null>(null);
345|    const [isSurveyOpen, setIsSurveyOpen] = 
useState(false);

[33mThe symbol "editingBooking" has already been 
declared[33m
342|    const [pendingWaLink, setPendingWaLink] = 
useState<string | null>(null);
343|    const [isEditing, setIsEditing] = useState(false);
344|    const [editingBooking, setEditingBooking] = 
useState<EditBookingData | null>(null);
   |          ^
345|    const [isSurveyOpen, setIsSurveyOpen] = 
useState(false);
346|    const [confirmWhatsAppOpen, setConfirmWhatsAppOpen] 
= useState(false);

[33mThe symbol "setEditingBooking" has already been 
declared[33m
342|    const [pendingWaLink, setPendingWaLink] = 
useState<string | null>(null);
343|    const [isEditing, setIsEditing] = useState(false);
344|    const [editingBooking, setEditingBooking] = 
useState<EditBookingData | null>(null);
   |          ^
345|    const [isSurveyOpen, setIsSurveyOpen] = 
useState(false);
346|    const [confirmWhatsAppOpen, setConfirmWhatsAppOpen] 
= useState(false);

[33mThe symbol "isSurveyOpen" has already been declared[33m
343|    const [isEditing, setIsEditing] = useState(false);
344|    const [editingBooking, setEditingBooking] = 
useState<EditBookingData | null>(null);
345|    const [isSurveyOpen, setIsSurveyOpen] = 
useState(false);
   |          ^
346|    const [confirmWhatsAppOpen, setConfirmWhatsAppOpen] 
= useState(false);
347|    const [pendingConvId, setPendingConvId] = 
useState<string | null>(null);

[33mThe symbol "setIsSurveyOpen" has already been 
declared[33m
343|    const [isEditing, setIsEditing] = useState(false);
344|    const [editingBooking, setEditingBooking] = 
useState<EditBookingData | null>(null);
345|    const [isSurveyOpen, setIsSurveyOpen] = 
useState(false);
   |          ^
346|    const [confirmWhatsAppOpen, setConfirmWhatsAppOpen] 
= useState(false);
347|    const [pendingConvId, setPendingConvId] = 
useState<string | null>(null);

[33mThe symbol "confirmWhatsAppOpen" has already been 
declared[33m
344|    const [editingBooking, setEditingBooking] = 
useState<EditBookingData | null>(null);
345|    const [isSurveyOpen, setIsSurveyOpen] = 
useState(false);
346|    const [confirmWhatsAppOpen, setConfirmWhatsAppOpen] 
= useState(false);
   |          ^
347|    const [pendingConvId, setPendingConvId] = 
useState<string | null>(null);
348|    const [pendingWaLink, setPendingWaLink] = 
useState<string | null>(null);

[33mThe symbol "setConfirmWhatsAppOpen" has already been 
declared[33m
344|    const [editingBooking, setEditingBooking] = 
useState<EditBookingData | null>(null);
345|    const [isSurveyOpen, setIsSurveyOpen] = 
useState(false);
346|    const [confirmWhatsAppOpen, setConfirmWhatsAppOpen] 
= useState(false);
   |          ^
347|    const [pendingConvId, setPendingConvId] = 
useState<string | null>(null);
348|    const [pendingWaLink, setPendingWaLink] = 
useState<string | null>(null);

[33mThe symbol "pendingConvId" has already been 
declared[33m
345|    const [isSurveyOpen, setIsSurveyOpen] = 
useState(false);
346|    const [confirmWhatsAppOpen, setConfirmWhatsAppOpen] 
= useState(false);
347|    const [pendingConvId, setPendingConvId] = 
useState<string | null>(null);
   |          ^
348|    const [pendingWaLink, setPendingWaLink] = 
useState<string | null>(null);
349|    const [isEditing, setIsEditing] = useState(false);

[33mThe symbol "setPendingConvId" has already been 
declared[33m
345|    const [isSurveyOpen, setIsSurveyOpen] = 
useState(false);
346|    const [confirmWhatsAppOpen, setConfirmWhatsAppOpen] 
= useState(false);
347|    const [pendingConvId, setPendingConvId] = 
useState<string | null>(null);
   |          ^
348|    const [pendingWaLink, setPendingWaLink] = 
useState<string | null>(null);
349|    const [isEditing, setIsEditing] = useState(false);

[33mThe symbol "pendingWaLink" has already been 
declared[33m
346|    const [confirmWhatsAppOpen, setConfirmWhatsAppOpen] 
= useState(false);
347|    const [pendingConvId, setPendingConvId] = 
useState<string | null>(null);
348|    const [pendingWaLink, setPendingWaLink] = 
useState<string | null>(null);
   |          ^
349|    const [isEditing, setIsEditing] = useState(false);
350|    const [editingBooking, setEditingBooking] = 
useState<EditBookingData | null>(null);

[33mThe symbol "setPendingWaLink" has already been 
declared[33m
346|    const [confirmWhatsAppOpen, setConfirmWhatsAppOpen] 
= useState(false);
347|    const [pendingConvId, setPendingConvId] = 
useState<string | null>(null);
348|    const [pendingWaLink, setPendingWaLink] = 
useState<string | null>(null);
   |          ^
349|    const [isEditing, setIsEditing] = useState(false);
350|    const [editingBooking, setEditingBooking] = 
useState<EditBookingData | null>(null);

[33mThe symbol "isEditing" has already been declared[33m
347|    const [pendingConvId, setPendingConvId] = 
useState<string | null>(null);
348|    const [pendingWaLink, setPendingWaLink] = 
useState<string | null>(null);
349|    const [isEditing, setIsEditing] = useState(false);
   |          ^
350|    const [editingBooking, setEditingBooking] = 
useState<EditBookingData | null>(null);
351|    const [isSurveyOpen, setIsSurveyOpen] = 
useState(false);

[33mThe symbol "setIsEditing" has already been declared[33m
347|    const [pendingConvId, setPendingConvId] = 
useState<string | null>(null);
348|    const [pendingWaLink, setPendingWaLink] = 
useState<string | null>(null);
349|    const [isEditing, setIsEditing] = useState(false);
   |          ^
350|    const [editingBooking, setEditingBooking] = 
useState<EditBookingData | null>(null);
351|    const [isSurveyOpen, setIsSurveyOpen] = 
useState(false);

[33mThe symbol "editingBooking" has already been 
declared[33m
348|    const [pendingWaLink, setPendingWaLink] = 
useState<string | null>(null);
349|    const [isEditing, setIsEditing] = useState(false);
350|    const [editingBooking, setEditingBooking] = 
useState<EditBookingData | null>(null);
   |          ^
351|    const [isSurveyOpen, setIsSurveyOpen] = 
useState(false);
352|    const [confirmWhatsAppOpen, setConfirmWhatsAppOpen] 
= useState(false);

[33mThe symbol "setEditingBooking" has already been 
declared[33m
348|    const [pendingWaLink, setPendingWaLink] = 
useState<string | null>(null);
349|    const [isEditing, setIsEditing] = useState(false);
350|    const [editingBooking, setEditingBooking] = 
useState<EditBookingData | null>(null);
   |          ^
351|    const [isSurveyOpen, setIsSurveyOpen] = 
useState(false);
352|    const [confirmWhatsAppOpen, setConfirmWhatsAppOpen] 
= useState(false);

[33mThe symbol "isSurveyOpen" has already been declared[33m
349|    const [isEditing, setIsEditing] = useState(false);
350|    const [editingBooking, setEditingBooking] = 
useState<EditBookingData | null>(null);
351|    const [isSurveyOpen, setIsSurveyOpen] = 
useState(false);
   |          ^
352|    const [confirmWhatsAppOpen, setConfirmWhatsAppOpen] 
= useState(false);
353|    const [pendingConvId, setPendingConvId] = 
useState<string | null>(null);

[33mThe symbol "setIsSurveyOpen" has already been 
declared[33m
349|    const [isEditing, setIsEditing] = useState(false);
350|    const [editingBooking, setEditingBooking] = 
useState<EditBookingData | null>(null);
351|    const [isSurveyOpen, setIsSurveyOpen] = 
useState(false);
   |          ^
352|    const [confirmWhatsAppOpen, setConfirmWhatsAppOpen] 
= useState(false);
353|    const [pendingConvId, setPendingConvId] = 
useState<string | null>(null);

[33mThe symbol "confirmWhatsAppOpen" has already been 
declared[33m
350|    const [editingBooking, setEditingBooking] = 
useState<EditBookingData | null>(null);
351|    const [isSurveyOpen, setIsSurveyOpen] = 
useState(false);
352|    const [confirmWhatsAppOpen, setConfirmWhatsAppOpen] 
= useState(false);
   |          ^
353|    const [pendingConvId, setPendingConvId] = 
useState<string | null>(null);
354|    const [pendingWaLink, setPendingWaLink] = 
useState<string | null>(null);

[33mThe symbol "setConfirmWhatsAppOpen" has already been 
declared[33m
350|    const [editingBooking, setEditingBooking] = 
useState<EditBookingData | null>(null);
351|    const [isSurveyOpen, setIsSurveyOpen] = 
useState(false);
352|    const [confirmWhatsAppOpen, setConfirmWhatsAppOpen] 
= useState(false);
   |          ^
353|    const [pendingConvId, setPendingConvId] = 
useState<string | null>(null);
354|    const [pendingWaLink, setPendingWaLink] = 
useState<string | null>(null);

[33mThe symbol "pendingConvId" has already been 
declared[33m
351|    const [isSurveyOpen, setIsSurveyOpen] = 
useState(false);
352|    const [confirmWhatsAppOpen, setConfirmWhatsAppOpen] 
= useState(false);
353|    const [pendingConvId, setPendingConvId] = 
useState<string | null>(null);
   |          ^
354|    const [pendingWaLink, setPendingWaLink] = 
useState<string | null>(null);
355|    const [isEditing, setIsEditing] = useState(false);

[33mThe symbol "setPendingConvId" has already been 
declared[33m
351|    const [isSurveyOpen, setIsSurveyOpen] = 
useState(false);
352|    const [confirmWhatsAppOpen, setConfirmWhatsAppOpen] 
= useState(false);
353|    const [pendingConvId, setPendingConvId] = 
useState<string | null>(null);
   |          ^
354|    const [pendingWaLink, setPendingWaLink] = 
useState<string | null>(null);
355|    const [isEditing, setIsEditing] = useState(false);

[33mThe symbol "pendingWaLink" has already been 
declared[33m
352|    const [confirmWhatsAppOpen, setConfirmWhatsAppOpen] 
= useState(false);
353|    const [pendingConvId, setPendingConvId] = 
useState<string | null>(null);
354|    const [pendingWaLink, setPendingWaLink] = 
useState<string | null>(null);
   |          ^
355|    const [isEditing, setIsEditing] = useState(false);
356|    const [editingBooking, setEditingBooking] = 
useState<EditBookingData | null>(null);

[33mThe symbol "setPendingWaLink" has already been 
declared[33m
352|    const [confirmWhatsAppOpen, setConfirmWhatsAppOpen] 
= useState(false);
353|    const [pendingConvId, setPendingConvId] = 
useState<string | null>(null);
354|    const [pendingWaLink, setPendingWaLink] = 
useState<string | null>(null);
   |          ^
355|    const [isEditing, setIsEditing] = useState(false);
356|    const [editingBooking, setEditingBooking] = 
useState<EditBookingData | null>(null);

[33mThe symbol "isEditing" has already been declared[33m
353|    const [pendingConvId, setPendingConvId] = 
useState<string | null>(null);
354|    const [pendingWaLink, setPendingWaLink] = 
useState<string | null>(null);
355|    const [isEditing, setIsEditing] = useState(false);
   |          ^
356|    const [editingBooking, setEditingBooking] = 
useState<EditBookingData | null>(null);
357|    const [isSurveyOpen, setIsSurveyOpen] = 
useState(false);

[33mThe symbol "setIsEditing" has already been declared[33m
353|    const [pendingConvId, setPendingConvId] = 
useState<string | null>(null);
354|    const [pendingWaLink, setPendingWaLink] = 
useState<string | null>(null);
355|    const [isEditing, setIsEditing] = useState(false);
   |          ^
356|    const [editingBooking, setEditingBooking] = 
useState<EditBookingData | null>(null);
357|    const [isSurveyOpen, setIsSurveyOpen] = 
useState(false);

[33mThe symbol "editingBooking" has already been 
declared[33m
354|    const [pendingWaLink, setPendingWaLink] = 
useState<string | null>(null);
355|    const [isEditing, setIsEditing] = useState(false);
356|    const [editingBooking, setEditingBooking] = 
useState<EditBookingData | null>(null);
   |          ^
357|    const [isSurveyOpen, setIsSurveyOpen] = 
useState(false);
358|    const [confirmWhatsAppOpen, setConfirmWhatsAppOpen] 
= useState(false);

[33mThe symbol "setEditingBooking" has already been 
declared[33m
354|    const [pendingWaLink, setPendingWaLink] = 
useState<string | null>(null);
355|    const [isEditing, setIsEditing] = useState(false);
356|    const [editingBooking, setEditingBooking] = 
useState<EditBookingData | null>(null);
   |          ^
357|    const [isSurveyOpen, setIsSurveyOpen] = 
useState(false);
358|    const [confirmWhatsAppOpen, setConfirmWhatsAppOpen] 
= useState(false);

[33mThe symbol "isSurveyOpen" has already been declared[33m
355|    const [isEditing, setIsEditing] = useState(false);
356|    const [editingBooking, setEditingBooking] = 
useState<EditBookingData | null>(null);
357|    const [isSurveyOpen, setIsSurveyOpen] = 
useState(false);
   |          ^
358|    const [confirmWhatsAppOpen, setConfirmWhatsAppOpen] 
= useState(false);
359|    const [pendingConvId, setPendingConvId] = 
useState<string | null>(null);

[33mThe symbol "setIsSurveyOpen" has already been 
declared[33m
355|    const [isEditing, setIsEditing] = useState(false);
356|    const [editingBooking, setEditingBooking] = 
useState<EditBookingData | null>(null);
357|    const [isSurveyOpen, setIsSurveyOpen] = 
useState(false);
   |          ^
358|    const [confirmWhatsAppOpen, setConfirmWhatsAppOpen] 
= useState(false);
359|    const [pendingConvId, setPendingConvId] = 
useState<string | null>(null);

[33mThe symbol "confirmWhatsAppOpen" has already been 
declared[33m
356|    const [editingBooking, setEditingBooking] = 
useState<EditBookingData | null>(null);
357|    const [isSurveyOpen, setIsSurveyOpen] = 
useState(false);
358|    const [confirmWhatsAppOpen, setConfirmWhatsAppOpen] 
= useState(false);
   |          ^
359|    const [pendingConvId, setPendingConvId] = 
useState<string | null>(null);
360|    const [pendingWaLink, setPendingWaLink] = 
useState<string | null>(null);

[33mThe symbol "setConfirmWhatsAppOpen" has already been 
declared[33m
356|    const [editingBooking, setEditingBooking] = 
useState<EditBookingData | null>(null);
357|    const [isSurveyOpen, setIsSurveyOpen] = 
useState(false);
358|    const [confirmWhatsAppOpen, setConfirmWhatsAppOpen] 
= useState(false);
   |          ^
359|    const [pendingConvId, setPendingConvId] = 
useState<string | null>(null);
360|    const [pendingWaLink, setPendingWaLink] = 
useState<string | null>(null);

[33mThe symbol "pendingConvId" has already been 
declared[33m
357|    const [isSurveyOpen, setIsSurveyOpen] = 
useState(false);
358|    const [confirmWhatsAppOpen, setConfirmWhatsAppOpen] 
= useState(false);
359|    const [pendingConvId, setPendingConvId] = 
useState<string | null>(null);
   |          ^
360|    const [pendingWaLink, setPendingWaLink] = 
useState<string | null>(null);
361|    const [isEditing, setIsEditing] = useState(false);

[33mThe symbol "setPendingConvId" has already been 
declared[33m
357|    const [isSurveyOpen, setIsSurveyOpen] = 
useState(false);
358|    const [confirmWhatsAppOpen, setConfirmWhatsAppOpen] 
= useState(false);
359|    const [pendingConvId, setPendingConvId] = 
useState<string | null>(null);
   |          ^
360|    const [pendingWaLink, setPendingWaLink] = 
useState<string | null>(null);
361|    const [isEditing, setIsEditing] = useState(false);

[33mThe symbol "pendingWaLink" has already been 
declared[33m
358|    const [confirmWhatsAppOpen, setConfirmWhatsAppOpen] 
= useState(false);
359|    const [pendingConvId, setPendingConvId] = 
useState<string | null>(null);
360|    const [pendingWaLink, setPendingWaLink] = 
useState<string | null>(null);
   |          ^
361|    const [isEditing, setIsEditing] = useState(false);
362|    const [editingBooking, setEditingBooking] = 
useState<EditBookingData | null>(null);

[33mThe symbol "setPendingWaLink" has already been 
declared[33m
358|    const [confirmWhatsAppOpen, setConfirmWhatsAppOpen] 
= useState(false);
359|    const [pendingConvId, setPendingConvId] = 
useState<string | null>(null);
360|    const [pendingWaLink, setPendingWaLink] = 
useState<string | null>(null);
   |          ^
361|    const [isEditing, setIsEditing] = useState(false);
362|    const [editingBooking, setEditingBooking] = 
useState<EditBookingData | null>(null);

[33mThe symbol "isEditing" has already been declared[33m
359|    const [pendingConvId, setPendingConvId] = 
useState<string | null>(null);
360|    const [pendingWaLink, setPendingWaLink] = 
useState<string | null>(null);
361|    const [isEditing, setIsEditing] = useState(false);
   |          ^
362|    const [editingBooking, setEditingBooking] = 
useState<EditBookingData | null>(null);
363|    const [isSurveyOpen, setIsSurveyOpen] = 
useState(false);

[33mThe symbol "setIsEditing" has already been declared[33m
359|    const [pendingConvId, setPendingConvId] = 
useState<string | null>(null);
360|    const [pendingWaLink, setPendingWaLink] = 
useState<string | null>(null);
361|    const [isEditing, setIsEditing] = useState(false);
   |          ^
362|    const [editingBooking, setEditingBooking] = 
useState<EditBookingData | null>(null);
363|    const [isSurveyOpen, setIsSurveyOpen] = 
useState(false);

[33mThe symbol "editingBooking" has already been 
declared[33m
360|    const [pendingWaLink, setPendingWaLink] = 
useState<string | null>(null);
361|    const [isEditing, setIsEditing] = useState(false);
362|    const [editingBooking, setEditingBooking] = 
useState<EditBookingData | null>(null);
   |          ^
363|    const [isSurveyOpen, setIsSurveyOpen] = 
useState(false);
364|    const [confirmWhatsAppOpen, setConfirmWhatsAppOpen] 
= useState(false);

[33mThe symbol "setEditingBooking" has already been 
declared[33m
360|    const [pendingWaLink, setPendingWaLink] = 
useState<string | null>(null);
361|    const [isEditing, setIsEditing] = useState(false);
362|    const [editingBooking, setEditingBooking] = 
useState<EditBookingData | null>(null);
   |          ^
363|    const [isSurveyOpen, setIsSurveyOpen] = 
useState(false);
364|    const [confirmWhatsAppOpen, setConfirmWhatsAppOpen] 
= useState(false);

[33mThe symbol "isSurveyOpen" has already been declared[33m
361|    const [isEditing, setIsEditing] = useState(false);
362|    const [editingBooking, setEditingBooking] = 
useState<EditBookingData | null>(null);
363|    const [isSurveyOpen, setIsSurveyOpen] = 
useState(false);
   |          ^
364|    const [confirmWhatsAppOpen, setConfirmWhatsAppOpen] 
= useState(false);
365|    const [pendingConvId, setPendingConvId] = 
useState<string | null>(null);

[33mThe symbol "setIsSurveyOpen" has already been 
declared[33m
361|    const [isEditing, setIsEditing] = useState(false);
362|    const [editingBooking, setEditingBooking] = 
useState<EditBookingData | null>(null);
363|    const [isSurveyOpen, setIsSurveyOpen] = 
useState(false);
   |          ^
364|    const [confirmWhatsAppOpen, setConfirmWhatsAppOpen] 
= useState(false);
365|    const [pendingConvId, setPendingConvId] = 
useState<string | null>(null);

[33mThe symbol "confirmWhatsAppOpen" has already been 
declared[33m
362|    const [editingBooking, setEditingBooking] = 
useState<EditBookingData | null>(null);
363|    const [isSurveyOpen, setIsSurveyOpen] = 
useState(false);
364|    const [confirmWhatsAppOpen, setConfirmWhatsAppOpen] 
= useState(false);
   |          ^
365|    const [pendingConvId, setPendingConvId] = 
useState<string | null>(null);
366|    const [pendingWaLink, setPendingWaLink] = 
useState<string | null>(null);

[33mThe symbol "setConfirmWhatsAppOpen" has already been 
declared[33m
362|    const [editingBooking, setEditingBooking] = 
useState<EditBookingData | null>(null);
363|    const [isSurveyOpen, setIsSurveyOpen] = 
useState(false);
364|    const [confirmWhatsAppOpen, setConfirmWhatsAppOpen] 
= useState(false);
   |          ^
365|    const [pendingConvId, setPendingConvId] = 
useState<string | null>(null);
366|    const [pendingWaLink, setPendingWaLink] = 
useState<string | null>(null);

[33mThe symbol "pendingConvId" has already been 
declared[33m
363|    const [isSurveyOpen, setIsSurveyOpen] = 
useState(false);
364|    const [confirmWhatsAppOpen, setConfirmWhatsAppOpen] 
= useState(false);
365|    const [pendingConvId, setPendingConvId] = 
useState<string | null>(null);
   |          ^
366|    const [pendingWaLink, setPendingWaLink] = 
useState<string | null>(null);
367|    const [isEditing, setIsEditing] = useState(false);

[33mThe symbol "setPendingConvId" has already been 
declared[33m
363|    const [isSurveyOpen, setIsSurveyOpen] = 
useState(false);
364|    const [confirmWhatsAppOpen, setConfirmWhatsAppOpen] 
= useState(false);
365|    const [pendingConvId, setPendingConvId] = 
useState<string | null>(null);
   |          ^
366|    const [pendingWaLink, setPendingWaLink] = 
useState<string | null>(null);
367|    const [isEditing, setIsEditing] = useState(false);

[33mThe symbol "pendingWaLink" has already been 
declared[33m
364|    const [confirmWhatsAppOpen, setConfirmWhatsAppOpen] 
= useState(false);
365|    const [pendingConvId, setPendingConvId] = 
useState<string | null>(null);
366|    const [pendingWaLink, setPendingWaLink] = 
useState<string | null>(null);
   |          ^
367|    const [isEditing, setIsEditing] = useState(false);
368|    const [editingBooking, setEditingBooking] = 
useState<EditBookingData | null>(null);

[33mThe symbol "setPendingWaLink" has already been 
declared[33m
364|    const [confirmWhatsAppOpen, setConfirmWhatsAppOpen] 
= useState(false);
365|    const [pendingConvId, setPendingConvId] = 
useState<string | null>(null);
366|    const [pendingWaLink, setPendingWaLink] = 
useState<string | null>(null);
   |          ^
367|    const [isEditing, setIsEditing] = useState(false);
368|    const [editingBooking, setEditingBooking] = 
useState<EditBookingData | null>(null);

[33mThe symbol "isEditing" has already been declared[33m
365|    const [pendingConvId, setPendingConvId] = 
useState<string | null>(null);
366|    const [pendingWaLink, setPendingWaLink] = 
useState<string | null>(null);
367|    const [isEditing, setIsEditing] = useState(false);
   |          ^
368|    const [editingBooking, setEditingBooking] = 
useState<EditBookingData | null>(null);
369|    const [isSurveyOpen, setIsSurveyOpen] = 
useState(false);

[33mThe symbol "setIsEditing" has already been declared[33m
365|    const [pendingConvId, setPendingConvId] = 
useState<string | null>(null);
366|    const [pendingWaLink, setPendingWaLink] = 
useState<string | null>(null);
367|    const [isEditing, setIsEditing] = useState(false);
   |          ^
368|    const [editingBooking, setEditingBooking] = 
useState<EditBookingData | null>(null);
369|    const [isSurveyOpen, setIsSurveyOpen] = 
useState(false);

[33mThe symbol "editingBooking" has already been 
declared[33m
366|    const [pendingWaLink, setPendingWaLink] = 
useState<string | null>(null);
367|    const [isEditing, setIsEditing] = useState(false);
368|    const [editingBooking, setEditingBooking] = 
useState<EditBookingData | null>(null);
   |          ^
369|    const [isSurveyOpen, setIsSurveyOpen] = 
useState(false);
370|    const [confirmWhatsAppOpen, setConfirmWhatsAppOpen] 
= useState(false);

[33mThe symbol "setEditingBooking" has already been 
declared[33m
366|    const [pendingWaLink, setPendingWaLink] = 
useState<string | null>(null);
367|    const [isEditing, setIsEditing] = useState(false);
368|    const [editingBooking, setEditingBooking] = 
useState<EditBookingData | null>(null);
   |          ^
369|    const [isSurveyOpen, setIsSurveyOpen] = 
useState(false);
370|    const [confirmWhatsAppOpen, setConfirmWhatsAppOpen] 
= useState(false);

[33mThe symbol "isSurveyOpen" has already been declared[33m
367|    const [isEditing, setIsEditing] = useState(false);
368|    const [editingBooking, setEditingBooking] = 
useState<EditBookingData | null>(null);
369|    const [isSurveyOpen, setIsSurveyOpen] = 
useState(false);
   |          ^
370|    const [confirmWhatsAppOpen, setConfirmWhatsAppOpen] 
= useState(false);
371|    const [pendingConvId, setPendingConvId] = 
useState<string | null>(null);

[33mThe symbol "setIsSurveyOpen" has already been 
declared[33m
367|    const [isEditing, setIsEditing] = useState(false);
368|    const [editingBooking, setEditingBooking] = 
useState<EditBookingData | null>(null);
369|    const [isSurveyOpen, setIsSurveyOpen] = 
useState(false);
   |          ^
370|    const [confirmWhatsAppOpen, setConfirmWhatsAppOpen] 
= useState(false);
371|    const [pendingConvId, setPendingConvId] = 
useState<string | null>(null);

[33mThe symbol "confirmWhatsAppOpen" has already been 
declared[33m
368|    const [editingBooking, setEditingBooking] = 
useState<EditBookingData | null>(null);
369|    const [isSurveyOpen, setIsSurveyOpen] = 
useState(false);
370|    const [confirmWhatsAppOpen, setConfirmWhatsAppOpen] 
= useState(false);
   |          ^
371|    const [pendingConvId, setPendingConvId] = 
useState<string | null>(null);
372|    const [pendingWaLink, setPendingWaLink] = 
useState<string | null>(null);

[33mThe symbol "setConfirmWhatsAppOpen" has already been 
declared[33m
368|    const [editingBooking, setEditingBooking] = 
useState<EditBookingData | null>(null);
369|    const [isSurveyOpen, setIsSurveyOpen] = 
useState(false);
370|    const [confirmWhatsAppOpen, setConfirmWhatsAppOpen] 
= useState(false);
   |          ^
371|    const [pendingConvId, setPendingConvId] = 
useState<string | null>(null);
372|    const [pendingWaLink, setPendingWaLink] = 
useState<string | null>(null);

[33mThe symbol "pendingConvId" has already been 
declared[33m
369|    const [isSurveyOpen, setIsSurveyOpen] = 
useState(false);
370|    const [confirmWhatsAppOpen, setConfirmWhatsAppOpen] 
= useState(false);
371|    const [pendingConvId, setPendingConvId] = 
useState<string | null>(null);
   |          ^
372|    const [pendingWaLink, setPendingWaLink] = 
useState<string | null>(null);
373|    const [isEditing, setIsEditing] = useState(false);

[33mThe symbol "setPendingConvId" has already been 
declared[33m
369|    const [isSurveyOpen, setIsSurveyOpen] = 
useState(false);
370|    const [confirmWhatsAppOpen, setConfirmWhatsAppOpen] 
= useState(false);
371|    const [pendingConvId, setPendingConvId] = 
useState<string | null>(null);
   |          ^
372|    const [pendingWaLink, setPendingWaLink] = 
useState<string | null>(null);
373|    const [isEditing, setIsEditing] = useState(false);

[33mThe symbol "pendingWaLink" has already been 
declared[33m
370|    const [confirmWhatsAppOpen, setConfirmWhatsAppOpen] 
= useState(false);
371|    const [pendingConvId, setPendingConvId] = 
useState<string | null>(null);
372|    const [pendingWaLink, setPendingWaLink] = 
useState<string | null>(null);
   |          ^
373|    const [isEditing, setIsEditing] = useState(false);
374|    const [editingBooking, setEditingBooking] = 
useState<EditBookingData | null>(null);

[33mThe symbol "setPendingWaLink" has already been 
declared[33m
370|    const [confirmWhatsAppOpen, setConfirmWhatsAppOpen] 
= useState(false);
371|    const [pendingConvId, setPendingConvId] = 
useState<string | null>(null);
372|    const [pendingWaLink, setPendingWaLink] = 
useState<string | null>(null);
   |          ^
373|    const [isEditing, setIsEditing] = useState(false);
374|    const [editingBooking, setEditingBooking] = 
useState<EditBookingData | null>(null);

[33mThe symbol "isEditing" has already been declared[33m
371|    const [pendingConvId, setPendingConvId] = 
useState<string | null>(null);
372|    const [pendingWaLink, setPendingWaLink] = 
useState<string | null>(null);
373|    const [isEditing, setIsEditing] = useState(false);
   |          ^
374|    const [editingBooking, setEditingBooking] = 
useState<EditBookingData | null>(null);
375|    const [isSurveyOpen, setIsSurveyOpen] = 
useState(false);

[33mThe symbol "setIsEditing" has already been declared[33m
371|    const [pendingConvId, setPendingConvId] = 
useState<string | null>(null);
372|    const [pendingWaLink, setPendingWaLink] = 
useState<string | null>(null);
373|    const [isEditing, setIsEditing] = useState(false);
   |          ^
374|    const [editingBooking, setEditingBooking] = 
useState<EditBookingData | null>(null);
375|    const [isSurveyOpen, setIsSurveyOpen] = 
useState(false);

[33mThe symbol "editingBooking" has already been 
declared[33m
372|    const [pendingWaLink, setPendingWaLink] = 
useState<string | null>(null);
373|    const [isEditing, setIsEditing] = useState(false);
374|    const [editingBooking, setEditingBooking] = 
useState<EditBookingData | null>(null);
   |          ^
375|    const [isSurveyOpen, setIsSurveyOpen] = 
useState(false);
376|    const [confirmWhatsAppOpen, setConfirmWhatsAppOpen] 
= useState(false);

[33mThe symbol "setEditingBooking" has already been 
declared[33m
372|    const [pendingWaLink, setPendingWaLink] = 
useState<string | null>(null);
373|    const [isEditing, setIsEditing] = useState(false);
374|    const [editingBooking, setEditingBooking] = 
useState<EditBookingData | null>(null);
   |          ^
375|    const [isSurveyOpen, setIsSurveyOpen] = 
useState(false);
376|    const [confirmWhatsAppOpen, setConfirmWhatsAppOpen] 
= useState(false);

[33mThe symbol "isSurveyOpen" has already been declared[33m
373|    const [isEditing, setIsEditing] = useState(false);
374|    const [editingBooking, setEditingBooking] = 
useState<EditBookingData | null>(null);
375|    const [isSurveyOpen, setIsSurveyOpen] = 
useState(false);
   |          ^
376|    const [confirmWhatsAppOpen, setConfirmWhatsAppOpen] 
= useState(false);
377|    const [pendingConvId, setPendingConvId] = 
useState<string | null>(null);

[33mThe symbol "setIsSurveyOpen" has already been 
declared[33m
373|    const [isEditing, setIsEditing] = useState(false);
374|    const [editingBooking, setEditingBooking] = 
useState<EditBookingData | null>(null);
375|    const [isSurveyOpen, setIsSurveyOpen] = 
useState(false);
   |          ^
376|    const [confirmWhatsAppOpen, setConfirmWhatsAppOpen] 
= useState(false);
377|    const [pendingConvId, setPendingConvId] = 
useState<string | null>(null);

[33mThe symbol "confirmWhatsAppOpen" has already been 
declared[33m
374|    const [editingBooking, setEditingBooking] = 
useState<EditBookingData | null>(null);
375|    const [isSurveyOpen, setIsSurveyOpen] = 
useState(false);
376|    const [confirmWhatsAppOpen, setConfirmWhatsAppOpen] 
= useState(false);
   |          ^
377|    const [pendingConvId, setPendingConvId] = 
useState<string | null>(null);
378|    const [pendingWaLink, setPendingWaLink] = 
useState<string | null>(null);

[33mThe symbol "setConfirmWhatsAppOpen" has already been 
declared[33m
374|    const [editingBooking, setEditingBooking] = 
useState<EditBookingData | null>(null);
375|    const [isSurveyOpen, setIsSurveyOpen] = 
useState(false);
376|    const [confirmWhatsAppOpen, setConfirmWhatsAppOpen] 
= useState(false);
   |          ^
377|    const [pendingConvId, setPendingConvId] = 
useState<string | null>(null);
378|    const [pendingWaLink, setPendingWaLink] = 
useState<string | null>(null);

[33mThe symbol "pendingConvId" has already been 
declared[33m
375|    const [isSurveyOpen, setIsSurveyOpen] = 
useState(false);
376|    const [confirmWhatsAppOpen, setConfirmWhatsAppOpen] 
= useState(false);
377|    const [pendingConvId, setPendingConvId] = 
useState<string | null>(null);
   |          ^
378|    const [pendingWaLink, setPendingWaLink] = 
useState<string | null>(null);
379|    const [isEditing, setIsEditing] = useState(false);

[33mThe symbol "setPendingConvId" has already been 
declared[33m
375|    const [isSurveyOpen, setIsSurveyOpen] = 
useState(false);
376|    const [confirmWhatsAppOpen, setConfirmWhatsAppOpen] 
= useState(false);
377|    const [pendingConvId, setPendingConvId] = 
useState<string | null>(null);
   |          ^
378|    const [pendingWaLink, setPendingWaLink] = 
useState<string | null>(null);
379|    const [isEditing, setIsEditing] = useState(false);

[33mThe symbol "pendingWaLink" has already been 
declared[33m
376|    const [confirmWhatsAppOpen, setConfirmWhatsAppOpen] 
= useState(false);
377|    const [pendingConvId, setPendingConvId] = 
useState<string | null>(null);
378|    const [pendingWaLink, setPendingWaLink] = 
useState<string | null>(null);
   |          ^
379|    const [isEditing, setIsEditing] = useState(false);
380|    const [editingBooking, setEditingBooking] = 
useState<EditBookingData | null>(null);

[33mThe symbol "setPendingWaLink" has already been 
declared[33m
376|    const [confirmWhatsAppOpen, setConfirmWhatsAppOpen] 
= useState(false);
377|    const [pendingConvId, setPendingConvId] = 
useState<string | null>(null);
378|    const [pendingWaLink, setPendingWaLink] = 
useState<string | null>(null);
   |          ^
379|    const [isEditing, setIsEditing] = useState(false);
380|    const [editingBooking, setEditingBooking] = 
useState<EditBookingData | null>(null);

[33mThe symbol "isEditing" has already been declared[33m
377|    const [pendingConvId, setPendingConvId] = 
useState<string | null>(null);
378|    const [pendingWaLink, setPendingWaLink] = 
useState<string | null>(null);
379|    const [isEditing, setIsEditing] = useState(false);
   |          ^
380|    const [editingBooking, setEditingBooking] = 
useState<EditBookingData | null>(null);
381|    const [isSurveyOpen, setIsSurveyOpen] = 
useState(false);

[33mThe symbol "setIsEditing" has already been declared[33m
377|    const [pendingConvId, setPendingConvId] = 
useState<string | null>(null);
378|    const [pendingWaLink, setPendingWaLink] = 
useState<string | null>(null);
379|    const [isEditing, setIsEditing] = useState(false);
   |          ^
380|    const [editingBooking, setEditingBooking] = 
useState<EditBookingData | null>(null);
381|    const [isSurveyOpen, setIsSurveyOpen] = 
useState(false);

[33mThe symbol "editingBooking" has already been 
declared[33m
378|    const [pendingWaLink, setPendingWaLink] = 
useState<string | null>(null);
379|    const [isEditing, setIsEditing] = useState(false);
380|    const [editingBooking, setEditingBooking] = 
useState<EditBookingData | null>(null);
   |          ^
381|    const [isSurveyOpen, setIsSurveyOpen] = 
useState(false);
382|    const [confirmWhatsAppOpen, setConfirmWhatsAppOpen] 
= useState(false);

[33mThe symbol "setEditingBooking" has already been 
declared[33m
378|    const [pendingWaLink, setPendingWaLink] = 
useState<string | null>(null);
379|    const [isEditing, setIsEditing] = useState(false);
380|    const [editingBooking, setEditingBooking] = 
useState<EditBookingData | null>(null);
   |          ^
381|    const [isSurveyOpen, setIsSurveyOpen] = 
useState(false);
382|    const [confirmWhatsAppOpen, setConfirmWhatsAppOpen] 
= useState(false);

[33mThe symbol "isSurveyOpen" has already been declared[33m
379|    const [isEditing, setIsEditing] = useState(false);
380|    const [editingBooking, setEditingBooking] = 
useState<EditBookingData | null>(null);
381|    const [isSurveyOpen, setIsSurveyOpen] = 
useState(false);
   |          ^
382|    const [confirmWhatsAppOpen, setConfirmWhatsAppOpen] 
= useState(false);
383|    const [pendingConvId, setPendingConvId] = 
useState<string | null>(null);

[33mThe symbol "setIsSurveyOpen" has already been 
declared[33m
379|    const [isEditing, setIsEditing] = useState(false);
380|    const [editingBooking, setEditingBooking] = 
useState<EditBookingData | null>(null);
381|    const [isSurveyOpen, setIsSurveyOpen] = 
useState(false);
   |          ^
382|    const [confirmWhatsAppOpen, setConfirmWhatsAppOpen] 
= useState(false);
383|    const [pendingConvId, setPendingConvId] = 
useState<string | null>(null);

[33mThe symbol "confirmWhatsAppOpen" has already been 
declared[33m
380|    const [editingBooking, setEditingBooking] = 
useState<EditBookingData | null>(null);
381|    const [isSurveyOpen, setIsSurveyOpen] = 
useState(false);
382|    const [confirmWhatsAppOpen, setConfirmWhatsAppOpen] 
= useState(false);
   |          ^
383|    const [pendingConvId, setPendingConvId] = 
useState<string | null>(null);
384|    const [pendingWaLink, setPendingWaLink] = 
useState<string | null>(null);

[33mThe symbol "setConfirmWhatsAppOpen" has already been 
declared[33m
380|    const [editingBooking, setEditingBooking] = 
useState<EditBookingData | null>(null);
381|    const [isSurveyOpen, setIsSurveyOpen] = 
useState(false);
382|    const [confirmWhatsAppOpen, setConfirmWhatsAppOpen] 
= useState(false);
   |          ^
383|    const [pendingConvId, setPendingConvId] = 
useState<string | null>(null);
384|    const [pendingWaLink, setPendingWaLink] = 
useState<string | null>(null);

[33mThe symbol "pendingConvId" has already been 
declared[33m
381|    const [isSurveyOpen, setIsSurveyOpen] = 
useState(false);
382|    const [confirmWhatsAppOpen, setConfirmWhatsAppOpen] 
= useState(false);
383|    const [pendingConvId, setPendingConvId] = 
useState<string | null>(null);
   |          ^
384|    const [pendingWaLink, setPendingWaLink] = 
useState<string | null>(null);
385|    const [isEditing, setIsEditing] = useState(false);

[33mThe symbol "setPendingConvId" has already been 
declared[33m
381|    const [isSurveyOpen, setIsSurveyOpen] = 
useState(false);
382|    const [confirmWhatsAppOpen, setConfirmWhatsAppOpen] 
= useState(false);
383|    const [pendingConvId, setPendingConvId] = 
useState<string | null>(null);
   |          ^
384|    const [pendingWaLink, setPendingWaLink] = 
useState<string | null>(null);
385|    const [isEditing, setIsEditing] = useState(false);

[33mThe symbol "pendingWaLink" has already been 
declared[33m
382|    const [confirmWhatsAppOpen, setConfirmWhatsAppOpen] 
= useState(false);
383|    const [pendingConvId, setPendingConvId] = 
useState<string | null>(null);
384|    const [pendingWaLink, setPendingWaLink] = 
useState<string | null>(null);
   |          ^
385|    const [isEditing, setIsEditing] = useState(false);
386|    const [editingBooking, setEditingBooking] = 
useState<EditBookingData | null>(null);

[33mThe symbol "setPendingWaLink" has already been 
declared[33m
382|    const [confirmWhatsAppOpen, setConfirmWhatsAppOpen] 
= useState(false);
383|    const [pendingConvId, setPendingConvId] = 
useState<string | null>(null);
384|    const [pendingWaLink, setPendingWaLink] = 
useState<string | null>(null);
   |          ^
385|    const [isEditing, setIsEditing] = useState(false);
386|    const [editingBooking, setEditingBooking] = 
useState<EditBookingData | null>(null);

[33mThe symbol "isEditing" has already been declared[33m
383|    const [pendingConvId, setPendingConvId] = 
useState<string | null>(null);
384|    const [pendingWaLink, setPendingWaLink] = 
useState<string | null>(null);
385|    const [isEditing, setIsEditing] = useState(false);
   |          ^
386|    const [editingBooking, setEditingBooking] = 
useState<EditBookingData | null>(null);
387|    const [isSurveyOpen, setIsSurveyOpen] = 
useState(false);

[33mThe symbol "setIsEditing" has already been declared[33m
383|    const [pendingConvId, setPendingConvId] = 
useState<string | null>(null);
384|    const [pendingWaLink, setPendingWaLink] = 
useState<string | null>(null);
385|    const [isEditing, setIsEditing] = useState(false);
   |          ^
386|    const [editingBooking, setEditingBooking] = 
useState<EditBookingData | null>(null);
387|    const [isSurveyOpen, setIsSurveyOpen] = 
useState(false);

[33mThe symbol "editingBooking" has already been 
declared[33m
384|    const [pendingWaLink, setPendingWaLink] = 
useState<string | null>(null);
385|    const [isEditing, setIsEditing] = useState(false);
386|    const [editingBooking, setEditingBooking] = 
useState<EditBookingData | null>(null);
   |          ^
387|    const [isSurveyOpen, setIsSurveyOpen] = 
useState(false);
388|    const [confirmWhatsAppOpen, setConfirmWhatsAppOpen] 
= useState(false);

[33mThe symbol "setEditingBooking" has already been 
declared[33m
384|    const [pendingWaLink, setPendingWaLink] = 
useState<string | null>(null);
385|    const [isEditing, setIsEditing] = useState(false);
386|    const [editingBooking, setEditingBooking] = 
useState<EditBookingData | null>(null);
   |          ^
387|    const [isSurveyOpen, setIsSurveyOpen] = 
useState(false);
388|    const [confirmWhatsAppOpen, setConfirmWhatsAppOpen] 
= useState(false);

[33mThe symbol "isSurveyOpen" has already been declared[33m
385|    const [isEditing, setIsEditing] = useState(false);
386|    const [editingBooking, setEditingBooking] = 
useState<EditBookingData | null>(null);
387|    const [isSurveyOpen, setIsSurveyOpen] = 
useState(false);
   |          ^
388|    const [confirmWhatsAppOpen, setConfirmWhatsAppOpen] 
= useState(false);
389|    const [pendingConvId, setPendingConvId] = 
useState<string | null>(null);

[33mThe symbol "setIsSurveyOpen" has already been 
declared[33m
385|    const [isEditing, setIsEditing] = useState(false);
386|    const [editingBooking, setEditingBooking] = 
useState<EditBookingData | null>(null);
387|    const [isSurveyOpen, setIsSurveyOpen] = 
useState(false);
   |          ^
388|    const [confirmWhatsAppOpen, setConfirmWhatsAppOpen] 
= useState(false);
389|    const [pendingConvId, setPendingConvId] = 
useState<string | null>(null);

[33mThe symbol "confirmWhatsAppOpen" has already been 
declared[33m
386|    const [editingBooking, setEditingBooking] = 
useState<EditBookingData | null>(null);
387|    const [isSurveyOpen, setIsSurveyOpen] = 
useState(false);
388|    const [confirmWhatsAppOpen, setConfirmWhatsAppOpen] 
= useState(false);
   |          ^
389|    const [pendingConvId, setPendingConvId] = 
useState<string | null>(null);
390|    const [pendingWaLink, setPendingWaLink] = 
useState<string | null>(null);

[33mThe symbol "setConfirmWhatsAppOpen" has already been 
declared[33m
386|    const [editingBooking, setEditingBooking] = 
useState<EditBookingData | null>(null);
387|    const [isSurveyOpen, setIsSurveyOpen] = 
useState(false);
388|    const [confirmWhatsAppOpen, setConfirmWhatsAppOpen] 
= useState(false);
   |          ^
389|    const [pendingConvId, setPendingConvId] = 
useState<string | null>(null);
390|    const [pendingWaLink, setPendingWaLink] = 
useState<string | null>(null);

[33mThe symbol "pendingConvId" has already been 
declared[33m
387|    const [isSurveyOpen, setIsSurveyOpen] = 
useState(false);
388|    const [confirmWhatsAppOpen, setConfirmWhatsAppOpen] 
= useState(false);
389|    const [pendingConvId, setPendingConvId] = 
useState<string | null>(null);
   |          ^
390|    const [pendingWaLink, setPendingWaLink] = 
useState<string | null>(null);
391|    const [isEditing, setIsEditing] = useState(false);

[33mThe symbol "setPendingConvId" has already been 
declared[33m
387|    const [isSurveyOpen, setIsSurveyOpen] = 
useState(false);
388|    const [confirmWhatsAppOpen, setConfirmWhatsAppOpen] 
= useState(false);
389|    const [pendingConvId, setPendingConvId] = 
useState<string | null>(null);
   |          ^
390|    const [pendingWaLink, setPendingWaLink] = 
useState<string | null>(null);
391|    const [isEditing, setIsEditing] = useState(false);

[33mThe symbol "pendingWaLink" has already been 
declared[33m
388|    const [confirmWhatsAppOpen, setConfirmWhatsAppOpen] 
= useState(false);
389|    const [pendingConvId, setPendingConvId] = 
useState<string | null>(null);
390|    const [pendingWaLink, setPendingWaLink] = 
useState<string | null>(null);
   |          ^
391|    const [isEditing, setIsEditing] = useState(false);
392|    const [editingBooking, setEditingBooking] = 
useState<EditBookingData | null>(null);

[33mThe symbol "setPendingWaLink" has already been 
declared[33m
388|    const [confirmWhatsAppOpen, setConfirmWhatsAppOpen] 
= useState(false);
389|    const [pendingConvId, setPendingConvId] = 
useState<string | null>(null);
390|    const [pendingWaLink, setPendingWaLink] = 
useState<string | null>(null);
   |          ^
391|    const [isEditing, setIsEditing] = useState(false);
392|    const [editingBooking, setEditingBooking] = 
useState<EditBookingData | null>(null);

[33mThe symbol "isEditing" has already been declared[33m
389|    const [pendingConvId, setPendingConvId] = 
useState<string | null>(null);
390|    const [pendingWaLink, setPendingWaLink] = 
useState<string | null>(null);
391|    const [isEditing, setIsEditing] = useState(false);
   |          ^
392|    const [editingBooking, setEditingBooking] = 
useState<EditBookingData | null>(null);
393|    const [isSurveyOpen, setIsSurveyOpen] = 
useState(false);

[33mThe symbol "setIsEditing" has already been declared[33m
389|    const [pendingConvId, setPendingConvId] = 
useState<string | null>(null);
390|    const [pendingWaLink, setPendingWaLink] = 
useState<string | null>(null);
391|    const [isEditing, setIsEditing] = useState(false);
   |          ^
392|    const [editingBooking, setEditingBooking] = 
useState<EditBookingData | null>(null);
393|    const [isSurveyOpen, setIsSurveyOpen] = 
useState(false);

[33mThe symbol "editingBooking" has already been 
declared[33m
390|    const [pendingWaLink, setPendingWaLink] = 
useState<string | null>(null);
391|    const [isEditing, setIsEditing] = useState(false);
392|    const [editingBooking, setEditingBooking] = 
useState<EditBookingData | null>(null);
   |          ^
393|    const [isSurveyOpen, setIsSurveyOpen] = 
useState(false);
394|    const [confirmWhatsAppOpen, setConfirmWhatsAppOpen] 
= useState(false);

[33mThe symbol "setEditingBooking" has already been 
declared[33m
390|    const [pendingWaLink, setPendingWaLink] = 
useState<string | null>(null);
391|    const [isEditing, setIsEditing] = useState(false);
392|    const [editingBooking, setEditingBooking] = 
useState<EditBookingData | null>(null);
   |          ^
393|    const [isSurveyOpen, setIsSurveyOpen] = 
useState(false);
394|    const [confirmWhatsAppOpen, setConfirmWhatsAppOpen] 
= useState(false);

[33mThe symbol "isSurveyOpen" has already been declared[33m
391|    const [isEditing, setIsEditing] = useState(false);
392|    const [editingBooking, setEditingBooking] = 
useState<EditBookingData | null>(null);
393|    const [isSurveyOpen, setIsSurveyOpen] = 
useState(false);
   |          ^
394|    const [confirmWhatsAppOpen, setConfirmWhatsAppOpen] 
= useState(false);
395|    const [pendingConvId, setPendingConvId] = 
useState<string | null>(null);

[33mThe symbol "setIsSurveyOpen" has already been 
declared[33m
391|    const [isEditing, setIsEditing] = useState(false);
392|    const [editingBooking, setEditingBooking] = 
useState<EditBookingData | null>(null);
393|    const [isSurveyOpen, setIsSurveyOpen] = 
useState(false);
   |          ^
394|    const [confirmWhatsAppOpen, setConfirmWhatsAppOpen] 
= useState(false);
395|    const [pendingConvId, setPendingConvId] = 
useState<string | null>(null);

[33mThe symbol "confirmWhatsAppOpen" has already been 
declared[33m
392|    const [editingBooking, setEditingBooking] = 
useState<EditBookingData | null>(null);
393|    const [isSurveyOpen, setIsSurveyOpen] = 
useState(false);
394|    const [confirmWhatsAppOpen, setConfirmWhatsAppOpen] 
= useState(false);
   |          ^
395|    const [pendingConvId, setPendingConvId] = 
useState<string | null>(null);
396|    const [pendingWaLink, setPendingWaLink] = 
useState<string | null>(null);

[33mThe symbol "setConfirmWhatsAppOpen" has already been 
declared[33m
392|    const [editingBooking, setEditingBooking] = 
useState<EditBookingData | null>(null);
393|    const [isSurveyOpen, setIsSurveyOpen] = 
useState(false);
394|    const [confirmWhatsAppOpen, setConfirmWhatsAppOpen] 
= useState(false);
   |          ^
395|    const [pendingConvId, setPendingConvId] = 
useState<string | null>(null);
396|    const [pendingWaLink, setPendingWaLink] = 
useState<string | null>(null);

[33mThe symbol "pendingConvId" has already been 
declared[33m
393|    const [isSurveyOpen, setIsSurveyOpen] = 
useState(false);
394|    const [confirmWhatsAppOpen, setConfirmWhatsAppOpen] 
= useState(false);
395|    const [pendingConvId, setPendingConvId] = 
useState<string | null>(null);
   |          ^
396|    const [pendingWaLink, setPendingWaLink] = 
useState<string | null>(null);
397|    const [isEditing, setIsEditing] = useState(false);

[33mThe symbol "setPendingConvId" has already been 
declared[33m
393|    const [isSurveyOpen, setIsSurveyOpen] = 
useState(false);
394|    const [confirmWhatsAppOpen, setConfirmWhatsAppOpen] 
= useState(false);
395|    const [pendingConvId, setPendingConvId] = 
useState<string | null>(null);
   |          ^
396|    const [pendingWaLink, setPendingWaLink] = 
useState<string | null>(null);
397|    const [isEditing, setIsEditing] = useState(false);

[33mThe symbol "pendingWaLink" has already been 
declared[33m
394|    const [confirmWhatsAppOpen, setConfirmWhatsAppOpen] 
= useState(false);
395|    const [pendingConvId, setPendingConvId] = 
useState<string | null>(null);
396|    const [pendingWaLink, setPendingWaLink] = 
useState<string | null>(null);
   |          ^
397|    const [isEditing, setIsEditing] = useState(false);
398|    const [editingBooking, setEditingBooking] = 
useState<EditBookingData | null>(null);

[33mThe symbol "setPendingWaLink" has already been 
declared[33m
394|    const [confirmWhatsAppOpen, setConfirmWhatsAppOpen] 
= useState(false);
395|    const [pendingConvId, setPendingConvId] = 
useState<string | null>(null);
396|    const [pendingWaLink, setPendingWaLink] = 
useState<string | null>(null);
   |          ^
397|    const [isEditing, setIsEditing] = useState(false);
398|    const [editingBooking, setEditingBooking] = 
useState<EditBookingData | null>(null);

[33mThe symbol "isEditing" has already been declared[33m
395|    const [pendingConvId, setPendingConvId] = 
useState<string | null>(null);
396|    const [pendingWaLink, setPendingWaLink] = 
useState<string | null>(null);
397|    const [isEditing, setIsEditing] = useState(false);
   |          ^
398|    const [editingBooking, setEditingBooking] = 
useState<EditBookingData | null>(null);
399|    const [isSurveyOpen, setIsSurveyOpen] = 
useState(false);

[33mThe symbol "setIsEditing" has already been declared[33m
395|    const [pendingConvId, setPendingConvId] = 
useState<string | null>(null);
396|    const [pendingWaLink, setPendingWaLink] = 
useState<string | null>(null);
397|    const [isEditing, setIsEditing] = useState(false);
   |          ^
398|    const [editingBooking, setEditingBooking] = 
useState<EditBookingData | null>(null);
399|    const [isSurveyOpen, setIsSurveyOpen] = 
useState(false);

[33mThe symbol "editingBooking" has already been 
declared[33m
396|    const [pendingWaLink, setPendingWaLink] = 
useState<string | null>(null);
397|    const [isEditing, setIsEditing] = useState(false);
398|    const [editingBooking, setEditingBooking] = 
useState<EditBookingData | null>(null);
   |          ^
399|    const [isSurveyOpen, setIsSurveyOpen] = 
useState(false);
400|    const [confirmWhatsAppOpen, setConfirmWhatsAppOpen] 
= useState(false);

[33mThe symbol "setEditingBooking" has already been 
declared[33m
396|    const [pendingWaLink, setPendingWaLink] = 
useState<string | null>(null);
397|    const [isEditing, setIsEditing] = useState(false);
398|    const [editingBooking, setEditingBooking] = 
useState<EditBookingData | null>(null);
   |          ^
399|    const [isSurveyOpen, setIsSurveyOpen] = 
useState(false);
400|    const [confirmWhatsAppOpen, setConfirmWhatsAppOpen] 
= useState(false);

[33mThe symbol "isSurveyOpen" has already been declared[33m
397|    const [isEditing, setIsEditing] = useState(false);
398|    const [editingBooking, setEditingBooking] = 
useState<EditBookingData | null>(null);
399|    const [isSurveyOpen, setIsSurveyOpen] = 
useState(false);
   |          ^
400|    const [confirmWhatsAppOpen, setConfirmWhatsAppOpen] 
= useState(false);
401|    const [pendingConvId, setPendingConvId] = 
useState<string | null>(null);

[33mThe symbol "setIsSurveyOpen" has already been 
declared[33m
397|    const [isEditing, setIsEditing] = useState(false);
398|    const [editingBooking, setEditingBooking] = 
useState<EditBookingData | null>(null);
399|    const [isSurveyOpen, setIsSurveyOpen] = 
useState(false);
   |          ^
400|    const [confirmWhatsAppOpen, setConfirmWhatsAppOpen] 
= useState(false);
401|    const [pendingConvId, setPendingConvId] = 
useState<string | null>(null);

[33mThe symbol "confirmWhatsAppOpen" has already been 
declared[33m
398|    const [editingBooking, setEditingBooking] = 
useState<EditBookingData | null>(null);
399|    const [isSurveyOpen, setIsSurveyOpen] = 
useState(false);
400|    const [confirmWhatsAppOpen, setConfirmWhatsAppOpen] 
= useState(false);
   |          ^
401|    const [pendingConvId, setPendingConvId] = 
useState<string | null>(null);
402|    const [pendingWaLink, setPendingWaLink] = 
useState<string | null>(null);

[33mThe symbol "setConfirmWhatsAppOpen" has already been 
declared[33m
398|    const [editingBooking, setEditingBooking] = 
useState<EditBookingData | null>(null);
399|    const [isSurveyOpen, setIsSurveyOpen] = 
useState(false);
400|    const [confirmWhatsAppOpen, setConfirmWhatsAppOpen] 
= useState(false);
   |          ^
401|    const [pendingConvId, setPendingConvId] = 
useState<string | null>(null);
402|    const [pendingWaLink, setPendingWaLink] = 
useState<string | null>(null);

[33mThe symbol "pendingConvId" has already been 
declared[33m
399|    const [isSurveyOpen, setIsSurveyOpen] = 
useState(false);
400|    const [confirmWhatsAppOpen, setConfirmWhatsAppOpen] 
= useState(false);
401|    const [pendingConvId, setPendingConvId] = 
useState<string | null>(null);
   |          ^
402|    const [pendingWaLink, setPendingWaLink] = 
useState<string | null>(null);
403|    const [isEditing, setIsEditing] = useState(false);

[33mThe symbol "setPendingConvId" has already been 
declared[33m
399|    const [isSurveyOpen, setIsSurveyOpen] = 
useState(false);
400|    const [confirmWhatsAppOpen, setConfirmWhatsAppOpen] 
= useState(false);
401|    const [pendingConvId, setPendingConvId] = 
useState<string | null>(null);
   |          ^
402|    const [pendingWaLink, setPendingWaLink] = 
useState<string | null>(null);
403|    const [isEditing, setIsEditing] = useState(false);

[33mThe symbol "pendingWaLink" has already been 
declared[33m
400|    const [confirmWhatsAppOpen, setConfirmWhatsAppOpen] 
= useState(false);
401|    const [pendingConvId, setPendingConvId] = 
useState<string | null>(null);
402|    const [pendingWaLink, setPendingWaLink] = 
useState<string | null>(null);
   |          ^
403|    const [isEditing, setIsEditing] = useState(false);
404|    const [editingBooking, setEditingBooking] = 
useState<EditBookingData | null>(null);

[33mThe symbol "setPendingWaLink" has already been 
declared[33m
400|    const [confirmWhatsAppOpen, setConfirmWhatsAppOpen] 
= useState(false);
401|    const [pendingConvId, setPendingConvId] = 
useState<string | null>(null);
402|    const [pendingWaLink, setPendingWaLink] = 
useState<string | null>(null);
   |          ^
403|    const [isEditing, setIsEditing] = useState(false);
404|    const [editingBooking, setEditingBooking] = 
useState<EditBookingData | null>(null);

[33mThe symbol "isEditing" has already been declared[33m
401|    const [pendingConvId, setPendingConvId] = 
useState<string | null>(null);
402|    const [pendingWaLink, setPendingWaLink] = 
useState<string | null>(null);
403|    const [isEditing, setIsEditing] = useState(false);
   |          ^
404|    const [editingBooking, setEditingBooking] = 
useState<EditBookingData | null>(null);
405|    const [isSurveyOpen, setIsSurveyOpen] = 
useState(false);

[33mThe symbol "setIsEditing" has already been declared[33m
401|    const [pendingConvId, setPendingConvId] = 
useState<string | null>(null);
402|    const [pendingWaLink, setPendingWaLink] = 
useState<string | null>(null);
403|    const [isEditing, setIsEditing] = useState(false);
   |          ^
404|    const [editingBooking, setEditingBooking] = 
useState<EditBookingData | null>(null);
405|    const [isSurveyOpen, setIsSurveyOpen] = 
useState(false);

[33mThe symbol "editingBooking" has already been 
declared[33m
402|    const [pendingWaLink, setPendingWaLink] = 
useState<string | null>(null);
403|    const [isEditing, setIsEditing] = useState(false);
404|    const [editingBooking, setEditingBooking] = 
useState<EditBookingData | null>(null);
   |          ^
405|    const [isSurveyOpen, setIsSurveyOpen] = 
useState(false);
406|    const [confirmWhatsAppOpen, setConfirmWhatsAppOpen] 
= useState(false);

[33mThe symbol "setEditingBooking" has already been 
declared[33m
402|    const [pendingWaLink, setPendingWaLink] = 
useState<string | null>(null);
403|    const [isEditing, setIsEditing] = useState(false);
404|    const [editingBooking, setEditingBooking] = 
useState<EditBookingData | null>(null);
   |          ^
405|    const [isSurveyOpen, setIsSurveyOpen] = 
useState(false);
406|    const [confirmWhatsAppOpen, setConfirmWhatsAppOpen] 
= useState(false);

[33mThe symbol "isSurveyOpen" has already been declared[33m
403|    const [isEditing, setIsEditing] = useState(false);
404|    const [editingBooking, setEditingBooking] = 
useState<EditBookingData | null>(null);
405|    const [isSurveyOpen, setIsSurveyOpen] = 
useState(false);
   |          ^
406|    const [confirmWhatsAppOpen, setConfirmWhatsAppOpen] 
= useState(false);
407|    const [pendingConvId, setPendingConvId] = 
useState<string | null>(null);

[33mThe symbol "setIsSurveyOpen" has already been 
declared[33m
403|    const [isEditing, setIsEditing] = useState(false);
404|    const [editingBooking, setEditingBooking] = 
useState<EditBookingData | null>(null);
405|    const [isSurveyOpen, setIsSurveyOpen] = 
useState(false);
   |          ^
406|    const [confirmWhatsAppOpen, setConfirmWhatsAppOpen] 
= useState(false);
407|    const [pendingConvId, setPendingConvId] = 
useState<string | null>(null);

[33mThe symbol "confirmWhatsAppOpen" has already been 
declared[33m
404|    const [editingBooking, setEditingBooking] = 
useState<EditBookingData | null>(null);
405|    const [isSurveyOpen, setIsSurveyOpen] = 
useState(false);
406|    const [confirmWhatsAppOpen, setConfirmWhatsAppOpen] 
= useState(false);
   |          ^
407|    const [pendingConvId, setPendingConvId] = 
useState<string | null>(null);
408|    const [pendingWaLink, setPendingWaLink] = 
useState<string | null>(null);

[33mThe symbol "setConfirmWhatsAppOpen" has already been 
declared[33m
404|    const [editingBooking, setEditingBooking] = 
useState<EditBookingData | null>(null);
405|    const [isSurveyOpen, setIsSurveyOpen] = 
useState(false);
406|    const [confirmWhatsAppOpen, setConfirmWhatsAppOpen] 
= useState(false);
   |          ^
407|    const [pendingConvId, setPendingConvId] = 
useState<string | null>(null);
408|    const [pendingWaLink, setPendingWaLink] = 
useState<string | null>(null);

[33mThe symbol "pendingConvId" has already been 
declared[33m
405|    const [isSurveyOpen, setIsSurveyOpen] = 
useState(false);
406|    const [confirmWhatsAppOpen, setConfirmWhatsAppOpen] 
= useState(false);
407|    const [pendingConvId, setPendingConvId] = 
useState<string | null>(null);
   |          ^
408|    const [pendingWaLink, setPendingWaLink] = 
useState<string | null>(null);
409|    const [isEditing, setIsEditing] = useState(false);

[33mThe symbol "setPendingConvId" has already been 
declared[33m
405|    const [isSurveyOpen, setIsSurveyOpen] = 
useState(false);
406|    const [confirmWhatsAppOpen, setConfirmWhatsAppOpen] 
= useState(false);
407|    const [pendingConvId, setPendingConvId] = 
useState<string | null>(null);
   |          ^
408|    const [pendingWaLink, setPendingWaLink] = 
useState<string | null>(null);
409|    const [isEditing, setIsEditing] = useState(false);

[33mThe symbol "pendingWaLink" has already been 
declared[33m
406|    const [confirmWhatsAppOpen, setConfirmWhatsAppOpen] 
= useState(false);
407|    const [pendingConvId, setPendingConvId] = 
useState<string | null>(null);
408|    const [pendingWaLink, setPendingWaLink] = 
useState<string | null>(null);
   |          ^
409|    const [isEditing, setIsEditing] = useState(false);
410|    const [editingBooking, setEditingBooking] = 
useState<EditBookingData | null>(null);

[33mThe symbol "setPendingWaLink" has already been 
declared[33m
406|    const [confirmWhatsAppOpen, setConfirmWhatsAppOpen] 
= useState(false);
407|    const [pendingConvId, setPendingConvId] = 
useState<string | null>(null);
408|    const [pendingWaLink, setPendingWaLink] = 
useState<string | null>(null);
   |          ^
409|    const [isEditing, setIsEditing] = useState(false);
410|    const [editingBooking, setEditingBooking] = 
useState<EditBookingData | null>(null);

[33mThe symbol "isEditing" has already been declared[33m
407|    const [pendingConvId, setPendingConvId] = 
useState<string | null>(null);
408|    const [pendingWaLink, setPendingWaLink] = 
useState<string | null>(null);
409|    const [isEditing, setIsEditing] = useState(false);
   |          ^
410|    const [editingBooking, setEditingBooking] = 
useState<EditBookingData | null>(null);
411|    const [isSurveyOpen, setIsSurveyOpen] = 
useState(false);

[33mThe symbol "setIsEditing" has already been declared[33m
407|    const [pendingConvId, setPendingConvId] = 
useState<string | null>(null);
408|    const [pendingWaLink, setPendingWaLink] = 
useState<string | null>(null);
409|    const [isEditing, setIsEditing] = useState(false);
   |          ^
410|    const [editingBooking, setEditingBooking] = 
useState<EditBookingData | null>(null);
411|    const [isSurveyOpen, setIsSurveyOpen] = 
useState(false);

[33mThe symbol "editingBooking" has already been 
declared[33m
408|    const [pendingWaLink, setPendingWaLink] = 
useState<string | null>(null);
409|    const [isEditing, setIsEditing] = useState(false);
410|    const [editingBooking, setEditingBooking] = 
useState<EditBookingData | null>(null);
   |          ^
411|    const [isSurveyOpen, setIsSurveyOpen] = 
useState(false);
412|    const [confirmWhatsAppOpen, setConfirmWhatsAppOpen] 
= useState(false);

[33mThe symbol "setEditingBooking" has already been 
declared[33m
408|    const [pendingWaLink, setPendingWaLink] = 
useState<string | null>(null);
409|    const [isEditing, setIsEditing] = useState(false);
410|    const [editingBooking, setEditingBooking] = 
useState<EditBookingData | null>(null);
   |          ^
411|    const [isSurveyOpen, setIsSurveyOpen] = 
useState(false);
412|    const [confirmWhatsAppOpen, setConfirmWhatsAppOpen] 
= useState(false);

[33mThe symbol "isSurveyOpen" has already been declared[33m
409|    const [isEditing, setIsEditing] = useState(false);
410|    const [editingBooking, setEditingBooking] = 
useState<EditBookingData | null>(null);
411|    const [isSurveyOpen, setIsSurveyOpen] = 
useState(false);
   |          ^
412|    const [confirmWhatsAppOpen, setConfirmWhatsAppOpen] 
= useState(false);
413|    const [pendingConvId, setPendingConvId] = 
useState<string | null>(null);

[33mThe symbol "setIsSurveyOpen" has already been 
declared[33m
409|    const [isEditing, setIsEditing] = useState(false);
410|    const [editingBooking, setEditingBooking] = 
useState<EditBookingData | null>(null);
411|    const [isSurveyOpen, setIsSurveyOpen] = 
useState(false);
   |          ^
412|    const [confirmWhatsAppOpen, setConfirmWhatsAppOpen] 
= useState(false);
413|    const [pendingConvId, setPendingConvId] = 
useState<string | null>(null);

[33mThe symbol "confirmWhatsAppOpen" has already been 
declared[33m
410|    const [editingBooking, setEditingBooking] = 
useState<EditBookingData | null>(null);
411|    const [isSurveyOpen, setIsSurveyOpen] = 
useState(false);
412|    const [confirmWhatsAppOpen, setConfirmWhatsAppOpen] 
= useState(false);
   |          ^
413|    const [pendingConvId, setPendingConvId] = 
useState<string | null>(null);
414|    const [pendingWaLink, setPendingWaLink] = 
useState<string | null>(null);

[33mThe symbol "setConfirmWhatsAppOpen" has already been 
declared[33m
410|    const [editingBooking, setEditingBooking] = 
useState<EditBookingData | null>(null);
411|    const [isSurveyOpen, setIsSurveyOpen] = 
useState(false);
412|    const [confirmWhatsAppOpen, setConfirmWhatsAppOpen] 
= useState(false);
   |          ^
413|    const [pendingConvId, setPendingConvId] = 
useState<string | null>(null);
414|    const [pendingWaLink, setPendingWaLink] = 
useState<string | null>(null);

[33mThe symbol "pendingConvId" has already been 
declared[33m
411|    const [isSurveyOpen, setIsSurveyOpen] = 
useState(false);
412|    const [confirmWhatsAppOpen, setConfirmWhatsAppOpen] 
= useState(false);
413|    const [pendingConvId, setPendingConvId] = 
useState<string | null>(null);
   |          ^
414|    const [pendingWaLink, setPendingWaLink] = 
useState<string | null>(null);
415|    const [isEditing, setIsEditing] = useState(false);

[33mThe symbol "setPendingConvId" has already been 
declared[33m
411|    const [isSurveyOpen, setIsSurveyOpen] = 
useState(false);
412|    const [confirmWhatsAppOpen, setConfirmWhatsAppOpen] 
= useState(false);
413|    const [pendingConvId, setPendingConvId] = 
useState<string | null>(null);
   |          ^
414|    const [pendingWaLink, setPendingWaLink] = 
useState<string | null>(null);
415|    const [isEditing, setIsEditing] = useState(false);

[33mThe symbol "pendingWaLink" has already been 
declared[33m
412|    const [confirmWhatsAppOpen, setConfirmWhatsAppOpen] 
= useState(false);
413|    const [pendingConvId, setPendingConvId] = 
useState<string | null>(null);
414|    const [pendingWaLink, setPendingWaLink] = 
useState<string | null>(null);
   |          ^
415|    const [isEditing, setIsEditing] = useState(false);
416|    const [editingBooking, setEditingBooking] = 
useState<EditBookingData | null>(null);

[33mThe symbol "setPendingWaLink" has already been 
declared[33m
412|    const [confirmWhatsAppOpen, setConfirmWhatsAppOpen] 
= useState(false);
413|    const [pendingConvId, setPendingConvId] = 
useState<string | null>(null);
414|    const [pendingWaLink, setPendingWaLink] = 
useState<string | null>(null);
   |          ^
415|    const [isEditing, setIsEditing] = useState(false);
416|    const [editingBooking, setEditingBooking] = 
useState<EditBookingData | null>(null);

[33mThe symbol "isEditing" has already been declared[33m
413|    const [pendingConvId, setPendingConvId] = 
useState<string | null>(null);
414|    const [pendingWaLink, setPendingWaLink] = 
useState<string | null>(null);
415|    const [isEditing, setIsEditing] = useState(false);
   |          ^
416|    const [editingBooking, setEditingBooking] = 
useState<EditBookingData | null>(null);
417|    const [isSurveyOpen, setIsSurveyOpen] = 
useState(false);

[33mThe symbol "setIsEditing" has already been declared[33m
413|    const [pendingConvId, setPendingConvId] = 
useState<string | null>(null);
414|    const [pendingWaLink, setPendingWaLink] = 
useState<string | null>(null);
415|    const [isEditing, setIsEditing] = useState(false);
   |          ^
416|    const [editingBooking, setEditingBooking] = 
useState<EditBookingData | null>(null);
417|    const [isSurveyOpen, setIsSurveyOpen] = 
useState(false);

[33mThe symbol "editingBooking" has already been 
declared[33m
414|    const [pendingWaLink, setPendingWaLink] = 
useState<string | null>(null);
415|    const [isEditing, setIsEditing] = useState(false);
416|    const [editingBooking, setEditingBooking] = 
useState<EditBookingData | null>(null);
   |          ^
417|    const [isSurveyOpen, setIsSurveyOpen] = 
useState(false);
418|    const [confirmWhatsAppOpen, setConfirmWhatsAppOpen] 
= useState(false);

[33mThe symbol "setEditingBooking" has already been 
declared[33m
414|    const [pendingWaLink, setPendingWaLink] = 
useState<string | null>(null);
415|    const [isEditing, setIsEditing] = useState(false);
416|    const [editingBooking, setEditingBooking] = 
useState<EditBookingData | null>(null);
   |          ^
417|    const [isSurveyOpen, setIsSurveyOpen] = 
useState(false);
418|    const [confirmWhatsAppOpen, setConfirmWhatsAppOpen] 
= useState(false);

[33mThe symbol "isSurveyOpen" has already been declared[33m
415|    const [isEditing, setIsEditing] = useState(false);
416|    const [editingBooking, setEditingBooking] = 
useState<EditBookingData | null>(null);
417|    const [isSurveyOpen, setIsSurveyOpen] = 
useState(false);
   |          ^
418|    const [confirmWhatsAppOpen, setConfirmWhatsAppOpen] 
= useState(false);
419|    const [pendingConvId, setPendingConvId] = 
useState<string | null>(null);

[33mThe symbol "setIsSurveyOpen" has already been 
declared[33m
415|    const [isEditing, setIsEditing] = useState(false);
416|    const [editingBooking, setEditingBooking] = 
useState<EditBookingData | null>(null);
417|    const [isSurveyOpen, setIsSurveyOpen] = 
useState(false);
   |          ^
418|    const [confirmWhatsAppOpen, setConfirmWhatsAppOpen] 
= useState(false);
419|    const [pendingConvId, setPendingConvId] = 
useState<string | null>(null);

[33mThe symbol "confirmWhatsAppOpen" has already been 
declared[33m
416|    const [editingBooking, setEditingBooking] = 
useState<EditBookingData | null>(null);
417|    const [isSurveyOpen, setIsSurveyOpen] = 
useState(false);
418|    const [confirmWhatsAppOpen, setConfirmWhatsAppOpen] 
= useState(false);
   |          ^
419|    const [pendingConvId, setPendingConvId] = 
useState<string | null>(null);
420|    const [pendingWaLink, setPendingWaLink] = 
useState<string | null>(null);

[33mThe symbol "setConfirmWhatsAppOpen" has already been 
declared[33m
416|    const [editingBooking, setEditingBooking] = 
useState<EditBookingData | null>(null);
417|    const [isSurveyOpen, setIsSurveyOpen] = 
useState(false);
418|    const [confirmWhatsAppOpen, setConfirmWhatsAppOpen] 
= useState(false);
   |          ^
419|    const [pendingConvId, setPendingConvId] = 
useState<string | null>(null);
420|    const [pendingWaLink, setPendingWaLink] = 
useState<string | null>(null);

[33mThe symbol "pendingConvId" has already been 
declared[33m
417|    const [isSurveyOpen, setIsSurveyOpen] = 
useState(false);
418|    const [confirmWhatsAppOpen, setConfirmWhatsAppOpen] 
= useState(false);
419|    const [pendingConvId, setPendingConvId] = 
useState<string | null>(null);
   |          ^
420|    const [pendingWaLink, setPendingWaLink] = 
useState<string | null>(null);
421|    const [isEditing, setIsEditing] = useState(false);

[33mThe symbol "setPendingConvId" has already been 
declared[33m
417|    const [isSurveyOpen, setIsSurveyOpen] = 
useState(false);
418|    const [confirmWhatsAppOpen, setConfirmWhatsAppOpen] 
= useState(false);
419|    const [pendingConvId, setPendingConvId] = 
useState<string | null>(null);
   |          ^
420|    const [pendingWaLink, setPendingWaLink] = 
useState<string | null>(null);
421|    const [isEditing, setIsEditing] = useState(false);

[33mThe symbol "pendingWaLink" has already been 
declared[33m
418|    const [confirmWhatsAppOpen, setConfirmWhatsAppOpen] 
= useState(false);
419|    const [pendingConvId, setPendingConvId] = 
useState<string | null>(null);
420|    const [pendingWaLink, setPendingWaLink] = 
useState<string | null>(null);
   |          ^
421|    const [isEditing, setIsEditing] = useState(false);
422|    const [editingBooking, setEditingBooking] = 
useState<EditBookingData | null>(null);

[33mThe symbol "setPendingWaLink" has already been 
declared[33m
418|    const [confirmWhatsAppOpen, setConfirmWhatsAppOpen] 
= useState(false);
419|    const [pendingConvId, setPendingConvId] = 
useState<string | null>(null);
420|    const [pendingWaLink, setPendingWaLink] = 
useState<string | null>(null);
   |          ^
421|    const [isEditing, setIsEditing] = useState(false);
422|    const [editingBooking, setEditingBooking] = 
useState<EditBookingData | null>(null);

[33mThe symbol "isEditing" has already been declared[33m
419|    const [pendingConvId, setPendingConvId] = 
useState<string | null>(null);
420|    const [pendingWaLink, setPendingWaLink] = 
useState<string | null>(null);
421|    const [isEditing, setIsEditing] = useState(false);
   |          ^
422|    const [editingBooking, setEditingBooking] = 
useState<EditBookingData | null>(null);
423|    const [isSurveyOpen, setIsSurveyOpen] = 
useState(false);

[33mThe symbol "setIsEditing" has already been declared[33m
419|    const [pendingConvId, setPendingConvId] = 
useState<string | null>(null);
420|    const [pendingWaLink, setPendingWaLink] = 
useState<string | null>(null);
421|    const [isEditing, setIsEditing] = useState(false);
   |          ^
422|    const [editingBooking, setEditingBooking] = 
useState<EditBookingData | null>(null);
423|    const [isSurveyOpen, setIsSurveyOpen] = 
useState(false);

[33mThe symbol "editingBooking" has already been 
declared[33m
420|    const [pendingWaLink, setPendingWaLink] = 
useState<string | null>(null);
421|    const [isEditing, setIsEditing] = useState(false);
422|    const [editingBooking, setEditingBooking] = 
useState<EditBookingData | null>(null);
   |          ^
423|    const [isSurveyOpen, setIsSurveyOpen] = 
useState(false);
424|    const [confirmWhatsAppOpen, setConfirmWhatsAppOpen] 
= useState(false);

[33mThe symbol "setEditingBooking" has already been 
declared[33m
420|    const [pendingWaLink, setPendingWaLink] = 
useState<string | null>(null);
421|    const [isEditing, setIsEditing] = useState(false);
422|    const [editingBooking, setEditingBooking] = 
useState<EditBookingData | null>(null);
   |          ^
423|    const [isSurveyOpen, setIsSurveyOpen] = 
useState(false);
424|    const [confirmWhatsAppOpen, setConfirmWhatsAppOpen] 
= useState(false);

[33mThe symbol "isSurveyOpen" has already been declared[33m
421|    const [isEditing, setIsEditing] = useState(false);
422|    const [editingBooking, setEditingBooking] = 
useState<EditBookingData | null>(null);
423|    const [isSurveyOpen, setIsSurveyOpen] = 
useState(false);
   |          ^
424|    const [confirmWhatsAppOpen, setConfirmWhatsAppOpen] 
= useState(false);
425|    const [pendingConvId, setPendingConvId] = 
useState<string | null>(null);

[33mThe symbol "setIsSurveyOpen" has already been 
declared[33m
421|    const [isEditing, setIsEditing] = useState(false);
422|    const [editingBooking, setEditingBooking] = 
useState<EditBookingData | null>(null);
423|    const [isSurveyOpen, setIsSurveyOpen] = 
useState(false);
   |          ^
424|    const [confirmWhatsAppOpen, setConfirmWhatsAppOpen] 
= useState(false);
425|    const [pendingConvId, setPendingConvId] = 
useState<string | null>(null);

[33mThe symbol "confirmWhatsAppOpen" has already been 
declared[33m
422|    const [editingBooking, setEditingBooking] = 
useState<EditBookingData | null>(null);
423|    const [isSurveyOpen, setIsSurveyOpen] = 
useState(false);
424|    const [confirmWhatsAppOpen, setConfirmWhatsAppOpen] 
= useState(false);
   |          ^
425|    const [pendingConvId, setPendingConvId] = 
useState<string | null>(null);
426|    const [pendingWaLink, setPendingWaLink] = 
useState<string | null>(null);

[33mThe symbol "setConfirmWhatsAppOpen" has already been 
declared[33m
422|    const [editingBooking, setEditingBooking] = 
useState<EditBookingData | null>(null);
423|    const [isSurveyOpen, setIsSurveyOpen] = 
useState(false);
424|    const [confirmWhatsAppOpen, setConfirmWhatsAppOpen] 
= useState(false);
   |          ^
425|    const [pendingConvId, setPendingConvId] = 
useState<string | null>(null);
426|    const [pendingWaLink, setPendingWaLink] = 
useState<string | null>(null);

[33mThe symbol "pendingConvId" has already been 
declared[33m
423|    const [isSurveyOpen, setIsSurveyOpen] = 
useState(false);
424|    const [confirmWhatsAppOpen, setConfirmWhatsAppOpen] 
= useState(false);
425|    const [pendingConvId, setPendingConvId] = 
useState<string | null>(null);
   |          ^
426|    const [pendingWaLink, setPendingWaLink] = 
useState<string | null>(null);
427|    const [isEditing, setIsEditing] = useState(false);

[33mThe symbol "setPendingConvId" has already been 
declared[33m
423|    const [isSurveyOpen, setIsSurveyOpen] = 
useState(false);
424|    const [confirmWhatsAppOpen, setConfirmWhatsAppOpen] 
= useState(false);
425|    const [pendingConvId, setPendingConvId] = 
useState<string | null>(null);
   |          ^
426|    const [pendingWaLink, setPendingWaLink] = 
useState<string | null>(null);
427|    const [isEditing, setIsEditing] = useState(false);

[33mThe symbol "pendingWaLink" has already been 
declared[33m
424|    const [confirmWhatsAppOpen, setConfirmWhatsAppOpen] 
= useState(false);
425|    const [pendingConvId, setPendingConvId] = 
useState<string | null>(null);
426|    const [pendingWaLink, setPendingWaLink] = 
useState<string | null>(null);
   |          ^
427|    const [isEditing, setIsEditing] = useState(false);
428|    const [editingBooking, setEditingBooking] = 
useState<EditBookingData | null>(null);

[33mThe symbol "setPendingWaLink" has already been 
declared[33m
424|    const [confirmWhatsAppOpen, setConfirmWhatsAppOpen] 
= useState(false);
425|    const [pendingConvId, setPendingConvId] = 
useState<string | null>(null);
426|    const [pendingWaLink, setPendingWaLink] = 
useState<string | null>(null);
   |          ^
427|    const [isEditing, setIsEditing] = useState(false);
428|    const [editingBooking, setEditingBooking] = 
useState<EditBookingData | null>(null);

[33mThe symbol "isEditing" has already been declared[33m
425|    const [pendingConvId, setPendingConvId] = 
useState<string | null>(null);
426|    const [pendingWaLink, setPendingWaLink] = 
useState<string | null>(null);
427|    const [isEditing, setIsEditing] = useState(false);
   |          ^
428|    const [editingBooking, setEditingBooking] = 
useState<EditBookingData | null>(null);
429|    const [isSurveyOpen, setIsSurveyOpen] = 
useState(false);

[33mThe symbol "setIsEditing" has already been declared[33m
425|    const [pendingConvId, setPendingConvId] = 
useState<string | null>(null);
426|    const [pendingWaLink, setPendingWaLink] = 
useState<string | null>(null);
427|    const [isEditing, setIsEditing] = useState(false);
   |          ^
428|    const [editingBooking, setEditingBooking] = 
useState<EditBookingData | null>(null);
429|    const [isSurveyOpen, setIsSurveyOpen] = 
useState(false);

[33mThe symbol "editingBooking" has already been 
declared[33m
426|    const [pendingWaLink, setPendingWaLink] = 
useState<string | null>(null);
427|    const [isEditing, setIsEditing] = useState(false);
428|    const [editingBooking, setEditingBooking] = 
useState<EditBookingData | null>(null);
   |          ^
429|    const [isSurveyOpen, setIsSurveyOpen] = 
useState(false);
430|    const [confirmWhatsAppOpen, setConfirmWhatsAppOpen] 
= useState(false);

[33mThe symbol "setEditingBooking" has already been 
declared[33m
426|    const [pendingWaLink, setPendingWaLink] = 
useState<string | null>(null);
427|    const [isEditing, setIsEditing] = useState(false);
428|    const [editingBooking, setEditingBooking] = 
useState<EditBookingData | null>(null);
   |          ^
429|    const [isSurveyOpen, setIsSurveyOpen] = 
useState(false);
430|    const [confirmWhatsAppOpen, setConfirmWhatsAppOpen] 
= useState(false);

[33mThe symbol "isSurveyOpen" has already been declared[33m
427|    const [isEditing, setIsEditing] = useState(false);
428|    const [editingBooking, setEditingBooking] = 
useState<EditBookingData | null>(null);
429|    const [isSurveyOpen, setIsSurveyOpen] = 
useState(false);
   |          ^
430|    const [confirmWhatsAppOpen, setConfirmWhatsAppOpen] 
= useState(false);
431|    const [pendingConvId, setPendingConvId] = 
useState<string | null>(null);

[33mThe symbol "setIsSurveyOpen" has already been 
declared[33m
427|    const [isEditing, setIsEditing] = useState(false);
428|    const [editingBooking, setEditingBooking] = 
useState<EditBookingData | null>(null);
429|    const [isSurveyOpen, setIsSurveyOpen] = 
useState(false);
   |          ^
430|    const [confirmWhatsAppOpen, setConfirmWhatsAppOpen] 
= useState(false);
431|    const [pendingConvId, setPendingConvId] = 
useState<string | null>(null);

[33mThe symbol "confirmWhatsAppOpen" has already been 
declared[33m
428|    const [editingBooking, setEditingBooking] = 
useState<EditBookingData | null>(null);
429|    const [isSurveyOpen, setIsSurveyOpen] = 
useState(false);
430|    const [confirmWhatsAppOpen, setConfirmWhatsAppOpen] 
= useState(false);
   |          ^
431|    const [pendingConvId, setPendingConvId] = 
useState<string | null>(null);
432|    const [pendingWaLink, setPendingWaLink] = 
useState<string | null>(null);

[33mThe symbol "setConfirmWhatsAppOpen" has already been 
declared[33m
428|    const [editingBooking, setEditingBooking] = 
useState<EditBookingData | null>(null);
429|    const [isSurveyOpen, setIsSurveyOpen] = 
useState(false);
430|    const [confirmWhatsAppOpen, setConfirmWhatsAppOpen] 
= useState(false);
   |          ^
431|    const [pendingConvId, setPendingConvId] = 
useState<string | null>(null);
432|    const [pendingWaLink, setPendingWaLink] = 
useState<string | null>(null);

[33mThe symbol "pendingConvId" has already been 
declared[33m
429|    const [isSurveyOpen, setIsSurveyOpen] = 
useState(false);
430|    const [confirmWhatsAppOpen, setConfirmWhatsAppOpen] 
= useState(false);
431|    const [pendingConvId, setPendingConvId] = 
useState<string | null>(null);
   |          ^
432|    const [pendingWaLink, setPendingWaLink] = 
useState<string | null>(null);
433|    const [isEditing, setIsEditing] = useState(false);

[33mThe symbol "setPendingConvId" has already been 
declared[33m
429|    const [isSurveyOpen, setIsSurveyOpen] = 
useState(false);
430|    const [confirmWhatsAppOpen, setConfirmWhatsAppOpen] 
= useState(false);
431|    const [pendingConvId, setPendingConvId] = 
useState<string | null>(null);
   |          ^
432|    const [pendingWaLink, setPendingWaLink] = 
useState<string | null>(null);
433|    const [isEditing, setIsEditing] = useState(false);

[33mThe symbol "pendingWaLink" has already been 
declared[33m
430|    const [confirmWhatsAppOpen, setConfirmWhatsAppOpen] 
= useState(false);
431|    const [pendingConvId, setPendingConvId] = 
useState<string | null>(null);
432|    const [pendingWaLink, setPendingWaLink] = 
useState<string | null>(null);
   |          ^
433|    const [isEditing, setIsEditing] = useState(false);
434|    const [editingBooking, setEditingBooking] = 
useState<EditBookingData | null>(null);

[33mThe symbol "setPendingWaLink" has already been 
declared[33m
430|    const [confirmWhatsAppOpen, setConfirmWhatsAppOpen] 
= useState(false);
431|    const [pendingConvId, setPendingConvId] = 
useState<string | null>(null);
432|    const [pendingWaLink, setPendingWaLink] = 
useState<string | null>(null);
   |          ^
433|    const [isEditing, setIsEditing] = useState(false);
434|    const [editingBooking, setEditingBooking] = 
useState<EditBookingData | null>(null);

[33mThe symbol "isEditing" has already been declared[33m
431|    const [pendingConvId, setPendingConvId] = 
useState<string | null>(null);
432|    const [pendingWaLink, setPendingWaLink] = 
useState<string | null>(null);
433|    const [isEditing, setIsEditing] = useState(false);
   |          ^
434|    const [editingBooking, setEditingBooking] = 
useState<EditBookingData | null>(null);
435|    const [isSurveyOpen, setIsSurveyOpen] = 
useState(false);

[33mThe symbol "setIsEditing" has already been declared[33m
431|    const [pendingConvId, setPendingConvId] = 
useState<string | null>(null);
432|    const [pendingWaLink, setPendingWaLink] = 
useState<string | null>(null);
433|    const [isEditing, setIsEditing] = useState(false);
   |          ^
434|    const [editingBooking, setEditingBooking] = 
useState<EditBookingData | null>(null);
435|    const [isSurveyOpen, setIsSurveyOpen] = 
useState(false);

[33mThe symbol "editingBooking" has already been 
declared[33m
432|    const [pendingWaLink, setPendingWaLink] = 
useState<string | null>(null);
433|    const [isEditing, setIsEditing] = useState(false);
434|    const [editingBooking, setEditingBooking] = 
useState<EditBookingData | null>(null);
   |          ^
435|    const [isSurveyOpen, setIsSurveyOpen] = 
useState(false);
436|    const [confirmWhatsAppOpen, setConfirmWhatsAppOpen] 
= useState(false);

[33mThe symbol "setEditingBooking" has already been 
declared[33m
432|    const [pendingWaLink, setPendingWaLink] = 
useState<string | null>(null);
433|    const [isEditing, setIsEditing] = useState(false);
434|    const [editingBooking, setEditingBooking] = 
useState<EditBookingData | null>(null);
   |          ^
435|    const [isSurveyOpen, setIsSurveyOpen] = 
useState(false);
436|    const [confirmWhatsAppOpen, setConfirmWhatsAppOpen] 
= useState(false);

[33mThe symbol "isSurveyOpen" has already been declared[33m
433|    const [isEditing, setIsEditing] = useState(false);
434|    const [editingBooking, setEditingBooking] = 
useState<EditBookingData | null>(null);
435|    const [isSurveyOpen, setIsSurveyOpen] = 
useState(false);
   |          ^
436|    const [confirmWhatsAppOpen, setConfirmWhatsAppOpen] 
= useState(false);
437|    const [pendingConvId, setPendingConvId] = 
useState<string | null>(null);

[33mThe symbol "setIsSurveyOpen" has already been 
declared[33m
433|    const [isEditing, setIsEditing] = useState(false);
434|    const [editingBooking, setEditingBooking] = 
useState<EditBookingData | null>(null);
435|    const [isSurveyOpen, setIsSurveyOpen] = 
useState(false);
   |          ^
436|    const [confirmWhatsAppOpen, setConfirmWhatsAppOpen] 
= useState(false);
437|    const [pendingConvId, setPendingConvId] = 
useState<string | null>(null);

[33mThe symbol "confirmWhatsAppOpen" has already been 
declared[33m
434|    const [editingBooking, setEditingBooking] = 
useState<EditBookingData | null>(null);
435|    const [isSurveyOpen, setIsSurveyOpen] = 
useState(false);
436|    const [confirmWhatsAppOpen, setConfirmWhatsAppOpen] 
= useState(false);
   |          ^
437|    const [pendingConvId, setPendingConvId] = 
useState<string | null>(null);
438|    const [pendingWaLink, setPendingWaLink] = 
useState<string | null>(null);

[33mThe symbol "setConfirmWhatsAppOpen" has already been 
declared[33m
434|    const [editingBooking, setEditingBooking] = 
useState<EditBookingData | null>(null);
435|    const [isSurveyOpen, setIsSurveyOpen] = 
useState(false);
436|    const [confirmWhatsAppOpen, setConfirmWhatsAppOpen] 
= useState(false);
   |          ^
437|    const [pendingConvId, setPendingConvId] = 
useState<string | null>(null);
438|    const [pendingWaLink, setPendingWaLink] = 
useState<string | null>(null);

[33mThe symbol "pendingConvId" has already been 
declared[33m
435|    const [isSurveyOpen, setIsSurveyOpen] = 
useState(false);
436|    const [confirmWhatsAppOpen, setConfirmWhatsAppOpen] 
= useState(false);
437|    const [pendingConvId, setPendingConvId] = 
useState<string | null>(null);
   |          ^
438|    const [pendingWaLink, setPendingWaLink] = 
useState<string | null>(null);
439|    const [isEditing, setIsEditing] = useState(false);

[33mThe symbol "setPendingConvId" has already been 
declared[33m
435|    const [isSurveyOpen, setIsSurveyOpen] = 
useState(false);
436|    const [confirmWhatsAppOpen, setConfirmWhatsAppOpen] 
= useState(false);
437|    const [pendingConvId, setPendingConvId] = 
useState<string | null>(null);
   |          ^
438|    const [pendingWaLink, setPendingWaLink] = 
useState<string | null>(null);
439|    const [isEditing, setIsEditing] = useState(false);

[33mThe symbol "pendingWaLink" has already been 
declared[33m
436|    const [confirmWhatsAppOpen, setConfirmWhatsAppOpen] 
= useState(false);
437|    const [pendingConvId, setPendingConvId] = 
useState<string | null>(null);
438|    const [pendingWaLink, setPendingWaLink] = 
useState<string | null>(null);
   |          ^
439|    const [isEditing, setIsEditing] = useState(false);
440|    const [editingBooking, setEditingBooking] = 
useState<EditBookingData | null>(null);

[33mThe symbol "setPendingWaLink" has already been 
declared[33m
436|    const [confirmWhatsAppOpen, setConfirmWhatsAppOpen] 
= useState(false);
437|    const [pendingConvId, setPendingConvId] = 
useState<string | null>(null);
438|    const [pendingWaLink, setPendingWaLink] = 
useState<string | null>(null);
   |          ^
439|    const [isEditing, setIsEditing] = useState(false);
440|    const [editingBooking, setEditingBooking] = 
useState<EditBookingData | null>(null);

[33mThe symbol "isEditing" has already been declared[33m
437|    const [pendingConvId, setPendingConvId] = 
useState<string | null>(null);
438|    const [pendingWaLink, setPendingWaLink] = 
useState<string | null>(null);
439|    const [isEditing, setIsEditing] = useState(false);
   |          ^
440|    const [editingBooking, setEditingBooking] = 
useState<EditBookingData | null>(null);
441|    const [isSurveyOpen, setIsSurveyOpen] = 
useState(false);

[33mThe symbol "setIsEditing" has already been declared[33m
437|    const [pendingConvId, setPendingConvId] = 
useState<string | null>(null);
438|    const [pendingWaLink, setPendingWaLink] = 
useState<string | null>(null);
439|    const [isEditing, setIsEditing] = useState(false);
   |          ^
440|    const [editingBooking, setEditingBooking] = 
useState<EditBookingData | null>(null);
441|    const [isSurveyOpen, setIsSurveyOpen] = 
useState(false);

[33mThe symbol "editingBooking" has already been 
declared[33m
438|    const [pendingWaLink, setPendingWaLink] = 
useState<string | null>(null);
439|    const [isEditing, setIsEditing] = useState(false);
440|    const [editingBooking, setEditingBooking] = 
useState<EditBookingData | null>(null);
   |          ^
441|    const [isSurveyOpen, setIsSurveyOpen] = 
useState(false);
442|    const [confirmWhatsAppOpen, setConfirmWhatsAppOpen] 
= useState(false);

[33mThe symbol "setEditingBooking" has already been 
declared[33m
438|    const [pendingWaLink, setPendingWaLink] = 
useState<string | null>(null);
439|    const [isEditing, setIsEditing] = useState(false);
440|    const [editingBooking, setEditingBooking] = 
useState<EditBookingData | null>(null);
   |          ^
441|    const [isSurveyOpen, setIsSurveyOpen] = 
useState(false);
442|    const [confirmWhatsAppOpen, setConfirmWhatsAppOpen] 
= useState(false);

[33mThe symbol "isSurveyOpen" has already been declared[33m
439|    const [isEditing, setIsEditing] = useState(false);
440|    const [editingBooking, setEditingBooking] = 
useState<EditBookingData | null>(null);
441|    const [isSurveyOpen, setIsSurveyOpen] = 
useState(false);
   |          ^
442|    const [confirmWhatsAppOpen, setConfirmWhatsAppOpen] 
= useState(false);
443|    const [pendingConvId, setPendingConvId] = 
useState<string | null>(null);

[33mThe symbol "setIsSurveyOpen" has already been 
declared[33m
439|    const [isEditing, setIsEditing] = useState(false);
440|    const [editingBooking, setEditingBooking] = 
useState<EditBookingData | null>(null);
441|    const [isSurveyOpen, setIsSurveyOpen] = 
useState(false);
   |          ^
442|    const [confirmWhatsAppOpen, setConfirmWhatsAppOpen] 
= useState(false);
443|    const [pendingConvId, setPendingConvId] = 
useState<string | null>(null);

[33mThe symbol "confirmWhatsAppOpen" has already been 
declared[33m
440|    const [editingBooking, setEditingBooking] = 
useState<EditBookingData | null>(null);
441|    const [isSurveyOpen, setIsSurveyOpen] = 
useState(false);
442|    const [confirmWhatsAppOpen, setConfirmWhatsAppOpen] 
= useState(false);
   |          ^
443|    const [pendingConvId, setPendingConvId] = 
useState<string | null>(null);
444|    const [pendingWaLink, setPendingWaLink] = 
useState<string | null>(null);

[33mThe symbol "setConfirmWhatsAppOpen" has already been 
declared[33m
440|    const [editingBooking, setEditingBooking] = 
useState<EditBookingData | null>(null);
441|    const [isSurveyOpen, setIsSurveyOpen] = 
useState(false);
442|    const [confirmWhatsAppOpen, setConfirmWhatsAppOpen] 
= useState(false);
   |          ^
443|    const [pendingConvId, setPendingConvId] = 
useState<string | null>(null);
444|    const [pendingWaLink, setPendingWaLink] = 
useState<string | null>(null);

[33mThe symbol "pendingConvId" has already been 
declared[33m
441|    const [isSurveyOpen, setIsSurveyOpen] = 
useState(false);
442|    const [confirmWhatsAppOpen, setConfirmWhatsAppOpen] 
= useState(false);
443|    const [pendingConvId, setPendingConvId] = 
useState<string | null>(null);
   |          ^
444|    const [pendingWaLink, setPendingWaLink] = 
useState<string | null>(null);
445|    const [isEditing, setIsEditing] = useState(false);

[33mThe symbol "setPendingConvId" has already been 
declared[33m
441|    const [isSurveyOpen, setIsSurveyOpen] = 
useState(false);
442|    const [confirmWhatsAppOpen, setConfirmWhatsAppOpen] 
= useState(false);
443|    const [pendingConvId, setPendingConvId] = 
useState<string | null>(null);
   |          ^
444|    const [pendingWaLink, setPendingWaLink] = 
useState<string | null>(null);
445|    const [isEditing, setIsEditing] = useState(false);

[33mThe symbol "pendingWaLink" has already been 
declared[33m
442|    const [confirmWhatsAppOpen, setConfirmWhatsAppOpen] 
= useState(false);
443|    const [pendingConvId, setPendingConvId] = 
useState<string | null>(null);
444|    const [pendingWaLink, setPendingWaLink] = 
useState<string | null>(null);
   |          ^
445|    const [isEditing, setIsEditing] = useState(false);
446|    const [editingBooking, setEditingBooking] = 
useState<EditBookingData | null>(null);

[33mThe symbol "setPendingWaLink" has already been 
declared[33m
442|    const [confirmWhatsAppOpen, setConfirmWhatsAppOpen] 
= useState(false);
443|    const [pendingConvId, setPendingConvId] = 
useState<string | null>(null);
444|    const [pendingWaLink, setPendingWaLink] = 
useState<string | null>(null);
   |          ^
445|    const [isEditing, setIsEditing] = useState(false);
446|    const [editingBooking, setEditingBooking] = 
useState<EditBookingData | null>(null);

[33mThe symbol "isEditing" has already been declared[33m
443|    const [pendingConvId, setPendingConvId] = 
useState<string | null>(null);
444|    const [pendingWaLink, setPendingWaLink] = 
useState<string | null>(null);
445|    const [isEditing, setIsEditing] = useState(false);
   |          ^
446|    const [editingBooking, setEditingBooking] = 
useState<EditBookingData | null>(null);
447|    const [isSurveyOpen, setIsSurveyOpen] = 
useState(false);

[33mThe symbol "setIsEditing" has already been declared[33m
443|    const [pendingConvId, setPendingConvId] = 
useState<string | null>(null);
444|    const [pendingWaLink, setPendingWaLink] = 
useState<string | null>(null);
445|    const [isEditing, setIsEditing] = useState(false);
   |          ^
446|    const [editingBooking, setEditingBooking] = 
useState<EditBookingData | null>(null);
447|    const [isSurveyOpen, setIsSurveyOpen] = 
useState(false);

[33mThe symbol "editingBooking" has already been 
declared[33m
444|    const [pendingWaLink, setPendingWaLink] = 
useState<string | null>(null);
445|    const [isEditing, setIsEditing] = useState(false);
446|    const [editingBooking, setEditingBooking] = 
useState<EditBookingData | null>(null);
   |          ^
447|    const [isSurveyOpen, setIsSurveyOpen] = 
useState(false);
448|    const [confirmWhatsAppOpen, setConfirmWhatsAppOpen] 
= useState(false);

[33mThe symbol "setEditingBooking" has already been 
declared[33m
444|    const [pendingWaLink, setPendingWaLink] = 
useState<string | null>(null);
445|    const [isEditing, setIsEditing] = useState(false);
446|    const [editingBooking, setEditingBooking] = 
useState<EditBookingData | null>(null);
   |          ^
447|    const [isSurveyOpen, setIsSurveyOpen] = 
useState(false);
448|    const [confirmWhatsAppOpen, setConfirmWhatsAppOpen] 
= useState(false);

[33mThe symbol "isSurveyOpen" has already been declared[33m
445|    const [isEditing, setIsEditing] = useState(false);
446|    const [editingBooking, setEditingBooking] = 
useState<EditBookingData | null>(null);
447|    const [isSurveyOpen, setIsSurveyOpen] = 
useState(false);
   |          ^
448|    const [confirmWhatsAppOpen, setConfirmWhatsAppOpen] 
= useState(false);
449|    const [pendingConvId, setPendingConvId] = 
useState<string | null>(null);

[33mThe symbol "setIsSurveyOpen" has already been 
declared[33m
445|    const [isEditing, setIsEditing] = useState(false);
446|    const [editingBooking, setEditingBooking] = 
useState<EditBookingData | null>(null);
447|    const [isSurveyOpen, setIsSurveyOpen] = 
useState(false);
   |          ^
448|    const [confirmWhatsAppOpen, setConfirmWhatsAppOpen] 
= useState(false);
449|    const [pendingConvId, setPendingConvId] = 
useState<string | null>(null);

[33mThe symbol "confirmWhatsAppOpen" has already been 
declared[33m
446|    const [editingBooking, setEditingBooking] = 
useState<EditBookingData | null>(null);
447|    const [isSurveyOpen, setIsSurveyOpen] = 
useState(false);
448|    const [confirmWhatsAppOpen, setConfirmWhatsAppOpen] 
= useState(false);
   |          ^
449|    const [pendingConvId, setPendingConvId] = 
useState<string | null>(null);
450|    const [pendingWaLink, setPendingWaLink] = 
useState<string | null>(null);

[33mThe symbol "setConfirmWhatsAppOpen" has already been 
declared[33m
446|    const [editingBooking, setEditingBooking] = 
useState<EditBookingData | null>(null);
447|    const [isSurveyOpen, setIsSurveyOpen] = 
useState(false);
448|    const [confirmWhatsAppOpen, setConfirmWhatsAppOpen] 
= useState(false);
   |          ^
449|    const [pendingConvId, setPendingConvId] = 
useState<string | null>(null);
450|    const [pendingWaLink, setPendingWaLink] = 
useState<string | null>(null);

[33mThe symbol "pendingConvId" has already been 
declared[33m
447|    const [isSurveyOpen, setIsSurveyOpen] = 
useState(false);
448|    const [confirmWhatsAppOpen, setConfirmWhatsAppOpen] 
= useState(false);
449|    const [pendingConvId, setPendingConvId] = 
useState<string | null>(null);
   |          ^
450|    const [pendingWaLink, setPendingWaLink] = 
useState<string | null>(null);
451|    const [isEditing, setIsEditing] = useState(false);

[33mThe symbol "setPendingConvId" has already been 
declared[33m
447|    const [isSurveyOpen, setIsSurveyOpen] = 
useState(false);
448|    const [confirmWhatsAppOpen, setConfirmWhatsAppOpen] 
= useState(false);
449|    const [pendingConvId, setPendingConvId] = 
useState<string | null>(null);
   |          ^
450|    const [pendingWaLink, setPendingWaLink] = 
useState<string | null>(null);
451|    const [isEditing, setIsEditing] = useState(false);

[33mThe symbol "pendingWaLink" has already been 
declared[33m
448|    const [confirmWhatsAppOpen, setConfirmWhatsAppOpen] 
= useState(false);
449|    const [pendingConvId, setPendingConvId] = 
useState<string | null>(null);
450|    const [pendingWaLink, setPendingWaLink] = 
useState<string | null>(null);
   |          ^
451|    const [isEditing, setIsEditing] = useState(false);
452|    const [editingBooking, setEditingBooking] = 
useState<EditBookingData | null>(null);

[33mThe symbol "setPendingWaLink" has already been 
declared[33m
448|    const [confirmWhatsAppOpen, setConfirmWhatsAppOpen] 
= useState(false);
449|    const [pendingConvId, setPendingConvId] = 
useState<string | null>(null);
450|    const [pendingWaLink, setPendingWaLink] = 
useState<string | null>(null);
   |          ^
451|    const [isEditing, setIsEditing] = useState(false);
452|    const [editingBooking, setEditingBooking] = 
useState<EditBookingData | null>(null);

[33mThe symbol "isEditing" has already been declared[33m
449|    const [pendingConvId, setPendingConvId] = 
useState<string | null>(null);
450|    const [pendingWaLink, setPendingWaLink] = 
useState<string | null>(null);
451|    const [isEditing, setIsEditing] = useState(false);
   |          ^
452|    const [editingBooking, setEditingBooking] = 
useState<EditBookingData | null>(null);
453|    const [isSurveyOpen, setIsSurveyOpen] = 
useState(false);

[33mThe symbol "setIsEditing" has already been declared[33m
449|    const [pendingConvId, setPendingConvId] = 
useState<string | null>(null);
450|    const [pendingWaLink, setPendingWaLink] = 
useState<string | null>(null);
451|    const [isEditing, setIsEditing] = useState(false);
   |          ^
452|    const [editingBooking, setEditingBooking] = 
useState<EditBookingData | null>(null);
453|    const [isSurveyOpen, setIsSurveyOpen] = 
useState(false);

[33mThe symbol "editingBooking" has already been 
declared[33m
450|    const [pendingWaLink, setPendingWaLink] = 
useState<string | null>(null);
451|    const [isEditing, setIsEditing] = useState(false);
452|    const [editingBooking, setEditingBooking] = 
useState<EditBookingData | null>(null);
   |          ^
453|    const [isSurveyOpen, setIsSurveyOpen] = 
useState(false);
454|    const [confirmWhatsAppOpen, setConfirmWhatsAppOpen] 
= useState(false);

[33mThe symbol "setEditingBooking" has already been 
declared[33m
450|    const [pendingWaLink, setPendingWaLink] = 
useState<string | null>(null);
451|    const [isEditing, setIsEditing] = useState(false);
452|    const [editingBooking, setEditingBooking] = 
useState<EditBookingData | null>(null);
   |          ^
453|    const [isSurveyOpen, setIsSurveyOpen] = 
useState(false);
454|    const [confirmWhatsAppOpen, setConfirmWhatsAppOpen] 
= useState(false);

[33mThe symbol "isSurveyOpen" has already been declared[33m
451|    const [isEditing, setIsEditing] = useState(false);
452|    const [editingBooking, setEditingBooking] = 
useState<EditBookingData | null>(null);
453|    const [isSurveyOpen, setIsSurveyOpen] = 
useState(false);
   |          ^
454|    const [confirmWhatsAppOpen, setConfirmWhatsAppOpen] 
= useState(false);
455|    const [pendingConvId, setPendingConvId] = 
useState<string | null>(null);

[33mThe symbol "setIsSurveyOpen" has already been 
declared[33m
451|    const [isEditing, setIsEditing] = useState(false);
452|    const [editingBooking, setEditingBooking] = 
useState<EditBookingData | null>(null);
453|    const [isSurveyOpen, setIsSurveyOpen] = 
useState(false);
   |          ^
454|    const [confirmWhatsAppOpen, setConfirmWhatsAppOpen] 
= useState(false);
455|    const [pendingConvId, setPendingConvId] = 
useState<string | null>(null);

[33mThe symbol "confirmWhatsAppOpen" has already been 
declared[33m
452|    const [editingBooking, setEditingBooking] = 
useState<EditBookingData | null>(null);
453|    const [isSurveyOpen, setIsSurveyOpen] = 
useState(false);
454|    const [confirmWhatsAppOpen, setConfirmWhatsAppOpen] 
= useState(false);
   |          ^
455|    const [pendingConvId, setPendingConvId] = 
useState<string | null>(null);
456|    const [pendingWaLink, setPendingWaLink] = 
useState<string | null>(null);

[33mThe symbol "setConfirmWhatsAppOpen" has already been 
declared[33m
452|    const [editingBooking, setEditingBooking] = 
useState<EditBookingData | null>(null);
453|    const [isSurveyOpen, setIsSurveyOpen] = 
useState(false);
454|    const [confirmWhatsAppOpen, setConfirmWhatsAppOpen] 
= useState(false);
   |          ^
455|    const [pendingConvId, setPendingConvId] = 
useState<string | null>(null);
456|    const [pendingWaLink, setPendingWaLink] = 
useState<string | null>(null);

[33mThe symbol "pendingConvId" has already been 
declared[33m
453|    const [isSurveyOpen, setIsSurveyOpen] = 
useState(false);
454|    const [confirmWhatsAppOpen, setConfirmWhatsAppOpen] 
= useState(false);
455|    const [pendingConvId, setPendingConvId] = 
useState<string | null>(null);
   |          ^
456|    const [pendingWaLink, setPendingWaLink] = 
useState<string | null>(null);
457|    const [isEditing, setIsEditing] = useState(false);

[33mThe symbol "setPendingConvId" has already been 
declared[33m
453|    const [isSurveyOpen, setIsSurveyOpen] = 
useState(false);
454|    const [confirmWhatsAppOpen, setConfirmWhatsAppOpen] 
= useState(false);
455|    const [pendingConvId, setPendingConvId] = 
useState<string | null>(null);
   |          ^
456|    const [pendingWaLink, setPendingWaLink] = 
useState<string | null>(null);
457|    const [isEditing, setIsEditing] = useState(false);

[33mThe symbol "pendingWaLink" has already been 
declared[33m
454|    const [confirmWhatsAppOpen, setConfirmWhatsAppOpen] 
= useState(false);
455|    const [pendingConvId, setPendingConvId] = 
useState<string | null>(null);
456|    const [pendingWaLink, setPendingWaLink] = 
useState<string | null>(null);
   |          ^
457|    const [isEditing, setIsEditing] = useState(false);
458|    const [editingBooking, setEditingBooking] = 
useState<EditBookingData | null>(null);

[33mThe symbol "setPendingWaLink" has already been 
declared[33m
454|    const [confirmWhatsAppOpen, setConfirmWhatsAppOpen] 
= useState(false);
455|    const [pendingConvId, setPendingConvId] = 
useState<string | null>(null);
456|    const [pendingWaLink, setPendingWaLink] = 
useState<string | null>(null);
   |          ^
457|    const [isEditing, setIsEditing] = useState(false);
458|    const [editingBooking, setEditingBooking] = 
useState<EditBookingData | null>(null);

[33mThe symbol "isEditing" has already been declared[33m
455|    const [pendingConvId, setPendingConvId] = 
useState<string | null>(null);
456|    const [pendingWaLink, setPendingWaLink] = 
useState<string | null>(null);
457|    const [isEditing, setIsEditing] = useState(false);
   |          ^
458|    const [editingBooking, setEditingBooking] = 
useState<EditBookingData | null>(null);
459|    const [isSurveyOpen, setIsSurveyOpen] = 
useState(false);

[33mThe symbol "setIsEditing" has already been declared[33m
455|    const [pendingConvId, setPendingConvId] = 
useState<string | null>(null);
456|    const [pendingWaLink, setPendingWaLink] = 
useState<string | null>(null);
457|    const [isEditing, setIsEditing] = useState(false);
   |          ^
458|    const [editingBooking, setEditingBooking] = 
useState<EditBookingData | null>(null);
459|    const [isSurveyOpen, setIsSurveyOpen] = 
useState(false);

[33mThe symbol "editingBooking" has already been 
declared[33m
456|    const [pendingWaLink, setPendingWaLink] = 
useState<string | null>(null);
457|    const [isEditing, setIsEditing] = useState(false);
458|    const [editingBooking, setEditingBooking] = 
useState<EditBookingData | null>(null);
   |          ^
459|    const [isSurveyOpen, setIsSurveyOpen] = 
useState(false);
460|    const [confirmWhatsAppOpen, setConfirmWhatsAppOpen] 
= useState(false);

[33mThe symbol "setEditingBooking" has already been 
declared[33m
456|    const [pendingWaLink, setPendingWaLink] = 
useState<string | null>(null);
457|    const [isEditing, setIsEditing] = useState(false);
458|    const [editingBooking, setEditingBooking] = 
useState<EditBookingData | null>(null);
   |          ^
459|    const [isSurveyOpen, setIsSurveyOpen] = 
useState(false);
460|    const [confirmWhatsAppOpen, setConfirmWhatsAppOpen] 
= useState(false);

[33mThe symbol "isSurveyOpen" has already been declared[33m
457|    const [isEditing, setIsEditing] = useState(false);
458|    const [editingBooking, setEditingBooking] = 
useState<EditBookingData | null>(null);
459|    const [isSurveyOpen, setIsSurveyOpen] = 
useState(false);
   |          ^
460|    const [confirmWhatsAppOpen, setConfirmWhatsAppOpen] 
= useState(false);
461|    const [pendingConvId, setPendingConvId] = 
useState<string | null>(null);

[33mThe symbol "setIsSurveyOpen" has already been 
declared[33m
457|    const [isEditing, setIsEditing] = useState(false);
458|    const [editingBooking, setEditingBooking] = 
useState<EditBookingData | null>(null);
459|    const [isSurveyOpen, setIsSurveyOpen] = 
useState(false);
   |          ^
460|    const [confirmWhatsAppOpen, setConfirmWhatsAppOpen] 
= useState(false);
461|    const [pendingConvId, setPendingConvId] = 
useState<string | null>(null);

[33mThe symbol "confirmWhatsAppOpen" has already been 
declared[33m
458|    const [editingBooking, setEditingBooking] = 
useState<EditBookingData | null>(null);
459|    const [isSurveyOpen, setIsSurveyOpen] = 
useState(false);
460|    const [confirmWhatsAppOpen, setConfirmWhatsAppOpen] 
= useState(false);
   |          ^
461|    const [pendingConvId, setPendingConvId] = 
useState<string | null>(null);
462|    const [pendingWaLink, setPendingWaLink] = 
useState<string | null>(null);

[33mThe symbol "setConfirmWhatsAppOpen" has already been 
declared[33m
458|    const [editingBooking, setEditingBooking] = 
useState<EditBookingData | null>(null);
459|    const [isSurveyOpen, setIsSurveyOpen] = 
useState(false);
460|    const [confirmWhatsAppOpen, setConfirmWhatsAppOpen] 
= useState(false);
   |          ^
461|    const [pendingConvId, setPendingConvId] = 
useState<string | null>(null);
462|    const [pendingWaLink, setPendingWaLink] = 
useState<string | null>(null);

[33mThe symbol "pendingConvId" has already been 
declared[33m
459|    const [isSurveyOpen, setIsSurveyOpen] = 
useState(false);
460|    const [confirmWhatsAppOpen, setConfirmWhatsAppOpen] 
= useState(false);
461|    const [pendingConvId, setPendingConvId] = 
useState<string | null>(null);
   |          ^
462|    const [pendingWaLink, setPendingWaLink] = 
useState<string | null>(null);
463|    const [isEditing, setIsEditing] = useState(false);

[33mThe symbol "setPendingConvId" has already been 
declared[33m
459|    const [isSurveyOpen, setIsSurveyOpen] = 
useState(false);
460|    const [confirmWhatsAppOpen, setConfirmWhatsAppOpen] 
= useState(false);
461|    const [pendingConvId, setPendingConvId] = 
useState<string | null>(null);
   |          ^
462|    const [pendingWaLink, setPendingWaLink] = 
useState<string | null>(null);
463|    const [isEditing, setIsEditing] = useState(false);

[33mThe symbol "pendingWaLink" has already been 
declared[33m
460|    const [confirmWhatsAppOpen, setConfirmWhatsAppOpen] 
= useState(false);
461|    const [pendingConvId, setPendingConvId] = 
useState<string | null>(null);
462|    const [pendingWaLink, setPendingWaLink] = 
useState<string | null>(null);
   |          ^
463|    const [isEditing, setIsEditing] = useState(false);
464|    const [editingBooking, setEditingBooking] = 
useState<EditBookingData | null>(null);

[33mThe symbol "setPendingWaLink" has already been 
declared[33m
460|    const [confirmWhatsAppOpen, setConfirmWhatsAppOpen] 
= useState(false);
461|    const [pendingConvId, setPendingConvId] = 
useState<string | null>(null);
462|    const [pendingWaLink, setPendingWaLink] = 
useState<string | null>(null);
   |          ^
463|    const [isEditing, setIsEditing] = useState(false);
464|    const [editingBooking, setEditingBooking] = 
useState<EditBookingData | null>(null);

[33mThe symbol "isEditing" has already been declared[33m
461|    const [pendingConvId, setPendingConvId] = 
useState<string | null>(null);
462|    const [pendingWaLink, setPendingWaLink] = 
useState<string | null>(null);
463|    const [isEditing, setIsEditing] = useState(false);
   |          ^
464|    const [editingBooking, setEditingBooking] = 
useState<EditBookingData | null>(null);
465|    const [isSurveyOpen, setIsSurveyOpen] = 
useState(false);

[33mThe symbol "setIsEditing" has already been declared[33m
461|    const [pendingConvId, setPendingConvId] = 
useState<string | null>(null);
462|    const [pendingWaLink, setPendingWaLink] = 
useState<string | null>(null);
463|    const [isEditing, setIsEditing] = useState(false);
   |          ^
464|    const [editingBooking, setEditingBooking] = 
useState<EditBookingData | null>(null);
465|    const [isSurveyOpen, setIsSurveyOpen] = 
useState(false);

[33mThe symbol "editingBooking" has already been 
declared[33m
462|    const [pendingWaLink, setPendingWaLink] = 
useState<string | null>(null);
463|    const [isEditing, setIsEditing] = useState(false);
464|    const [editingBooking, setEditingBooking] = 
useState<EditBookingData | null>(null);
   |          ^
465|    const [isSurveyOpen, setIsSurveyOpen] = 
useState(false);
466|    const [confirmWhatsAppOpen, setConfirmWhatsAppOpen] 
= useState(false);

[33mThe symbol "setEditingBooking" has already been 
declared[33m
462|    const [pendingWaLink, setPendingWaLink] = 
useState<string | null>(null);
463|    const [isEditing, setIsEditing] = useState(false);
464|    const [editingBooking, setEditingBooking] = 
useState<EditBookingData | null>(null);
   |          ^
465|    const [isSurveyOpen, setIsSurveyOpen] = 
useState(false);
466|    const [confirmWhatsAppOpen, setConfirmWhatsAppOpen] 
= useState(false);

[33mThe symbol "isSurveyOpen" has already been declared[33m
463|    const [isEditing, setIsEditing] = useState(false);
464|    const [editingBooking, setEditingBooking] = 
useState<EditBookingData | null>(null);
465|    const [isSurveyOpen, setIsSurveyOpen] = 
useState(false);
   |          ^
466|    const [confirmWhatsAppOpen, setConfirmWhatsAppOpen] 
= useState(false);
467|    const [pendingConvId, setPendingConvId] = 
useState<string | null>(null);

[33mThe symbol "setIsSurveyOpen" has already been 
declared[33m
463|    const [isEditing, setIsEditing] = useState(false);
464|    const [editingBooking, setEditingBooking] = 
useState<EditBookingData | null>(null);
465|    const [isSurveyOpen, setIsSurveyOpen] = 
useState(false);
   |          ^
466|    const [confirmWhatsAppOpen, setConfirmWhatsAppOpen] 
= useState(false);
467|    const [pendingConvId, setPendingConvId] = 
useState<string | null>(null);

[33mThe symbol "confirmWhatsAppOpen" has already been 
declared[33m
464|    const [editingBooking, setEditingBooking] = 
useState<EditBookingData | null>(null);
465|    const [isSurveyOpen, setIsSurveyOpen] = 
useState(false);
466|    const [confirmWhatsAppOpen, setConfirmWhatsAppOpen] 
= useState(false);
   |          ^
467|    const [pendingConvId, setPendingConvId] = 
useState<string | null>(null);
468|    const [pendingWaLink, setPendingWaLink] = 
useState<string | null>(null);

[33mThe symbol "setConfirmWhatsAppOpen" has already been 
declared[33m
464|    const [editingBooking, setEditingBooking] = 
useState<EditBookingData | null>(null);
465|    const [isSurveyOpen, setIsSurveyOpen] = 
useState(false);
466|    const [confirmWhatsAppOpen, setConfirmWhatsAppOpen] 
= useState(false);
   |          ^
467|    const [pendingConvId, setPendingConvId] = 
useState<string | null>(null);
468|    const [pendingWaLink, setPendingWaLink] = 
useState<string | null>(null);

[33mThe symbol "pendingConvId" has already been 
declared[33m
465|    const [isSurveyOpen, setIsSurveyOpen] = 
useState(false);
466|    const [confirmWhatsAppOpen, setConfirmWhatsAppOpen] 
= useState(false);
467|    const [pendingConvId, setPendingConvId] = 
useState<string | null>(null);
   |          ^
468|    const [pendingWaLink, setPendingWaLink] = 
useState<string | null>(null);
469|    const [isEditing, setIsEditing] = useState(false);

[33mThe symbol "setPendingConvId" has already been 
declared[33m
465|    const [isSurveyOpen, setIsSurveyOpen] = 
useState(false);
466|    const [confirmWhatsAppOpen, setConfirmWhatsAppOpen] 
= useState(false);
467|    const [pendingConvId, setPendingConvId] = 
useState<string | null>(null);
   |          ^
468|    const [pendingWaLink, setPendingWaLink] = 
useState<string | null>(null);
469|    const [isEditing, setIsEditing] = useState(false);

[33mThe symbol "pendingWaLink" has already been 
declared[33m
466|    const [confirmWhatsAppOpen, setConfirmWhatsAppOpen] 
= useState(false);
467|    const [pendingConvId, setPendingConvId] = 
useState<string | null>(null);
468|    const [pendingWaLink, setPendingWaLink] = 
useState<string | null>(null);
   |          ^
469|    const [isEditing, setIsEditing] = useState(false);
470|    const [editingBooking, setEditingBooking] = 
useState<EditBookingData | null>(null);

[33mThe symbol "setPendingWaLink" has already been 
declared[33m
466|    const [confirmWhatsAppOpen, setConfirmWhatsAppOpen] 
= useState(false);
467|    const [pendingConvId, setPendingConvId] = 
useState<string | null>(null);
468|    const [pendingWaLink, setPendingWaLink] = 
useState<string | null>(null);
   |          ^
469|    const [isEditing, setIsEditing] = useState(false);
470|    const [editingBooking, setEditingBooking] = 
useState<EditBookingData | null>(null);

[33mThe symbol "isEditing" has already been declared[33m
467|    const [pendingConvId, setPendingConvId] = 
useState<string | null>(null);
468|    const [pendingWaLink, setPendingWaLink] = 
useState<string | null>(null);
469|    const [isEditing, setIsEditing] = useState(false);
   |          ^
470|    const [editingBooking, setEditingBooking] = 
useState<EditBookingData | null>(null);
471|    const [isSurveyOpen, setIsSurveyOpen] = 
useState(false);

[33mThe symbol "setIsEditing" has already been declared[33m
467|    const [pendingConvId, setPendingConvId] = 
useState<string | null>(null);
468|    const [pendingWaLink, setPendingWaLink] = 
useState<string | null>(null);
469|    const [isEditing, setIsEditing] = useState(false);
   |          ^
470|    const [editingBooking, setEditingBooking] = 
useState<EditBookingData | null>(null);
471|    const [isSurveyOpen, setIsSurveyOpen] = 
useState(false);

[33mThe symbol "editingBooking" has already been 
declared[33m
468|    const [pendingWaLink, setPendingWaLink] = 
useState<string | null>(null);
469|    const [isEditing, setIsEditing] = useState(false);
470|    const [editingBooking, setEditingBooking] = 
useState<EditBookingData | null>(null);
   |          ^
471|    const [isSurveyOpen, setIsSurveyOpen] = 
useState(false);
472|    const [confirmWhatsAppOpen, setConfirmWhatsAppOpen] 
= useState(false);

[33mThe symbol "setEditingBooking" has already been 
declared[33m
468|    const [pendingWaLink, setPendingWaLink] = 
useState<string | null>(null);
469|    const [isEditing, setIsEditing] = useState(false);
470|    const [editingBooking, setEditingBooking] = 
useState<EditBookingData | null>(null);
   |          ^
471|    const [isSurveyOpen, setIsSurveyOpen] = 
useState(false);
472|    const [confirmWhatsAppOpen, setConfirmWhatsAppOpen] 
= useState(false);

[33mThe symbol "isSurveyOpen" has already been declared[33m
469|    const [isEditing, setIsEditing] = useState(false);
470|    const [editingBooking, setEditingBooking] = 
useState<EditBookingData | null>(null);
471|    const [isSurveyOpen, setIsSurveyOpen] = 
useState(false);
   |          ^
472|    const [confirmWhatsAppOpen, setConfirmWhatsAppOpen] 
= useState(false);
473|    const [pendingConvId, setPendingConvId] = 
useState<string | null>(null);

[33mThe symbol "setIsSurveyOpen" has already been 
declared[33m
469|    const [isEditing, setIsEditing] = useState(false);
470|    const [editingBooking, setEditingBooking] = 
useState<EditBookingData | null>(null);
471|    const [isSurveyOpen, setIsSurveyOpen] = 
useState(false);
   |          ^
472|    const [confirmWhatsAppOpen, setConfirmWhatsAppOpen] 
= useState(false);
473|    const [pendingConvId, setPendingConvId] = 
useState<string | null>(null);

[33mThe symbol "confirmWhatsAppOpen" has already been 
declared[33m
470|    const [editingBooking, setEditingBooking] = 
useState<EditBookingData | null>(null);
471|    const [isSurveyOpen, setIsSurveyOpen] = 
useState(false);
472|    const [confirmWhatsAppOpen, setConfirmWhatsAppOpen] 
= useState(false);
   |          ^
473|    const [pendingConvId, setPendingConvId] = 
useState<string | null>(null);
474|    const [pendingWaLink, setPendingWaLink] = 
useState<string | null>(null);

[33mThe symbol "setConfirmWhatsAppOpen" has already been 
declared[33m
470|    const [editingBooking, setEditingBooking] = 
useState<EditBookingData | null>(null);
471|    const [isSurveyOpen, setIsSurveyOpen] = 
useState(false);
472|    const [confirmWhatsAppOpen, setConfirmWhatsAppOpen] 
= useState(false);
   |          ^
473|    const [pendingConvId, setPendingConvId] = 
useState<string | null>(null);
474|    const [pendingWaLink, setPendingWaLink] = 
useState<string | null>(null);

[33mThe symbol "pendingConvId" has already been 
declared[33m
471|    const [isSurveyOpen, setIsSurveyOpen] = 
useState(false);
472|    const [confirmWhatsAppOpen, setConfirmWhatsAppOpen] 
= useState(false);
473|    const [pendingConvId, setPendingConvId] = 
useState<string | null>(null);
   |          ^
474|    const [pendingWaLink, setPendingWaLink] = 
useState<string | null>(null);
475|    const [isEditing, setIsEditing] = useState(false);

[33mThe symbol "setPendingConvId" has already been 
declared[33m
471|    const [isSurveyOpen, setIsSurveyOpen] = 
useState(false);
472|    const [confirmWhatsAppOpen, setConfirmWhatsAppOpen] 
= useState(false);
473|    const [pendingConvId, setPendingConvId] = 
useState<string | null>(null);
   |          ^
474|    const [pendingWaLink, setPendingWaLink] = 
useState<string | null>(null);
475|    const [isEditing, setIsEditing] = useState(false);

[33mThe symbol "pendingWaLink" has already been 
declared[33m
472|    const [confirmWhatsAppOpen, setConfirmWhatsAppOpen] 
= useState(false);
473|    const [pendingConvId, setPendingConvId] = 
useState<string | null>(null);
474|    const [pendingWaLink, setPendingWaLink] = 
useState<string | null>(null);
   |          ^
475|    const [isEditing, setIsEditing] = useState(false);
476|    const [editingBooking, setEditingBooking] = 
useState<EditBookingData | null>(null);

[33mThe symbol "setPendingWaLink" has already been 
declared[33m
472|    const [confirmWhatsAppOpen, setConfirmWhatsAppOpen] 
= useState(false);
473|    const [pendingConvId, setPendingConvId] = 
useState<string | null>(null);
474|    const [pendingWaLink, setPendingWaLink] = 
useState<string | null>(null);
   |          ^
475|    const [isEditing, setIsEditing] = useState(false);
476|    const [editingBooking, setEditingBooking] = 
useState<EditBookingData | null>(null);

[33mThe symbol "isEditing" has already been declared[33m
473|    const [pendingConvId, setPendingConvId] = 
useState<string | null>(null);
474|    const [pendingWaLink, setPendingWaLink] = 
useState<string | null>(null);
475|    const [isEditing, setIsEditing] = useState(false);
   |          ^
476|    const [editingBooking, setEditingBooking] = 
useState<EditBookingData | null>(null);
477|    const [isSurveyOpen, setIsSurveyOpen] = 
useState(false);

[33mThe symbol "setIsEditing" has already been declared[33m
473|    const [pendingConvId, setPendingConvId] = 
useState<string | null>(null);
474|    const [pendingWaLink, setPendingWaLink] = 
useState<string | null>(null);
475|    const [isEditing, setIsEditing] = useState(false);
   |          ^
476|    const [editingBooking, setEditingBooking] = 
useState<EditBookingData | null>(null);
477|    const [isSurveyOpen, setIsSurveyOpen] = 
useState(false);

[33mThe symbol "editingBooking" has already been 
declared[33m
474|    const [pendingWaLink, setPendingWaLink] = 
useState<string | null>(null);
475|    const [isEditing, setIsEditing] = useState(false);
476|    const [editingBooking, setEditingBooking] = 
useState<EditBookingData | null>(null);
   |          ^
477|    const [isSurveyOpen, setIsSurveyOpen] = 
useState(false);
478|    const [confirmWhatsAppOpen, setConfirmWhatsAppOpen] 
= useState(false);

[33mThe symbol "setEditingBooking" has already been 
declared[33m
474|    const [pendingWaLink, setPendingWaLink] = 
useState<string | null>(null);
475|    const [isEditing, setIsEditing] = useState(false);
476|    const [editingBooking, setEditingBooking] = 
useState<EditBookingData | null>(null);
   |          ^
477|    const [isSurveyOpen, setIsSurveyOpen] = 
useState(false);
478|    const [confirmWhatsAppOpen, setConfirmWhatsAppOpen] 
= useState(false);

[33mThe symbol "isSurveyOpen" has already been declared[33m
475|    const [isEditing, setIsEditing] = useState(false);
476|    const [editingBooking, setEditingBooking] = 
useState<EditBookingData | null>(null);
477|    const [isSurveyOpen, setIsSurveyOpen] = 
useState(false);
   |          ^
478|    const [confirmWhatsAppOpen, setConfirmWhatsAppOpen] 
= useState(false);
479|    const [pendingConvId, setPendingConvId] = 
useState<string | null>(null);

[33mThe symbol "setIsSurveyOpen" has already been 
declared[33m
475|    const [isEditing, setIsEditing] = useState(false);
476|    const [editingBooking, setEditingBooking] = 
useState<EditBookingData | null>(null);
477|    const [isSurveyOpen, setIsSurveyOpen] = 
useState(false);
   |          ^
478|    const [confirmWhatsAppOpen, setConfirmWhatsAppOpen] 
= useState(false);
479|    const [pendingConvId, setPendingConvId] = 
useState<string | null>(null);

[33mThe symbol "confirmWhatsAppOpen" has already been 
declared[33m
476|    const [editingBooking, setEditingBooking] = 
useState<EditBookingData | null>(null);
477|    const [isSurveyOpen, setIsSurveyOpen] = 
useState(false);
478|    const [confirmWhatsAppOpen, setConfirmWhatsAppOpen] 
= useState(false);
   |          ^
479|    const [pendingConvId, setPendingConvId] = 
useState<string | null>(null);
480|    const [pendingWaLink, setPendingWaLink] = 
useState<string | null>(null);

[33mThe symbol "setConfirmWhatsAppOpen" has already been 
declared[33m
476|    const [editingBooking, setEditingBooking] = 
useState<EditBookingData | null>(null);
477|    const [isSurveyOpen, setIsSurveyOpen] = 
useState(false);
478|    const [confirmWhatsAppOpen, setConfirmWhatsAppOpen] 
= useState(false);
   |          ^
479|    const [pendingConvId, setPendingConvId] = 
useState<string | null>(null);
480|    const [pendingWaLink, setPendingWaLink] = 
useState<string | null>(null);

[33mThe symbol "pendingConvId" has already been 
declared[33m
477|    const [isSurveyOpen, setIsSurveyOpen] = 
useState(false);
478|    const [confirmWhatsAppOpen, setConfirmWhatsAppOpen] 
= useState(false);
479|    const [pendingConvId, setPendingConvId] = 
useState<string | null>(null);
   |          ^
480|    const [pendingWaLink, setPendingWaLink] = 
useState<string | null>(null);
481|    const [isEditing, setIsEditing] = useState(false);

[33mThe symbol "setPendingConvId" has already been 
declared[33m
477|    const [isSurveyOpen, setIsSurveyOpen] = 
useState(false);
478|    const [confirmWhatsAppOpen, setConfirmWhatsAppOpen] 
= useState(false);
479|    const [pendingConvId, setPendingConvId] = 
useState<string | null>(null);
   |          ^
480|    const [pendingWaLink, setPendingWaLink] = 
useState<string | null>(null);
481|    const [isEditing, setIsEditing] = useState(false);

[33mThe symbol "pendingWaLink" has already been 
declared[33m
478|    const [confirmWhatsAppOpen, setConfirmWhatsAppOpen] 
= useState(false);
479|    const [pendingConvId, setPendingConvId] = 
useState<string | null>(null);
480|    const [pendingWaLink, setPendingWaLink] = 
useState<string | null>(null);
   |          ^
481|    const [isEditing, setIsEditing] = useState(false);
482|    const [editingBooking, setEditingBooking] = 
useState<EditBookingData | null>(null);

[33mThe symbol "setPendingWaLink" has already been 
declared[33m
478|    const [confirmWhatsAppOpen, setConfirmWhatsAppOpen] 
= useState(false);
479|    const [pendingConvId, setPendingConvId] = 
useState<string | null>(null);
480|    const [pendingWaLink, setPendingWaLink] = 
useState<string | null>(null);
   |          ^
481|    const [isEditing, setIsEditing] = useState(false);
482|    const [editingBooking, setEditingBooking] = 
useState<EditBookingData | null>(null);

[33mThe symbol "isEditing" has already been declared[33m
479|    const [pendingConvId, setPendingConvId] = 
useState<string | null>(null);
480|    const [pendingWaLink, setPendingWaLink] = 
useState<string | null>(null);
481|    const [isEditing, setIsEditing] = useState(false);
   |          ^
482|    const [editingBooking, setEditingBooking] = 
useState<EditBookingData | null>(null);
483|    const [isSurveyOpen, setIsSurveyOpen] = 
useState(false);

[33mThe symbol "setIsEditing" has already been declared[33m
479|    const [pendingConvId, setPendingConvId] = 
useState<string | null>(null);
480|    const [pendingWaLink, setPendingWaLink] = 
useState<string | null>(null);
481|    const [isEditing, setIsEditing] = useState(false);
   |          ^
482|    const [editingBooking, setEditingBooking] = 
useState<EditBookingData | null>(null);
483|    const [isSurveyOpen, setIsSurveyOpen] = 
useState(false);

[33mThe symbol "editingBooking" has already been 
declared[33m
480|    const [pendingWaLink, setPendingWaLink] = 
useState<string | null>(null);
481|    const [isEditing, setIsEditing] = useState(false);
482|    const [editingBooking, setEditingBooking] = 
useState<EditBookingData | null>(null);
   |          ^
483|    const [isSurveyOpen, setIsSurveyOpen] = 
useState(false);
484|    const [confirmWhatsAppOpen, setConfirmWhatsAppOpen] 
= useState(false);

[33mThe symbol "setEditingBooking" has already been 
declared[33m
480|    const [pendingWaLink, setPendingWaLink] = 
useState<string | null>(null);
481|    const [isEditing, setIsEditing] = useState(false);
482|    const [editingBooking, setEditingBooking] = 
useState<EditBookingData | null>(null);
   |          ^
483|    const [isSurveyOpen, setIsSurveyOpen] = 
useState(false);
484|    const [confirmWhatsAppOpen, setConfirmWhatsAppOpen] 
= useState(false);

[33mThe symbol "isSurveyOpen" has already been declared[33m
481|    const [isEditing, setIsEditing] = useState(false);
482|    const [editingBooking, setEditingBooking] = 
useState<EditBookingData | null>(null);
483|    const [isSurveyOpen, setIsSurveyOpen] = 
useState(false);
   |          ^
484|    const [confirmWhatsAppOpen, setConfirmWhatsAppOpen] 
= useState(false);
485|    const [pendingConvId, setPendingConvId] = 
useState<string | null>(null);

[33mThe symbol "setIsSurveyOpen" has already been 
declared[33m
481|    const [isEditing, setIsEditing] = useState(false);
482|    const [editingBooking, setEditingBooking] = 
useState<EditBookingData | null>(null);
483|    const [isSurveyOpen, setIsSurveyOpen] = 
useState(false);
   |          ^
484|    const [confirmWhatsAppOpen, setConfirmWhatsAppOpen] 
= useState(false);
485|    const [pendingConvId, setPendingConvId] = 
useState<string | null>(null);

[33mThe symbol "confirmWhatsAppOpen" has already been 
declared[33m
482|    const [editingBooking, setEditingBooking] = 
useState<EditBookingData | null>(null);
483|    const [isSurveyOpen, setIsSurveyOpen] = 
useState(false);
484|    const [confirmWhatsAppOpen, setConfirmWhatsAppOpen] 
= useState(false);
   |          ^
485|    const [pendingConvId, setPendingConvId] = 
useState<string | null>(null);
486|    const [pendingWaLink, setPendingWaLink] = 
useState<string | null>(null);

[33mThe symbol "setConfirmWhatsAppOpen" has already been 
declared[33m
482|    const [editingBooking, setEditingBooking] = 
useState<EditBookingData | null>(null);
483|    const [isSurveyOpen, setIsSurveyOpen] = 
useState(false);
484|    const [confirmWhatsAppOpen, setConfirmWhatsAppOpen] 
= useState(false);
   |          ^
485|    const [pendingConvId, setPendingConvId] = 
useState<string | null>(null);
486|    const [pendingWaLink, setPendingWaLink] = 
useState<string | null>(null);

[33mThe symbol "pendingConvId" has already been 
declared[33m
483|    const [isSurveyOpen, setIsSurveyOpen] = 
useState(false);
484|    const [confirmWhatsAppOpen, setConfirmWhatsAppOpen] 
= useState(false);
485|    const [pendingConvId, setPendingConvId] = 
useState<string | null>(null);
   |          ^
486|    const [pendingWaLink, setPendingWaLink] = 
useState<string | null>(null);
487|    const [isEditing, setIsEditing] = useState(false);

[33mThe symbol "setPendingConvId" has already been 
declared[33m
483|    const [isSurveyOpen, setIsSurveyOpen] = 
useState(false);
484|    const [confirmWhatsAppOpen, setConfirmWhatsAppOpen] 
= useState(false);
485|    const [pendingConvId, setPendingConvId] = 
useState<string | null>(null);
   |          ^
486|    const [pendingWaLink, setPendingWaLink] = 
useState<string | null>(null);
487|    const [isEditing, setIsEditing] = useState(false);

[33mThe symbol "pendingWaLink" has already been 
declared[33m
484|    const [confirmWhatsAppOpen, setConfirmWhatsAppOpen] 
= useState(false);
485|    const [pendingConvId, setPendingConvId] = 
useState<string | null>(null);
486|    const [pendingWaLink, setPendingWaLink] = 
useState<string | null>(null);
   |          ^
487|    const [isEditing, setIsEditing] = useState(false);
488|    const [editingBooking, setEditingBooking] = 
useState<EditBookingData | null>(null);

[33mThe symbol "setPendingWaLink" has already been 
declared[33m
484|    const [confirmWhatsAppOpen, setConfirmWhatsAppOpen] 
= useState(false);
485|    const [pendingConvId, setPendingConvId] = 
useState<string | null>(null);
486|    const [pendingWaLink, setPendingWaLink] = 
useState<string | null>(null);
   |          ^
487|    const [isEditing, setIsEditing] = useState(false);
488|    const [editingBooking, setEditingBooking] = 
useState<EditBookingData | null>(null);

[33mThe symbol "isEditing" has already been declared[33m
485|    const [pendingConvId, setPendingConvId] = 
useState<string | null>(null);
486|    const [pendingWaLink, setPendingWaLink] = 
useState<string | null>(null);
487|    const [isEditing, setIsEditing] = useState(false);
   |          ^
488|    const [editingBooking, setEditingBooking] = 
useState<EditBookingData | null>(null);
489|    const [isSurveyOpen, setIsSurveyOpen] = 
useState(false);

[33mThe symbol "setIsEditing" has already been declared[33m
485|    const [pendingConvId, setPendingConvId] = 
useState<string | null>(null);
486|    const [pendingWaLink, setPendingWaLink] = 
useState<string | null>(null);
487|    const [isEditing, setIsEditing] = useState(false);
   |          ^
488|    const [editingBooking, setEditingBooking] = 
useState<EditBookingData | null>(null);
489|    const [isSurveyOpen, setIsSurveyOpen] = 
useState(false);

[33mThe symbol "editingBooking" has already been 
declared[33m
486|    const [pendingWaLink, setPendingWaLink] = 
useState<string | null>(null);
487|    const [isEditing, setIsEditing] = useState(false);
488|    const [editingBooking, setEditingBooking] = 
useState<EditBookingData | null>(null);
   |          ^
489|    const [isSurveyOpen, setIsSurveyOpen] = 
useState(false);
490|    const [confirmWhatsAppOpen, setConfirmWhatsAppOpen] 
= useState(false);

[33mThe symbol "setEditingBooking" has already been 
declared[33m
486|    const [pendingWaLink, setPendingWaLink] = 
useState<string | null>(null);
487|    const [isEditing, setIsEditing] = useState(false);
488|    const [editingBooking, setEditingBooking] = 
useState<EditBookingData | null>(null);
   |          ^
489|    const [isSurveyOpen, setIsSurveyOpen] = 
useState(false);
490|    const [confirmWhatsAppOpen, setConfirmWhatsAppOpen] 
= useState(false);

[33mThe symbol "isSurveyOpen" has already been declared[33m
487|    const [isEditing, setIsEditing] = useState(false);
488|    const [editingBooking, setEditingBooking] = 
useState<EditBookingData | null>(null);
489|    const [isSurveyOpen, setIsSurveyOpen] = 
useState(false);
   |          ^
490|    const [confirmWhatsAppOpen, setConfirmWhatsAppOpen] 
= useState(false);
491|    const [pendingConvId, setPendingConvId] = 
useState<string | null>(null);

[33mThe symbol "setIsSurveyOpen" has already been 
declared[33m
487|    const [isEditing, setIsEditing] = useState(false);
488|    const [editingBooking, setEditingBooking] = 
useState<EditBookingData | null>(null);
489|    const [isSurveyOpen, setIsSurveyOpen] = 
useState(false);
   |          ^
490|    const [confirmWhatsAppOpen, setConfirmWhatsAppOpen] 
= useState(false);
491|    const [pendingConvId, setPendingConvId] = 
useState<string | null>(null);

[33mThe symbol "confirmWhatsAppOpen" has already been 
declared[33m
488|    const [editingBooking, setEditingBooking] = 
useState<EditBookingData | null>(null);
489|    const [isSurveyOpen, setIsSurveyOpen] = 
useState(false);
490|    const [confirmWhatsAppOpen, setConfirmWhatsAppOpen] 
= useState(false);
   |          ^
491|    const [pendingConvId, setPendingConvId] = 
useState<string | null>(null);
492|    const [pendingWaLink, setPendingWaLink] = 
useState<string | null>(null);

[33mThe symbol "setConfirmWhatsAppOpen" has already been 
declared[33m
488|    const [editingBooking, setEditingBooking] = 
useState<EditBookingData | null>(null);
489|    const [isSurveyOpen, setIsSurveyOpen] = 
useState(false);
490|    const [confirmWhatsAppOpen, setConfirmWhatsAppOpen] 
= useState(false);
   |          ^
491|    const [pendingConvId, setPendingConvId] = 
useState<string | null>(null);
492|    const [pendingWaLink, setPendingWaLink] = 
useState<string | null>(null);

[33mThe symbol "pendingConvId" has already been 
declared[33m
489|    const [isSurveyOpen, setIsSurveyOpen] = 
useState(false);
490|    const [confirmWhatsAppOpen, setConfirmWhatsAppOpen] 
= useState(false);
491|    const [pendingConvId, setPendingConvId] = 
useState<string | null>(null);
   |          ^
492|    const [pendingWaLink, setPendingWaLink] = 
useState<string | null>(null);
493|    const [isEditing, setIsEditing] = useState(false);

[33mThe symbol "setPendingConvId" has already been 
declared[33m
489|    const [isSurveyOpen, setIsSurveyOpen] = 
useState(false);
490|    const [confirmWhatsAppOpen, setConfirmWhatsAppOpen] 
= useState(false);
491|    const [pendingConvId, setPendingConvId] = 
useState<string | null>(null);
   |          ^
492|    const [pendingWaLink, setPendingWaLink] = 
useState<string | null>(null);
493|    const [isEditing, setIsEditing] = useState(false);

[33mThe symbol "pendingWaLink" has already been 
declared[33m
490|    const [confirmWhatsAppOpen, setConfirmWhatsAppOpen] 
= useState(false);
491|    const [pendingConvId, setPendingConvId] = 
useState<string | null>(null);
492|    const [pendingWaLink, setPendingWaLink] = 
useState<string | null>(null);
   |          ^
493|    const [isEditing, setIsEditing] = useState(false);
494|    const [editingBooking, setEditingBooking] = 
useState<EditBookingData | null>(null);

[33mThe symbol "setPendingWaLink" has already been 
declared[33m
490|    const [confirmWhatsAppOpen, setConfirmWhatsAppOpen] 
= useState(false);
491|    const [pendingConvId, setPendingConvId] = 
useState<string | null>(null);
492|    const [pendingWaLink, setPendingWaLink] = 
useState<string | null>(null);
   |          ^
493|    const [isEditing, setIsEditing] = useState(false);
494|    const [editingBooking, setEditingBooking] = 
useState<EditBookingData | null>(null);

[33mThe symbol "isEditing" has already been declared[33m
491|    const [pendingConvId, setPendingConvId] = 
useState<string | null>(null);
492|    const [pendingWaLink, setPendingWaLink] = 
useState<string | null>(null);
493|    const [isEditing, setIsEditing] = useState(false);
   |          ^
494|    const [editingBooking, setEditingBooking] = 
useState<EditBookingData | null>(null);
495|    const [isSurveyOpen, setIsSurveyOpen] = 
useState(false);

[33mThe symbol "setIsEditing" has already been declared[33m
491|    const [pendingConvId, setPendingConvId] = 
useState<string | null>(null);
492|    const [pendingWaLink, setPendingWaLink] = 
useState<string | null>(null);
493|    const [isEditing, setIsEditing] = useState(false);
   |          ^
494|    const [editingBooking, setEditingBooking] = 
useState<EditBookingData | null>(null);
495|    const [isSurveyOpen, setIsSurveyOpen] = 
useState(false);

[33mThe symbol "editingBooking" has already been 
declared[33m
492|    const [pendingWaLink, setPendingWaLink] = 
useState<string | null>(null);
493|    const [isEditing, setIsEditing] = useState(false);
494|    const [editingBooking, setEditingBooking] = 
useState<EditBookingData | null>(null);
   |          ^
495|    const [isSurveyOpen, setIsSurveyOpen] = 
useState(false);
496|    const [confirmWhatsAppOpen, setConfirmWhatsAppOpen] 
= useState(false);

[33mThe symbol "setEditingBooking" has already been 
declared[33m
492|    const [pendingWaLink, setPendingWaLink] = 
useState<string | null>(null);
493|    const [isEditing, setIsEditing] = useState(false);
494|    const [editingBooking, setEditingBooking] = 
useState<EditBookingData | null>(null);
   |          ^
495|    const [isSurveyOpen, setIsSurveyOpen] = 
useState(false);
496|    const [confirmWhatsAppOpen, setConfirmWhatsAppOpen] 
= useState(false);

[33mThe symbol "isSurveyOpen" has already been declared[33m
493|    const [isEditing, setIsEditing] = useState(false);
494|    const [editingBooking, setEditingBooking] = 
useState<EditBookingData | null>(null);
495|    const [isSurveyOpen, setIsSurveyOpen] = 
useState(false);
   |          ^
496|    const [confirmWhatsAppOpen, setConfirmWhatsAppOpen] 
= useState(false);
497|    const [pendingConvId, setPendingConvId] = 
useState<string | null>(null);

[33mThe symbol "setIsSurveyOpen" has already been 
declared[33m
493|    const [isEditing, setIsEditing] = useState(false);
494|    const [editingBooking, setEditingBooking] = 
useState<EditBookingData | null>(null);
495|    const [isSurveyOpen, setIsSurveyOpen] = 
useState(false);
   |          ^
496|    const [confirmWhatsAppOpen, setConfirmWhatsAppOpen] 
= useState(false);
497|    const [pendingConvId, setPendingConvId] = 
useState<string | null>(null);

[33mThe symbol "confirmWhatsAppOpen" has already been 
declared[33m
494|    const [editingBooking, setEditingBooking] = 
useState<EditBookingData | null>(null);
495|    const [isSurveyOpen, setIsSurveyOpen] = 
useState(false);
496|    const [confirmWhatsAppOpen, setConfirmWhatsAppOpen] 
= useState(false);
   |          ^
497|    const [pendingConvId, setPendingConvId] = 
useState<string | null>(null);
498|    const [pendingWaLink, setPendingWaLink] = 
useState<string | null>(null);

[33mThe symbol "setConfirmWhatsAppOpen" has already been 
declared[33m
494|    const [editingBooking, setEditingBooking] = 
useState<EditBookingData | null>(null);
495|    const [isSurveyOpen, setIsSurveyOpen] = 
useState(false);
496|    const [confirmWhatsAppOpen, setConfirmWhatsAppOpen] 
= useState(false);
   |          ^
497|    const [pendingConvId, setPendingConvId] = 
useState<string | null>(null);
498|    const [pendingWaLink, setPendingWaLink] = 
useState<string | null>(null);

[33mThe symbol "pendingConvId" has already been 
declared[33m
495|    const [isSurveyOpen, setIsSurveyOpen] = 
useState(false);
496|    const [confirmWhatsAppOpen, setConfirmWhatsAppOpen] 
= useState(false);
497|    const [pendingConvId, setPendingConvId] = 
useState<string | null>(null);
   |          ^
498|    const [pendingWaLink, setPendingWaLink] = 
useState<string | null>(null);
499|    const [isEditing, setIsEditing] = useState(false);

[33mThe symbol "setPendingConvId" has already been 
declared[33m
495|    const [isSurveyOpen, setIsSurveyOpen] = 
useState(false);
496|    const [confirmWhatsAppOpen, setConfirmWhatsAppOpen] 
= useState(false);
497|    const [pendingConvId, setPendingConvId] = 
useState<string | null>(null);
   |          ^
498|    const [pendingWaLink, setPendingWaLink] = 
useState<string | null>(null);
499|    const [isEditing, setIsEditing] = useState(false);

[33mThe symbol "pendingWaLink" has already been 
declared[33m
496|    const [confirmWhatsAppOpen, setConfirmWhatsAppOpen] 
= useState(false);
497|    const [pendingConvId, setPendingConvId] = 
useState<string | null>(null);
498|    const [pendingWaLink, setPendingWaLink] = 
useState<string | null>(null);
   |          ^
499|    const [isEditing, setIsEditing] = useState(false);
500|    const [editingBooking, setEditingBooking] = 
useState<EditBookingData | null>(null);

[33mThe symbol "setPendingWaLink" has already been 
declared[33m
496|    const [confirmWhatsAppOpen, setConfirmWhatsAppOpen] 
= useState(false);
497|    const [pendingConvId, setPendingConvId] = 
useState<string | null>(null);
498|    const [pendingWaLink, setPendingWaLink] = 
useState<string | null>(null);
   |          ^
499|    const [isEditing, setIsEditing] = useState(false);
500|    const [editingBooking, setEditingBooking] = 
useState<EditBookingData | null>(null);

[33mThe symbol "isEditing" has already been declared[33m
497|    const [pendingConvId, setPendingConvId] = 
useState<string | null>(null);
498|    const [pendingWaLink, setPendingWaLink] = 
useState<string | null>(null);
499|    const [isEditing, setIsEditing] = useState(false);
   |          ^
500|    const [editingBooking, setEditingBooking] = 
useState<EditBookingData | null>(null);
501|    const [isSurveyOpen, setIsSurveyOpen] = 
useState(false);

[33mThe symbol "setIsEditing" has already been declared[33m
497|    const [pendingConvId, setPendingConvId] = 
useState<string | null>(null);
498|    const [pendingWaLink, setPendingWaLink] = 
useState<string | null>(null);
499|    const [isEditing, setIsEditing] = useState(false);
   |          ^
500|    const [editingBooking, setEditingBooking] = 
useState<EditBookingData | null>(null);
501|    const [isSurveyOpen, setIsSurveyOpen] = 
useState(false);

[33mThe symbol "editingBooking" has already been 
declared[33m
498|    const [pendingWaLink, setPendingWaLink] = 
useState<string | null>(null);
499|    const [isEditing, setIsEditing] = useState(false);
500|    const [editingBooking, setEditingBooking] = 
useState<EditBookingData | null>(null);
   |          ^
501|    const [isSurveyOpen, setIsSurveyOpen] = 
useState(false);
502|    const [confirmWhatsAppOpen, setConfirmWhatsAppOpen] 
= useState(false);

[33mThe symbol "setEditingBooking" has already been 
declared[33m
498|    const [pendingWaLink, setPendingWaLink] = 
useState<string | null>(null);
499|    const [isEditing, setIsEditing] = useState(false);
500|    const [editingBooking, setEditingBooking] = 
useState<EditBookingData | null>(null);
   |          ^
501|    const [isSurveyOpen, setIsSurveyOpen] = 
useState(false);
502|    const [confirmWhatsAppOpen, setConfirmWhatsAppOpen] 
= useState(false);

[33mThe symbol "isSurveyOpen" has already been declared[33m
499|    const [isEditing, setIsEditing] = useState(false);
500|    const [editingBooking, setEditingBooking] = 
useState<EditBookingData | null>(null);
501|    const [isSurveyOpen, setIsSurveyOpen] = 
useState(false);
   |          ^
502|    const [confirmWhatsAppOpen, setConfirmWhatsAppOpen] 
= useState(false);
503|    const [pendingConvId, setPendingConvId] = 
useState<string | null>(null);

[33mThe symbol "setIsSurveyOpen" has already been 
declared[33m
499|    const [isEditing, setIsEditing] = useState(false);
500|    const [editingBooking, setEditingBooking] = 
useState<EditBookingData | null>(null);
501|    const [isSurveyOpen, setIsSurveyOpen] = 
useState(false);
   |          ^
502|    const [confirmWhatsAppOpen, setConfirmWhatsAppOpen] 
= useState(false);
503|    const [pendingConvId, setPendingConvId] = 
useState<string | null>(null);

[33mThe symbol "confirmWhatsAppOpen" has already been 
declared[33m
500|    const [editingBooking, setEditingBooking] = 
useState<EditBookingData | null>(null);
501|    const [isSurveyOpen, setIsSurveyOpen] = 
useState(false);
502|    const [confirmWhatsAppOpen, setConfirmWhatsAppOpen] 
= useState(false);
   |          ^
503|    const [pendingConvId, setPendingConvId] = 
useState<string | null>(null);
504|    const [pendingWaLink, setPendingWaLink] = 
useState<string | null>(null);

[33mThe symbol "setConfirmWhatsAppOpen" has already been 
declared[33m
500|    const [editingBooking, setEditingBooking] = 
useState<EditBookingData | null>(null);
501|    const [isSurveyOpen, setIsSurveyOpen] = 
useState(false);
502|    const [confirmWhatsAppOpen, setConfirmWhatsAppOpen] 
= useState(false);
   |          ^
503|    const [pendingConvId, setPendingConvId] = 
useState<string | null>(null);
504|    const [pendingWaLink, setPendingWaLink] = 
useState<string | null>(null);

[33mThe symbol "pendingConvId" has already been 
declared[33m
501|    const [isSurveyOpen, setIsSurveyOpen] = 
useState(false);
502|    const [confirmWhatsAppOpen, setConfirmWhatsAppOpen] 
= useState(false);
503|    const [pendingConvId, setPendingConvId] = 
useState<string | null>(null);
   |          ^
504|    const [pendingWaLink, setPendingWaLink] = 
useState<string | null>(null);
505|    const [isEditing, setIsEditing] = useState(false);

[33mThe symbol "setPendingConvId" has already been 
declared[33m
501|    const [isSurveyOpen, setIsSurveyOpen] = 
useState(false);
502|    const [confirmWhatsAppOpen, setConfirmWhatsAppOpen] 
= useState(false);
503|    const [pendingConvId, setPendingConvId] = 
useState<string | null>(null);
   |          ^
504|    const [pendingWaLink, setPendingWaLink] = 
useState<string | null>(null);
505|    const [isEditing, setIsEditing] = useState(false);

[33mThe symbol "pendingWaLink" has already been 
declared[33m
502|    const [confirmWhatsAppOpen, setConfirmWhatsAppOpen] 
= useState(false);
503|    const [pendingConvId, setPendingConvId] = 
useState<string | null>(null);
504|    const [pendingWaLink, setPendingWaLink] = 
useState<string | null>(null);
   |          ^
505|    const [isEditing, setIsEditing] = useState(false);
506|    const [editingBooking, setEditingBooking] = 
useState<EditBookingData | null>(null);

[33mThe symbol "setPendingWaLink" has already been 
declared[33m
502|    const [confirmWhatsAppOpen, setConfirmWhatsAppOpen] 
= useState(false);
503|    const [pendingConvId, setPendingConvId] = 
useState<string | null>(null);
504|    const [pendingWaLink, setPendingWaLink] = 
useState<string | null>(null);
   |          ^
505|    const [isEditing, setIsEditing] = useState(false);
506|    const [editingBooking, setEditingBooking] = 
useState<EditBookingData | null>(null);

[33mThe symbol "isEditing" has already been declared[33m
503|    const [pendingConvId, setPendingConvId] = 
useState<string | null>(null);
504|    const [pendingWaLink, setPendingWaLink] = 
useState<string | null>(null);
505|    const [isEditing, setIsEditing] = useState(false);
   |          ^
506|    const [editingBooking, setEditingBooking] = 
useState<EditBookingData | null>(null);
507|    const [isSurveyOpen, setIsSurveyOpen] = 
useState(false);

[33mThe symbol "setIsEditing" has already been declared[33m
503|    const [pendingConvId, setPendingConvId] = 
useState<string | null>(null);
504|    const [pendingWaLink, setPendingWaLink] = 
useState<string | null>(null);
505|    const [isEditing, setIsEditing] = useState(false);
   |          ^
506|    const [editingBooking, setEditingBooking] = 
useState<EditBookingData | null>(null);
507|    const [isSurveyOpen, setIsSurveyOpen] = 
useState(false);

[33mThe symbol "editingBooking" has already been 
declared[33m
504|    const [pendingWaLink, setPendingWaLink] = 
useState<string | null>(null);
505|    const [isEditing, setIsEditing] = useState(false);
506|    const [editingBooking, setEditingBooking] = 
useState<EditBookingData | null>(null);
   |          ^
507|    const [isSurveyOpen, setIsSurveyOpen] = 
useState(false);
508|    const [confirmWhatsAppOpen, setConfirmWhatsAppOpen] 
= useState(false);

[33mThe symbol "setEditingBooking" has already been 
declared[33m
504|    const [pendingWaLink, setPendingWaLink] = 
useState<string | null>(null);
505|    const [isEditing, setIsEditing] = useState(false);
506|    const [editingBooking, setEditingBooking] = 
useState<EditBookingData | null>(null);
   |          ^
507|    const [isSurveyOpen, setIsSurveyOpen] = 
useState(false);
508|    const [confirmWhatsAppOpen, setConfirmWhatsAppOpen] 
= useState(false);

[33mThe symbol "isSurveyOpen" has already been declared[33m
505|    const [isEditing, setIsEditing] = useState(false);
506|    const [editingBooking, setEditingBooking] = 
useState<EditBookingData | null>(null);
507|    const [isSurveyOpen, setIsSurveyOpen] = 
useState(false);
   |          ^
508|    const [confirmWhatsAppOpen, setConfirmWhatsAppOpen] 
= useState(false);
509|    const [pendingConvId, setPendingConvId] = 
useState<string | null>(null);

[33mThe symbol "setIsSurveyOpen" has already been 
declared[33m
505|    const [isEditing, setIsEditing] = useState(false);
506|    const [editingBooking, setEditingBooking] = 
useState<EditBookingData | null>(null);
507|    const [isSurveyOpen, setIsSurveyOpen] = 
useState(false);
   |          ^
508|    const [confirmWhatsAppOpen, setConfirmWhatsAppOpen] 
= useState(false);
509|    const [pendingConvId, setPendingConvId] = 
useState<string | null>(null);

[33mThe symbol "confirmWhatsAppOpen" has already been 
declared[33m
506|    const [editingBooking, setEditingBooking] = 
useState<EditBookingData | null>(null);
507|    const [isSurveyOpen, setIsSurveyOpen] = 
useState(false);
508|    const [confirmWhatsAppOpen, setConfirmWhatsAppOpen] 
= useState(false);
   |          ^
509|    const [pendingConvId, setPendingConvId] = 
useState<string | null>(null);
510|    const [pendingWaLink, setPendingWaLink] = 
useState<string | null>(null);

[33mThe symbol "setConfirmWhatsAppOpen" has already been 
declared[33m
506|    const [editingBooking, setEditingBooking] = 
useState<EditBookingData | null>(null);
507|    const [isSurveyOpen, setIsSurveyOpen] = 
useState(false);
508|    const [confirmWhatsAppOpen, setConfirmWhatsAppOpen] 
= useState(false);
   |          ^
509|    const [pendingConvId, setPendingConvId] = 
useState<string | null>(null);
510|    const [pendingWaLink, setPendingWaLink] = 
useState<string | null>(null);

[33mThe symbol "pendingConvId" has already been 
declared[33m
507|    const [isSurveyOpen, setIsSurveyOpen] = 
useState(false);
508|    const [confirmWhatsAppOpen, setConfirmWhatsAppOpen] 
= useState(false);
509|    const [pendingConvId, setPendingConvId] = 
useState<string | null>(null);
   |          ^
510|    const [pendingWaLink, setPendingWaLink] = 
useState<string | null>(null);
511|    const [isEditing, setIsEditing] = useState(false);

[33mThe symbol "setPendingConvId" has already been 
declared[33m
507|    const [isSurveyOpen, setIsSurveyOpen] = 
useState(false);
508|    const [confirmWhatsAppOpen, setConfirmWhatsAppOpen] 
= useState(false);
509|    const [pendingConvId, setPendingConvId] = 
useState<string | null>(null);
   |          ^
510|    const [pendingWaLink, setPendingWaLink] = 
useState<string | null>(null);
511|    const [isEditing, setIsEditing] = useState(false);

[33mThe symbol "pendingWaLink" has already been 
declared[33m
508|    const [confirmWhatsAppOpen, setConfirmWhatsAppOpen] 
= useState(false);
509|    const [pendingConvId, setPendingConvId] = 
useState<string | null>(null);
510|    const [pendingWaLink, setPendingWaLink] = 
useState<string | null>(null);
   |          ^
511|    const [isEditing, setIsEditing] = useState(false);
512|    const [editingBooking, setEditingBooking] = 
useState<EditBookingData | null>(null);

[33mThe symbol "setPendingWaLink" has already been 
declared[33m
508|    const [confirmWhatsAppOpen, setConfirmWhatsAppOpen] 
= useState(false);
509|    const [pendingConvId, setPendingConvId] = 
useState<string | null>(null);
510|    const [pendingWaLink, setPendingWaLink] = 
useState<string | null>(null);
   |          ^
511|    const [isEditing, setIsEditing] = useState(false);
512|    const [editingBooking, setEditingBooking] = 
useState<EditBookingData | null>(null);

[33mThe symbol "isEditing" has already been declared[33m
509|    const [pendingConvId, setPendingConvId] = 
useState<string | null>(null);
510|    const [pendingWaLink, setPendingWaLink] = 
useState<string | null>(null);
511|    const [isEditing, setIsEditing] = useState(false);
   |          ^
512|    const [editingBooking, setEditingBooking] = 
useState<EditBookingData | null>(null);
513|    const [isSurveyOpen, setIsSurveyOpen] = 
useState(false);

[33mThe symbol "setIsEditing" has already been declared[33m
509|    const [pendingConvId, setPendingConvId] = 
useState<string | null>(null);
510|    const [pendingWaLink, setPendingWaLink] = 
useState<string | null>(null);
511|    const [isEditing, setIsEditing] = useState(false);
   |          ^
512|    const [editingBooking, setEditingBooking] = 
useState<EditBookingData | null>(null);
513|    const [isSurveyOpen, setIsSurveyOpen] = 
useState(false);

[33mThe symbol "editingBooking" has already been 
declared[33m
510|    const [pendingWaLink, setPendingWaLink] = 
useState<string | null>(null);
511|    const [isEditing, setIsEditing] = useState(false);
512|    const [editingBooking, setEditingBooking] = 
useState<EditBookingData | null>(null);
   |          ^
513|    const [isSurveyOpen, setIsSurveyOpen] = 
useState(false);
514|    const [confirmWhatsAppOpen, setConfirmWhatsAppOpen] 
= useState(false);

[33mThe symbol "setEditingBooking" has already been 
declared[33m
510|    const [pendingWaLink, setPendingWaLink] = 
useState<string | null>(null);
511|    const [isEditing, setIsEditing] = useState(false);
512|    const [editingBooking, setEditingBooking] = 
useState<EditBookingData | null>(null);
   |          ^
513|    const [isSurveyOpen, setIsSurveyOpen] = 
useState(false);
514|    const [confirmWhatsAppOpen, setConfirmWhatsAppOpen] 
= useState(false);

[33mThe symbol "isSurveyOpen" has already been declared[33m
511|    const [isEditing, setIsEditing] = useState(false);
512|    const [editingBooking, setEditingBooking] = 
useState<EditBookingData | null>(null);
513|    const [isSurveyOpen, setIsSurveyOpen] = 
useState(false);
   |          ^
514|    const [confirmWhatsAppOpen, setConfirmWhatsAppOpen] 
= useState(false);
515|    const [pendingConvId, setPendingConvId] = 
useState<string | null>(null);

[33mThe symbol "setIsSurveyOpen" has already been 
declared[33m
511|    const [isEditing, setIsEditing] = useState(false);
512|    const [editingBooking, setEditingBooking] = 
useState<EditBookingData | null>(null);
513|    const [isSurveyOpen, setIsSurveyOpen] = 
useState(false);
   |          ^
514|    const [confirmWhatsAppOpen, setConfirmWhatsAppOpen] 
= useState(false);
515|    const [pendingConvId, setPendingConvId] = 
useState<string | null>(null);

[33mThe symbol "confirmWhatsAppOpen" has already been 
declared[33m
512|    const [editingBooking, setEditingBooking] = 
useState<EditBookingData | null>(null);
513|    const [isSurveyOpen, setIsSurveyOpen] = 
useState(false);
514|    const [confirmWhatsAppOpen, setConfirmWhatsAppOpen] 
= useState(false);
   |          ^
515|    const [pendingConvId, setPendingConvId] = 
useState<string | null>(null);
516|    const [pendingWaLink, setPendingWaLink] = 
useState<string | null>(null);

[33mThe symbol "setConfirmWhatsAppOpen" has already been 
declared[33m
512|    const [editingBooking, setEditingBooking] = 
useState<EditBookingData | null>(null);
513|    const [isSurveyOpen, setIsSurveyOpen] = 
useState(false);
514|    const [confirmWhatsAppOpen, setConfirmWhatsAppOpen] 
= useState(false);
   |          ^
515|    const [pendingConvId, setPendingConvId] = 
useState<string | null>(null);
516|    const [pendingWaLink, setPendingWaLink] = 
useState<string | null>(null);

[33mThe symbol "pendingConvId" has already been 
declared[33m
513|    const [isSurveyOpen, setIsSurveyOpen] = 
useState(false);
514|    const [confirmWhatsAppOpen, setConfirmWhatsAppOpen] 
= useState(false);
515|    const [pendingConvId, setPendingConvId] = 
useState<string | null>(null);
   |          ^
516|    const [pendingWaLink, setPendingWaLink] = 
useState<string | null>(null);
517|    const [isEditing, setIsEditing] = useState(false);

[33mThe symbol "setPendingConvId" has already been 
declared[33m
513|    const [isSurveyOpen, setIsSurveyOpen] = 
useState(false);
514|    const [confirmWhatsAppOpen, setConfirmWhatsAppOpen] 
= useState(false);
515|    const [pendingConvId, setPendingConvId] = 
useState<string | null>(null);
   |          ^
516|    const [pendingWaLink, setPendingWaLink] = 
useState<string | null>(null);
517|    const [isEditing, setIsEditing] = useState(false);

[33mThe symbol "pendingWaLink" has already been 
declared[33m
514|    const [confirmWhatsAppOpen, setConfirmWhatsAppOpen] 
= useState(false);
515|    const [pendingConvId, setPendingConvId] = 
useState<string | null>(null);
516|    const [pendingWaLink, setPendingWaLink] = 
useState<string | null>(null);
   |          ^
517|    const [isEditing, setIsEditing] = useState(false);
518|    const [editingBooking, setEditingBooking] = 
useState<EditBookingData | null>(null);

[33mThe symbol "setPendingWaLink" has already been 
declared[33m
514|    const [confirmWhatsAppOpen, setConfirmWhatsAppOpen] 
= useState(false);
515|    const [pendingConvId, setPendingConvId] = 
useState<string | null>(null);
516|    const [pendingWaLink, setPendingWaLink] = 
useState<string | null>(null);
   |          ^
517|    const [isEditing, setIsEditing] = useState(false);
518|    const [editingBooking, setEditingBooking] = 
useState<EditBookingData | null>(null);

[33mThe symbol "isEditing" has already been declared[33m
515|    const [pendingConvId, setPendingConvId] = 
useState<string | null>(null);
516|    const [pendingWaLink, setPendingWaLink] = 
useState<string | null>(null);
517|    const [isEditing, setIsEditing] = useState(false);
   |          ^
518|    const [editingBooking, setEditingBooking] = 
useState<EditBookingData | null>(null);
519|    const [isSurveyOpen, setIsSurveyOpen] = 
useState(false);

[33mThe symbol "setIsEditing" has already been declared[33m
515|    const [pendingConvId, setPendingConvId] = 
useState<string | null>(null);
516|    const [pendingWaLink, setPendingWaLink] = 
useState<string | null>(null);
517|    const [isEditing, setIsEditing] = useState(false);
   |          ^
518|    const [editingBooking, setEditingBooking] = 
useState<EditBookingData | null>(null);
519|    const [isSurveyOpen, setIsSurveyOpen] = 
useState(false);

[33mThe symbol "editingBooking" has already been 
declared[33m
516|    const [pendingWaLink, setPendingWaLink] = 
useState<string | null>(null);
517|    const [isEditing, setIsEditing] = useState(false);
518|    const [editingBooking, setEditingBooking] = 
useState<EditBookingData | null>(null);
   |          ^
519|    const [isSurveyOpen, setIsSurveyOpen] = 
useState(false);
520|    const [confirmWhatsAppOpen, setConfirmWhatsAppOpen] 
= useState(false);

[33mThe symbol "setEditingBooking" has already been 
declared[33m
516|    const [pendingWaLink, setPendingWaLink] = 
useState<string | null>(null);
517|    const [isEditing, setIsEditing] = useState(false);
518|    const [editingBooking, setEditingBooking] = 
useState<EditBookingData | null>(null);
   |          ^
519|    const [isSurveyOpen, setIsSurveyOpen] = 
useState(false);
520|    const [confirmWhatsAppOpen, setConfirmWhatsAppOpen] 
= useState(false);

[33mThe symbol "isSurveyOpen" has already been declared[33m
517|    const [isEditing, setIsEditing] = useState(false);
518|    const [editingBooking, setEditingBooking] = 
useState<EditBookingData | null>(null);
519|    const [isSurveyOpen, setIsSurveyOpen] = 
useState(false);
   |          ^
520|    const [confirmWhatsAppOpen, setConfirmWhatsAppOpen] 
= useState(false);
521|    const [pendingConvId, setPendingConvId] = 
useState<string | null>(null);

[33mThe symbol "setIsSurveyOpen" has already been 
declared[33m
517|    const [isEditing, setIsEditing] = useState(false);
518|    const [editingBooking, setEditingBooking] = 
useState<EditBookingData | null>(null);
519|    const [isSurveyOpen, setIsSurveyOpen] = 
useState(false);
   |          ^
520|    const [confirmWhatsAppOpen, setConfirmWhatsAppOpen] 
= useState(false);
521|    const [pendingConvId, setPendingConvId] = 
useState<string | null>(null);

[33mThe symbol "confirmWhatsAppOpen" has already been 
declared[33m
518|    const [editingBooking, setEditingBooking] = 
useState<EditBookingData | null>(null);
519|    const [isSurveyOpen, setIsSurveyOpen] = 
useState(false);
520|    const [confirmWhatsAppOpen, setConfirmWhatsAppOpen] 
= useState(false);
   |          ^
521|    const [pendingConvId, setPendingConvId] = 
useState<string | null>(null);
522|    const [pendingWaLink, setPendingWaLink] = 
useState<string | null>(null);

[33mThe symbol "setConfirmWhatsAppOpen" has already been 
declared[33m
518|    const [editingBooking, setEditingBooking] = 
useState<EditBookingData | null>(null);
519|    const [isSurveyOpen, setIsSurveyOpen] = 
useState(false);
520|    const [confirmWhatsAppOpen, setConfirmWhatsAppOpen] 
= useState(false);
   |          ^
521|    const [pendingConvId, setPendingConvId] = 
useState<string | null>(null);
522|    const [pendingWaLink, setPendingWaLink] = 
useState<string | null>(null);

[33mThe symbol "pendingConvId" has already been 
declared[33m
519|    const [isSurveyOpen, setIsSurveyOpen] = 
useState(false);
520|    const [confirmWhatsAppOpen, setConfirmWhatsAppOpen] 
= useState(false);
521|    const [pendingConvId, setPendingConvId] = 
useState<string | null>(null);
   |          ^
522|    const [pendingWaLink, setPendingWaLink] = 
useState<string | null>(null);
523|    const [isEditing, setIsEditing] = useState(false);

[33mThe symbol "setPendingConvId" has already been 
declared[33m
519|    const [isSurveyOpen, setIsSurveyOpen] = 
useState(false);
520|    const [confirmWhatsAppOpen, setConfirmWhatsAppOpen] 
= useState(false);
521|    const [pendingConvId, setPendingConvId] = 
useState<string | null>(null);
   |          ^
522|    const [pendingWaLink, setPendingWaLink] = 
useState<string | null>(null);
523|    const [isEditing, setIsEditing] = useState(false);

[33mThe symbol "pendingWaLink" has already been 
declared[33m
520|    const [confirmWhatsAppOpen, setConfirmWhatsAppOpen] 
= useState(false);
521|    const [pendingConvId, setPendingConvId] = 
useState<string | null>(null);
522|    const [pendingWaLink, setPendingWaLink] = 
useState<string | null>(null);
   |          ^
523|    const [isEditing, setIsEditing] = useState(false);
524|    const [editingBooking, setEditingBooking] = 
useState<EditBookingData | null>(null);

[33mThe symbol "setPendingWaLink" has already been 
declared[33m
520|    const [confirmWhatsAppOpen, setConfirmWhatsAppOpen] 
= useState(false);
521|    const [pendingConvId, setPendingConvId] = 
useState<string | null>(null);
522|    const [pendingWaLink, setPendingWaLink] = 
useState<string | null>(null);
   |          ^
523|    const [isEditing, setIsEditing] = useState(false);
524|    const [editingBooking, setEditingBooking] = 
useState<EditBookingData | null>(null);

[33mThe symbol "isEditing" has already been declared[33m
521|    const [pendingConvId, setPendingConvId] = 
useState<string | null>(null);
522|    const [pendingWaLink, setPendingWaLink] = 
useState<string | null>(null);
523|    const [isEditing, setIsEditing] = useState(false);
   |          ^
524|    const [editingBooking, setEditingBooking] = 
useState<EditBookingData | null>(null);
525|    const [isSurveyOpen, setIsSurveyOpen] = 
useState(false);

[33mThe symbol "setIsEditing" has already been declared[33m
521|    const [pendingConvId, setPendingConvId] = 
useState<string | null>(null);
522|    const [pendingWaLink, setPendingWaLink] = 
useState<string | null>(null);
523|    const [isEditing, setIsEditing] = useState(false);
   |          ^
524|    const [editingBooking, setEditingBooking] = 
useState<EditBookingData | null>(null);
525|    const [isSurveyOpen, setIsSurveyOpen] = 
useState(false);

[33mThe symbol "editingBooking" has already been 
declared[33m
522|    const [pendingWaLink, setPendingWaLink] = 
useState<string | null>(null);
523|    const [isEditing, setIsEditing] = useState(false);
524|    const [editingBooking, setEditingBooking] = 
useState<EditBookingData | null>(null);
   |          ^
525|    const [isSurveyOpen, setIsSurveyOpen] = 
useState(false);
526|    const [confirmWhatsAppOpen, setConfirmWhatsAppOpen] 
= useState(false);

[33mThe symbol "setEditingBooking" has already been 
declared[33m
522|    const [pendingWaLink, setPendingWaLink] = 
useState<string | null>(null);
523|    const [isEditing, setIsEditing] = useState(false);
524|    const [editingBooking, setEditingBooking] = 
useState<EditBookingData | null>(null);
   |          ^
525|    const [isSurveyOpen, setIsSurveyOpen] = 
useState(false);
526|    const [confirmWhatsAppOpen, setConfirmWhatsAppOpen] 
= useState(false);

[33mThe symbol "isSurveyOpen" has already been declared[33m
523|    const [isEditing, setIsEditing] = useState(false);
524|    const [editingBooking, setEditingBooking] = 
useState<EditBookingData | null>(null);
525|    const [isSurveyOpen, setIsSurveyOpen] = 
useState(false);
   |          ^
526|    const [confirmWhatsAppOpen, setConfirmWhatsAppOpen] 
= useState(false);
527|    const [pendingConvId, setPendingConvId] = 
useState<string | null>(null);

[33mThe symbol "setIsSurveyOpen" has already been 
declared[33m
523|    const [isEditing, setIsEditing] = useState(false);
524|    const [editingBooking, setEditingBooking] = 
useState<EditBookingData | null>(null);
525|    const [isSurveyOpen, setIsSurveyOpen] = 
useState(false);
   |          ^
526|    const [confirmWhatsAppOpen, setConfirmWhatsAppOpen] 
= useState(false);
527|    const [pendingConvId, setPendingConvId] = 
useState<string | null>(null);

[33mThe symbol "confirmWhatsAppOpen" has already been 
declared[33m
524|    const [editingBooking, setEditingBooking] = 
useState<EditBookingData | null>(null);
525|    const [isSurveyOpen, setIsSurveyOpen] = 
useState(false);
526|    const [confirmWhatsAppOpen, setConfirmWhatsAppOpen] 
= useState(false);
   |          ^
527|    const [pendingConvId, setPendingConvId] = 
useState<string | null>(null);
528|    const [pendingWaLink, setPendingWaLink] = 
useState<string | null>(null);

[33mThe symbol "setConfirmWhatsAppOpen" has already been 
declared[33m
524|    const [editingBooking, setEditingBooking] = 
useState<EditBookingData | null>(null);
525|    const [isSurveyOpen, setIsSurveyOpen] = 
useState(false);
526|    const [confirmWhatsAppOpen, setConfirmWhatsAppOpen] 
= useState(false);
   |          ^
527|    const [pendingConvId, setPendingConvId] = 
useState<string | null>(null);
528|    const [pendingWaLink, setPendingWaLink] = 
useState<string | null>(null);

[33mThe symbol "pendingConvId" has already been 
declared[33m
525|    const [isSurveyOpen, setIsSurveyOpen] = 
useState(false);
526|    const [confirmWhatsAppOpen, setConfirmWhatsAppOpen] 
= useState(false);
527|    const [pendingConvId, setPendingConvId] = 
useState<string | null>(null);
   |          ^
528|    const [pendingWaLink, setPendingWaLink] = 
useState<string | null>(null);
529|    const [isEditing, setIsEditing] = useState(false);

[33mThe symbol "setPendingConvId" has already been 
declared[33m
525|    const [isSurveyOpen, setIsSurveyOpen] = 
useState(false);
526|    const [confirmWhatsAppOpen, setConfirmWhatsAppOpen] 
= useState(false);
527|    const [pendingConvId, setPendingConvId] = 
useState<string | null>(null);
   |          ^
528|    const [pendingWaLink, setPendingWaLink] = 
useState<string | null>(null);
529|    const [isEditing, setIsEditing] = useState(false);

[33mThe symbol "pendingWaLink" has already been 
declared[33m
526|    const [confirmWhatsAppOpen, setConfirmWhatsAppOpen] 
= useState(false);
527|    const [pendingConvId, setPendingConvId] = 
useState<string | null>(null);
528|    const [pendingWaLink, setPendingWaLink] = 
useState<string | null>(null);
   |          ^
529|    const [isEditing, setIsEditing] = useState(false);
530|    const [editingBooking, setEditingBooking] = 
useState<EditBookingData | null>(null);

[33mThe symbol "setPendingWaLink" has already been 
declared[33m
526|    const [confirmWhatsAppOpen, setConfirmWhatsAppOpen] 
= useState(false);
527|    const [pendingConvId, setPendingConvId] = 
useState<string | null>(null);
528|    const [pendingWaLink, setPendingWaLink] = 
useState<string | null>(null);
   |          ^
529|    const [isEditing, setIsEditing] = useState(false);
530|    const [editingBooking, setEditingBooking] = 
useState<EditBookingData | null>(null);

[33mThe symbol "isEditing" has already been declared[33m
527|    const [pendingConvId, setPendingConvId] = 
useState<string | null>(null);
528|    const [pendingWaLink, setPendingWaLink] = 
useState<string | null>(null);
529|    const [isEditing, setIsEditing] = useState(false);
   |          ^
530|    const [editingBooking, setEditingBooking] = 
useState<EditBookingData | null>(null);
531|    const [isSurveyOpen, setIsSurveyOpen] = 
useState(false);

[33mThe symbol "setIsEditing" has already been declared[33m
527|    const [pendingConvId, setPendingConvId] = 
useState<string | null>(null);
528|    const [pendingWaLink, setPendingWaLink] = 
useState<string | null>(null);
529|    const [isEditing, setIsEditing] = useState(false);
   |          ^
530|    const [editingBooking, setEditingBooking] = 
useState<EditBookingData | null>(null);
531|    const [isSurveyOpen, setIsSurveyOpen] = 
useState(false);

[33mThe symbol "editingBooking" has already been 
declared[33m
528|    const [pendingWaLink, setPendingWaLink] = 
useState<string | null>(null);
529|    const [isEditing, setIsEditing] = useState(false);
530|    const [editingBooking, setEditingBooking] = 
useState<EditBookingData | null>(null);
   |          ^
531|    const [isSurveyOpen, setIsSurveyOpen] = 
useState(false);
532|    const [confirmWhatsAppOpen, setConfirmWhatsAppOpen] 
= useState(false);

[33mThe symbol "setEditingBooking" has already been 
declared[33m
528|    const [pendingWaLink, setPendingWaLink] = 
useState<string | null>(null);
529|    const [isEditing, setIsEditing] = useState(false);
530|    const [editingBooking, setEditingBooking] = 
useState<EditBookingData | null>(null);
   |          ^
531|    const [isSurveyOpen, setIsSurveyOpen] = 
useState(false);
532|    const [confirmWhatsAppOpen, setConfirmWhatsAppOpen] 
= useState(false);

[33mThe symbol "isSurveyOpen" has already been declared[33m
529|    const [isEditing, setIsEditing] = useState(false);
530|    const [editingBooking, setEditingBooking] = 
useState<EditBookingData | null>(null);
531|    const [isSurveyOpen, setIsSurveyOpen] = 
useState(false);
   |          ^
532|    const [confirmWhatsAppOpen, setConfirmWhatsAppOpen] 
= useState(false);
533|    const [pendingConvId, setPendingConvId] = 
useState<string | null>(null);

[33mThe symbol "setIsSurveyOpen" has already been 
declared[33m
529|    const [isEditing, setIsEditing] = useState(false);
530|    const [editingBooking, setEditingBooking] = 
useState<EditBookingData | null>(null);
531|    const [isSurveyOpen, setIsSurveyOpen] = 
useState(false);
   |          ^
532|    const [confirmWhatsAppOpen, setConfirmWhatsAppOpen] 
= useState(false);
533|    const [pendingConvId, setPendingConvId] = 
useState<string | null>(null);

[33mThe symbol "confirmWhatsAppOpen" has already been 
declared[33m
530|    const [editingBooking, setEditingBooking] = 
useState<EditBookingData | null>(null);
531|    const [isSurveyOpen, setIsSurveyOpen] = 
useState(false);
532|    const [confirmWhatsAppOpen, setConfirmWhatsAppOpen] 
= useState(false);
   |          ^
533|    const [pendingConvId, setPendingConvId] = 
useState<string | null>(null);
534|    const [pendingWaLink, setPendingWaLink] = 
useState<string | null>(null);

[33mThe symbol "setConfirmWhatsAppOpen" has already been 
declared[33m
530|    const [editingBooking, setEditingBooking] = 
useState<EditBookingData | null>(null);
531|    const [isSurveyOpen, setIsSurveyOpen] = 
useState(false);
532|    const [confirmWhatsAppOpen, setConfirmWhatsAppOpen] 
= useState(false);
   |          ^
533|    const [pendingConvId, setPendingConvId] = 
useState<string | null>(null);
534|    const [pendingWaLink, setPendingWaLink] = 
useState<string | null>(null);

[33mThe symbol "pendingConvId" has already been 
declared[33m
531|    const [isSurveyOpen, setIsSurveyOpen] = 
useState(false);
532|    const [confirmWhatsAppOpen, setConfirmWhatsAppOpen] 
= useState(false);
533|    const [pendingConvId, setPendingConvId] = 
useState<string | null>(null);
   |          ^
534|    const [pendingWaLink, setPendingWaLink] = 
useState<string | null>(null);
535|    const [isEditing, setIsEditing] = useState(false);

[33mThe symbol "setPendingConvId" has already been 
declared[33m
531|    const [isSurveyOpen, setIsSurveyOpen] = 
useState(false);
532|    const [confirmWhatsAppOpen, setConfirmWhatsAppOpen] 
= useState(false);
533|    const [pendingConvId, setPendingConvId] = 
useState<string | null>(null);
   |          ^
534|    const [pendingWaLink, setPendingWaLink] = 
useState<string | null>(null);
535|    const [isEditing, setIsEditing] = useState(false);

[33mThe symbol "pendingWaLink" has already been 
declared[33m
532|    const [confirmWhatsAppOpen, setConfirmWhatsAppOpen] 
= useState(false);
533|    const [pendingConvId, setPendingConvId] = 
useState<string | null>(null);
534|    const [pendingWaLink, setPendingWaLink] = 
useState<string | null>(null);
   |          ^
535|    const [isEditing, setIsEditing] = useState(false);
536|    const [editingBooking, setEditingBooking] = 
useState<EditBookingData | null>(null);

[33mThe symbol "setPendingWaLink" has already been 
declared[33m
532|    const [confirmWhatsAppOpen, setConfirmWhatsAppOpen] 
= useState(false);
533|    const [pendingConvId, setPendingConvId] = 
useState<string | null>(null);
534|    const [pendingWaLink, setPendingWaLink] = 
useState<string | null>(null);
   |          ^
535|    const [isEditing, setIsEditing] = useState(false);
536|    const [editingBooking, setEditingBooking] = 
useState<EditBookingData | null>(null);

[33mThe symbol "isEditing" has already been declared[33m
533|    const [pendingConvId, setPendingConvId] = 
useState<string | null>(null);
534|    const [pendingWaLink, setPendingWaLink] = 
useState<string | null>(null);
535|    const [isEditing, setIsEditing] = useState(false);
   |          ^
536|    const [editingBooking, setEditingBooking] = 
useState<EditBookingData | null>(null);
537|    const [isSurveyOpen, setIsSurveyOpen] = 
useState(false);

[33mThe symbol "setIsEditing" has already been declared[33m
533|    const [pendingConvId, setPendingConvId] = 
useState<string | null>(null);
534|    const [pendingWaLink, setPendingWaLink] = 
useState<string | null>(null);
535|    const [isEditing, setIsEditing] = useState(false);
   |          ^
536|    const [editingBooking, setEditingBooking] = 
useState<EditBookingData | null>(null);
537|    const [isSurveyOpen, setIsSurveyOpen] = 
useState(false);

[33mThe symbol "editingBooking" has already been 
declared[33m
534|    const [pendingWaLink, setPendingWaLink] = 
useState<string | null>(null);
535|    const [isEditing, setIsEditing] = useState(false);
536|    const [editingBooking, setEditingBooking] = 
useState<EditBookingData | null>(null);
   |          ^
537|    const [isSurveyOpen, setIsSurveyOpen] = 
useState(false);
538|    const [confirmWhatsAppOpen, setConfirmWhatsAppOpen] 
= useState(false);

[33mThe symbol "setEditingBooking" has already been 
declared[33m
534|    const [pendingWaLink, setPendingWaLink] = 
useState<string | null>(null);
535|    const [isEditing, setIsEditing] = useState(false);
536|    const [editingBooking, setEditingBooking] = 
useState<EditBookingData | null>(null);
   |          ^
537|    const [isSurveyOpen, setIsSurveyOpen] = 
useState(false);
538|    const [confirmWhatsAppOpen, setConfirmWhatsAppOpen] 
= useState(false);

[33mThe symbol "isSurveyOpen" has already been declared[33m
535|    const [isEditing, setIsEditing] = useState(false);
536|    const [editingBooking, setEditingBooking] = 
useState<EditBookingData | null>(null);
537|    const [isSurveyOpen, setIsSurveyOpen] = 
useState(false);
   |          ^
538|    const [confirmWhatsAppOpen, setConfirmWhatsAppOpen] 
= useState(false);
539|    const [pendingConvId, setPendingConvId] = 
useState<string | null>(null);

[33mThe symbol "setIsSurveyOpen" has already been 
declared[33m
535|    const [isEditing, setIsEditing] = useState(false);
536|    const [editingBooking, setEditingBooking] = 
useState<EditBookingData | null>(null);
537|    const [isSurveyOpen, setIsSurveyOpen] = 
useState(false);
   |          ^
538|    const [confirmWhatsAppOpen, setConfirmWhatsAppOpen] 
= useState(false);
539|    const [pendingConvId, setPendingConvId] = 
useState<string | null>(null);

[33mThe symbol "confirmWhatsAppOpen" has already been 
declared[33m
536|    const [editingBooking, setEditingBooking] = 
useState<EditBookingData | null>(null);
537|    const [isSurveyOpen, setIsSurveyOpen] = 
useState(false);
538|    const [confirmWhatsAppOpen, setConfirmWhatsAppOpen] 
= useState(false);
   |          ^
539|    const [pendingConvId, setPendingConvId] = 
useState<string | null>(null);
540|    const [pendingWaLink, setPendingWaLink] = 
useState<string | null>(null);

[33mThe symbol "setConfirmWhatsAppOpen" has already been 
declared[33m
536|    const [editingBooking, setEditingBooking] = 
useState<EditBookingData | null>(null);
537|    const [isSurveyOpen, setIsSurveyOpen] = 
useState(false);
538|    const [confirmWhatsAppOpen, setConfirmWhatsAppOpen] 
= useState(false);
   |          ^
539|    const [pendingConvId, setPendingConvId] = 
useState<string | null>(null);
540|    const [pendingWaLink, setPendingWaLink] = 
useState<string | null>(null);

[33mThe symbol "pendingConvId" has already been 
declared[33m
537|    const [isSurveyOpen, setIsSurveyOpen] = 
useState(false);
538|    const [confirmWhatsAppOpen, setConfirmWhatsAppOpen] 
= useState(false);
539|    const [pendingConvId, setPendingConvId] = 
useState<string | null>(null);
   |          ^
540|    const [pendingWaLink, setPendingWaLink] = 
useState<string | null>(null);
541|    const [isEditing, setIsEditing] = useState(false);

[33mThe symbol "setPendingConvId" has already been 
declared[33m
537|    const [isSurveyOpen, setIsSurveyOpen] = 
useState(false);
538|    const [confirmWhatsAppOpen, setConfirmWhatsAppOpen] 
= useState(false);
539|    const [pendingConvId, setPendingConvId] = 
useState<string | null>(null);
   |          ^
540|    const [pendingWaLink, setPendingWaLink] = 
useState<string | null>(null);
541|    const [isEditing, setIsEditing] = useState(false);

[33mThe symbol "pendingWaLink" has already been 
declared[33m
538|    const [confirmWhatsAppOpen, setConfirmWhatsAppOpen] 
= useState(false);
539|    const [pendingConvId, setPendingConvId] = 
useState<string | null>(null);
540|    const [pendingWaLink, setPendingWaLink] = 
useState<string | null>(null);
   |          ^
541|    const [isEditing, setIsEditing] = useState(false);
542|    const [editingBooking, setEditingBooking] = 
useState<EditBookingData | null>(null);

[33mThe symbol "setPendingWaLink" has already been 
declared[33m
538|    const [confirmWhatsAppOpen, setConfirmWhatsAppOpen] 
= useState(false);
539|    const [pendingConvId, setPendingConvId] = 
useState<string | null>(null);
540|    const [pendingWaLink, setPendingWaLink] = 
useState<string | null>(null);
   |          ^
541|    const [isEditing, setIsEditing] = useState(false);
542|    const [editingBooking, setEditingBooking] = 
useState<EditBookingData | null>(null);

[33mThe symbol "isEditing" has already been declared[33m
539|    const [pendingConvId, setPendingConvId] = 
useState<string | null>(null);
540|    const [pendingWaLink, setPendingWaLink] = 
useState<string | null>(null);
541|    const [isEditing, setIsEditing] = useState(false);
   |          ^
542|    const [editingBooking, setEditingBooking] = 
useState<EditBookingData | null>(null);
543|    const [isSurveyOpen, setIsSurveyOpen] = 
useState(false);

[33mThe symbol "setIsEditing" has already been declared[33m
539|    const [pendingConvId, setPendingConvId] = 
useState<string | null>(null);
540|    const [pendingWaLink, setPendingWaLink] = 
useState<string | null>(null);
541|    const [isEditing, setIsEditing] = useState(false);
   |          ^
542|    const [editingBooking, setEditingBooking] = 
useState<EditBookingData | null>(null);
543|    const [isSurveyOpen, setIsSurveyOpen] = 
useState(false);

[33mThe symbol "editingBooking" has already been 
declared[33m
540|    const [pendingWaLink, setPendingWaLink] = 
useState<string | null>(null);
541|    const [isEditing, setIsEditing] = useState(false);
542|    const [editingBooking, setEditingBooking] = 
useState<EditBookingData | null>(null);
   |          ^
543|    const [isSurveyOpen, setIsSurveyOpen] = 
useState(false);
544|    const [confirmWhatsAppOpen, setConfirmWhatsAppOpen] 
= useState(false);

[33mThe symbol "setEditingBooking" has already been 
declared[33m
540|    const [pendingWaLink, setPendingWaLink] = 
useState<string | null>(null);
541|    const [isEditing, setIsEditing] = useState(false);
542|    const [editingBooking, setEditingBooking] = 
useState<EditBookingData | null>(null);
   |          ^
543|    const [isSurveyOpen, setIsSurveyOpen] = 
useState(false);
544|    const [confirmWhatsAppOpen, setConfirmWhatsAppOpen] 
= useState(false);

[33mThe symbol "isSurveyOpen" has already been declared[33m
541|    const [isEditing, setIsEditing] = useState(false);
542|    const [editingBooking, setEditingBooking] = 
useState<EditBookingData | null>(null);
543|    const [isSurveyOpen, setIsSurveyOpen] = 
useState(false);
   |          ^
544|    const [confirmWhatsAppOpen, setConfirmWhatsAppOpen] 
= useState(false);
545|    const [pendingConvId, setPendingConvId] = 
useState<string | null>(null);

[33mThe symbol "setIsSurveyOpen" has already been 
declared[33m
541|    const [isEditing, setIsEditing] = useState(false);
542|    const [editingBooking, setEditingBooking] = 
useState<EditBookingData | null>(null);
543|    const [isSurveyOpen, setIsSurveyOpen] = 
useState(false);
   |          ^
544|    const [confirmWhatsAppOpen, setConfirmWhatsAppOpen] 
= useState(false);
545|    const [pendingConvId, setPendingConvId] = 
useState<string | null>(null);

[33mThe symbol "confirmWhatsAppOpen" has already been 
declared[33m
542|    const [editingBooking, setEditingBooking] = 
useState<EditBookingData | null>(null);
543|    const [isSurveyOpen, setIsSurveyOpen] = 
useState(false);
544|    const [confirmWhatsAppOpen, setConfirmWhatsAppOpen] 
= useState(false);
   |          ^
545|    const [pendingConvId, setPendingConvId] = 
useState<string | null>(null);
546|    const [pendingWaLink, setPendingWaLink] = 
useState<string | null>(null);

[33mThe symbol "setConfirmWhatsAppOpen" has already been 
declared[33m
542|    const [editingBooking, setEditingBooking] = 
useState<EditBookingData | null>(null);
543|    const [isSurveyOpen, setIsSurveyOpen] = 
useState(false);
544|    const [confirmWhatsAppOpen, setConfirmWhatsAppOpen] 
= useState(false);
   |          ^
545|    const [pendingConvId, setPendingConvId] = 
useState<string | null>(null);
546|    const [pendingWaLink, setPendingWaLink] = 
useState<string | null>(null);

[33mThe symbol "pendingConvId" has already been 
declared[33m
543|    const [isSurveyOpen, setIsSurveyOpen] = 
useState(false);
544|    const [confirmWhatsAppOpen, setConfirmWhatsAppOpen] 
= useState(false);
545|    const [pendingConvId, setPendingConvId] = 
useState<string | null>(null);
   |          ^
546|    const [pendingWaLink, setPendingWaLink] = 
useState<string | null>(null);
547|    const [isEditing, setIsEditing] = useState(false);

[33mThe symbol "setPendingConvId" has already been 
declared[33m
543|    const [isSurveyOpen, setIsSurveyOpen] = 
useState(false);
544|    const [confirmWhatsAppOpen, setConfirmWhatsAppOpen] 
= useState(false);
545|    const [pendingConvId, setPendingConvId] = 
useState<string | null>(null);
   |          ^
546|    const [pendingWaLink, setPendingWaLink] = 
useState<string | null>(null);
547|    const [isEditing, setIsEditing] = useState(false);

[33mThe symbol "pendingWaLink" has already been 
declared[33m
544|    const [confirmWhatsAppOpen, setConfirmWhatsAppOpen] 
= useState(false);
545|    const [pendingConvId, setPendingConvId] = 
useState<string | null>(null);
546|    const [pendingWaLink, setPendingWaLink] = 
useState<string | null>(null);
   |          ^
547|    const [isEditing, setIsEditing] = useState(false);
548|    const [editingBooking, setEditingBooking] = 
useState<EditBookingData | null>(null);

[33mThe symbol "setPendingWaLink" has already been 
declared[33m
544|    const [confirmWhatsAppOpen, setConfirmWhatsAppOpen] 
= useState(false);
545|    const [pendingConvId, setPendingConvId] = 
useState<string | null>(null);
546|    const [pendingWaLink, setPendingWaLink] = 
useState<string | null>(null);
   |          ^
547|    const [isEditing, setIsEditing] = useState(false);
548|    const [editingBooking, setEditingBooking] = 
useState<EditBookingData | null>(null);

[33mThe symbol "isEditing" has already been declared[33m
545|    const [pendingConvId, setPendingConvId] = 
useState<string | null>(null);
546|    const [pendingWaLink, setPendingWaLink] = 
useState<string | null>(null);
547|    const [isEditing, setIsEditing] = useState(false);
   |          ^
548|    const [editingBooking, setEditingBooking] = 
useState<EditBookingData | null>(null);
549|    const [isSurveyOpen, setIsSurveyOpen] = 
useState(false);

[33mThe symbol "setIsEditing" has already been declared[33m
545|    const [pendingConvId, setPendingConvId] = 
useState<string | null>(null);
546|    const [pendingWaLink, setPendingWaLink] = 
useState<string | null>(null);
547|    const [isEditing, setIsEditing] = useState(false);
   |          ^
548|    const [editingBooking, setEditingBooking] = 
useState<EditBookingData | null>(null);
549|    const [isSurveyOpen, setIsSurveyOpen] = 
useState(false);

[33mThe symbol "editingBooking" has already been 
declared[33m
546|    const [pendingWaLink, setPendingWaLink] = 
useState<string | null>(null);
547|    const [isEditing, setIsEditing] = useState(false);
548|    const [editingBooking, setEditingBooking] = 
useState<EditBookingData | null>(null);
   |          ^
549|    const [isSurveyOpen, setIsSurveyOpen] = 
useState(false);
550|    const [confirmWhatsAppOpen, setConfirmWhatsAppOpen] 
= useState(false);

[33mThe symbol "setEditingBooking" has already been 
declared[33m
546|    const [pendingWaLink, setPendingWaLink] = 
useState<string | null>(null);
547|    const [isEditing, setIsEditing] = useState(false);
548|    const [editingBooking, setEditingBooking] = 
useState<EditBookingData | null>(null);
   |          ^
549|    const [isSurveyOpen, setIsSurveyOpen] = 
useState(false);
550|    const [confirmWhatsAppOpen, setConfirmWhatsAppOpen] 
= useState(false);

[33mThe symbol "isSurveyOpen" has already been declared[33m
547|    const [isEditing, setIsEditing] = useState(false);
548|    const [editingBooking, setEditingBooking] = 
useState<EditBookingData | null>(null);
549|    const [isSurveyOpen, setIsSurveyOpen] = 
useState(false);
   |          ^
550|    const [confirmWhatsAppOpen, setConfirmWhatsAppOpen] 
= useState(false);
551|    const [pendingConvId, setPendingConvId] = 
useState<string | null>(null);

[33mThe symbol "setIsSurveyOpen" has already been 
declared[33m
547|    const [isEditing, setIsEditing] = useState(false);
548|    const [editingBooking, setEditingBooking] = 
useState<EditBookingData | null>(null);
549|    const [isSurveyOpen, setIsSurveyOpen] = 
useState(false);
   |          ^
550|    const [confirmWhatsAppOpen, setConfirmWhatsAppOpen] 
= useState(false);
551|    const [pendingConvId, setPendingConvId] = 
useState<string | null>(null);

[33mThe symbol "confirmWhatsAppOpen" has already been 
declared[33m
548|    const [editingBooking, setEditingBooking] = 
useState<EditBookingData | null>(null);
549|    const [isSurveyOpen, setIsSurveyOpen] = 
useState(false);
550|    const [confirmWhatsAppOpen, setConfirmWhatsAppOpen] 
= useState(false);
   |          ^
551|    const [pendingConvId, setPendingConvId] = 
useState<string | null>(null);
552|    const [pendingWaLink, setPendingWaLink] = 
useState<string | null>(null);

[33mThe symbol "setConfirmWhatsAppOpen" has already been 
declared[33m
548|    const [editingBooking, setEditingBooking] = 
useState<EditBookingData | null>(null);
549|    const [isSurveyOpen, setIsSurveyOpen] = 
useState(false);
550|    const [confirmWhatsAppOpen, setConfirmWhatsAppOpen] 
= useState(false);
   |          ^
551|    const [pendingConvId, setPendingConvId] = 
useState<string | null>(null);
552|    const [pendingWaLink, setPendingWaLink] = 
useState<string | null>(null);

[33mThe symbol "pendingConvId" has already been 
declared[33m
549|    const [isSurveyOpen, setIsSurveyOpen] = 
useState(false);
550|    const [confirmWhatsAppOpen, setConfirmWhatsAppOpen] 
= useState(false);
551|    const [pendingConvId, setPendingConvId] = 
useState<string | null>(null);
   |          ^
552|    const [pendingWaLink, setPendingWaLink] = 
useState<string | null>(null);
553|    const [isEditing, setIsEditing] = useState(false);

[33mThe symbol "setPendingConvId" has already been 
declared[33m
549|    const [isSurveyOpen, setIsSurveyOpen] = 
useState(false);
550|    const [confirmWhatsAppOpen, setConfirmWhatsAppOpen] 
= useState(false);
551|    const [pendingConvId, setPendingConvId] = 
useState<string | null>(null);
   |          ^
552|    const [pendingWaLink, setPendingWaLink] = 
useState<string | null>(null);
553|    const [isEditing, setIsEditing] = useState(false);

[33mThe symbol "pendingWaLink" has already been 
declared[33m
550|    const [confirmWhatsAppOpen, setConfirmWhatsAppOpen] 
= useState(false);
551|    const [pendingConvId, setPendingConvId] = 
useState<string | null>(null);
552|    const [pendingWaLink, setPendingWaLink] = 
useState<string | null>(null);
   |          ^
553|    const [isEditing, setIsEditing] = useState(false);
554|    const [editingBooking, setEditingBooking] = 
useState<EditBookingData | null>(null);

[33mThe symbol "setPendingWaLink" has already been 
declared[33m
550|    const [confirmWhatsAppOpen, setConfirmWhatsAppOpen] 
= useState(false);
551|    const [pendingConvId, setPendingConvId] = 
useState<string | null>(null);
552|    const [pendingWaLink, setPendingWaLink] = 
useState<string | null>(null);
   |          ^
553|    const [isEditing, setIsEditing] = useState(false);
554|    const [editingBooking, setEditingBooking] = 
useState<EditBookingData | null>(null);

[33mThe symbol "isEditing" has already been declared[33m
551|    const [pendingConvId, setPendingConvId] = 
useState<string | null>(null);
552|    const [pendingWaLink, setPendingWaLink] = 
useState<string | null>(null);
553|    const [isEditing, setIsEditing] = useState(false);
   |          ^
554|    const [editingBooking, setEditingBooking] = 
useState<EditBookingData | null>(null);
555|    const [isSurveyOpen, setIsSurveyOpen] = 
useState(false);

[33mThe symbol "setIsEditing" has already been declared[33m
551|    const [pendingConvId, setPendingConvId] = 
useState<string | null>(null);
552|    const [pendingWaLink, setPendingWaLink] = 
useState<string | null>(null);
553|    const [isEditing, setIsEditing] = useState(false);
   |          ^
554|    const [editingBooking, setEditingBooking] = 
useState<EditBookingData | null>(null);
555|    const [isSurveyOpen, setIsSurveyOpen] = 
useState(false);

[33mThe symbol "editingBooking" has already been 
declared[33m
552|    const [pendingWaLink, setPendingWaLink] = 
useState<string | null>(null);
553|    const [isEditing, setIsEditing] = useState(false);
554|    const [editingBooking, setEditingBooking] = 
useState<EditBookingData | null>(null);
   |          ^
555|    const [isSurveyOpen, setIsSurveyOpen] = 
useState(false);
556|    const [confirmWhatsAppOpen, setConfirmWhatsAppOpen] 
= useState(false);

[33mThe symbol "setEditingBooking" has already been 
declared[33m
552|    const [pendingWaLink, setPendingWaLink] = 
useState<string | null>(null);
553|    const [isEditing, setIsEditing] = useState(false);
554|    const [editingBooking, setEditingBooking] = 
useState<EditBookingData | null>(null);
   |          ^
555|    const [isSurveyOpen, setIsSurveyOpen] = 
useState(false);
556|    const [confirmWhatsAppOpen, setConfirmWhatsAppOpen] 
= useState(false);

[33mThe symbol "isSurveyOpen" has already been declared[33m
553|    const [isEditing, setIsEditing] = useState(false);
554|    const [editingBooking, setEditingBooking] = 
useState<EditBookingData | null>(null);
555|    const [isSurveyOpen, setIsSurveyOpen] = 
useState(false);
   |          ^
556|    const [confirmWhatsAppOpen, setConfirmWhatsAppOpen] 
= useState(false);
557|    const [pendingConvId, setPendingConvId] = 
useState<string | null>(null);

[33mThe symbol "setIsSurveyOpen" has already been 
declared[33m
553|    const [isEditing, setIsEditing] = useState(false);
554|    const [editingBooking, setEditingBooking] = 
useState<EditBookingData | null>(null);
555|    const [isSurveyOpen, setIsSurveyOpen] = 
useState(false);
   |          ^
556|    const [confirmWhatsAppOpen, setConfirmWhatsAppOpen] 
= useState(false);
557|    const [pendingConvId, setPendingConvId] = 
useState<string | null>(null);

[33mThe symbol "confirmWhatsAppOpen" has already been 
declared[33m
554|    const [editingBooking, setEditingBooking] = 
useState<EditBookingData | null>(null);
555|    const [isSurveyOpen, setIsSurveyOpen] = 
useState(false);
556|    const [confirmWhatsAppOpen, setConfirmWhatsAppOpen] 
= useState(false);
   |          ^
557|    const [pendingConvId, setPendingConvId] = 
useState<string | null>(null);
558|    const [pendingWaLink, setPendingWaLink] = 
useState<string | null>(null);

[33mThe symbol "setConfirmWhatsAppOpen" has already been 
declared[33m
554|    const [editingBooking, setEditingBooking] = 
useState<EditBookingData | null>(null);
555|    const [isSurveyOpen, setIsSurveyOpen] = 
useState(false);
556|    const [confirmWhatsAppOpen, setConfirmWhatsAppOpen] 
= useState(false);
   |          ^
557|    const [pendingConvId, setPendingConvId] = 
useState<string | null>(null);
558|    const [pendingWaLink, setPendingWaLink] = 
useState<string | null>(null);

[33mThe symbol "pendingConvId" has already been 
declared[33m
555|    const [isSurveyOpen, setIsSurveyOpen] = 
useState(false);
556|    const [confirmWhatsAppOpen, setConfirmWhatsAppOpen] 
= useState(false);
557|    const [pendingConvId, setPendingConvId] = 
useState<string | null>(null);
   |          ^
558|    const [pendingWaLink, setPendingWaLink] = 
useState<string | null>(null);
559|    const [isEditing, setIsEditing] = useState(false);

[33mThe symbol "setPendingConvId" has already been 
declared[33m
555|    const [isSurveyOpen, setIsSurveyOpen] = 
useState(false);
556|    const [confirmWhatsAppOpen, setConfirmWhatsAppOpen] 
= useState(false);
557|    const [pendingConvId, setPendingConvId] = 
useState<string | null>(null);
   |          ^
558|    const [pendingWaLink, setPendingWaLink] = 
useState<string | null>(null);
559|    const [isEditing, setIsEditing] = useState(false);

[33mThe symbol "pendingWaLink" has already been 
declared[33m
556|    const [confirmWhatsAppOpen, setConfirmWhatsAppOpen] 
= useState(false);
557|    const [pendingConvId, setPendingConvId] = 
useState<string | null>(null);
558|    const [pendingWaLink, setPendingWaLink] = 
useState<string | null>(null);
   |          ^
559|    const [isEditing, setIsEditing] = useState(false);
560|    const [editingBooking, setEditingBooking] = 
useState<EditBookingData | null>(null);

[33mThe symbol "setPendingWaLink" has already been 
declared[33m
556|    const [confirmWhatsAppOpen, setConfirmWhatsAppOpen] 
= useState(false);
557|    const [pendingConvId, setPendingConvId] = 
useState<string | null>(null);
558|    const [pendingWaLink, setPendingWaLink] = 
useState<string | null>(null);
   |          ^
559|    const [isEditing, setIsEditing] = useState(false);
560|    const [editingBooking, setEditingBooking] = 
useState<EditBookingData | null>(null);

[33mThe symbol "isEditing" has already been declared[33m
557|    const [pendingConvId, setPendingConvId] = 
useState<string | null>(null);
558|    const [pendingWaLink, setPendingWaLink] = 
useState<string | null>(null);
559|    const [isEditing, setIsEditing] = useState(false);
   |          ^
560|    const [editingBooking, setEditingBooking] = 
useState<EditBookingData | null>(null);
561|    const [isSurveyOpen, setIsSurveyOpen] = 
useState(false);

[33mThe symbol "setIsEditing" has already been declared[33m
557|    const [pendingConvId, setPendingConvId] = 
useState<string | null>(null);
558|    const [pendingWaLink, setPendingWaLink] = 
useState<string | null>(null);
559|    const [isEditing, setIsEditing] = useState(false);
   |          ^
560|    const [editingBooking, setEditingBooking] = 
useState<EditBookingData | null>(null);
561|    const [isSurveyOpen, setIsSurveyOpen] = 
useState(false);

[33mThe symbol "editingBooking" has already been 
declared[33m
558|    const [pendingWaLink, setPendingWaLink] = 
useState<string | null>(null);
559|    const [isEditing, setIsEditing] = useState(false);
560|    const [editingBooking, setEditingBooking] = 
useState<EditBookingData | null>(null);
   |          ^
561|    const [isSurveyOpen, setIsSurveyOpen] = 
useState(false);
562|    const [confirmWhatsAppOpen, setConfirmWhatsAppOpen] 
= useState(false);

[33mThe symbol "setEditingBooking" has already been 
declared[33m
558|    const [pendingWaLink, setPendingWaLink] = 
useState<string | null>(null);
559|    const [isEditing, setIsEditing] = useState(false);
560|    const [editingBooking, setEditingBooking] = 
useState<EditBookingData | null>(null);
   |          ^
561|    const [isSurveyOpen, setIsSurveyOpen] = 
useState(false);
562|    const [confirmWhatsAppOpen, setConfirmWhatsAppOpen] 
= useState(false);

[33mThe symbol "isSurveyOpen" has already been declared[33m
559|    const [isEditing, setIsEditing] = useState(false);
560|    const [editingBooking, setEditingBooking] = 
useState<EditBookingData | null>(null);
561|    const [isSurveyOpen, setIsSurveyOpen] = 
useState(false);
   |          ^
562|    const [confirmWhatsAppOpen, setConfirmWhatsAppOpen] 
= useState(false);
563|    const [pendingConvId, setPendingConvId] = 
useState<string | null>(null);

[33mThe symbol "setIsSurveyOpen" has already been 
declared[33m
559|    const [isEditing, setIsEditing] = useState(false);
560|    const [editingBooking, setEditingBooking] = 
useState<EditBookingData | null>(null);
561|    const [isSurveyOpen, setIsSurveyOpen] = 
useState(false);
   |          ^
562|    const [confirmWhatsAppOpen, setConfirmWhatsAppOpen] 
= useState(false);
563|    const [pendingConvId, setPendingConvId] = 
useState<string | null>(null);

[33mThe symbol "confirmWhatsAppOpen" has already been 
declared[33m
560|    const [editingBooking, setEditingBooking] = 
useState<EditBookingData | null>(null);
561|    const [isSurveyOpen, setIsSurveyOpen] = 
useState(false);
562|    const [confirmWhatsAppOpen, setConfirmWhatsAppOpen] 
= useState(false);
   |          ^
563|    const [pendingConvId, setPendingConvId] = 
useState<string | null>(null);
564|    const [pendingWaLink, setPendingWaLink] = 
useState<string | null>(null);

[33mThe symbol "setConfirmWhatsAppOpen" has already been 
declared[33m
560|    const [editingBooking, setEditingBooking] = 
useState<EditBookingData | null>(null);
561|    const [isSurveyOpen, setIsSurveyOpen] = 
useState(false);
562|    const [confirmWhatsAppOpen, setConfirmWhatsAppOpen] 
= useState(false);
   |          ^
563|    const [pendingConvId, setPendingConvId] = 
useState<string | null>(null);
564|    const [pendingWaLink, setPendingWaLink] = 
useState<string | null>(null);

[33mThe symbol "pendingConvId" has already been 
declared[33m
561|    const [isSurveyOpen, setIsSurveyOpen] = 
useState(false);
562|    const [confirmWhatsAppOpen, setConfirmWhatsAppOpen] 
= useState(false);
563|    const [pendingConvId, setPendingConvId] = 
useState<string | null>(null);
   |          ^
564|    const [pendingWaLink, setPendingWaLink] = 
useState<string | null>(null);
565|    const [isEditing, setIsEditing] = useState(false);

[33mThe symbol "setPendingConvId" has already been 
declared[33m
561|    const [isSurveyOpen, setIsSurveyOpen] = 
useState(false);
562|    const [confirmWhatsAppOpen, setConfirmWhatsAppOpen] 
= useState(false);
563|    const [pendingConvId, setPendingConvId] = 
useState<string | null>(null);
   |          ^
564|    const [pendingWaLink, setPendingWaLink] = 
useState<string | null>(null);
565|    const [isEditing, setIsEditing] = useState(false);

[33mThe symbol "pendingWaLink" has already been 
declared[33m
562|    const [confirmWhatsAppOpen, setConfirmWhatsAppOpen] 
= useState(false);
563|    const [pendingConvId, setPendingConvId] = 
useState<string | null>(null);
564|    const [pendingWaLink, setPendingWaLink] = 
useState<string | null>(null);
   |          ^
565|    const [isEditing, setIsEditing] = useState(false);
566|    const [editingBooking, setEditingBooking] = 
useState<EditBookingData | null>(null);

[33mThe symbol "setPendingWaLink" has already been 
declared[33m
562|    const [confirmWhatsAppOpen, setConfirmWhatsAppOpen] 
= useState(false);
563|    const [pendingConvId, setPendingConvId] = 
useState<string | null>(null);
564|    const [pendingWaLink, setPendingWaLink] = 
useState<string | null>(null);
   |          ^
565|    const [isEditing, setIsEditing] = useState(false);
566|    const [editingBooking, setEditingBooking] = 
useState<EditBookingData | null>(null);

[33mThe symbol "isEditing" has already been declared[33m
563|    const [pendingConvId, setPendingConvId] = 
useState<string | null>(null);
564|    const [pendingWaLink, setPendingWaLink] = 
useState<string | null>(null);
565|    const [isEditing, setIsEditing] = useState(false);
   |          ^
566|    const [editingBooking, setEditingBooking] = 
useState<EditBookingData | null>(null);
567|    const [isSurveyOpen, setIsSurveyOpen] = 
useState(false);

[33mThe symbol "setIsEditing" has already been declared[33m
563|    const [pendingConvId, setPendingConvId] = 
useState<string | null>(null);
564|    const [pendingWaLink, setPendingWaLink] = 
useState<string | null>(null);
565|    const [isEditing, setIsEditing] = useState(false);
   |          ^
566|    const [editingBooking, setEditingBooking] = 
useState<EditBookingData | null>(null);
567|    const [isSurveyOpen, setIsSurveyOpen] = 
useState(false);

[33mThe symbol "editingBooking" has already been 
declared[33m
564|    const [pendingWaLink, setPendingWaLink] = 
useState<string | null>(null);
565|    const [isEditing, setIsEditing] = useState(false);
566|    const [editingBooking, setEditingBooking] = 
useState<EditBookingData | null>(null);
   |          ^
567|    const [isSurveyOpen, setIsSurveyOpen] = 
useState(false);
568|    const [confirmWhatsAppOpen, setConfirmWhatsAppOpen] 
= useState(false);

[33mThe symbol "setEditingBooking" has already been 
declared[33m
564|    const [pendingWaLink, setPendingWaLink] = 
useState<string | null>(null);
565|    const [isEditing, setIsEditing] = useState(false);
566|    const [editingBooking, setEditingBooking] = 
useState<EditBookingData | null>(null);
   |          ^
567|    const [isSurveyOpen, setIsSurveyOpen] = 
useState(false);
568|    const [confirmWhatsAppOpen, setConfirmWhatsAppOpen] 
= useState(false);

[33mThe symbol "isSurveyOpen" has already been declared[33m
565|    const [isEditing, setIsEditing] = useState(false);
566|    const [editingBooking, setEditingBooking] = 
useState<EditBookingData | null>(null);
567|    const [isSurveyOpen, setIsSurveyOpen] = 
useState(false);
   |          ^
568|    const [confirmWhatsAppOpen, setConfirmWhatsAppOpen] 
= useState(false);
569|    const [pendingConvId, setPendingConvId] = 
useState<string | null>(null);

[33mThe symbol "setIsSurveyOpen" has already been 
declared[33m
565|    const [isEditing, setIsEditing] = useState(false);
566|    const [editingBooking, setEditingBooking] = 
useState<EditBookingData | null>(null);
567|    const [isSurveyOpen, setIsSurveyOpen] = 
useState(false);
   |          ^
568|    const [confirmWhatsAppOpen, setConfirmWhatsAppOpen] 
= useState(false);
569|    const [pendingConvId, setPendingConvId] = 
useState<string | null>(null);

[33mThe symbol "confirmWhatsAppOpen" has already been 
declared[33m
566|    const [editingBooking, setEditingBooking] = 
useState<EditBookingData | null>(null);
567|    const [isSurveyOpen, setIsSurveyOpen] = 
useState(false);
568|    const [confirmWhatsAppOpen, setConfirmWhatsAppOpen] 
= useState(false);
   |          ^
569|    const [pendingConvId, setPendingConvId] = 
useState<string | null>(null);
570|    const [pendingWaLink, setPendingWaLink] = 
useState<string | null>(null);

[33mThe symbol "setConfirmWhatsAppOpen" has already been 
declared[33m
566|    const [editingBooking, setEditingBooking] = 
useState<EditBookingData | null>(null);
567|    const [isSurveyOpen, setIsSurveyOpen] = 
useState(false);
568|    const [confirmWhatsAppOpen, setConfirmWhatsAppOpen] 
= useState(false);
   |          ^
569|    const [pendingConvId, setPendingConvId] = 
useState<string | null>(null);
570|    const [pendingWaLink, setPendingWaLink] = 
useState<string | null>(null);

[33mThe symbol "pendingConvId" has already been 
declared[33m
567|    const [isSurveyOpen, setIsSurveyOpen] = 
useState(false);
568|    const [confirmWhatsAppOpen, setConfirmWhatsAppOpen] 
= useState(false);
569|    const [pendingConvId, setPendingConvId] = 
useState<string | null>(null);
   |          ^
570|    const [pendingWaLink, setPendingWaLink] = 
useState<string | null>(null);
571|    const [isEditing, setIsEditing] = useState(false);

[33mThe symbol "setPendingConvId" has already been 
declared[33m
567|    const [isSurveyOpen, setIsSurveyOpen] = 
useState(false);
568|    const [confirmWhatsAppOpen, setConfirmWhatsAppOpen] 
= useState(false);
569|    const [pendingConvId, setPendingConvId] = 
useState<string | null>(null);
   |          ^
570|    const [pendingWaLink, setPendingWaLink] = 
useState<string | null>(null);
571|    const [isEditing, setIsEditing] = useState(false);

[33mThe symbol "pendingWaLink" has already been 
declared[33m
568|    const [confirmWhatsAppOpen, setConfirmWhatsAppOpen] 
= useState(false);
569|    const [pendingConvId, setPendingConvId] = 
useState<string | null>(null);
570|    const [pendingWaLink, setPendingWaLink] = 
useState<string | null>(null);
   |          ^
571|    const [isEditing, setIsEditing] = useState(false);
572|    const [editingBooking, setEditingBooking] = 
useState<EditBookingData | null>(null);

[33mThe symbol "setPendingWaLink" has already been 
declared[33m
568|    const [confirmWhatsAppOpen, setConfirmWhatsAppOpen] 
= useState(false);
569|    const [pendingConvId, setPendingConvId] = 
useState<string | null>(null);
570|    const [pendingWaLink, setPendingWaLink] = 
useState<string | null>(null);
   |          ^
571|    const [isEditing, setIsEditing] = useState(false);
572|    const [editingBooking, setEditingBooking] = 
useState<EditBookingData | null>(null);

[33mThe symbol "isEditing" has already been declared[33m
569|    const [pendingConvId, setPendingConvId] = 
useState<string | null>(null);
570|    const [pendingWaLink, setPendingWaLink] = 
useState<string | null>(null);
571|    const [isEditing, setIsEditing] = useState(false);
   |          ^
572|    const [editingBooking, setEditingBooking] = 
useState<EditBookingData | null>(null);
573|    const [isSurveyOpen, setIsSurveyOpen] = 
useState(false);

[33mThe symbol "setIsEditing" has already been declared[33m
569|    const [pendingConvId, setPendingConvId] = 
useState<string | null>(null);
570|    const [pendingWaLink, setPendingWaLink] = 
useState<string | null>(null);
571|    const [isEditing, setIsEditing] = useState(false);
   |          ^
572|    const [editingBooking, setEditingBooking] = 
useState<EditBookingData | null>(null);
573|    const [isSurveyOpen, setIsSurveyOpen] = 
useState(false);

[33mThe symbol "editingBooking" has already been 
declared[33m
570|    const [pendingWaLink, setPendingWaLink] = 
useState<string | null>(null);
571|    const [isEditing, setIsEditing] = useState(false);
572|    const [editingBooking, setEditingBooking] = 
useState<EditBookingData | null>(null);
   |          ^
573|    const [isSurveyOpen, setIsSurveyOpen] = 
useState(false);
574|    const [confirmWhatsAppOpen, setConfirmWhatsAppOpen] 
= useState(false);

[33mThe symbol "setEditingBooking" has already been 
declared[33m
570|    const [pendingWaLink, setPendingWaLink] = 
useState<string | null>(null);
571|    const [isEditing, setIsEditing] = useState(false);
572|    const [editingBooking, setEditingBooking] = 
useState<EditBookingData | null>(null);
   |          ^
573|    const [isSurveyOpen, setIsSurveyOpen] = 
useState(false);
574|    const [confirmWhatsAppOpen, setConfirmWhatsAppOpen] 
= useState(false);

[33mThe symbol "isSurveyOpen" has already been declared[33m
571|    const [isEditing, setIsEditing] = useState(false);
572|    const [editingBooking, setEditingBooking] = 
useState<EditBookingData | null>(null);
573|    const [isSurveyOpen, setIsSurveyOpen] = 
useState(false);
   |          ^
574|    const [confirmWhatsAppOpen, setConfirmWhatsAppOpen] 
= useState(false);
575|    const [pendingConvId, setPendingConvId] = 
useState<string | null>(null);

[33mThe symbol "setIsSurveyOpen" has already been 
declared[33m
571|    const [isEditing, setIsEditing] = useState(false);
572|    const [editingBooking, setEditingBooking] = 
useState<EditBookingData | null>(null);
573|    const [isSurveyOpen, setIsSurveyOpen] = 
useState(false);
   |          ^
574|    const [confirmWhatsAppOpen, setConfirmWhatsAppOpen] 
= useState(false);
575|    const [pendingConvId, setPendingConvId] = 
useState<string | null>(null);

[33mThe symbol "confirmWhatsAppOpen" has already been 
declared[33m
572|    const [editingBooking, setEditingBooking] = 
useState<EditBookingData | null>(null);
573|    const [isSurveyOpen, setIsSurveyOpen] = 
useState(false);
574|    const [confirmWhatsAppOpen, setConfirmWhatsAppOpen] 
= useState(false);
   |          ^
575|    const [pendingConvId, setPendingConvId] = 
useState<string | null>(null);
576|    const [pendingWaLink, setPendingWaLink] = 
useState<string | null>(null);

[33mThe symbol "setConfirmWhatsAppOpen" has already been 
declared[33m
572|    const [editingBooking, setEditingBooking] = 
useState<EditBookingData | null>(null);
573|    const [isSurveyOpen, setIsSurveyOpen] = 
useState(false);
574|    const [confirmWhatsAppOpen, setConfirmWhatsAppOpen] 
= useState(false);
   |          ^
575|    const [pendingConvId, setPendingConvId] = 
useState<string | null>(null);
576|    const [pendingWaLink, setPendingWaLink] = 
useState<string | null>(null);

[33mThe symbol "pendingConvId" has already been 
declared[33m
573|    const [isSurveyOpen, setIsSurveyOpen] = 
useState(false);
574|    const [confirmWhatsAppOpen, setConfirmWhatsAppOpen] 
= useState(false);
575|    const [pendingConvId, setPendingConvId] = 
useState<string | null>(null);
   |          ^
576|    const [pendingWaLink, setPendingWaLink] = 
useState<string | null>(null);
577|    const [isEditing, setIsEditing] = useState(false);

[33mThe symbol "setPendingConvId" has already been 
declared[33m
573|    const [isSurveyOpen, setIsSurveyOpen] = 
useState(false);
574|    const [confirmWhatsAppOpen, setConfirmWhatsAppOpen] 
= useState(false);
575|    const [pendingConvId, setPendingConvId] = 
useState<string | null>(null);
   |          ^
576|    const [pendingWaLink, setPendingWaLink] = 
useState<string | null>(null);
577|    const [isEditing, setIsEditing] = useState(false);

[33mThe symbol "pendingWaLink" has already been 
declared[33m
574|    const [confirmWhatsAppOpen, setConfirmWhatsAppOpen] 
= useState(false);
575|    const [pendingConvId, setPendingConvId] = 
useState<string | null>(null);
576|    const [pendingWaLink, setPendingWaLink] = 
useState<string | null>(null);
   |          ^
577|    const [isEditing, setIsEditing] = useState(false);
578|    const [editingBooking, setEditingBooking] = 
useState<EditBookingData | null>(null);

[33mThe symbol "setPendingWaLink" has already been 
declared[33m
574|    const [confirmWhatsAppOpen, setConfirmWhatsAppOpen] 
= useState(false);
575|    const [pendingConvId, setPendingConvId] = 
useState<string | null>(null);
576|    const [pendingWaLink, setPendingWaLink] = 
useState<string | null>(null);
   |          ^
577|    const [isEditing, setIsEditing] = useState(false);
578|    const [editingBooking, setEditingBooking] = 
useState<EditBookingData | null>(null);

[33mThe symbol "isEditing" has already been declared[33m
575|    const [pendingConvId, setPendingConvId] = 
useState<string | null>(null);
576|    const [pendingWaLink, setPendingWaLink] = 
useState<string | null>(null);
577|    const [isEditing, setIsEditing] = useState(false);
   |          ^
578|    const [editingBooking, setEditingBooking] = 
useState<EditBookingData | null>(null);
579|    const [isSurveyOpen, setIsSurveyOpen] = 
useState(false);

[33mThe symbol "setIsEditing" has already been declared[33m
575|    const [pendingConvId, setPendingConvId] = 
useState<string | null>(null);
576|    const [pendingWaLink, setPendingWaLink] = 
useState<string | null>(null);
577|    const [isEditing, setIsEditing] = useState(false);
   |          ^
578|    const [editingBooking, setEditingBooking] = 
useState<EditBookingData | null>(null);
579|    const [isSurveyOpen, setIsSurveyOpen] = 
useState(false);

[33mThe symbol "editingBooking" has already been 
declared[33m
576|    const [pendingWaLink, setPendingWaLink] = 
useState<string | null>(null);
577|    const [isEditing, setIsEditing] = useState(false);
578|    const [editingBooking, setEditingBooking] = 
useState<EditBookingData | null>(null);
   |          ^
579|    const [isSurveyOpen, setIsSurveyOpen] = 
useState(false);
580|    const [confirmWhatsAppOpen, setConfirmWhatsAppOpen] 
= useState(false);

[33mThe symbol "setEditingBooking" has already been 
declared[33m
576|    const [pendingWaLink, setPendingWaLink] = 
useState<string | null>(null);
577|    const [isEditing, setIsEditing] = useState(false);
578|    const [editingBooking, setEditingBooking] = 
useState<EditBookingData | null>(null);
   |          ^
579|    const [isSurveyOpen, setIsSurveyOpen] = 
useState(false);
580|    const [confirmWhatsAppOpen, setConfirmWhatsAppOpen] 
= useState(false);

[33mThe symbol "isSurveyOpen" has already been declared[33m
577|    const [isEditing, setIsEditing] = useState(false);
578|    const [editingBooking, setEditingBooking] = 
useState<EditBookingData | null>(null);
579|    const [isSurveyOpen, setIsSurveyOpen] = 
useState(false);
   |          ^
580|    const [confirmWhatsAppOpen, setConfirmWhatsAppOpen] 
= useState(false);
581|    const [pendingConvId, setPendingConvId] = 
useState<string | null>(null);

[33mThe symbol "setIsSurveyOpen" has already been 
declared[33m
577|    const [isEditing, setIsEditing] = useState(false);
578|    const [editingBooking, setEditingBooking] = 
useState<EditBookingData | null>(null);
579|    const [isSurveyOpen, setIsSurveyOpen] = 
useState(false);
   |          ^
580|    const [confirmWhatsAppOpen, setConfirmWhatsAppOpen] 
= useState(false);
581|    const [pendingConvId, setPendingConvId] = 
useState<string | null>(null);

[33mThe symbol "confirmWhatsAppOpen" has already been 
declared[33m
578|    const [editingBooking, setEditingBooking] = 
useState<EditBookingData | null>(null);
579|    const [isSurveyOpen, setIsSurveyOpen] = 
useState(false);
580|    const [confirmWhatsAppOpen, setConfirmWhatsAppOpen] 
= useState(false);
   |          ^
581|    const [pendingConvId, setPendingConvId] = 
useState<string | null>(null);
582|    const [pendingWaLink, setPendingWaLink] = 
useState<string | null>(null);

[33mThe symbol "setConfirmWhatsAppOpen" has already been 
declared[33m
578|    const [editingBooking, setEditingBooking] = 
useState<EditBookingData | null>(null);
579|    const [isSurveyOpen, setIsSurveyOpen] = 
useState(false);
580|    const [confirmWhatsAppOpen, setConfirmWhatsAppOpen] 
= useState(false);
   |          ^
581|    const [pendingConvId, setPendingConvId] = 
useState<string | null>(null);
582|    const [pendingWaLink, setPendingWaLink] = 
useState<string | null>(null);

[33mThe symbol "pendingConvId" has already been 
declared[33m
579|    const [isSurveyOpen, setIsSurveyOpen] = 
useState(false);
580|    const [confirmWhatsAppOpen, setConfirmWhatsAppOpen] 
= useState(false);
581|    const [pendingConvId, setPendingConvId] = 
useState<string | null>(null);
   |          ^
582|    const [pendingWaLink, setPendingWaLink] = 
useState<string | null>(null);
583|    const [isEditing, setIsEditing] = useState(false);

[33mThe symbol "setPendingConvId" has already been 
declared[33m
579|    const [isSurveyOpen, setIsSurveyOpen] = 
useState(false);
580|    const [confirmWhatsAppOpen, setConfirmWhatsAppOpen] 
= useState(false);
581|    const [pendingConvId, setPendingConvId] = 
useState<string | null>(null);
   |          ^
582|    const [pendingWaLink, setPendingWaLink] = 
useState<string | null>(null);
583|    const [isEditing, setIsEditing] = useState(false);

[33mThe symbol "pendingWaLink" has already been 
declared[33m
580|    const [confirmWhatsAppOpen, setConfirmWhatsAppOpen] 
= useState(false);
581|    const [pendingConvId, setPendingConvId] = 
useState<string | null>(null);
582|    const [pendingWaLink, setPendingWaLink] = 
useState<string | null>(null);
   |          ^
583|    const [isEditing, setIsEditing] = useState(false);
584|    const [editingBooking, setEditingBooking] = 
useState<EditBookingData | null>(null);

[33mThe symbol "setPendingWaLink" has already been 
declared[33m
580|    const [confirmWhatsAppOpen, setConfirmWhatsAppOpen] 
= useState(false);
581|    const [pendingConvId, setPendingConvId] = 
useState<string | null>(null);
582|    const [pendingWaLink, setPendingWaLink] = 
useState<string | null>(null);
   |          ^
583|    const [isEditing, setIsEditing] = useState(false);
584|    const [editingBooking, setEditingBooking] = 
useState<EditBookingData | null>(null);

[33mThe symbol "isEditing" has already been declared[33m
581|    const [pendingConvId, setPendingConvId] = 
useState<string | null>(null);
582|    const [pendingWaLink, setPendingWaLink] = 
useState<string | null>(null);
583|    const [isEditing, setIsEditing] = useState(false);
   |          ^
584|    const [editingBooking, setEditingBooking] = 
useState<EditBookingData | null>(null);
585|    const [isSurveyOpen, setIsSurveyOpen] = 
useState(false);

[33mThe symbol "setIsEditing" has already been declared[33m
581|    const [pendingConvId, setPendingConvId] = 
useState<string | null>(null);
582|    const [pendingWaLink, setPendingWaLink] = 
useState<string | null>(null);
583|    const [isEditing, setIsEditing] = useState(false);
   |          ^
584|    const [editingBooking, setEditingBooking] = 
useState<EditBookingData | null>(null);
585|    const [isSurveyOpen, setIsSurveyOpen] = 
useState(false);

[33mThe symbol "editingBooking" has already been 
declared[33m
582|    const [pendingWaLink, setPendingWaLink] = 
useState<string | null>(null);
583|    const [isEditing, setIsEditing] = useState(false);
584|    const [editingBooking, setEditingBooking] = 
useState<EditBookingData | null>(null);
   |          ^
585|    const [isSurveyOpen, setIsSurveyOpen] = 
useState(false);
586|    const [confirmWhatsAppOpen, setConfirmWhatsAppOpen] 
= useState(false);

[33mThe symbol "setEditingBooking" has already been 
declared[33m
582|    const [pendingWaLink, setPendingWaLink] = 
useState<string | null>(null);
583|    const [isEditing, setIsEditing] = useState(false);
584|    const [editingBooking, setEditingBooking] = 
useState<EditBookingData | null>(null);
   |          ^
585|    const [isSurveyOpen, setIsSurveyOpen] = 
useState(false);
586|    const [confirmWhatsAppOpen, setConfirmWhatsAppOpen] 
= useState(false);

[33mThe symbol "isSurveyOpen" has already been declared[33m
583|    const [isEditing, setIsEditing] = useState(false);
584|    const [editingBooking, setEditingBooking] = 
useState<EditBookingData | null>(null);
585|    const [isSurveyOpen, setIsSurveyOpen] = 
useState(false);
   |          ^
586|    const [confirmWhatsAppOpen, setConfirmWhatsAppOpen] 
= useState(false);
587|    const [pendingConvId, setPendingConvId] = 
useState<string | null>(null);

[33mThe symbol "setIsSurveyOpen" has already been 
declared[33m
583|    const [isEditing, setIsEditing] = useState(false);
584|    const [editingBooking, setEditingBooking] = 
useState<EditBookingData | null>(null);
585|    const [isSurveyOpen, setIsSurveyOpen] = 
useState(false);
   |          ^
586|    const [confirmWhatsAppOpen, setConfirmWhatsAppOpen] 
= useState(false);
587|    const [pendingConvId, setPendingConvId] = 
useState<string | null>(null);

[33mThe symbol "confirmWhatsAppOpen" has already been 
declared[33m
584|    const [editingBooking, setEditingBooking] = 
useState<EditBookingData | null>(null);
585|    const [isSurveyOpen, setIsSurveyOpen] = 
useState(false);
586|    const [confirmWhatsAppOpen, setConfirmWhatsAppOpen] 
= useState(false);
   |          ^
587|    const [pendingConvId, setPendingConvId] = 
useState<string | null>(null);
588|    const [pendingWaLink, setPendingWaLink] = 
useState<string | null>(null);

[33mThe symbol "setConfirmWhatsAppOpen" has already been 
declared[33m
584|    const [editingBooking, setEditingBooking] = 
useState<EditBookingData | null>(null);
585|    const [isSurveyOpen, setIsSurveyOpen] = 
useState(false);
586|    const [confirmWhatsAppOpen, setConfirmWhatsAppOpen] 
= useState(false);
   |          ^
587|    const [pendingConvId, setPendingConvId] = 
useState<string | null>(null);
588|    const [pendingWaLink, setPendingWaLink] = 
useState<string | null>(null);

[33mThe symbol "pendingConvId" has already been 
declared[33m
585|    const [isSurveyOpen, setIsSurveyOpen] = 
useState(false);
586|    const [confirmWhatsAppOpen, setConfirmWhatsAppOpen] 
= useState(false);
587|    const [pendingConvId, setPendingConvId] = 
useState<string | null>(null);
   |          ^
588|    const [pendingWaLink, setPendingWaLink] = 
useState<string | null>(null);
589|    const [isEditing, setIsEditing] = useState(false);

[33mThe symbol "setPendingConvId" has already been 
declared[33m
585|    const [isSurveyOpen, setIsSurveyOpen] = 
useState(false);
586|    const [confirmWhatsAppOpen, setConfirmWhatsAppOpen] 
= useState(false);
587|    const [pendingConvId, setPendingConvId] = 
useState<string | null>(null);
   |          ^
588|    const [pendingWaLink, setPendingWaLink] = 
useState<string | null>(null);
589|    const [isEditing, setIsEditing] = useState(false);

[33mThe symbol "pendingWaLink" has already been 
declared[33m
586|    const [confirmWhatsAppOpen, setConfirmWhatsAppOpen] 
= useState(false);
587|    const [pendingConvId, setPendingConvId] = 
useState<string | null>(null);
588|    const [pendingWaLink, setPendingWaLink] = 
useState<string | null>(null);
   |          ^
589|    const [isEditing, setIsEditing] = useState(false);
590|    const [editingBooking, setEditingBooking] = 
useState<EditBookingData | null>(null);

[33mThe symbol "setPendingWaLink" has already been 
declared[33m
586|    const [confirmWhatsAppOpen, setConfirmWhatsAppOpen] 
= useState(false);
587|    const [pendingConvId, setPendingConvId] = 
useState<string | null>(null);
588|    const [pendingWaLink, setPendingWaLink] = 
useState<string | null>(null);
   |          ^
589|    const [isEditing, setIsEditing] = useState(false);
590|    const [editingBooking, setEditingBooking] = 
useState<EditBookingData | null>(null);

[33mThe symbol "isEditing" has already been declared[33m
587|    const [pendingConvId, setPendingConvId] = 
useState<string | null>(null);
588|    const [pendingWaLink, setPendingWaLink] = 
useState<string | null>(null);
589|    const [isEditing, setIsEditing] = useState(false);
   |          ^
590|    const [editingBooking, setEditingBooking] = 
useState<EditBookingData | null>(null);
591|    const [isSurveyOpen, setIsSurveyOpen] = 
useState(false);

[33mThe symbol "setIsEditing" has already been declared[33m
587|    const [pendingConvId, setPendingConvId] = 
useState<string | null>(null);
588|    const [pendingWaLink, setPendingWaLink] = 
useState<string | null>(null);
589|    const [isEditing, setIsEditing] = useState(false);
   |          ^
590|    const [editingBooking, setEditingBooking] = 
useState<EditBookingData | null>(null);
591|    const [isSurveyOpen, setIsSurveyOpen] = 
useState(false);

[33mThe symbol "editingBooking" has already been 
declared[33m
588|    const [pendingWaLink, setPendingWaLink] = 
useState<string | null>(null);
589|    const [isEditing, setIsEditing] = useState(false);
590|    const [editingBooking, setEditingBooking] = 
useState<EditBookingData | null>(null);
   |          ^
591|    const [isSurveyOpen, setIsSurveyOpen] = 
useState(false);
592|    const [confirmWhatsAppOpen, setConfirmWhatsAppOpen] 
= useState(false);

[33mThe symbol "setEditingBooking" has already been 
declared[33m
588|    const [pendingWaLink, setPendingWaLink] = 
useState<string | null>(null);
589|    const [isEditing, setIsEditing] = useState(false);
590|    const [editingBooking, setEditingBooking] = 
useState<EditBookingData | null>(null);
   |          ^
591|    const [isSurveyOpen, setIsSurveyOpen] = 
useState(false);
592|    const [confirmWhatsAppOpen, setConfirmWhatsAppOpen] 
= useState(false);

[33mThe symbol "isSurveyOpen" has already been declared[33m
589|    const [isEditing, setIsEditing] = useState(false);
590|    const [editingBooking, setEditingBooking] = 
useState<EditBookingData | null>(null);
591|    const [isSurveyOpen, setIsSurveyOpen] = 
useState(false);
   |          ^
592|    const [confirmWhatsAppOpen, setConfirmWhatsAppOpen] 
= useState(false);
593|    const [pendingConvId, setPendingConvId] = 
useState<string | null>(null);

[33mThe symbol "setIsSurveyOpen" has already been 
declared[33m
589|    const [isEditing, setIsEditing] = useState(false);
590|    const [editingBooking, setEditingBooking] = 
useState<EditBookingData | null>(null);
591|    const [isSurveyOpen, setIsSurveyOpen] = 
useState(false);
   |          ^
592|    const [confirmWhatsAppOpen, setConfirmWhatsAppOpen] 
= useState(false);
593|    const [pendingConvId, setPendingConvId] = 
useState<string | null>(null);

[33mThe symbol "confirmWhatsAppOpen" has already been 
declared[33m
590|    const [editingBooking, setEditingBooking] = 
useState<EditBookingData | null>(null);
591|    const [isSurveyOpen, setIsSurveyOpen] = 
useState(false);
592|    const [confirmWhatsAppOpen, setConfirmWhatsAppOpen] 
= useState(false);
   |          ^
593|    const [pendingConvId, setPendingConvId] = 
useState<string | null>(null);
594|    const [pendingWaLink, setPendingWaLink] = 
useState<string | null>(null);

[33mThe symbol "setConfirmWhatsAppOpen" has already been 
declared[33m
590|    const [editingBooking, setEditingBooking] = 
useState<EditBookingData | null>(null);
591|    const [isSurveyOpen, setIsSurveyOpen] = 
useState(false);
592|    const [confirmWhatsAppOpen, setConfirmWhatsAppOpen] 
= useState(false);
   |          ^
593|    const [pendingConvId, setPendingConvId] = 
useState<string | null>(null);
594|    const [pendingWaLink, setPendingWaLink] = 
useState<string | null>(null);

[33mThe symbol "pendingConvId" has already been 
declared[33m
591|    const [isSurveyOpen, setIsSurveyOpen] = 
useState(false);
592|    const [confirmWhatsAppOpen, setConfirmWhatsAppOpen] 
= useState(false);
593|    const [pendingConvId, setPendingConvId] = 
useState<string | null>(null);
   |          ^
594|    const [pendingWaLink, setPendingWaLink] = 
useState<string | null>(null);
595|    const [isEditing, setIsEditing] = useState(false);

[33mThe symbol "setPendingConvId" has already been 
declared[33m
591|    const [isSurveyOpen, setIsSurveyOpen] = 
useState(false);
592|    const [confirmWhatsAppOpen, setConfirmWhatsAppOpen] 
= useState(false);
593|    const [pendingConvId, setPendingConvId] = 
useState<string | null>(null);
   |          ^
594|    const [pendingWaLink, setPendingWaLink] = 
useState<string | null>(null);
595|    const [isEditing, setIsEditing] = useState(false);

[33mThe symbol "pendingWaLink" has already been 
declared[33m
592|    const [confirmWhatsAppOpen, setConfirmWhatsAppOpen] 
= useState(false);
593|    const [pendingConvId, setPendingConvId] = 
useState<string | null>(null);
594|    const [pendingWaLink, setPendingWaLink] = 
useState<string | null>(null);
   |          ^
595|    const [isEditing, setIsEditing] = useState(false);
596|    const [editingBooking, setEditingBooking] = 
useState<EditBookingData | null>(null);

[33mThe symbol "setPendingWaLink" has already been 
declared[33m
592|    const [confirmWhatsAppOpen, setConfirmWhatsAppOpen] 
= useState(false);
593|    const [pendingConvId, setPendingConvId] = 
useState<string | null>(null);
594|    const [pendingWaLink, setPendingWaLink] = 
useState<string | null>(null);
   |          ^
595|    const [isEditing, setIsEditing] = useState(false);
596|    const [editingBooking, setEditingBooking] = 
useState<EditBookingData | null>(null);

[33mThe symbol "isEditing" has already been declared[33m
593|    const [pendingConvId, setPendingConvId] = 
useState<string | null>(null);
594|    const [pendingWaLink, setPendingWaLink] = 
useState<string | null>(null);
595|    const [isEditing, setIsEditing] = useState(false);
   |          ^
596|    const [editingBooking, setEditingBooking] = 
useState<EditBookingData | null>(null);
597|    const [isSurveyOpen, setIsSurveyOpen] = 
useState(false);

[33mThe symbol "setIsEditing" has already been declared[33m
593|    const [pendingConvId, setPendingConvId] = 
useState<string | null>(null);
594|    const [pendingWaLink, setPendingWaLink] = 
useState<string | null>(null);
595|    const [isEditing, setIsEditing] = useState(false);
   |          ^
596|    const [editingBooking, setEditingBooking] = 
useState<EditBookingData | null>(null);
597|    const [isSurveyOpen, setIsSurveyOpen] = 
useState(false);

[33mThe symbol "editingBooking" has already been 
declared[33m
594|    const [pendingWaLink, setPendingWaLink] = 
useState<string | null>(null);
595|    const [isEditing, setIsEditing] = useState(false);
596|    const [editingBooking, setEditingBooking] = 
useState<EditBookingData | null>(null);
   |          ^
597|    const [isSurveyOpen, setIsSurveyOpen] = 
useState(false);
598|    const [confirmWhatsAppOpen, setConfirmWhatsAppOpen] 
= useState(false);

[33mThe symbol "setEditingBooking" has already been 
declared[33m
594|    const [pendingWaLink, setPendingWaLink] = 
useState<string | null>(null);
595|    const [isEditing, setIsEditing] = useState(false);
596|    const [editingBooking, setEditingBooking] = 
useState<EditBookingData | null>(null);
   |          ^
597|    const [isSurveyOpen, setIsSurveyOpen] = 
useState(false);
598|    const [confirmWhatsAppOpen, setConfirmWhatsAppOpen] 
= useState(false);

[33mThe symbol "isSurveyOpen" has already been declared[33m
595|    const [isEditing, setIsEditing] = useState(false);
596|    const [editingBooking, setEditingBooking] = 
useState<EditBookingData | null>(null);
597|    const [isSurveyOpen, setIsSurveyOpen] = 
useState(false);
   |          ^
598|    const [confirmWhatsAppOpen, setConfirmWhatsAppOpen] 
= useState(false);
599|    const [pendingConvId, setPendingConvId] = 
useState<string | null>(null);

[33mThe symbol "setIsSurveyOpen" has already been 
declared[33m
595|    const [isEditing, setIsEditing] = useState(false);
596|    const [editingBooking, setEditingBooking] = 
useState<EditBookingData | null>(null);
597|    const [isSurveyOpen, setIsSurveyOpen] = 
useState(false);
   |          ^
598|    const [confirmWhatsAppOpen, setConfirmWhatsAppOpen] 
= useState(false);
599|    const [pendingConvId, setPendingConvId] = 
useState<string | null>(null);

[33mThe symbol "confirmWhatsAppOpen" has already been 
declared[33m
596|    const [editingBooking, setEditingBooking] = 
useState<EditBookingData | null>(null);
597|    const [isSurveyOpen, setIsSurveyOpen] = 
useState(false);
598|    const [confirmWhatsAppOpen, setConfirmWhatsAppOpen] 
= useState(false);
   |          ^
599|    const [pendingConvId, setPendingConvId] = 
useState<string | null>(null);
600|    const [pendingWaLink, setPendingWaLink] = 
useState<string | null>(null);

[33mThe symbol "setConfirmWhatsAppOpen" has already been 
declared[33m
596|    const [editingBooking, setEditingBooking] = 
useState<EditBookingData | null>(null);
597|    const [isSurveyOpen, setIsSurveyOpen] = 
useState(false);
598|    const [confirmWhatsAppOpen, setConfirmWhatsAppOpen] 
= useState(false);
   |          ^
599|    const [pendingConvId, setPendingConvId] = 
useState<string | null>(null);
600|    const [pendingWaLink, setPendingWaLink] = 
useState<string | null>(null);

[33mThe symbol "pendingConvId" has already been 
declared[33m
597|    const [isSurveyOpen, setIsSurveyOpen] = 
useState(false);
598|    const [confirmWhatsAppOpen, setConfirmWhatsAppOpen] 
= useState(false);
599|    const [pendingConvId, setPendingConvId] = 
useState<string | null>(null);
   |          ^
600|    const [pendingWaLink, setPendingWaLink] = 
useState<string | null>(null);
601|    const [isEditing, setIsEditing] = useState(false);

[33mThe symbol "setPendingConvId" has already been 
declared[33m
597|    const [isSurveyOpen, setIsSurveyOpen] = 
useState(false);
598|    const [confirmWhatsAppOpen, setConfirmWhatsAppOpen] 
= useState(false);
599|    const [pendingConvId, setPendingConvId] = 
useState<string | null>(null);
   |          ^
600|    const [pendingWaLink, setPendingWaLink] = 
useState<string | null>(null);
601|    const [isEditing, setIsEditing] = useState(false);

[33mThe symbol "pendingWaLink" has already been 
declared[33m
598|    const [confirmWhatsAppOpen, setConfirmWhatsAppOpen] 
= useState(false);
599|    const [pendingConvId, setPendingConvId] = 
useState<string | null>(null);
600|    const [pendingWaLink, setPendingWaLink] = 
useState<string | null>(null);
   |          ^
601|    const [isEditing, setIsEditing] = useState(false);
602|    const [editingBooking, setEditingBooking] = 
useState<EditBookingData | null>(null);

[33mThe symbol "setPendingWaLink" has already been 
declared[33m
598|    const [confirmWhatsAppOpen, setConfirmWhatsAppOpen] 
= useState(false);
599|    const [pendingConvId, setPendingConvId] = 
useState<string | null>(null);
600|    const [pendingWaLink, setPendingWaLink] = 
useState<string | null>(null);
   |          ^
601|    const [isEditing, setIsEditing] = useState(false);
602|    const [editingBooking, setEditingBooking] = 
useState<EditBookingData | null>(null);

[33mThe symbol "isEditing" has already been declared[33m
599|    const [pendingConvId, setPendingConvId] = 
useState<string | null>(null);
600|    const [pendingWaLink, setPendingWaLink] = 
useState<string | null>(null);
601|    const [isEditing, setIsEditing] = useState(false);
   |          ^
602|    const [editingBooking, setEditingBooking] = 
useState<EditBookingData | null>(null);
603|    const [isSurveyOpen, setIsSurveyOpen] = 
useState(false);

[33mThe symbol "setIsEditing" has already been declared[33m
599|    const [pendingConvId, setPendingConvId] = 
useState<string | null>(null);
600|    const [pendingWaLink, setPendingWaLink] = 
useState<string | null>(null);
601|    const [isEditing, setIsEditing] = useState(false);
   |          ^
602|    const [editingBooking, setEditingBooking] = 
useState<EditBookingData | null>(null);
603|    const [isSurveyOpen, setIsSurveyOpen] = 
useState(false);

[33mThe symbol "editingBooking" has already been 
declared[33m
600|    const [pendingWaLink, setPendingWaLink] = 
useState<string | null>(null);
601|    const [isEditing, setIsEditing] = useState(false);
602|    const [editingBooking, setEditingBooking] = 
useState<EditBookingData | null>(null);
   |          ^
603|    const [isSurveyOpen, setIsSurveyOpen] = 
useState(false);
604|    const [confirmWhatsAppOpen, setConfirmWhatsAppOpen] 
= useState(false);

[33mThe symbol "setEditingBooking" has already been 
declared[33m
600|    const [pendingWaLink, setPendingWaLink] = 
useState<string | null>(null);
601|    const [isEditing, setIsEditing] = useState(false);
602|    const [editingBooking, setEditingBooking] = 
useState<EditBookingData | null>(null);
   |          ^
603|    const [isSurveyOpen, setIsSurveyOpen] = 
useState(false);
604|    const [confirmWhatsAppOpen, setConfirmWhatsAppOpen] 
= useState(false);

[33mThe symbol "isSurveyOpen" has already been declared[33m
601|    const [isEditing, setIsEditing] = useState(false);
602|    const [editingBooking, setEditingBooking] = 
useState<EditBookingData | null>(null);
603|    const [isSurveyOpen, setIsSurveyOpen] = 
useState(false);
   |          ^
604|    const [confirmWhatsAppOpen, setConfirmWhatsAppOpen] 
= useState(false);
605|    const [pendingConvId, setPendingConvId] = 
useState<string | null>(null);

[33mThe symbol "setIsSurveyOpen" has already been 
declared[33m
601|    const [isEditing, setIsEditing] = useState(false);
602|    const [editingBooking, setEditingBooking] = 
useState<EditBookingData | null>(null);
603|    const [isSurveyOpen, setIsSurveyOpen] = 
useState(false);
   |          ^
604|    const [confirmWhatsAppOpen, setConfirmWhatsAppOpen] 
= useState(false);
605|    const [pendingConvId, setPendingConvId] = 
useState<string | null>(null);

[33mThe symbol "confirmWhatsAppOpen" has already been 
declared[33m
602|    const [editingBooking, setEditingBooking] = 
useState<EditBookingData | null>(null);
603|    const [isSurveyOpen, setIsSurveyOpen] = 
useState(false);
604|    const [confirmWhatsAppOpen, setConfirmWhatsAppOpen] 
= useState(false);
   |          ^
605|    const [pendingConvId, setPendingConvId] = 
useState<string | null>(null);
606|    const [pendingWaLink, setPendingWaLink] = 
useState<string | null>(null);

[33mThe symbol "setConfirmWhatsAppOpen" has already been 
declared[33m
602|    const [editingBooking, setEditingBooking] = 
useState<EditBookingData | null>(null);
603|    const [isSurveyOpen, setIsSurveyOpen] = 
useState(false);
604|    const [confirmWhatsAppOpen, setConfirmWhatsAppOpen] 
= useState(false);
   |          ^
605|    const [pendingConvId, setPendingConvId] = 
useState<string | null>(null);
606|    const [pendingWaLink, setPendingWaLink] = 
useState<string | null>(null);

[33mThe symbol "pendingConvId" has already been 
declared[33m
603|    const [isSurveyOpen, setIsSurveyOpen] = 
useState(false);
604|    const [confirmWhatsAppOpen, setConfirmWhatsAppOpen] 
= useState(false);
605|    const [pendingConvId, setPendingConvId] = 
useState<string | null>(null);
   |          ^
606|    const [pendingWaLink, setPendingWaLink] = 
useState<string | null>(null);
607|    const [isEditing, setIsEditing] = useState(false);

[33mThe symbol "setPendingConvId" has already been 
declared[33m
603|    const [isSurveyOpen, setIsSurveyOpen] = 
useState(false);
604|    const [confirmWhatsAppOpen, setConfirmWhatsAppOpen] 
= useState(false);
605|    const [pendingConvId, setPendingConvId] = 
useState<string | null>(null);
   |          ^
606|    const [pendingWaLink, setPendingWaLink] = 
useState<string | null>(null);
607|    const [isEditing, setIsEditing] = useState(false);

[33mThe symbol "pendingWaLink" has already been 
declared[33m
604|    const [confirmWhatsAppOpen, setConfirmWhatsAppOpen] 
= useState(false);
605|    const [pendingConvId, setPendingConvId] = 
useState<string | null>(null);
606|    const [pendingWaLink, setPendingWaLink] = 
useState<string | null>(null);
   |          ^
607|    const [isEditing, setIsEditing] = useState(false);
608|    const [editingBooking, setEditingBooking] = 
useState<EditBookingData | null>(null);

[33mThe symbol "setPendingWaLink" has already been 
declared[33m
604|    const [confirmWhatsAppOpen, setConfirmWhatsAppOpen] 
= useState(false);
605|    const [pendingConvId, setPendingConvId] = 
useState<string | null>(null);
606|    const [pendingWaLink, setPendingWaLink] = 
useState<string | null>(null);
   |          ^
607|    const [isEditing, setIsEditing] = useState(false);
608|    const [editingBooking, setEditingBooking] = 
useState<EditBookingData | null>(null);

[33mThe symbol "isEditing" has already been declared[33m
605|    const [pendingConvId, setPendingConvId] = 
useState<string | null>(null);
606|    const [pendingWaLink, setPendingWaLink] = 
useState<string | null>(null);
607|    const [isEditing, setIsEditing] = useState(false);
   |          ^
608|    const [editingBooking, setEditingBooking] = 
useState<EditBookingData | null>(null);
609|    const [isSurveyOpen, setIsSurveyOpen] = 
useState(false);

[33mThe symbol "setIsEditing" has already been declared[33m
605|    const [pendingConvId, setPendingConvId] = 
useState<string | null>(null);
606|    const [pendingWaLink, setPendingWaLink] = 
useState<string | null>(null);
607|    const [isEditing, setIsEditing] = useState(false);
   |          ^
608|    const [editingBooking, setEditingBooking] = 
useState<EditBookingData | null>(null);
609|    const [isSurveyOpen, setIsSurveyOpen] = 
useState(false);

[33mThe symbol "editingBooking" has already been 
declared[33m
606|    const [pendingWaLink, setPendingWaLink] = 
useState<string | null>(null);
607|    const [isEditing, setIsEditing] = useState(false);
608|    const [editingBooking, setEditingBooking] = 
useState<EditBookingData | null>(null);
   |          ^
609|    const [isSurveyOpen, setIsSurveyOpen] = 
useState(false);
610|    const [confirmWhatsAppOpen, setConfirmWhatsAppOpen] 
= useState(false);

[33mThe symbol "setEditingBooking" has already been 
declared[33m
606|    const [pendingWaLink, setPendingWaLink] = 
useState<string | null>(null);
607|    const [isEditing, setIsEditing] = useState(false);
608|    const [editingBooking, setEditingBooking] = 
useState<EditBookingData | null>(null);
   |          ^
609|    const [isSurveyOpen, setIsSurveyOpen] = 
useState(false);
610|    const [confirmWhatsAppOpen, setConfirmWhatsAppOpen] 
= useState(false);

[33mThe symbol "isSurveyOpen" has already been declared[33m
607|    const [isEditing, setIsEditing] = useState(false);
608|    const [editingBooking, setEditingBooking] = 
useState<EditBookingData | null>(null);
609|    const [isSurveyOpen, setIsSurveyOpen] = 
useState(false);
   |          ^
610|    const [confirmWhatsAppOpen, setConfirmWhatsAppOpen] 
= useState(false);
611|    const [pendingConvId, setPendingConvId] = 
useState<string | null>(null);

[33mThe symbol "setIsSurveyOpen" has already been 
declared[33m
607|    const [isEditing, setIsEditing] = useState(false);
608|    const [editingBooking, setEditingBooking] = 
useState<EditBookingData | null>(null);
609|    const [isSurveyOpen, setIsSurveyOpen] = 
useState(false);
   |          ^
610|    const [confirmWhatsAppOpen, setConfirmWhatsAppOpen] 
= useState(false);
611|    const [pendingConvId, setPendingConvId] = 
useState<string | null>(null);

[33mThe symbol "confirmWhatsAppOpen" has already been 
declared[33m
608|    const [editingBooking, setEditingBooking] = 
useState<EditBookingData | null>(null);
609|    const [isSurveyOpen, setIsSurveyOpen] = 
useState(false);
610|    const [confirmWhatsAppOpen, setConfirmWhatsAppOpen] 
= useState(false);
   |          ^
611|    const [pendingConvId, setPendingConvId] = 
useState<string | null>(null);
612|    const [pendingWaLink, setPendingWaLink] = 
useState<string | null>(null);

[33mThe symbol "setConfirmWhatsAppOpen" has already been 
declared[33m
608|    const [editingBooking, setEditingBooking] = 
useState<EditBookingData | null>(null);
609|    const [isSurveyOpen, setIsSurveyOpen] = 
useState(false);
610|    const [confirmWhatsAppOpen, setConfirmWhatsAppOpen] 
= useState(false);
   |          ^
611|    const [pendingConvId, setPendingConvId] = 
useState<string | null>(null);
612|    const [pendingWaLink, setPendingWaLink] = 
useState<string | null>(null);

[33mThe symbol "pendingConvId" has already been 
declared[33m
609|    const [isSurveyOpen, setIsSurveyOpen] = 
useState(false);
610|    const [confirmWhatsAppOpen, setConfirmWhatsAppOpen] 
= useState(false);
611|    const [pendingConvId, setPendingConvId] = 
useState<string | null>(null);
   |          ^
612|    const [pendingWaLink, setPendingWaLink] = 
useState<string | null>(null);
613|    const [isEditing, setIsEditing] = useState(false);

[33mThe symbol "setPendingConvId" has already been 
declared[33m
609|    const [isSurveyOpen, setIsSurveyOpen] = 
useState(false);
610|    const [confirmWhatsAppOpen, setConfirmWhatsAppOpen] 
= useState(false);
611|    const [pendingConvId, setPendingConvId] = 
useState<string | null>(null);
   |          ^
612|    const [pendingWaLink, setPendingWaLink] = 
useState<string | null>(null);
613|    const [isEditing, setIsEditing] = useState(false);

[33mThe symbol "pendingWaLink" has already been 
declared[33m
610|    const [confirmWhatsAppOpen, setConfirmWhatsAppOpen] 
= useState(false);
611|    const [pendingConvId, setPendingConvId] = 
useState<string | null>(null);
612|    const [pendingWaLink, setPendingWaLink] = 
useState<string | null>(null);
   |          ^
613|    const [isEditing, setIsEditing] = useState(false);
614|    const [editingBooking, setEditingBooking] = 
useState<EditBookingData | null>(null);

[33mThe symbol "setPendingWaLink" has already been 
declared[33m
610|    const [confirmWhatsAppOpen, setConfirmWhatsAppOpen] 
= useState(false);
611|    const [pendingConvId, setPendingConvId] = 
useState<string | null>(null);
612|    const [pendingWaLink, setPendingWaLink] = 
useState<string | null>(null);
   |          ^
613|    const [isEditing, setIsEditing] = useState(false);
614|    const [editingBooking, setEditingBooking] = 
useState<EditBookingData | null>(null);

[33mThe symbol "isEditing" has already been declared[33m
611|    const [pendingConvId, setPendingConvId] = 
useState<string | null>(null);
612|    const [pendingWaLink, setPendingWaLink] = 
useState<string | null>(null);
613|    const [isEditing, setIsEditing] = useState(false);
   |          ^
614|    const [editingBooking, setEditingBooking] = 
useState<EditBookingData | null>(null);
615|    const [isSurveyOpen, setIsSurveyOpen] = 
useState(false);

[33mThe symbol "setIsEditing" has already been declared[33m
611|    const [pendingConvId, setPendingConvId] = 
useState<string | null>(null);
612|    const [pendingWaLink, setPendingWaLink] = 
useState<string | null>(null);
613|    const [isEditing, setIsEditing] = useState(false);
   |          ^
614|    const [editingBooking, setEditingBooking] = 
useState<EditBookingData | null>(null);
615|    const [isSurveyOpen, setIsSurveyOpen] = 
useState(false);

[33mThe symbol "editingBooking" has already been 
declared[33m
612|    const [pendingWaLink, setPendingWaLink] = 
useState<string | null>(null);
613|    const [isEditing, setIsEditing] = useState(false);
614|    const [editingBooking, setEditingBooking] = 
useState<EditBookingData | null>(null);
   |          ^
615|    const [isSurveyOpen, setIsSurveyOpen] = 
useState(false);
616|    const [confirmWhatsAppOpen, setConfirmWhatsAppOpen] 
= useState(false);

[33mThe symbol "setEditingBooking" has already been 
declared[33m
612|    const [pendingWaLink, setPendingWaLink] = 
useState<string | null>(null);
613|    const [isEditing, setIsEditing] = useState(false);
614|    const [editingBooking, setEditingBooking] = 
useState<EditBookingData | null>(null);
   |          ^
615|    const [isSurveyOpen, setIsSurveyOpen] = 
useState(false);
616|    const [confirmWhatsAppOpen, setConfirmWhatsAppOpen] 
= useState(false);

[33mThe symbol "isSurveyOpen" has already been declared[33m
613|    const [isEditing, setIsEditing] = useState(false);
614|    const [editingBooking, setEditingBooking] = 
useState<EditBookingData | null>(null);
615|    const [isSurveyOpen, setIsSurveyOpen] = 
useState(false);
   |          ^
616|    const [confirmWhatsAppOpen, setConfirmWhatsAppOpen] 
= useState(false);
617|    const [pendingConvId, setPendingConvId] = 
useState<string | null>(null);

[33mThe symbol "setIsSurveyOpen" has already been 
declared[33m
613|    const [isEditing, setIsEditing] = useState(false);
614|    const [editingBooking, setEditingBooking] = 
useState<EditBookingData | null>(null);
615|    const [isSurveyOpen, setIsSurveyOpen] = 
useState(false);
   |          ^
616|    const [confirmWhatsAppOpen, setConfirmWhatsAppOpen] 
= useState(false);
617|    const [pendingConvId, setPendingConvId] = 
useState<string | null>(null);

[33mThe symbol "confirmWhatsAppOpen" has already been 
declared[33m
614|    const [editingBooking, setEditingBooking] = 
useState<EditBookingData | null>(null);
615|    const [isSurveyOpen, setIsSurveyOpen] = 
useState(false);
616|    const [confirmWhatsAppOpen, setConfirmWhatsAppOpen] 
= useState(false);
   |          ^
617|    const [pendingConvId, setPendingConvId] = 
useState<string | null>(null);
618|    const [pendingWaLink, setPendingWaLink] = 
useState<string | null>(null);

[33mThe symbol "setConfirmWhatsAppOpen" has already been 
declared[33m
614|    const [editingBooking, setEditingBooking] = 
useState<EditBookingData | null>(null);
615|    const [isSurveyOpen, setIsSurveyOpen] = 
useState(false);
616|    const [confirmWhatsAppOpen, setConfirmWhatsAppOpen] 
= useState(false);
   |          ^
617|    const [pendingConvId, setPendingConvId] = 
useState<string | null>(null);
618|    const [pendingWaLink, setPendingWaLink] = 
useState<string | null>(null);

[33mThe symbol "pendingConvId" has already been 
declared[33m
615|    const [isSurveyOpen, setIsSurveyOpen] = 
useState(false);
616|    const [confirmWhatsAppOpen, setConfirmWhatsAppOpen] 
= useState(false);
617|    const [pendingConvId, setPendingConvId] = 
useState<string | null>(null);
   |          ^
618|    const [pendingWaLink, setPendingWaLink] = 
useState<string | null>(null);
619|    const [isEditing, setIsEditing] = useState(false);

[33mThe symbol "setPendingConvId" has already been 
declared[33m
615|    const [isSurveyOpen, setIsSurveyOpen] = 
useState(false);
616|    const [confirmWhatsAppOpen, setConfirmWhatsAppOpen] 
= useState(false);
617|    const [pendingConvId, setPendingConvId] = 
useState<string | null>(null);
   |          ^
618|    const [pendingWaLink, setPendingWaLink] = 
useState<string | null>(null);
619|    const [isEditing, setIsEditing] = useState(false);

[33mThe symbol "pendingWaLink" has already been 
declared[33m
616|    const [confirmWhatsAppOpen, setConfirmWhatsAppOpen] 
= useState(false);
617|    const [pendingConvId, setPendingConvId] = 
useState<string | null>(null);
618|    const [pendingWaLink, setPendingWaLink] = 
useState<string | null>(null);
   |          ^
619|    const [isEditing, setIsEditing] = useState(false);
620|    const [editingBooking, setEditingBooking] = 
useState<EditBookingData | null>(null);

[33mThe symbol "setPendingWaLink" has already been 
declared[33m
616|    const [confirmWhatsAppOpen, setConfirmWhatsAppOpen] 
= useState(false);
617|    const [pendingConvId, setPendingConvId] = 
useState<string | null>(null);
618|    const [pendingWaLink, setPendingWaLink] = 
useState<string | null>(null);
   |          ^
619|    const [isEditing, setIsEditing] = useState(false);
620|    const [editingBooking, setEditingBooking] = 
useState<EditBookingData | null>(null);

[33mThe symbol "isEditing" has already been declared[33m
617|    const [pendingConvId, setPendingConvId] = 
useState<string | null>(null);
618|    const [pendingWaLink, setPendingWaLink] = 
useState<string | null>(null);
619|    const [isEditing, setIsEditing] = useState(false);
   |          ^
620|    const [editingBooking, setEditingBooking] = 
useState<EditBookingData | null>(null);
621|    const [isSurveyOpen, setIsSurveyOpen] = 
useState(false);

[33mThe symbol "setIsEditing" has already been declared[33m
617|    const [pendingConvId, setPendingConvId] = 
useState<string | null>(null);
618|    const [pendingWaLink, setPendingWaLink] = 
useState<string | null>(null);
619|    const [isEditing, setIsEditing] = useState(false);
   |          ^
620|    const [editingBooking, setEditingBooking] = 
useState<EditBookingData | null>(null);
621|    const [isSurveyOpen, setIsSurveyOpen] = 
useState(false);

[33mThe symbol "editingBooking" has already been 
declared[33m
618|    const [pendingWaLink, setPendingWaLink] = 
useState<string | null>(null);
619|    const [isEditing, setIsEditing] = useState(false);
620|    const [editingBooking, setEditingBooking] = 
useState<EditBookingData | null>(null);
   |          ^
621|    const [isSurveyOpen, setIsSurveyOpen] = 
useState(false);
622|    const [confirmWhatsAppOpen, setConfirmWhatsAppOpen] 
= useState(false);

[33mThe symbol "setEditingBooking" has already been 
declared[33m
618|    const [pendingWaLink, setPendingWaLink] = 
useState<string | null>(null);
619|    const [isEditing, setIsEditing] = useState(false);
620|    const [editingBooking, setEditingBooking] = 
useState<EditBookingData | null>(null);
   |          ^
621|    const [isSurveyOpen, setIsSurveyOpen] = 
useState(false);
622|    const [confirmWhatsAppOpen, setConfirmWhatsAppOpen] 
= useState(false);

[33mThe symbol "isSurveyOpen" has already been declared[33m
619|    const [isEditing, setIsEditing] = useState(false);
620|    const [editingBooking, setEditingBooking] = 
useState<EditBookingData | null>(null);
621|    const [isSurveyOpen, setIsSurveyOpen] = 
useState(false);
   |          ^
622|    const [confirmWhatsAppOpen, setConfirmWhatsAppOpen] 
= useState(false);
623|    const [pendingConvId, setPendingConvId] = 
useState<string | null>(null);

[33mThe symbol "setIsSurveyOpen" has already been 
declared[33m
619|    const [isEditing, setIsEditing] = useState(false);
620|    const [editingBooking, setEditingBooking] = 
useState<EditBookingData | null>(null);
621|    const [isSurveyOpen, setIsSurveyOpen] = 
useState(false);
   |          ^
622|    const [confirmWhatsAppOpen, setConfirmWhatsAppOpen] 
= useState(false);
623|    const [pendingConvId, setPendingConvId] = 
useState<string | null>(null);

[33mThe symbol "confirmWhatsAppOpen" has already been 
declared[33m
620|    const [editingBooking, setEditingBooking] = 
useState<EditBookingData | null>(null);
621|    const [isSurveyOpen, setIsSurveyOpen] = 
useState(false);
622|    const [confirmWhatsAppOpen, setConfirmWhatsAppOpen] 
= useState(false);
   |          ^
623|    const [pendingConvId, setPendingConvId] = 
useState<string | null>(null);
624|    const [pendingWaLink, setPendingWaLink] = 
useState<string | null>(null);

[33mThe symbol "setConfirmWhatsAppOpen" has already been 
declared[33m
620|    const [editingBooking, setEditingBooking] = 
useState<EditBookingData | null>(null);
621|    const [isSurveyOpen, setIsSurveyOpen] = 
useState(false);
622|    const [confirmWhatsAppOpen, setConfirmWhatsAppOpen] 
= useState(false);
   |          ^
623|    const [pendingConvId, setPendingConvId] = 
useState<string | null>(null);
624|    const [pendingWaLink, setPendingWaLink] = 
useState<string | null>(null);

[33mThe symbol "pendingConvId" has already been 
declared[33m
621|    const [isSurveyOpen, setIsSurveyOpen] = 
useState(false);
622|    const [confirmWhatsAppOpen, setConfirmWhatsAppOpen] 
= useState(false);
623|    const [pendingConvId, setPendingConvId] = 
useState<string | null>(null);
   |          ^
624|    const [pendingWaLink, setPendingWaLink] = 
useState<string | null>(null);
625|    const [isEditing, setIsEditing] = useState(false);

[33mThe symbol "setPendingConvId" has already been 
declared[33m
621|    const [isSurveyOpen, setIsSurveyOpen] = 
useState(false);
622|    const [confirmWhatsAppOpen, setConfirmWhatsAppOpen] 
= useState(false);
623|    const [pendingConvId, setPendingConvId] = 
useState<string | null>(null);
   |          ^
624|    const [pendingWaLink, setPendingWaLink] = 
useState<string | null>(null);
625|    const [isEditing, setIsEditing] = useState(false);

[33mThe symbol "pendingWaLink" has already been 
declared[33m
622|    const [confirmWhatsAppOpen, setConfirmWhatsAppOpen] 
= useState(false);
623|    const [pendingConvId, setPendingConvId] = 
useState<string | null>(null);
624|    const [pendingWaLink, setPendingWaLink] = 
useState<string | null>(null);
   |          ^
625|    const [isEditing, setIsEditing] = useState(false);
626|    const [editingBooking, setEditingBooking] = 
useState<EditBookingData | null>(null);

[33mThe symbol "setPendingWaLink" has already been 
declared[33m
622|    const [confirmWhatsAppOpen, setConfirmWhatsAppOpen] 
= useState(false);
623|    const [pendingConvId, setPendingConvId] = 
useState<string | null>(null);
624|    const [pendingWaLink, setPendingWaLink] = 
useState<string | null>(null);
   |          ^
625|    const [isEditing, setIsEditing] = useState(false);
626|    const [editingBooking, setEditingBooking] = 
useState<EditBookingData | null>(null);

[33mThe symbol "isEditing" has already been declared[33m
623|    const [pendingConvId, setPendingConvId] = 
useState<string | null>(null);
624|    const [pendingWaLink, setPendingWaLink] = 
useState<string | null>(null);
625|    const [isEditing, setIsEditing] = useState(false);
   |          ^
626|    const [editingBooking, setEditingBooking] = 
useState<EditBookingData | null>(null);
627|    const [isSurveyOpen, setIsSurveyOpen] = 
useState(false);

[33mThe symbol "setIsEditing" has already been declared[33m
623|    const [pendingConvId, setPendingConvId] = 
useState<string | null>(null);
624|    const [pendingWaLink, setPendingWaLink] = 
useState<string | null>(null);
625|    const [isEditing, setIsEditing] = useState(false);
   |          ^
626|    const [editingBooking, setEditingBooking] = 
useState<EditBookingData | null>(null);
627|    const [isSurveyOpen, setIsSurveyOpen] = 
useState(false);

[33mThe symbol "editingBooking" has already been 
declared[33m
624|    const [pendingWaLink, setPendingWaLink] = 
useState<string | null>(null);
625|    const [isEditing, setIsEditing] = useState(false);
626|    const [editingBooking, setEditingBooking] = 
useState<EditBookingData | null>(null);
   |          ^
627|    const [isSurveyOpen, setIsSurveyOpen] = 
useState(false);
628|    const [confirmWhatsAppOpen, setConfirmWhatsAppOpen] 
= useState(false);

[33mThe symbol "setEditingBooking" has already been 
declared[33m
624|    const [pendingWaLink, setPendingWaLink] = 
useState<string | null>(null);
625|    const [isEditing, setIsEditing] = useState(false);
626|    const [editingBooking, setEditingBooking] = 
useState<EditBookingData | null>(null);
   |          ^
627|    const [isSurveyOpen, setIsSurveyOpen] = 
useState(false);
628|    const [confirmWhatsAppOpen, setConfirmWhatsAppOpen] 
= useState(false);

[33mThe symbol "isSurveyOpen" has already been declared[33m
625|    const [isEditing, setIsEditing] = useState(false);
626|    const [editingBooking, setEditingBooking] = 
useState<EditBookingData | null>(null);
627|    const [isSurveyOpen, setIsSurveyOpen] = 
useState(false);
   |          ^
628|    const [confirmWhatsAppOpen, setConfirmWhatsAppOpen] 
= useState(false);
629|    const [pendingConvId, setPendingConvId] = 
useState<string | null>(null);

[33mThe symbol "setIsSurveyOpen" has already been 
declared[33m
625|    const [isEditing, setIsEditing] = useState(false);
626|    const [editingBooking, setEditingBooking] = 
useState<EditBookingData | null>(null);
627|    const [isSurveyOpen, setIsSurveyOpen] = 
useState(false);
   |          ^
628|    const [confirmWhatsAppOpen, setConfirmWhatsAppOpen] 
= useState(false);
629|    const [pendingConvId, setPendingConvId] = 
useState<string | null>(null);

[33mThe symbol "confirmWhatsAppOpen" has already been 
declared[33m
626|    const [editingBooking, setEditingBooking] = 
useState<EditBookingData | null>(null);
627|    const [isSurveyOpen, setIsSurveyOpen] = 
useState(false);
628|    const [confirmWhatsAppOpen, setConfirmWhatsAppOpen] 
= useState(false);
   |          ^
629|    const [pendingConvId, setPendingConvId] = 
useState<string | null>(null);
630|    const [pendingWaLink, setPendingWaLink] = 
useState<string | null>(null);

[33mThe symbol "setConfirmWhatsAppOpen" has already been 
declared[33m
626|    const [editingBooking, setEditingBooking] = 
useState<EditBookingData | null>(null);
627|    const [isSurveyOpen, setIsSurveyOpen] = 
useState(false);
628|    const [confirmWhatsAppOpen, setConfirmWhatsAppOpen] 
= useState(false);
   |          ^
629|    const [pendingConvId, setPendingConvId] = 
useState<string | null>(null);
630|    const [pendingWaLink, setPendingWaLink] = 
useState<string | null>(null);

[33mThe symbol "pendingConvId" has already been 
declared[33m
627|    const [isSurveyOpen, setIsSurveyOpen] = 
useState(false);
628|    const [confirmWhatsAppOpen, setConfirmWhatsAppOpen] 
= useState(false);
629|    const [pendingConvId, setPendingConvId] = 
useState<string | null>(null);
   |          ^
630|    const [pendingWaLink, setPendingWaLink] = 
useState<string | null>(null);
631|    const [isEditing, setIsEditing] = useState(false);

[33mThe symbol "setPendingConvId" has already been 
declared[33m
627|    const [isSurveyOpen, setIsSurveyOpen] = 
useState(false);
628|    const [confirmWhatsAppOpen, setConfirmWhatsAppOpen] 
= useState(false);
629|    const [pendingConvId, setPendingConvId] = 
useState<string | null>(null);
   |          ^
630|    const [pendingWaLink, setPendingWaLink] = 
useState<string | null>(null);
631|    const [isEditing, setIsEditing] = useState(false);

[33mThe symbol "pendingWaLink" has already been 
declared[33m
628|    const [confirmWhatsAppOpen, setConfirmWhatsAppOpen] 
= useState(false);
629|    const [pendingConvId, setPendingConvId] = 
useState<string | null>(null);
630|    const [pendingWaLink, setPendingWaLink] = 
useState<string | null>(null);
   |          ^
631|    const [isEditing, setIsEditing] = useState(false);
632|    const [editingBooking, setEditingBooking] = 
useState<EditBookingData | null>(null);

[33mThe symbol "setPendingWaLink" has already been 
declared[33m
628|    const [confirmWhatsAppOpen, setConfirmWhatsAppOpen] 
= useState(false);
629|    const [pendingConvId, setPendingConvId] = 
useState<string | null>(null);
630|    const [pendingWaLink, setPendingWaLink] = 
useState<string | null>(null);
   |          ^
631|    const [isEditing, setIsEditing] = useState(false);
632|    const [editingBooking, setEditingBooking] = 
useState<EditBookingData | null>(null);

[33mThe symbol "isEditing" has already been declared[33m
629|    const [pendingConvId, setPendingConvId] = 
useState<string | null>(null);
630|    const [pendingWaLink, setPendingWaLink] = 
useState<string | null>(null);
631|    const [isEditing, setIsEditing] = useState(false);
   |          ^
632|    const [editingBooking, setEditingBooking] = 
useState<EditBookingData | null>(null);
633|    const [isSurveyOpen, setIsSurveyOpen] = 
useState(false);

[33mThe symbol "setIsEditing" has already been declared[33m
629|    const [pendingConvId, setPendingConvId] = 
useState<string | null>(null);
630|    const [pendingWaLink, setPendingWaLink] = 
useState<string | null>(null);
631|    const [isEditing, setIsEditing] = useState(false);
   |          ^
632|    const [editingBooking, setEditingBooking] = 
useState<EditBookingData | null>(null);
633|    const [isSurveyOpen, setIsSurveyOpen] = 
useState(false);

[33mThe symbol "editingBooking" has already been 
declared[33m
630|    const [pendingWaLink, setPendingWaLink] = 
useState<string | null>(null);
631|    const [isEditing, setIsEditing] = useState(false);
632|    const [editingBooking, setEditingBooking] = 
useState<EditBookingData | null>(null);
   |          ^
633|    const [isSurveyOpen, setIsSurveyOpen] = 
useState(false);
634|    const [confirmWhatsAppOpen, setConfirmWhatsAppOpen] 
= useState(false);

[33mThe symbol "setEditingBooking" has already been 
declared[33m
630|    const [pendingWaLink, setPendingWaLink] = 
useState<string | null>(null);
631|    const [isEditing, setIsEditing] = useState(false);
632|    const [editingBooking, setEditingBooking] = 
useState<EditBookingData | null>(null);
   |          ^
633|    const [isSurveyOpen, setIsSurveyOpen] = 
useState(false);
634|    const [confirmWhatsAppOpen, setConfirmWhatsAppOpen] 
= useState(false);

[33mThe symbol "isSurveyOpen" has already been declared[33m
631|    const [isEditing, setIsEditing] = useState(false);
632|    const [editingBooking, setEditingBooking] = 
useState<EditBookingData | null>(null);
633|    const [isSurveyOpen, setIsSurveyOpen] = 
useState(false);
   |          ^
634|    const [confirmWhatsAppOpen, setConfirmWhatsAppOpen] 
= useState(false);
635|    const [pendingConvId, setPendingConvId] = 
useState<string | null>(null);

[33mThe symbol "setIsSurveyOpen" has already been 
declared[33m
631|    const [isEditing, setIsEditing] = useState(false);
632|    const [editingBooking, setEditingBooking] = 
useState<EditBookingData | null>(null);
633|    const [isSurveyOpen, setIsSurveyOpen] = 
useState(false);
   |          ^
634|    const [confirmWhatsAppOpen, setConfirmWhatsAppOpen] 
= useState(false);
635|    const [pendingConvId, setPendingConvId] = 
useState<string | null>(null);

[33mThe symbol "confirmWhatsAppOpen" has already been 
declared[33m
632|    const [editingBooking, setEditingBooking] = 
useState<EditBookingData | null>(null);
633|    const [isSurveyOpen, setIsSurveyOpen] = 
useState(false);
634|    const [confirmWhatsAppOpen, setConfirmWhatsAppOpen] 
= useState(false);
   |          ^
635|    const [pendingConvId, setPendingConvId] = 
useState<string | null>(null);
636|    const [pendingWaLink, setPendingWaLink] = 
useState<string | null>(null);

[33mThe symbol "setConfirmWhatsAppOpen" has already been 
declared[33m
632|    const [editingBooking, setEditingBooking] = 
useState<EditBookingData | null>(null);
633|    const [isSurveyOpen, setIsSurveyOpen] = 
useState(false);
634|    const [confirmWhatsAppOpen, setConfirmWhatsAppOpen] 
= useState(false);
   |          ^
635|    const [pendingConvId, setPendingConvId] = 
useState<string | null>(null);
636|    const [pendingWaLink, setPendingWaLink] = 
useState<string | null>(null);

[33mThe symbol "pendingConvId" has already been 
declared[33m
633|    const [isSurveyOpen, setIsSurveyOpen] = 
useState(false);
634|    const [confirmWhatsAppOpen, setConfirmWhatsAppOpen] 
= useState(false);
635|    const [pendingConvId, setPendingConvId] = 
useState<string | null>(null);
   |          ^
636|    const [pendingWaLink, setPendingWaLink] = 
useState<string | null>(null);
637|    const [isEditing, setIsEditing] = useState(false);

[33mThe symbol "setPendingConvId" has already been 
declared[33m
633|    const [isSurveyOpen, setIsSurveyOpen] = 
useState(false);
634|    const [confirmWhatsAppOpen, setConfirmWhatsAppOpen] 
= useState(false);
635|    const [pendingConvId, setPendingConvId] = 
useState<string | null>(null);
   |          ^
636|    const [pendingWaLink, setPendingWaLink] = 
useState<string | null>(null);
637|    const [isEditing, setIsEditing] = useState(false);

[33mThe symbol "pendingWaLink" has already been 
declared[33m
634|    const [confirmWhatsAppOpen, setConfirmWhatsAppOpen] 
= useState(false);
635|    const [pendingConvId, setPendingConvId] = 
useState<string | null>(null);
636|    const [pendingWaLink, setPendingWaLink] = 
useState<string | null>(null);
   |          ^
637|    const [isEditing, setIsEditing] = useState(false);
638|    const [editingBooking, setEditingBooking] = 
useState<EditBookingData | null>(null);

[33mThe symbol "setPendingWaLink" has already been 
declared[33m
634|    const [confirmWhatsAppOpen, setConfirmWhatsAppOpen] 
= useState(false);
635|    const [pendingConvId, setPendingConvId] = 
useState<string | null>(null);
636|    const [pendingWaLink, setPendingWaLink] = 
useState<string | null>(null);
   |          ^
637|    const [isEditing, setIsEditing] = useState(false);
638|    const [editingBooking, setEditingBooking] = 
useState<EditBookingData | null>(null);

[33mThe symbol "isEditing" has already been declared[33m
635|    const [pendingConvId, setPendingConvId] = 
useState<string | null>(null);
636|    const [pendingWaLink, setPendingWaLink] = 
useState<string | null>(null);
637|    const [isEditing, setIsEditing] = useState(false);
   |          ^
638|    const [editingBooking, setEditingBooking] = 
useState<EditBookingData | null>(null);
639|    const [isSurveyOpen, setIsSurveyOpen] = 
useState(false);

[33mThe symbol "setIsEditing" has already been declared[33m
635|    const [pendingConvId, setPendingConvId] = 
useState<string | null>(null);
636|    const [pendingWaLink, setPendingWaLink] = 
useState<string | null>(null);
637|    const [isEditing, setIsEditing] = useState(false);
   |          ^
638|    const [editingBooking, setEditingBooking] = 
useState<EditBookingData | null>(null);
639|    const [isSurveyOpen, setIsSurveyOpen] = 
useState(false);

[33mThe symbol "editingBooking" has already been 
declared[33m
636|    const [pendingWaLink, setPendingWaLink] = 
useState<string | null>(null);
637|    const [isEditing, setIsEditing] = useState(false);
638|    const [editingBooking, setEditingBooking] = 
useState<EditBookingData | null>(null);
   |          ^
639|    const [isSurveyOpen, setIsSurveyOpen] = 
useState(false);
640|    const [confirmWhatsAppOpen, setConfirmWhatsAppOpen] 
= useState(false);

[33mThe symbol "setEditingBooking" has already been 
declared[33m
636|    const [pendingWaLink, setPendingWaLink] = 
useState<string | null>(null);
637|    const [isEditing, setIsEditing] = useState(false);
638|    const [editingBooking, setEditingBooking] = 
useState<EditBookingData | null>(null);
   |          ^
639|    const [isSurveyOpen, setIsSurveyOpen] = 
useState(false);
640|    const [confirmWhatsAppOpen, setConfirmWhatsAppOpen] 
= useState(false);

[33mThe symbol "isSurveyOpen" has already been declared[33m
637|    const [isEditing, setIsEditing] = useState(false);
638|    const [editingBooking, setEditingBooking] = 
useState<EditBookingData | null>(null);
639|    const [isSurveyOpen, setIsSurveyOpen] = 
useState(false);
   |          ^
640|    const [confirmWhatsAppOpen, setConfirmWhatsAppOpen] 
= useState(false);
641|    const [pendingConvId, setPendingConvId] = 
useState<string | null>(null);

[33mThe symbol "setIsSurveyOpen" has already been 
declared[33m
637|    const [isEditing, setIsEditing] = useState(false);
638|    const [editingBooking, setEditingBooking] = 
useState<EditBookingData | null>(null);
639|    const [isSurveyOpen, setIsSurveyOpen] = 
useState(false);
   |          ^
640|    const [confirmWhatsAppOpen, setConfirmWhatsAppOpen] 
= useState(false);
641|    const [pendingConvId, setPendingConvId] = 
useState<string | null>(null);

[33mThe symbol "confirmWhatsAppOpen" has already been 
declared[33m
638|    const [editingBooking, setEditingBooking] = 
useState<EditBookingData | null>(null);
639|    const [isSurveyOpen, setIsSurveyOpen] = 
useState(false);
640|    const [confirmWhatsAppOpen, setConfirmWhatsAppOpen] 
= useState(false);
   |          ^
641|    const [pendingConvId, setPendingConvId] = 
useState<string | null>(null);
642|    const [pendingWaLink, setPendingWaLink] = 
useState<string | null>(null);

[33mThe symbol "setConfirmWhatsAppOpen" has already been 
declared[33m
638|    const [editingBooking, setEditingBooking] = 
useState<EditBookingData | null>(null);
639|    const [isSurveyOpen, setIsSurveyOpen] = 
useState(false);
640|    const [confirmWhatsAppOpen, setConfirmWhatsAppOpen] 
= useState(false);
   |          ^
641|    const [pendingConvId, setPendingConvId] = 
useState<string | null>(null);
642|    const [pendingWaLink, setPendingWaLink] = 
useState<string | null>(null);

[33mThe symbol "pendingConvId" has already been 
declared[33m
639|    const [isSurveyOpen, setIsSurveyOpen] = 
useState(false);
640|    const [confirmWhatsAppOpen, setConfirmWhatsAppOpen] 
= useState(false);
641|    const [pendingConvId, setPendingConvId] = 
useState<string | null>(null);
   |          ^
642|    const [pendingWaLink, setPendingWaLink] = 
useState<string | null>(null);
643|    const [isEditing, setIsEditing] = useState(false);

[33mThe symbol "setPendingConvId" has already been 
declared[33m
639|    const [isSurveyOpen, setIsSurveyOpen] = 
useState(false);
640|    const [confirmWhatsAppOpen, setConfirmWhatsAppOpen] 
= useState(false);
641|    const [pendingConvId, setPendingConvId] = 
useState<string | null>(null);
   |          ^
642|    const [pendingWaLink, setPendingWaLink] = 
useState<string | null>(null);
643|    const [isEditing, setIsEditing] = useState(false);

[33mThe symbol "pendingWaLink" has already been 
declared[33m
640|    const [confirmWhatsAppOpen, setConfirmWhatsAppOpen] 
= useState(false);
641|    const [pendingConvId, setPendingConvId] = 
useState<string | null>(null);
642|    const [pendingWaLink, setPendingWaLink] = 
useState<string | null>(null);
   |          ^
643|    const [isEditing, setIsEditing] = useState(false);
644|    const [editingBooking, setEditingBooking] = 
useState<EditBookingData | null>(null);

[33mThe symbol "setPendingWaLink" has already been 
declared[33m
640|    const [confirmWhatsAppOpen, setConfirmWhatsAppOpen] 
= useState(false);
641|    const [pendingConvId, setPendingConvId] = 
useState<string | null>(null);
642|    const [pendingWaLink, setPendingWaLink] = 
useState<string | null>(null);
   |          ^
643|    const [isEditing, setIsEditing] = useState(false);
644|    const [editingBooking, setEditingBooking] = 
useState<EditBookingData | null>(null);

[33mThe symbol "isEditing" has already been declared[33m
641|    const [pendingConvId, setPendingConvId] = 
useState<string | null>(null);
642|    const [pendingWaLink, setPendingWaLink] = 
useState<string | null>(null);
643|    const [isEditing, setIsEditing] = useState(false);
   |          ^
644|    const [editingBooking, setEditingBooking] = 
useState<EditBookingData | null>(null);
645|    const [isSurveyOpen, setIsSurveyOpen] = 
useState(false);

[33mThe symbol "setIsEditing" has already been declared[33m
641|    const [pendingConvId, setPendingConvId] = 
useState<string | null>(null);
642|    const [pendingWaLink, setPendingWaLink] = 
useState<string | null>(null);
643|    const [isEditing, setIsEditing] = useState(false);
   |          ^
644|    const [editingBooking, setEditingBooking] = 
useState<EditBookingData | null>(null);
645|    const [isSurveyOpen, setIsSurveyOpen] = 
useState(false);

[33mThe symbol "editingBooking" has already been 
declared[33m
642|    const [pendingWaLink, setPendingWaLink] = 
useState<string | null>(null);
643|    const [isEditing, setIsEditing] = useState(false);
644|    const [editingBooking, setEditingBooking] = 
useState<EditBookingData | null>(null);
   |          ^
645|    const [isSurveyOpen, setIsSurveyOpen] = 
useState(false);
646|    const [confirmWhatsAppOpen, setConfirmWhatsAppOpen] 
= useState(false);

[33mThe symbol "setEditingBooking" has already been 
declared[33m
642|    const [pendingWaLink, setPendingWaLink] = 
useState<string | null>(null);
643|    const [isEditing, setIsEditing] = useState(false);
644|    const [editingBooking, setEditingBooking] = 
useState<EditBookingData | null>(null);
   |          ^
645|    const [isSurveyOpen, setIsSurveyOpen] = 
useState(false);
646|    const [confirmWhatsAppOpen, setConfirmWhatsAppOpen] 
= useState(false);

[33mThe symbol "isSurveyOpen" has already been declared[33m
643|    const [isEditing, setIsEditing] = useState(false);
644|    const [editingBooking, setEditingBooking] = 
useState<EditBookingData | null>(null);
645|    const [isSurveyOpen, setIsSurveyOpen] = 
useState(false);
   |          ^
646|    const [confirmWhatsAppOpen, setConfirmWhatsAppOpen] 
= useState(false);
647|    const [pendingConvId, setPendingConvId] = 
useState<string | null>(null);

[33mThe symbol "setIsSurveyOpen" has already been 
declared[33m
643|    const [isEditing, setIsEditing] = useState(false);
644|    const [editingBooking, setEditingBooking] = 
useState<EditBookingData | null>(null);
645|    const [isSurveyOpen, setIsSurveyOpen] = 
useState(false);
   |          ^
646|    const [confirmWhatsAppOpen, setConfirmWhatsAppOpen] 
= useState(false);
647|    const [pendingConvId, setPendingConvId] = 
useState<string | null>(null);

[33mThe symbol "confirmWhatsAppOpen" has already been 
declared[33m
644|    const [editingBooking, setEditingBooking] = 
useState<EditBookingData | null>(null);
645|    const [isSurveyOpen, setIsSurveyOpen] = 
useState(false);
646|    const [confirmWhatsAppOpen, setConfirmWhatsAppOpen] 
= useState(false);
   |          ^
647|    const [pendingConvId, setPendingConvId] = 
useState<string | null>(null);
648|    const [pendingWaLink, setPendingWaLink] = 
useState<string | null>(null);

[33mThe symbol "setConfirmWhatsAppOpen" has already been 
declared[33m
644|    const [editingBooking, setEditingBooking] = 
useState<EditBookingData | null>(null);
645|    const [isSurveyOpen, setIsSurveyOpen] = 
useState(false);
646|    const [confirmWhatsAppOpen, setConfirmWhatsAppOpen] 
= useState(false);
   |          ^
647|    const [pendingConvId, setPendingConvId] = 
useState<string | null>(null);
648|    const [pendingWaLink, setPendingWaLink] = 
useState<string | null>(null);

[33mThe symbol "pendingConvId" has already been 
declared[33m
645|    const [isSurveyOpen, setIsSurveyOpen] = 
useState(false);
646|    const [confirmWhatsAppOpen, setConfirmWhatsAppOpen] 
= useState(false);
647|    const [pendingConvId, setPendingConvId] = 
useState<string | null>(null);
   |          ^
648|    const [pendingWaLink, setPendingWaLink] = 
useState<string | null>(null);
649|    const [isEditing, setIsEditing] = useState(false);

[33mThe symbol "setPendingConvId" has already been 
declared[33m
645|    const [isSurveyOpen, setIsSurveyOpen] = 
useState(false);
646|    const [confirmWhatsAppOpen, setConfirmWhatsAppOpen] 
= useState(false);
647|    const [pendingConvId, setPendingConvId] = 
useState<string | null>(null);
   |          ^
648|    const [pendingWaLink, setPendingWaLink] = 
useState<string | null>(null);
649|    const [isEditing, setIsEditing] = useState(false);

[33mThe symbol "pendingWaLink" has already been 
declared[33m
646|    const [confirmWhatsAppOpen, setConfirmWhatsAppOpen] 
= useState(false);
647|    const [pendingConvId, setPendingConvId] = 
useState<string | null>(null);
648|    const [pendingWaLink, setPendingWaLink] = 
useState<string | null>(null);
   |          ^
649|    const [isEditing, setIsEditing] = useState(false);
650|    const [editingBooking, setEditingBooking] = 
useState<EditBookingData | null>(null);

[33mThe symbol "setPendingWaLink" has already been 
declared[33m
646|    const [confirmWhatsAppOpen, setConfirmWhatsAppOpen] 
= useState(false);
647|    const [pendingConvId, setPendingConvId] = 
useState<string | null>(null);
648|    const [pendingWaLink, setPendingWaLink] = 
useState<string | null>(null);
   |          ^
649|    const [isEditing, setIsEditing] = useState(false);
650|    const [editingBooking, setEditingBooking] = 
useState<EditBookingData | null>(null);

[33mThe symbol "isEditing" has already been declared[33m
647|    const [pendingConvId, setPendingConvId] = 
useState<string | null>(null);
648|    const [pendingWaLink, setPendingWaLink] = 
useState<string | null>(null);
649|    const [isEditing, setIsEditing] = useState(false);
   |          ^
650|    const [editingBooking, setEditingBooking] = 
useState<EditBookingData | null>(null);
651|    const [isSurveyOpen, setIsSurveyOpen] = 
useState(false);

[33mThe symbol "setIsEditing" has already been declared[33m
647|    const [pendingConvId, setPendingConvId] = 
useState<string | null>(null);
648|    const [pendingWaLink, setPendingWaLink] = 
useState<string | null>(null);
649|    const [isEditing, setIsEditing] = useState(false);
   |          ^
650|    const [editingBooking, setEditingBooking] = 
useState<EditBookingData | null>(null);
651|    const [isSurveyOpen, setIsSurveyOpen] = 
useState(false);

[33mThe symbol "editingBooking" has already been 
declared[33m
648|    const [pendingWaLink, setPendingWaLink] = 
useState<string | null>(null);
649|    const [isEditing, setIsEditing] = useState(false);
650|    const [editingBooking, setEditingBooking] = 
useState<EditBookingData | null>(null);
   |          ^
651|    const [isSurveyOpen, setIsSurveyOpen] = 
useState(false);
652|    const [confirmWhatsAppOpen, setConfirmWhatsAppOpen] 
= useState(false);

[33mThe symbol "setEditingBooking" has already been 
declared[33m
648|    const [pendingWaLink, setPendingWaLink] = 
useState<string | null>(null);
649|    const [isEditing, setIsEditing] = useState(false);
650|    const [editingBooking, setEditingBooking] = 
useState<EditBookingData | null>(null);
   |          ^
651|    const [isSurveyOpen, setIsSurveyOpen] = 
useState(false);
652|    const [confirmWhatsAppOpen, setConfirmWhatsAppOpen] 
= useState(false);

[33mThe symbol "isSurveyOpen" has already been declared[33m
649|    const [isEditing, setIsEditing] = useState(false);
650|    const [editingBooking, setEditingBooking] = 
useState<EditBookingData | null>(null);
651|    const [isSurveyOpen, setIsSurveyOpen] = 
useState(false);
   |          ^
652|    const [confirmWhatsAppOpen, setConfirmWhatsAppOpen] 
= useState(false);
653|    const [pendingConvId, setPendingConvId] = 
useState<string | null>(null);

[33mThe symbol "setIsSurveyOpen" has already been 
declared[33m
649|    const [isEditing, setIsEditing] = useState(false);
650|    const [editingBooking, setEditingBooking] = 
useState<EditBookingData | null>(null);
651|    const [isSurveyOpen, setIsSurveyOpen] = 
useState(false);
   |          ^
652|    const [confirmWhatsAppOpen, setConfirmWhatsAppOpen] 
= useState(false);
653|    const [pendingConvId, setPendingConvId] = 
useState<string | null>(null);

[33mThe symbol "confirmWhatsAppOpen" has already been 
declared[33m
650|    const [editingBooking, setEditingBooking] = 
useState<EditBookingData | null>(null);
651|    const [isSurveyOpen, setIsSurveyOpen] = 
useState(false);
652|    const [confirmWhatsAppOpen, setConfirmWhatsAppOpen] 
= useState(false);
   |          ^
653|    const [pendingConvId, setPendingConvId] = 
useState<string | null>(null);
654|    const [pendingWaLink, setPendingWaLink] = 
useState<string | null>(null);

[33mThe symbol "setConfirmWhatsAppOpen" has already been 
declared[33m
650|    const [editingBooking, setEditingBooking] = 
useState<EditBookingData | null>(null);
651|    const [isSurveyOpen, setIsSurveyOpen] = 
useState(false);
652|    const [confirmWhatsAppOpen, setConfirmWhatsAppOpen] 
= useState(false);
   |          ^
653|    const [pendingConvId, setPendingConvId] = 
useState<string | null>(null);
654|    const [pendingWaLink, setPendingWaLink] = 
useState<string | null>(null);

[33mThe symbol "pendingConvId" has already been 
declared[33m
651|    const [isSurveyOpen, setIsSurveyOpen] = 
useState(false);
652|    const [confirmWhatsAppOpen, setConfirmWhatsAppOpen] 
= useState(false);
653|    const [pendingConvId, setPendingConvId] = 
useState<string | null>(null);
   |          ^
654|    const [pendingWaLink, setPendingWaLink] = 
useState<string | null>(null);
655|    const [isEditing, setIsEditing] = useState(false);

[33mThe symbol "setPendingConvId" has already been 
declared[33m
651|    const [isSurveyOpen, setIsSurveyOpen] = 
useState(false);
652|    const [confirmWhatsAppOpen, setConfirmWhatsAppOpen] 
= useState(false);
653|    const [pendingConvId, setPendingConvId] = 
useState<string | null>(null);
   |          ^
654|    const [pendingWaLink, setPendingWaLink] = 
useState<string | null>(null);
655|    const [isEditing, setIsEditing] = useState(false);

[33mThe symbol "pendingWaLink" has already been 
declared[33m
652|    const [confirmWhatsAppOpen, setConfirmWhatsAppOpen] 
= useState(false);
653|    const [pendingConvId, setPendingConvId] = 
useState<string | null>(null);
654|    const [pendingWaLink, setPendingWaLink] = 
useState<string | null>(null);
   |          ^
655|    const [isEditing, setIsEditing] = useState(false);
656|    const [editingBooking, setEditingBooking] = 
useState<EditBookingData | null>(null);

[33mThe symbol "setPendingWaLink" has already been 
declared[33m
652|    const [confirmWhatsAppOpen, setConfirmWhatsAppOpen] 
= useState(false);
653|    const [pendingConvId, setPendingConvId] = 
useState<string | null>(null);
654|    const [pendingWaLink, setPendingWaLink] = 
useState<string | null>(null);
   |          ^
655|    const [isEditing, setIsEditing] = useState(false);
656|    const [editingBooking, setEditingBooking] = 
useState<EditBookingData | null>(null);

[33mThe symbol "isEditing" has already been declared[33m
653|    const [pendingConvId, setPendingConvId] = 
useState<string | null>(null);
654|    const [pendingWaLink, setPendingWaLink] = 
useState<string | null>(null);
655|    const [isEditing, setIsEditing] = useState(false);
   |          ^
656|    const [editingBooking, setEditingBooking] = 
useState<EditBookingData | null>(null);
657|    const [isSurveyOpen, setIsSurveyOpen] = 
useState(false);

[33mThe symbol "setIsEditing" has already been declared[33m
653|    const [pendingConvId, setPendingConvId] = 
useState<string | null>(null);
654|    const [pendingWaLink, setPendingWaLink] = 
useState<string | null>(null);
655|    const [isEditing, setIsEditing] = useState(false);
   |          ^
656|    const [editingBooking, setEditingBooking] = 
useState<EditBookingData | null>(null);
657|    const [isSurveyOpen, setIsSurveyOpen] = 
useState(false);

[33mThe symbol "editingBooking" has already been 
declared[33m
654|    const [pendingWaLink, setPendingWaLink] = 
useState<string | null>(null);
655|    const [isEditing, setIsEditing] = useState(false);
656|    const [editingBooking, setEditingBooking] = 
useState<EditBookingData | null>(null);
   |          ^
657|    const [isSurveyOpen, setIsSurveyOpen] = 
useState(false);
658|    const [confirmWhatsAppOpen, setConfirmWhatsAppOpen] 
= useState(false);

[33mThe symbol "setEditingBooking" has already been 
declared[33m
654|    const [pendingWaLink, setPendingWaLink] = 
useState<string | null>(null);
655|    const [isEditing, setIsEditing] = useState(false);
656|    const [editingBooking, setEditingBooking] = 
useState<EditBookingData | null>(null);
   |          ^
657|    const [isSurveyOpen, setIsSurveyOpen] = 
useState(false);
658|    const [confirmWhatsAppOpen, setConfirmWhatsAppOpen] 
= useState(false);

[33mThe symbol "isSurveyOpen" has already been declared[33m
655|    const [isEditing, setIsEditing] = useState(false);
656|    const [editingBooking, setEditingBooking] = 
useState<EditBookingData | null>(null);
657|    const [isSurveyOpen, setIsSurveyOpen] = 
useState(false);
   |          ^
658|    const [confirmWhatsAppOpen, setConfirmWhatsAppOpen] 
= useState(false);
659|    const [pendingConvId, setPendingConvId] = 
useState<string | null>(null);

[33mThe symbol "setIsSurveyOpen" has already been 
declared[33m
655|    const [isEditing, setIsEditing] = useState(false);
656|    const [editingBooking, setEditingBooking] = 
useState<EditBookingData | null>(null);
657|    const [isSurveyOpen, setIsSurveyOpen] = 
useState(false);
   |          ^
658|    const [confirmWhatsAppOpen, setConfirmWhatsAppOpen] 
= useState(false);
659|    const [pendingConvId, setPendingConvId] = 
useState<string | null>(null);

[33mThe symbol "confirmWhatsAppOpen" has already been 
declared[33m
656|    const [editingBooking, setEditingBooking] = 
useState<EditBookingData | null>(null);
657|    const [isSurveyOpen, setIsSurveyOpen] = 
useState(false);
658|    const [confirmWhatsAppOpen, setConfirmWhatsAppOpen] 
= useState(false);
   |          ^
659|    const [pendingConvId, setPendingConvId] = 
useState<string | null>(null);
660|    const [pendingWaLink, setPendingWaLink] = 
useState<string | null>(null);

[33mThe symbol "setConfirmWhatsAppOpen" has already been 
declared[33m
656|    const [editingBooking, setEditingBooking] = 
useState<EditBookingData | null>(null);
657|    const [isSurveyOpen, setIsSurveyOpen] = 
useState(false);
658|    const [confirmWhatsAppOpen, setConfirmWhatsAppOpen] 
= useState(false);
   |          ^
659|    const [pendingConvId, setPendingConvId] = 
useState<string | null>(null);
660|    const [pendingWaLink, setPendingWaLink] = 
useState<string | null>(null);

[33mThe symbol "pendingConvId" has already been 
declared[33m
657|    const [isSurveyOpen, setIsSurveyOpen] = 
useState(false);
658|    const [confirmWhatsAppOpen, setConfirmWhatsAppOpen] 
= useState(false);
659|    const [pendingConvId, setPendingConvId] = 
useState<string | null>(null);
   |          ^
660|    const [pendingWaLink, setPendingWaLink] = 
useState<string | null>(null);
661|    const [isEditing, setIsEditing] = useState(false);

[33mThe symbol "setPendingConvId" has already been 
declared[33m
657|    const [isSurveyOpen, setIsSurveyOpen] = 
useState(false);
658|    const [confirmWhatsAppOpen, setConfirmWhatsAppOpen] 
= useState(false);
659|    const [pendingConvId, setPendingConvId] = 
useState<string | null>(null);
   |          ^
660|    const [pendingWaLink, setPendingWaLink] = 
useState<string | null>(null);
661|    const [isEditing, setIsEditing] = useState(false);

[33mThe symbol "pendingWaLink" has already been 
declared[33m
658|    const [confirmWhatsAppOpen, setConfirmWhatsAppOpen] 
= useState(false);
659|    const [pendingConvId, setPendingConvId] = 
useState<string | null>(null);
660|    const [pendingWaLink, setPendingWaLink] = 
useState<string | null>(null);
   |          ^
661|    const [isEditing, setIsEditing] = useState(false);
662|    const [editingBooking, setEditingBooking] = 
useState<EditBookingData | null>(null);

[33mThe symbol "setPendingWaLink" has already been 
declared[33m
658|    const [confirmWhatsAppOpen, setConfirmWhatsAppOpen] 
= useState(false);
659|    const [pendingConvId, setPendingConvId] = 
useState<string | null>(null);
660|    const [pendingWaLink, setPendingWaLink] = 
useState<string | null>(null);
   |          ^
661|    const [isEditing, setIsEditing] = useState(false);
662|    const [editingBooking, setEditingBooking] = 
useState<EditBookingData | null>(null);

[33mThe symbol "isEditing" has already been declared[33m
659|    const [pendingConvId, setPendingConvId] = 
useState<string | null>(null);
660|    const [pendingWaLink, setPendingWaLink] = 
useState<string | null>(null);
661|    const [isEditing, setIsEditing] = useState(false);
   |          ^
662|    const [editingBooking, setEditingBooking] = 
useState<EditBookingData | null>(null);
663|    const [isSurveyOpen, setIsSurveyOpen] = 
useState(false);

[33mThe symbol "setIsEditing" has already been declared[33m
659|    const [pendingConvId, setPendingConvId] = 
useState<string | null>(null);
660|    const [pendingWaLink, setPendingWaLink] = 
useState<string | null>(null);
661|    const [isEditing, setIsEditing] = useState(false);
   |          ^
662|    const [editingBooking, setEditingBooking] = 
useState<EditBookingData | null>(null);
663|    const [isSurveyOpen, setIsSurveyOpen] = 
useState(false);

[33mThe symbol "editingBooking" has already been 
declared[33m
660|    const [pendingWaLink, setPendingWaLink] = 
useState<string | null>(null);
661|    const [isEditing, setIsEditing] = useState(false);
662|    const [editingBooking, setEditingBooking] = 
useState<EditBookingData | null>(null);
   |          ^
663|    const [isSurveyOpen, setIsSurveyOpen] = 
useState(false);
664|    const [confirmWhatsAppOpen, setConfirmWhatsAppOpen] 
= useState(false);

[33mThe symbol "setEditingBooking" has already been 
declared[33m
660|    const [pendingWaLink, setPendingWaLink] = 
useState<string | null>(null);
661|    const [isEditing, setIsEditing] = useState(false);
662|    const [editingBooking, setEditingBooking] = 
useState<EditBookingData | null>(null);
   |          ^
663|    const [isSurveyOpen, setIsSurveyOpen] = 
useState(false);
664|    const [confirmWhatsAppOpen, setConfirmWhatsAppOpen] 
= useState(false);

[33mThe symbol "isSurveyOpen" has already been declared[33m
661|    const [isEditing, setIsEditing] = useState(false);
662|    const [editingBooking, setEditingBooking] = 
useState<EditBookingData | null>(null);
663|    const [isSurveyOpen, setIsSurveyOpen] = 
useState(false);
   |          ^
664|    const [confirmWhatsAppOpen, setConfirmWhatsAppOpen] 
= useState(false);
665|    const [pendingConvId, setPendingConvId] = 
useState<string | null>(null);

[33mThe symbol "setIsSurveyOpen" has already been 
declared[33m
661|    const [isEditing, setIsEditing] = useState(false);
662|    const [editingBooking, setEditingBooking] = 
useState<EditBookingData | null>(null);
663|    const [isSurveyOpen, setIsSurveyOpen] = 
useState(false);
   |          ^
664|    const [confirmWhatsAppOpen, setConfirmWhatsAppOpen] 
= useState(false);
665|    const [pendingConvId, setPendingConvId] = 
useState<string | null>(null);

[33mThe symbol "confirmWhatsAppOpen" has already been 
declared[33m
662|    const [editingBooking, setEditingBooking] = 
useState<EditBookingData | null>(null);
663|    const [isSurveyOpen, setIsSurveyOpen] = 
useState(false);
664|    const [confirmWhatsAppOpen, setConfirmWhatsAppOpen] 
= useState(false);
   |          ^
665|    const [pendingConvId, setPendingConvId] = 
useState<string | null>(null);
666|    const [pendingWaLink, setPendingWaLink] = 
useState<string | null>(null);

[33mThe symbol "setConfirmWhatsAppOpen" has already been 
declared[33m
662|    const [editingBooking, setEditingBooking] = 
useState<EditBookingData | null>(null);
663|    const [isSurveyOpen, setIsSurveyOpen] = 
useState(false);
664|    const [confirmWhatsAppOpen, setConfirmWhatsAppOpen] 
= useState(false);
   |          ^
665|    const [pendingConvId, setPendingConvId] = 
useState<string | null>(null);
666|    const [pendingWaLink, setPendingWaLink] = 
useState<string | null>(null);

[33mThe symbol "pendingConvId" has already been 
declared[33m
663|    const [isSurveyOpen, setIsSurveyOpen] = 
useState(false);
664|    const [confirmWhatsAppOpen, setConfirmWhatsAppOpen] 
= useState(false);
665|    const [pendingConvId, setPendingConvId] = 
useState<string | null>(null);
   |          ^
666|    const [pendingWaLink, setPendingWaLink] = 
useState<string | null>(null);
667|    const [isEditing, setIsEditing] = useState(false);

[33mThe symbol "setPendingConvId" has already been 
declared[33m
663|    const [isSurveyOpen, setIsSurveyOpen] = 
useState(false);
664|    const [confirmWhatsAppOpen, setConfirmWhatsAppOpen] 
= useState(false);
665|    const [pendingConvId, setPendingConvId] = 
useState<string | null>(null);
   |          ^
666|    const [pendingWaLink, setPendingWaLink] = 
useState<string | null>(null);
667|    const [isEditing, setIsEditing] = useState(false);

[33mThe symbol "pendingWaLink" has already been 
declared[33m
664|    const [confirmWhatsAppOpen, setConfirmWhatsAppOpen] 
= useState(false);
665|    const [pendingConvId, setPendingConvId] = 
useState<string | null>(null);
666|    const [pendingWaLink, setPendingWaLink] = 
useState<string | null>(null);
   |          ^
667|    const [isEditing, setIsEditing] = useState(false);
668|    const [editingBooking, setEditingBooking] = 
useState<EditBookingData | null>(null);

[33mThe symbol "setPendingWaLink" has already been 
declared[33m
664|    const [confirmWhatsAppOpen, setConfirmWhatsAppOpen] 
= useState(false);
665|    const [pendingConvId, setPendingConvId] = 
useState<string | null>(null);
666|    const [pendingWaLink, setPendingWaLink] = 
useState<string | null>(null);
   |          ^
667|    const [isEditing, setIsEditing] = useState(false);
668|    const [editingBooking, setEditingBooking] = 
useState<EditBookingData | null>(null);

[33mThe symbol "isEditing" has already been declared[33m
665|    const [pendingConvId, setPendingConvId] = 
useState<string | null>(null);
666|    const [pendingWaLink, setPendingWaLink] = 
useState<string | null>(null);
667|    const [isEditing, setIsEditing] = useState(false);
   |          ^
668|    const [editingBooking, setEditingBooking] = 
useState<EditBookingData | null>(null);
669|    const [isSurveyOpen, setIsSurveyOpen] = 
useState(false);

[33mThe symbol "setIsEditing" has already been declared[33m
665|    const [pendingConvId, setPendingConvId] = 
useState<string | null>(null);
666|    const [pendingWaLink, setPendingWaLink] = 
useState<string | null>(null);
667|    const [isEditing, setIsEditing] = useState(false);
   |          ^
668|    const [editingBooking, setEditingBooking] = 
useState<EditBookingData | null>(null);
669|    const [isSurveyOpen, setIsSurveyOpen] = 
useState(false);

[33mThe symbol "editingBooking" has already been 
declared[33m
666|    const [pendingWaLink, setPendingWaLink] = 
useState<string | null>(null);
667|    const [isEditing, setIsEditing] = useState(false);
668|    const [editingBooking, setEditingBooking] = 
useState<EditBookingData | null>(null);
   |          ^
669|    const [isSurveyOpen, setIsSurveyOpen] = 
useState(false);
670|    const [confirmWhatsAppOpen, setConfirmWhatsAppOpen] 
= useState(false);

[33mThe symbol "setEditingBooking" has already been 
declared[33m
666|    const [pendingWaLink, setPendingWaLink] = 
useState<string | null>(null);
667|    const [isEditing, setIsEditing] = useState(false);
668|    const [editingBooking, setEditingBooking] = 
useState<EditBookingData | null>(null);
   |          ^
669|    const [isSurveyOpen, setIsSurveyOpen] = 
useState(false);
670|    const [confirmWhatsAppOpen, setConfirmWhatsAppOpen] 
= useState(false);

[33mThe symbol "isSurveyOpen" has already been declared[33m
667|    const [isEditing, setIsEditing] = useState(false);
668|    const [editingBooking, setEditingBooking] = 
useState<EditBookingData | null>(null);
669|    const [isSurveyOpen, setIsSurveyOpen] = 
useState(false);
   |          ^
670|    const [confirmWhatsAppOpen, setConfirmWhatsAppOpen] 
= useState(false);
671|    const [pendingConvId, setPendingConvId] = 
useState<string | null>(null);

[33mThe symbol "setIsSurveyOpen" has already been 
declared[33m
667|    const [isEditing, setIsEditing] = useState(false);
668|    const [editingBooking, setEditingBooking] = 
useState<EditBookingData | null>(null);
669|    const [isSurveyOpen, setIsSurveyOpen] = 
useState(false);
   |          ^
670|    const [confirmWhatsAppOpen, setConfirmWhatsAppOpen] 
= useState(false);
671|    const [pendingConvId, setPendingConvId] = 
useState<string | null>(null);

[33mThe symbol "confirmWhatsAppOpen" has already been 
declared[33m
668|    const [editingBooking, setEditingBooking] = 
useState<EditBookingData | null>(null);
669|    const [isSurveyOpen, setIsSurveyOpen] = 
useState(false);
670|    const [confirmWhatsAppOpen, setConfirmWhatsAppOpen] 
= useState(false);
   |          ^
671|    const [pendingConvId, setPendingConvId] = 
useState<string | null>(null);
672|    const [pendingWaLink, setPendingWaLink] = 
useState<string | null>(null);

[33mThe symbol "setConfirmWhatsAppOpen" has already been 
declared[33m
668|    const [editingBooking, setEditingBooking] = 
useState<EditBookingData | null>(null);
669|    const [isSurveyOpen, setIsSurveyOpen] = 
useState(false);
670|    const [confirmWhatsAppOpen, setConfirmWhatsAppOpen] 
= useState(false);
   |          ^
671|    const [pendingConvId, setPendingConvId] = 
useState<string | null>(null);
672|    const [pendingWaLink, setPendingWaLink] = 
useState<string | null>(null);

[33mThe symbol "pendingConvId" has already been 
declared[33m
669|    const [isSurveyOpen, setIsSurveyOpen] = 
useState(false);
670|    const [confirmWhatsAppOpen, setConfirmWhatsAppOpen] 
= useState(false);
671|    const [pendingConvId, setPendingConvId] = 
useState<string | null>(null);
   |          ^
672|    const [pendingWaLink, setPendingWaLink] = 
useState<string | null>(null);
673|    const [isEditing, setIsEditing] = useState(false);

[33mThe symbol "setPendingConvId" has already been 
declared[33m
669|    const [isSurveyOpen, setIsSurveyOpen] = 
useState(false);
670|    const [confirmWhatsAppOpen, setConfirmWhatsAppOpen] 
= useState(false);
671|    const [pendingConvId, setPendingConvId] = 
useState<string | null>(null);
   |          ^
672|    const [pendingWaLink, setPendingWaLink] = 
useState<string | null>(null);
673|    const [isEditing, setIsEditing] = useState(false);

[33mThe symbol "pendingWaLink" has already been 
declared[33m
670|    const [confirmWhatsAppOpen, setConfirmWhatsAppOpen] 
= useState(false);
671|    const [pendingConvId, setPendingConvId] = 
useState<string | null>(null);
672|    const [pendingWaLink, setPendingWaLink] = 
useState<string | null>(null);
   |          ^
673|    const [isEditing, setIsEditing] = useState(false);
674|    const [editingBooking, setEditingBooking] = 
useState<EditBookingData | null>(null);

[33mThe symbol "setPendingWaLink" has already been 
declared[33m
670|    const [confirmWhatsAppOpen, setConfirmWhatsAppOpen] 
= useState(false);
671|    const [pendingConvId, setPendingConvId] = 
useState<string | null>(null);
672|    const [pendingWaLink, setPendingWaLink] = 
useState<string | null>(null);
   |          ^
673|    const [isEditing, setIsEditing] = useState(false);
674|    const [editingBooking, setEditingBooking] = 
useState<EditBookingData | null>(null);

[33mThe symbol "isEditing" has already been declared[33m
671|    const [pendingConvId, setPendingConvId] = 
useState<string | null>(null);
672|    const [pendingWaLink, setPendingWaLink] = 
useState<string | null>(null);
673|    const [isEditing, setIsEditing] = useState(false);
   |          ^
674|    const [editingBooking, setEditingBooking] = 
useState<EditBookingData | null>(null);
675|    const [isSurveyOpen, setIsSurveyOpen] = 
useState(false);

[33mThe symbol "setIsEditing" has already been declared[33m
671|    const [pendingConvId, setPendingConvId] = 
useState<string | null>(null);
672|    const [pendingWaLink, setPendingWaLink] = 
useState<string | null>(null);
673|    const [isEditing, setIsEditing] = useState(false);
   |          ^
674|    const [editingBooking, setEditingBooking] = 
useState<EditBookingData | null>(null);
675|    const [isSurveyOpen, setIsSurveyOpen] = 
useState(false);

[33mThe symbol "editingBooking" has already been 
declared[33m
672|    const [pendingWaLink, setPendingWaLink] = 
useState<string | null>(null);
673|    const [isEditing, setIsEditing] = useState(false);
674|    const [editingBooking, setEditingBooking] = 
useState<EditBookingData | null>(null);
   |          ^
675|    const [isSurveyOpen, setIsSurveyOpen] = 
useState(false);
676|    const [confirmWhatsAppOpen, setConfirmWhatsAppOpen] 
= useState(false);

[33mThe symbol "setEditingBooking" has already been 
declared[33m
672|    const [pendingWaLink, setPendingWaLink] = 
useState<string | null>(null);
673|    const [isEditing, setIsEditing] = useState(false);
674|    const [editingBooking, setEditingBooking] = 
useState<EditBookingData | null>(null);
   |          ^
675|    const [isSurveyOpen, setIsSurveyOpen] = 
useState(false);
676|    const [confirmWhatsAppOpen, setConfirmWhatsAppOpen] 
= useState(false);

[33mThe symbol "isSurveyOpen" has already been declared[33m
673|    const [isEditing, setIsEditing] = useState(false);
674|    const [editingBooking, setEditingBooking] = 
useState<EditBookingData | null>(null);
675|    const [isSurveyOpen, setIsSurveyOpen] = 
useState(false);
   |          ^
676|    const [confirmWhatsAppOpen, setConfirmWhatsAppOpen] 
= useState(false);
677|    const [pendingConvId, setPendingConvId] = 
useState<string | null>(null);

[33mThe symbol "setIsSurveyOpen" has already been 
declared[33m
673|    const [isEditing, setIsEditing] = useState(false);
674|    const [editingBooking, setEditingBooking] = 
useState<EditBookingData | null>(null);
675|    const [isSurveyOpen, setIsSurveyOpen] = 
useState(false);
   |          ^
676|    const [confirmWhatsAppOpen, setConfirmWhatsAppOpen] 
= useState(false);
677|    const [pendingConvId, setPendingConvId] = 
useState<string | null>(null);

[33mThe symbol "confirmWhatsAppOpen" has already been 
declared[33m
674|    const [editingBooking, setEditingBooking] = 
useState<EditBookingData | null>(null);
675|    const [isSurveyOpen, setIsSurveyOpen] = 
useState(false);
676|    const [confirmWhatsAppOpen, setConfirmWhatsAppOpen] 
= useState(false);
   |          ^
677|    const [pendingConvId, setPendingConvId] = 
useState<string | null>(null);
678|    const [pendingWaLink, setPendingWaLink] = 
useState<string | null>(null);

[33mThe symbol "setConfirmWhatsAppOpen" has already been 
declared[33m
674|    const [editingBooking, setEditingBooking] = 
useState<EditBookingData | null>(null);
675|    const [isSurveyOpen, setIsSurveyOpen] = 
useState(false);
676|    const [confirmWhatsAppOpen, setConfirmWhatsAppOpen] 
= useState(false);
   |          ^
677|    const [pendingConvId, setPendingConvId] = 
useState<string | null>(null);
678|    const [pendingWaLink, setPendingWaLink] = 
useState<string | null>(null);

[33mThe symbol "pendingConvId" has already been 
declared[33m
675|    const [isSurveyOpen, setIsSurveyOpen] = 
useState(false);
676|    const [confirmWhatsAppOpen, setConfirmWhatsAppOpen] 
= useState(false);
677|    const [pendingConvId, setPendingConvId] = 
useState<string | null>(null);
   |          ^
678|    const [pendingWaLink, setPendingWaLink] = 
useState<string | null>(null);
679|    const [isEditing, setIsEditing] = useState(false);

[33mThe symbol "setPendingConvId" has already been 
declared[33m
675|    const [isSurveyOpen, setIsSurveyOpen] = 
useState(false);
676|    const [confirmWhatsAppOpen, setConfirmWhatsAppOpen] 
= useState(false);
677|    const [pendingConvId, setPendingConvId] = 
useState<string | null>(null);
   |          ^
678|    const [pendingWaLink, setPendingWaLink] = 
useState<string | null>(null);
679|    const [isEditing, setIsEditing] = useState(false);

[33mThe symbol "pendingWaLink" has already been 
declared[33m
676|    const [confirmWhatsAppOpen, setConfirmWhatsAppOpen] 
= useState(false);
677|    const [pendingConvId, setPendingConvId] = 
useState<string | null>(null);
678|    const [pendingWaLink, setPendingWaLink] = 
useState<string | null>(null);
   |          ^
679|    const [isEditing, setIsEditing] = useState(false);
680|    const [editingBooking, setEditingBooking] = 
useState<EditBookingData | null>(null);

[33mThe symbol "setPendingWaLink" has already been 
declared[33m
676|    const [confirmWhatsAppOpen, setConfirmWhatsAppOpen] 
= useState(false);
677|    const [pendingConvId, setPendingConvId] = 
useState<string | null>(null);
678|    const [pendingWaLink, setPendingWaLink] = 
useState<string | null>(null);
   |          ^
679|    const [isEditing, setIsEditing] = useState(false);
680|    const [editingBooking, setEditingBooking] = 
useState<EditBookingData | null>(null);

[33mThe symbol "isEditing" has already been declared[33m
677|    const [pendingConvId, setPendingConvId] = 
useState<string | null>(null);
678|    const [pendingWaLink, setPendingWaLink] = 
useState<string | null>(null);
679|    const [isEditing, setIsEditing] = useState(false);
   |          ^
680|    const [editingBooking, setEditingBooking] = 
useState<EditBookingData | null>(null);
681|    const [isSurveyOpen, setIsSurveyOpen] = 
useState(false);

[33mThe symbol "setIsEditing" has already been declared[33m
677|    const [pendingConvId, setPendingConvId] = 
useState<string | null>(null);
678|    const [pendingWaLink, setPendingWaLink] = 
useState<string | null>(null);
679|    const [isEditing, setIsEditing] = useState(false);
   |          ^
680|    const [editingBooking, setEditingBooking] = 
useState<EditBookingData | null>(null);
681|    const [isSurveyOpen, setIsSurveyOpen] = 
useState(false);

[33mThe symbol "editingBooking" has already been 
declared[33m
678|    const [pendingWaLink, setPendingWaLink] = 
useState<string | null>(null);
679|    const [isEditing, setIsEditing] = useState(false);
680|    const [editingBooking, setEditingBooking] = 
useState<EditBookingData | null>(null);
   |          ^
681|    const [isSurveyOpen, setIsSurveyOpen] = 
useState(false);
682|    const [confirmWhatsAppOpen, setConfirmWhatsAppOpen] 
= useState(false);

[33mThe symbol "setEditingBooking" has already been 
declared[33m
678|    const [pendingWaLink, setPendingWaLink] = 
useState<string | null>(null);
679|    const [isEditing, setIsEditing] = useState(false);
680|    const [editingBooking, setEditingBooking] = 
useState<EditBookingData | null>(null);
   |          ^
681|    const [isSurveyOpen, setIsSurveyOpen] = 
useState(false);
682|    const [confirmWhatsAppOpen, setConfirmWhatsAppOpen] 
= useState(false);

[33mThe symbol "isSurveyOpen" has already been declared[33m
679|    const [isEditing, setIsEditing] = useState(false);
680|    const [editingBooking, setEditingBooking] = 
useState<EditBookingData | null>(null);
681|    const [isSurveyOpen, setIsSurveyOpen] = 
useState(false);
   |          ^
682|    const [confirmWhatsAppOpen, setConfirmWhatsAppOpen] 
= useState(false);
683|    const [pendingConvId, setPendingConvId] = 
useState<string | null>(null);

[33mThe symbol "setIsSurveyOpen" has already been 
declared[33m
679|    const [isEditing, setIsEditing] = useState(false);
680|    const [editingBooking, setEditingBooking] = 
useState<EditBookingData | null>(null);
681|    const [isSurveyOpen, setIsSurveyOpen] = 
useState(false);
   |          ^
682|    const [confirmWhatsAppOpen, setConfirmWhatsAppOpen] 
= useState(false);
683|    const [pendingConvId, setPendingConvId] = 
useState<string | null>(null);

[33mThe symbol "confirmWhatsAppOpen" has already been 
declared[33m
680|    const [editingBooking, setEditingBooking] = 
useState<EditBookingData | null>(null);
681|    const [isSurveyOpen, setIsSurveyOpen] = 
useState(false);
682|    const [confirmWhatsAppOpen, setConfirmWhatsAppOpen] 
= useState(false);
   |          ^
683|    const [pendingConvId, setPendingConvId] = 
useState<string | null>(null);
684|    const [pendingWaLink, setPendingWaLink] = 
useState<string | null>(null);

[33mThe symbol "setConfirmWhatsAppOpen" has already been 
declared[33m
680|    const [editingBooking, setEditingBooking] = 
useState<EditBookingData | null>(null);
681|    const [isSurveyOpen, setIsSurveyOpen] = 
useState(false);
682|    const [confirmWhatsAppOpen, setConfirmWhatsAppOpen] 
= useState(false);
   |          ^
683|    const [pendingConvId, setPendingConvId] = 
useState<string | null>(null);
684|    const [pendingWaLink, setPendingWaLink] = 
useState<string | null>(null);

[33mThe symbol "pendingConvId" has already been 
declared[33m
681|    const [isSurveyOpen, setIsSurveyOpen] = 
useState(false);
682|    const [confirmWhatsAppOpen, setConfirmWhatsAppOpen] 
= useState(false);
683|    const [pendingConvId, setPendingConvId] = 
useState<string | null>(null);
   |          ^
684|    const [pendingWaLink, setPendingWaLink] = 
useState<string | null>(null);
685|    const [isEditing, setIsEditing] = useState(false);

[33mThe symbol "setPendingConvId" has already been 
declared[33m
681|    const [isSurveyOpen, setIsSurveyOpen] = 
useState(false);
682|    const [confirmWhatsAppOpen, setConfirmWhatsAppOpen] 
= useState(false);
683|    const [pendingConvId, setPendingConvId] = 
useState<string | null>(null);
   |          ^
684|    const [pendingWaLink, setPendingWaLink] = 
useState<string | null>(null);
685|    const [isEditing, setIsEditing] = useState(false);

[33mThe symbol "pendingWaLink" has already been 
declared[33m
682|    const [confirmWhatsAppOpen, setConfirmWhatsAppOpen] 
= useState(false);
683|    const [pendingConvId, setPendingConvId] = 
useState<string | null>(null);
684|    const [pendingWaLink, setPendingWaLink] = 
useState<string | null>(null);
   |          ^
685|    const [isEditing, setIsEditing] = useState(false);
686|    const [editingBooking, setEditingBooking] = 
useState<EditBookingData | null>(null);

[33mThe symbol "setPendingWaLink" has already been 
declared[33m
682|    const [confirmWhatsAppOpen, setConfirmWhatsAppOpen] 
= useState(false);
683|    const [pendingConvId, setPendingConvId] = 
useState<string | null>(null);
684|    const [pendingWaLink, setPendingWaLink] = 
useState<string | null>(null);
   |          ^
685|    const [isEditing, setIsEditing] = useState(false);
686|    const [editingBooking, setEditingBooking] = 
useState<EditBookingData | null>(null);

[33mThe symbol "isEditing" has already been declared[33m
683|    const [pendingConvId, setPendingConvId] = 
useState<string | null>(null);
684|    const [pendingWaLink, setPendingWaLink] = 
useState<string | null>(null);
685|    const [isEditing, setIsEditing] = useState(false);
   |          ^
686|    const [editingBooking, setEditingBooking] = 
useState<EditBookingData | null>(null);
687|    const [isSurveyOpen, setIsSurveyOpen] = 
useState(false);

[33mThe symbol "setIsEditing" has already been declared[33m
683|    const [pendingConvId, setPendingConvId] = 
useState<string | null>(null);
684|    const [pendingWaLink, setPendingWaLink] = 
useState<string | null>(null);
685|    const [isEditing, setIsEditing] = useState(false);
   |          ^
686|    const [editingBooking, setEditingBooking] = 
useState<EditBookingData | null>(null);
687|    const [isSurveyOpen, setIsSurveyOpen] = 
useState(false);

[33mThe symbol "editingBooking" has already been 
declared[33m
684|    const [pendingWaLink, setPendingWaLink] = 
useState<string | null>(null);
685|    const [isEditing, setIsEditing] = useState(false);
686|    const [editingBooking, setEditingBooking] = 
useState<EditBookingData | null>(null);
   |          ^
687|    const [isSurveyOpen, setIsSurveyOpen] = 
useState(false);
688|    const [confirmWhatsAppOpen, setConfirmWhatsAppOpen] 
= useState(false);

[33mThe symbol "setEditingBooking" has already been 
declared[33m
684|    const [pendingWaLink, setPendingWaLink] = 
useState<string | null>(null);
685|    const [isEditing, setIsEditing] = useState(false);
686|    const [editingBooking, setEditingBooking] = 
useState<EditBookingData | null>(null);
   |          ^
687|    const [isSurveyOpen, setIsSurveyOpen] = 
useState(false);
688|    const [confirmWhatsAppOpen, setConfirmWhatsAppOpen] 
= useState(false);

[33mThe symbol "isSurveyOpen" has already been declared[33m
685|    const [isEditing, setIsEditing] = useState(false);
686|    const [editingBooking, setEditingBooking] = 
useState<EditBookingData | null>(null);
687|    const [isSurveyOpen, setIsSurveyOpen] = 
useState(false);
   |          ^
688|    const [confirmWhatsAppOpen, setConfirmWhatsAppOpen] 
= useState(false);
689|    const [pendingConvId, setPendingConvId] = 
useState<string | null>(null);

[33mThe symbol "setIsSurveyOpen" has already been 
declared[33m
685|    const [isEditing, setIsEditing] = useState(false);
686|    const [editingBooking, setEditingBooking] = 
useState<EditBookingData | null>(null);
687|    const [isSurveyOpen, setIsSurveyOpen] = 
useState(false);
   |          ^
688|    const [confirmWhatsAppOpen, setConfirmWhatsAppOpen] 
= useState(false);
689|    const [pendingConvId, setPendingConvId] = 
useState<string | null>(null);

[33mThe symbol "confirmWhatsAppOpen" has already been 
declared[33m
686|    const [editingBooking, setEditingBooking] = 
useState<EditBookingData | null>(null);
687|    const [isSurveyOpen, setIsSurveyOpen] = 
useState(false);
688|    const [confirmWhatsAppOpen, setConfirmWhatsAppOpen] 
= useState(false);
   |          ^
689|    const [pendingConvId, setPendingConvId] = 
useState<string | null>(null);
690|    const [pendingWaLink, setPendingWaLink] = 
useState<string | null>(null);

[33mThe symbol "setConfirmWhatsAppOpen" has already been 
declared[33m
686|    const [editingBooking, setEditingBooking] = 
useState<EditBookingData | null>(null);
687|    const [isSurveyOpen, setIsSurveyOpen] = 
useState(false);
688|    const [confirmWhatsAppOpen, setConfirmWhatsAppOpen] 
= useState(false);
   |          ^
689|    const [pendingConvId, setPendingConvId] = 
useState<string | null>(null);
690|    const [pendingWaLink, setPendingWaLink] = 
useState<string | null>(null);

[33mThe symbol "pendingConvId" has already been 
declared[33m
687|    const [isSurveyOpen, setIsSurveyOpen] = 
useState(false);
688|    const [confirmWhatsAppOpen, setConfirmWhatsAppOpen] 
= useState(false);
689|    const [pendingConvId, setPendingConvId] = 
useState<string | null>(null);
   |          ^
690|    const [pendingWaLink, setPendingWaLink] = 
useState<string | null>(null);
691|    const [isEditing, setIsEditing] = useState(false);

[33mThe symbol "setPendingConvId" has already been 
declared[33m
687|    const [isSurveyOpen, setIsSurveyOpen] = 
useState(false);
688|    const [confirmWhatsAppOpen, setConfirmWhatsAppOpen] 
= useState(false);
689|    const [pendingConvId, setPendingConvId] = 
useState<string | null>(null);
   |          ^
690|    const [pendingWaLink, setPendingWaLink] = 
useState<string | null>(null);
691|    const [isEditing, setIsEditing] = useState(false);

[33mThe symbol "pendingWaLink" has already been 
declared[33m
688|    const [confirmWhatsAppOpen, setConfirmWhatsAppOpen] 
= useState(false);
689|    const [pendingConvId, setPendingConvId] = 
useState<string | null>(null);
690|    const [pendingWaLink, setPendingWaLink] = 
useState<string | null>(null);
   |          ^
691|    const [isEditing, setIsEditing] = useState(false);
692|    const [editingBooking, setEditingBooking] = 
useState<EditBookingData | null>(null);

[33mThe symbol "setPendingWaLink" has already been 
declared[33m
688|    const [confirmWhatsAppOpen, setConfirmWhatsAppOpen] 
= useState(false);
689|    const [pendingConvId, setPendingConvId] = 
useState<string | null>(null);
690|    const [pendingWaLink, setPendingWaLink] = 
useState<string | null>(null);
   |          ^
691|    const [isEditing, setIsEditing] = useState(false);
692|    const [editingBooking, setEditingBooking] = 
useState<EditBookingData | null>(null);

[33mThe symbol "isEditing" has already been declared[33m
689|    const [pendingConvId, setPendingConvId] = 
useState<string | null>(null);
690|    const [pendingWaLink, setPendingWaLink] = 
useState<string | null>(null);
691|    const [isEditing, setIsEditing] = useState(false);
   |          ^
692|    const [editingBooking, setEditingBooking] = 
useState<EditBookingData | null>(null);
693|    const [isSurveyOpen, setIsSurveyOpen] = 
useState(false);

[33mThe symbol "setIsEditing" has already been declared[33m
689|    const [pendingConvId, setPendingConvId] = 
useState<string | null>(null);
690|    const [pendingWaLink, setPendingWaLink] = 
useState<string | null>(null);
691|    const [isEditing, setIsEditing] = useState(false);
   |          ^
692|    const [editingBooking, setEditingBooking] = 
useState<EditBookingData | null>(null);
693|    const [isSurveyOpen, setIsSurveyOpen] = 
useState(false);

[33mThe symbol "editingBooking" has already been 
declared[33m
690|    const [pendingWaLink, setPendingWaLink] = 
useState<string | null>(null);
691|    const [isEditing, setIsEditing] = useState(false);
692|    const [editingBooking, setEditingBooking] = 
useState<EditBookingData | null>(null);
   |          ^
693|    const [isSurveyOpen, setIsSurveyOpen] = 
useState(false);
694|    const [confirmWhatsAppOpen, setConfirmWhatsAppOpen] 
= useState(false);

[33mThe symbol "setEditingBooking" has already been 
declared[33m
690|    const [pendingWaLink, setPendingWaLink] = 
useState<string | null>(null);
691|    const [isEditing, setIsEditing] = useState(false);
692|    const [editingBooking, setEditingBooking] = 
useState<EditBookingData | null>(null);
   |          ^
693|    const [isSurveyOpen, setIsSurveyOpen] = 
useState(false);
694|    const [confirmWhatsAppOpen, setConfirmWhatsAppOpen] 
= useState(false);

[33mThe symbol "isSurveyOpen" has already been declared[33m
691|    const [isEditing, setIsEditing] = useState(false);
692|    const [editingBooking, setEditingBooking] = 
useState<EditBookingData | null>(null);
693|    const [isSurveyOpen, setIsSurveyOpen] = 
useState(false);
   |          ^
694|    const [confirmWhatsAppOpen, setConfirmWhatsAppOpen] 
= useState(false);
695|    const [pendingConvId, setPendingConvId] = 
useState<string | null>(null);

[33mThe symbol "setIsSurveyOpen" has already been 
declared[33m
691|    const [isEditing, setIsEditing] = useState(false);
692|    const [editingBooking, setEditingBooking] = 
useState<EditBookingData | null>(null);
693|    const [isSurveyOpen, setIsSurveyOpen] = 
useState(false);
   |          ^
694|    const [confirmWhatsAppOpen, setConfirmWhatsAppOpen] 
= useState(false);
695|    const [pendingConvId, setPendingConvId] = 
useState<string | null>(null);

[33mThe symbol "confirmWhatsAppOpen" has already been 
declared[33m
692|    const [editingBooking, setEditingBooking] = 
useState<EditBookingData | null>(null);
693|    const [isSurveyOpen, setIsSurveyOpen] = 
useState(false);
694|    const [confirmWhatsAppOpen, setConfirmWhatsAppOpen] 
= useState(false);
   |          ^
695|    const [pendingConvId, setPendingConvId] = 
useState<string | null>(null);
696|    const [pendingWaLink, setPendingWaLink] = 
useState<string | null>(null);

[33mThe symbol "setConfirmWhatsAppOpen" has already been 
declared[33m
692|    const [editingBooking, setEditingBooking] = 
useState<EditBookingData | null>(null);
693|    const [isSurveyOpen, setIsSurveyOpen] = 
useState(false);
694|    const [confirmWhatsAppOpen, setConfirmWhatsAppOpen] 
= useState(false);
   |          ^
695|    const [pendingConvId, setPendingConvId] = 
useState<string | null>(null);
696|    const [pendingWaLink, setPendingWaLink] = 
useState<string | null>(null);

[33mThe symbol "pendingConvId" has already been 
declared[33m
693|    const [isSurveyOpen, setIsSurveyOpen] = 
useState(false);
694|    const [confirmWhatsAppOpen, setConfirmWhatsAppOpen] 
= useState(false);
695|    const [pendingConvId, setPendingConvId] = 
useState<string | null>(null);
   |          ^
696|    const [pendingWaLink, setPendingWaLink] = 
useState<string | null>(null);
697|    const [isEditing, setIsEditing] = useState(false);

[33mThe symbol "setPendingConvId" has already been 
declared[33m
693|    const [isSurveyOpen, setIsSurveyOpen] = 
useState(false);
694|    const [confirmWhatsAppOpen, setConfirmWhatsAppOpen] 
= useState(false);
695|    const [pendingConvId, setPendingConvId] = 
useState<string | null>(null);
   |          ^
696|    const [pendingWaLink, setPendingWaLink] = 
useState<string | null>(null);
697|    const [isEditing, setIsEditing] = useState(false);

[33mThe symbol "pendingWaLink" has already been 
declared[33m
694|    const [confirmWhatsAppOpen, setConfirmWhatsAppOpen] 
= useState(false);
695|    const [pendingConvId, setPendingConvId] = 
useState<string | null>(null);
696|    const [pendingWaLink, setPendingWaLink] = 
useState<string | null>(null);
   |          ^
697|    const [isEditing, setIsEditing] = useState(false);
698|    const [editingBooking, setEditingBooking] = 
useState<EditBookingData | null>(null);

[33mThe symbol "setPendingWaLink" has already been 
declared[33m
694|    const [confirmWhatsAppOpen, setConfirmWhatsAppOpen] 
= useState(false);
695|    const [pendingConvId, setPendingConvId] = 
useState<string | null>(null);
696|    const [pendingWaLink, setPendingWaLink] = 
useState<string | null>(null);
   |          ^
697|    const [isEditing, setIsEditing] = useState(false);
698|    const [editingBooking, setEditingBooking] = 
useState<EditBookingData | null>(null);

[33mThe symbol "isEditing" has already been declared[33m
695|    const [pendingConvId, setPendingConvId] = 
useState<string | null>(null);
696|    const [pendingWaLink, setPendingWaLink] = 
useState<string | null>(null);
697|    const [isEditing, setIsEditing] = useState(false);
   |          ^
698|    const [editingBooking, setEditingBooking] = 
useState<EditBookingData | null>(null);
699|    const [isSurveyOpen, setIsSurveyOpen] = 
useState(false);

[33mThe symbol "setIsEditing" has already been declared[33m
695|    const [pendingConvId, setPendingConvId] = 
useState<string | null>(null);
696|    const [pendingWaLink, setPendingWaLink] = 
useState<string | null>(null);
697|    const [isEditing, setIsEditing] = useState(false);
   |          ^
698|    const [editingBooking, setEditingBooking] = 
useState<EditBookingData | null>(null);
699|    const [isSurveyOpen, setIsSurveyOpen] = 
useState(false);

[33mThe symbol "editingBooking" has already been 
declared[33m
696|    const [pendingWaLink, setPendingWaLink] = 
useState<string | null>(null);
697|    const [isEditing, setIsEditing] = useState(false);
698|    const [editingBooking, setEditingBooking] = 
useState<EditBookingData | null>(null);
   |          ^
699|    const [isSurveyOpen, setIsSurveyOpen] = 
useState(false);
700|    const [confirmWhatsAppOpen, setConfirmWhatsAppOpen] 
= useState(false);

[33mThe symbol "setEditingBooking" has already been 
declared[33m
696|    const [pendingWaLink, setPendingWaLink] = 
useState<string | null>(null);
697|    const [isEditing, setIsEditing] = useState(false);
698|    const [editingBooking, setEditingBooking] = 
useState<EditBookingData | null>(null);
   |          ^
699|    const [isSurveyOpen, setIsSurveyOpen] = 
useState(false);
700|    const [confirmWhatsAppOpen, setConfirmWhatsAppOpen] 
= useState(false);

[33mThe symbol "isSurveyOpen" has already been declared[33m
697|    const [isEditing, setIsEditing] = useState(false);
698|    const [editingBooking, setEditingBooking] = 
useState<EditBookingData | null>(null);
699|    const [isSurveyOpen, setIsSurveyOpen] = 
useState(false);
   |          ^
700|    const [confirmWhatsAppOpen, setConfirmWhatsAppOpen] 
= useState(false);
701|    const [pendingConvId, setPendingConvId] = 
useState<string | null>(null);

[33mThe symbol "setIsSurveyOpen" has already been 
declared[33m
697|    const [isEditing, setIsEditing] = useState(false);
698|    const [editingBooking, setEditingBooking] = 
useState<EditBookingData | null>(null);
699|    const [isSurveyOpen, setIsSurveyOpen] = 
useState(false);
   |          ^
700|    const [confirmWhatsAppOpen, setConfirmWhatsAppOpen] 
= useState(false);
701|    const [pendingConvId, setPendingConvId] = 
useState<string | null>(null);

[33mThe symbol "confirmWhatsAppOpen" has already been 
declared[33m
698|    const [editingBooking, setEditingBooking] = 
useState<EditBookingData | null>(null);
699|    const [isSurveyOpen, setIsSurveyOpen] = 
useState(false);
700|    const [confirmWhatsAppOpen, setConfirmWhatsAppOpen] 
= useState(false);
   |          ^
701|    const [pendingConvId, setPendingConvId] = 
useState<string | null>(null);
702|    const [pendingWaLink, setPendingWaLink] = 
useState<string | null>(null);

[33mThe symbol "setConfirmWhatsAppOpen" has already been 
declared[33m
698|    const [editingBooking, setEditingBooking] = 
useState<EditBookingData | null>(null);
699|    const [isSurveyOpen, setIsSurveyOpen] = 
useState(false);
700|    const [confirmWhatsAppOpen, setConfirmWhatsAppOpen] 
= useState(false);
   |          ^
701|    const [pendingConvId, setPendingConvId] = 
useState<string | null>(null);
702|    const [pendingWaLink, setPendingWaLink] = 
useState<string | null>(null);

[33mThe symbol "pendingConvId" has already been 
declared[33m
699|    const [isSurveyOpen, setIsSurveyOpen] = 
useState(false);
700|    const [confirmWhatsAppOpen, setConfirmWhatsAppOpen] 
= useState(false);
701|    const [pendingConvId, setPendingConvId] = 
useState<string | null>(null);
   |          ^
702|    const [pendingWaLink, setPendingWaLink] = 
useState<string | null>(null);
703|    const [isEditing, setIsEditing] = useState(false);

[33mThe symbol "setPendingConvId" has already been 
declared[33m
699|    const [isSurveyOpen, setIsSurveyOpen] = 
useState(false);
700|    const [confirmWhatsAppOpen, setConfirmWhatsAppOpen] 
= useState(false);
701|    const [pendingConvId, setPendingConvId] = 
useState<string | null>(null);
   |          ^
702|    const [pendingWaLink, setPendingWaLink] = 
useState<string | null>(null);
703|    const [isEditing, setIsEditing] = useState(false);

[33mThe symbol "pendingWaLink" has already been 
declared[33m
700|    const [confirmWhatsAppOpen, setConfirmWhatsAppOpen] 
= useState(false);
701|    const [pendingConvId, setPendingConvId] = 
useState<string | null>(null);
702|    const [pendingWaLink, setPendingWaLink] = 
useState<string | null>(null);
   |          ^
703|    const [isEditing, setIsEditing] = useState(false);
704|    const [editingBooking, setEditingBooking] = 
useState<EditBookingData | null>(null);

[33mThe symbol "setPendingWaLink" has already been 
declared[33m
700|    const [confirmWhatsAppOpen, setConfirmWhatsAppOpen] 
= useState(false);
701|    const [pendingConvId, setPendingConvId] = 
useState<string | null>(null);
702|    const [pendingWaLink, setPendingWaLink] = 
useState<string | null>(null);
   |          ^
703|    const [isEditing, setIsEditing] = useState(false);
704|    const [editingBooking, setEditingBooking] = 
useState<EditBookingData | null>(null);

[33mThe symbol "isEditing" has already been declared[33m
701|    const [pendingConvId, setPendingConvId] = 
useState<string | null>(null);
702|    const [pendingWaLink, setPendingWaLink] = 
useState<string | null>(null);
703|    const [isEditing, setIsEditing] = useState(false);
   |          ^
704|    const [editingBooking, setEditingBooking] = 
useState<EditBookingData | null>(null);
705|    const [isSurveyOpen, setIsSurveyOpen] = 
useState(false);

[33mThe symbol "setIsEditing" has already been declared[33m
701|    const [pendingConvId, setPendingConvId] = 
useState<string | null>(null);
702|    const [pendingWaLink, setPendingWaLink] = 
useState<string | null>(null);
703|    const [isEditing, setIsEditing] = useState(false);
   |          ^
704|    const [editingBooking, setEditingBooking] = 
useState<EditBookingData | null>(null);
705|    const [isSurveyOpen, setIsSurveyOpen] = 
useState(false);

[33mThe symbol "editingBooking" has already been 
declared[33m
702|    const [pendingWaLink, setPendingWaLink] = 
useState<string | null>(null);
703|    const [isEditing, setIsEditing] = useState(false);
704|    const [editingBooking, setEditingBooking] = 
useState<EditBookingData | null>(null);
   |          ^
705|    const [isSurveyOpen, setIsSurveyOpen] = 
useState(false);
706|    const [confirmWhatsAppOpen, setConfirmWhatsAppOpen] 
= useState(false);

[33mThe symbol "setEditingBooking" has already been 
declared[33m
702|    const [pendingWaLink, setPendingWaLink] = 
useState<string | null>(null);
703|    const [isEditing, setIsEditing] = useState(false);
704|    const [editingBooking, setEditingBooking] = 
useState<EditBookingData | null>(null);
   |          ^
705|    const [isSurveyOpen, setIsSurveyOpen] = 
useState(false);
706|    const [confirmWhatsAppOpen, setConfirmWhatsAppOpen] 
= useState(false);

[33mThe symbol "isSurveyOpen" has already been declared[33m
703|    const [isEditing, setIsEditing] = useState(false);
704|    const [editingBooking, setEditingBooking] = 
useState<EditBookingData | null>(null);
705|    const [isSurveyOpen, setIsSurveyOpen] = 
useState(false);
   |          ^
706|    const [confirmWhatsAppOpen, setConfirmWhatsAppOpen] 
= useState(false);
707|    const [pendingConvId, setPendingConvId] = 
useState<string | null>(null);

[33mThe symbol "setIsSurveyOpen" has already been 
declared[33m
703|    const [isEditing, setIsEditing] = useState(false);
704|    const [editingBooking, setEditingBooking] = 
useState<EditBookingData | null>(null);
705|    const [isSurveyOpen, setIsSurveyOpen] = 
useState(false);
   |          ^
706|    const [confirmWhatsAppOpen, setConfirmWhatsAppOpen] 
= useState(false);
707|    const [pendingConvId, setPendingConvId] = 
useState<string | null>(null);

[33mThe symbol "confirmWhatsAppOpen" has already been 
declared[33m
704|    const [editingBooking, setEditingBooking] = 
useState<EditBookingData | null>(null);
705|    const [isSurveyOpen, setIsSurveyOpen] = 
useState(false);
706|    const [confirmWhatsAppOpen, setConfirmWhatsAppOpen] 
= useState(false);
   |          ^
707|    const [pendingConvId, setPendingConvId] = 
useState<string | null>(null);
708|    const [pendingWaLink, setPendingWaLink] = 
useState<string | null>(null);

[33mThe symbol "setConfirmWhatsAppOpen" has already been 
declared[33m
704|    const [editingBooking, setEditingBooking] = 
useState<EditBookingData | null>(null);
705|    const [isSurveyOpen, setIsSurveyOpen] = 
useState(false);
706|    const [confirmWhatsAppOpen, setConfirmWhatsAppOpen] 
= useState(false);
   |          ^
707|    const [pendingConvId, setPendingConvId] = 
useState<string | null>(null);
708|    const [pendingWaLink, setPendingWaLink] = 
useState<string | null>(null);

[33mThe symbol "pendingConvId" has already been 
declared[33m
705|    const [isSurveyOpen, setIsSurveyOpen] = 
useState(false);
706|    const [confirmWhatsAppOpen, setConfirmWhatsAppOpen] 
= useState(false);
707|    const [pendingConvId, setPendingConvId] = 
useState<string | null>(null);
   |          ^
708|    const [pendingWaLink, setPendingWaLink] = 
useState<string | null>(null);
709|    const [isEditing, setIsEditing] = useState(false);

[33mThe symbol "setPendingConvId" has already been 
declared[33m
705|    const [isSurveyOpen, setIsSurveyOpen] = 
useState(false);
706|    const [confirmWhatsAppOpen, setConfirmWhatsAppOpen] 
= useState(false);
707|    const [pendingConvId, setPendingConvId] = 
useState<string | null>(null);
   |          ^
708|    const [pendingWaLink, setPendingWaLink] = 
useState<string | null>(null);
709|    const [isEditing, setIsEditing] = useState(false);

[33mThe symbol "pendingWaLink" has already been 
declared[33m
706|    const [confirmWhatsAppOpen, setConfirmWhatsAppOpen] 
= useState(false);
707|    const [pendingConvId, setPendingConvId] = 
useState<string | null>(null);
708|    const [pendingWaLink, setPendingWaLink] = 
useState<string | null>(null);
   |          ^
709|    const [isEditing, setIsEditing] = useState(false);
710|    const [editingBooking, setEditingBooking] = 
useState<EditBookingData | null>(null);

[33mThe symbol "setPendingWaLink" has already been 
declared[33m
706|    const [confirmWhatsAppOpen, setConfirmWhatsAppOpen] 
= useState(false);
707|    const [pendingConvId, setPendingConvId] = 
useState<string | null>(null);
708|    const [pendingWaLink, setPendingWaLink] = 
useState<string | null>(null);
   |          ^
709|    const [isEditing, setIsEditing] = useState(false);
710|    const [editingBooking, setEditingBooking] = 
useState<EditBookingData | null>(null);

[33mThe symbol "isEditing" has already been declared[33m
707|    const [pendingConvId, setPendingConvId] = 
useState<string | null>(null);
708|    const [pendingWaLink, setPendingWaLink] = 
useState<string | null>(null);
709|    const [isEditing, setIsEditing] = useState(false);
   |          ^
710|    const [editingBooking, setEditingBooking] = 
useState<EditBookingData | null>(null);
711|    const [isSurveyOpen, setIsSurveyOpen] = 
useState(false);

[33mThe symbol "setIsEditing" has already been declared[33m
707|    const [pendingConvId, setPendingConvId] = 
useState<string | null>(null);
708|    const [pendingWaLink, setPendingWaLink] = 
useState<string | null>(null);
709|    const [isEditing, setIsEditing] = useState(false);
   |          ^
710|    const [editingBooking, setEditingBooking] = 
useState<EditBookingData | null>(null);
711|    const [isSurveyOpen, setIsSurveyOpen] = 
useState(false);

[33mThe symbol "editingBooking" has already been 
declared[33m
708|    const [pendingWaLink, setPendingWaLink] = 
useState<string | null>(null);
709|    const [isEditing, setIsEditing] = useState(false);
710|    const [editingBooking, setEditingBooking] = 
useState<EditBookingData | null>(null);
   |          ^
711|    const [isSurveyOpen, setIsSurveyOpen] = 
useState(false);
712|    const [confirmWhatsAppOpen, setConfirmWhatsAppOpen] 
= useState(false);

[33mThe symbol "setEditingBooking" has already been 
declared[33m
708|    const [pendingWaLink, setPendingWaLink] = 
useState<string | null>(null);
709|    const [isEditing, setIsEditing] = useState(false);
710|    const [editingBooking, setEditingBooking] = 
useState<EditBookingData | null>(null);
   |          ^
711|    const [isSurveyOpen, setIsSurveyOpen] = 
useState(false);
712|    const [confirmWhatsAppOpen, setConfirmWhatsAppOpen] 
= useState(false);

[33mThe symbol "isSurveyOpen" has already been declared[33m
709|    const [isEditing, setIsEditing] = useState(false);
710|    const [editingBooking, setEditingBooking] = 
useState<EditBookingData | null>(null);
711|    const [isSurveyOpen, setIsSurveyOpen] = 
useState(false);
   |          ^
712|    const [confirmWhatsAppOpen, setConfirmWhatsAppOpen] 
= useState(false);
713|    const [pendingConvId, setPendingConvId] = 
useState<string | null>(null);

[33mThe symbol "setIsSurveyOpen" has already been 
declared[33m
709|    const [isEditing, setIsEditing] = useState(false);
710|    const [editingBooking, setEditingBooking] = 
useState<EditBookingData | null>(null);
711|    const [isSurveyOpen, setIsSurveyOpen] = 
useState(false);
   |          ^
712|    const [confirmWhatsAppOpen, setConfirmWhatsAppOpen] 
= useState(false);
713|    const [pendingConvId, setPendingConvId] = 
useState<string | null>(null);

[33mThe symbol "confirmWhatsAppOpen" has already been 
declared[33m
710|    const [editingBooking, setEditingBooking] = 
useState<EditBookingData | null>(null);
711|    const [isSurveyOpen, setIsSurveyOpen] = 
useState(false);
712|    const [confirmWhatsAppOpen, setConfirmWhatsAppOpen] 
= useState(false);
   |          ^
713|    const [pendingConvId, setPendingConvId] = 
useState<string | null>(null);
714|    const [pendingWaLink, setPendingWaLink] = 
useState<string | null>(null);

[33mThe symbol "setConfirmWhatsAppOpen" has already been 
declared[33m
710|    const [editingBooking, setEditingBooking] = 
useState<EditBookingData | null>(null);
711|    const [isSurveyOpen, setIsSurveyOpen] = 
useState(false);
712|    const [confirmWhatsAppOpen, setConfirmWhatsAppOpen] 
= useState(false);
   |          ^
713|    const [pendingConvId, setPendingConvId] = 
useState<string | null>(null);
714|    const [pendingWaLink, setPendingWaLink] = 
useState<string | null>(null);

[33mThe symbol "pendingConvId" has already been 
declared[33m
711|    const [isSurveyOpen, setIsSurveyOpen] = 
useState(false);
712|    const [confirmWhatsAppOpen, setConfirmWhatsAppOpen] 
= useState(false);
713|    const [pendingConvId, setPendingConvId] = 
useState<string | null>(null);
   |          ^
714|    const [pendingWaLink, setPendingWaLink] = 
useState<string | null>(null);
715|    const [isEditing, setIsEditing] = useState(false);

[33mThe symbol "setPendingConvId" has already been 
declared[33m
711|    const [isSurveyOpen, setIsSurveyOpen] = 
useState(false);
712|    const [confirmWhatsAppOpen, setConfirmWhatsAppOpen] 
= useState(false);
713|    const [pendingConvId, setPendingConvId] = 
useState<string | null>(null);
   |          ^
714|    const [pendingWaLink, setPendingWaLink] = 
useState<string | null>(null);
715|    const [isEditing, setIsEditing] = useState(false);

[33mThe symbol "pendingWaLink" has already been 
declared[33m
712|    const [confirmWhatsAppOpen, setConfirmWhatsAppOpen] 
= useState(false);
713|    const [pendingConvId, setPendingConvId] = 
useState<string | null>(null);
714|    const [pendingWaLink, setPendingWaLink] = 
useState<string | null>(null);
   |          ^
715|    const [isEditing, setIsEditing] = useState(false);
716|    const [editingBooking, setEditingBooking] = 
useState<EditBookingData | null>(null);

[33mThe symbol "setPendingWaLink" has already been 
declared[33m
712|    const [confirmWhatsAppOpen, setConfirmWhatsAppOpen] 
= useState(false);
713|    const [pendingConvId, setPendingConvId] = 
useState<string | null>(null);
714|    const [pendingWaLink, setPendingWaLink] = 
useState<string | null>(null);
   |          ^
715|    const [isEditing, setIsEditing] = useState(false);
716|    const [editingBooking, setEditingBooking] = 
useState<EditBookingData | null>(null);

[33mThe symbol "isEditing" has already been declared[33m
713|    const [pendingConvId, setPendingConvId] = 
useState<string | null>(null);
714|    const [pendingWaLink, setPendingWaLink] = 
useState<string | null>(null);
715|    const [isEditing, setIsEditing] = useState(false);
   |          ^
716|    const [editingBooking, setEditingBooking] = 
useState<EditBookingData | null>(null);
717|    const [isSurveyOpen, setIsSurveyOpen] = 
useState(false);

[33mThe symbol "setIsEditing" has already been declared[33m
713|    const [pendingConvId, setPendingConvId] = 
useState<string | null>(null);
714|    const [pendingWaLink, setPendingWaLink] = 
useState<string | null>(null);
715|    const [isEditing, setIsEditing] = useState(false);
   |          ^
716|    const [editingBooking, setEditingBooking] = 
useState<EditBookingData | null>(null);
717|    const [isSurveyOpen, setIsSurveyOpen] = 
useState(false);

[33mThe symbol "editingBooking" has already been 
declared[33m
714|    const [pendingWaLink, setPendingWaLink] = 
useState<string | null>(null);
715|    const [isEditing, setIsEditing] = useState(false);
716|    const [editingBooking, setEditingBooking] = 
useState<EditBookingData | null>(null);
   |          ^
717|    const [isSurveyOpen, setIsSurveyOpen] = 
useState(false);
718|    const [confirmWhatsAppOpen, setConfirmWhatsAppOpen] 
= useState(false);

[33mThe symbol "setEditingBooking" has already been 
declared[33m
714|    const [pendingWaLink, setPendingWaLink] = 
useState<string | null>(null);
715|    const [isEditing, setIsEditing] = useState(false);
716|    const [editingBooking, setEditingBooking] = 
useState<EditBookingData | null>(null);
   |          ^
717|    const [isSurveyOpen, setIsSurveyOpen] = 
useState(false);
718|    const [confirmWhatsAppOpen, setConfirmWhatsAppOpen] 
= useState(false);

[33mThe symbol "isSurveyOpen" has already been declared[33m
715|    const [isEditing, setIsEditing] = useState(false);
716|    const [editingBooking, setEditingBooking] = 
useState<EditBookingData | null>(null);
717|    const [isSurveyOpen, setIsSurveyOpen] = 
useState(false);
   |          ^
718|    const [confirmWhatsAppOpen, setConfirmWhatsAppOpen] 
= useState(false);
719|    const [pendingConvId, setPendingConvId] = 
useState<string | null>(null);

[33mThe symbol "setIsSurveyOpen" has already been 
declared[33m
715|    const [isEditing, setIsEditing] = useState(false);
716|    const [editingBooking, setEditingBooking] = 
useState<EditBookingData | null>(null);
717|    const [isSurveyOpen, setIsSurveyOpen] = 
useState(false);
   |          ^
718|    const [confirmWhatsAppOpen, setConfirmWhatsAppOpen] 
= useState(false);
719|    const [pendingConvId, setPendingConvId] = 
useState<string | null>(null);

[33mThe symbol "confirmWhatsAppOpen" has already been 
declared[33m
716|    const [editingBooking, setEditingBooking] = 
useState<EditBookingData | null>(null);
717|    const [isSurveyOpen, setIsSurveyOpen] = 
useState(false);
718|    const [confirmWhatsAppOpen, setConfirmWhatsAppOpen] 
= useState(false);
   |          ^
719|    const [pendingConvId, setPendingConvId] = 
useState<string | null>(null);
720|    const [pendingWaLink, setPendingWaLink] = 
useState<string | null>(null);

[33mThe symbol "setConfirmWhatsAppOpen" has already been 
declared[33m
716|    const [editingBooking, setEditingBooking] = 
useState<EditBookingData | null>(null);
717|    const [isSurveyOpen, setIsSurveyOpen] = 
useState(false);
718|    const [confirmWhatsAppOpen, setConfirmWhatsAppOpen] 
= useState(false);
   |          ^
719|    const [pendingConvId, setPendingConvId] = 
useState<string | null>(null);
720|    const [pendingWaLink, setPendingWaLink] = 
useState<string | null>(null);

[33mThe symbol "pendingConvId" has already been 
declared[33m
717|    const [isSurveyOpen, setIsSurveyOpen] = 
useState(false);
718|    const [confirmWhatsAppOpen, setConfirmWhatsAppOpen] 
= useState(false);
719|    const [pendingConvId, setPendingConvId] = 
useState<string | null>(null);
   |          ^
720|    const [pendingWaLink, setPendingWaLink] = 
useState<string | null>(null);
721|    const [isEditing, setIsEditing] = useState(false);

[33mThe symbol "setPendingConvId" has already been 
declared[33m
717|    const [isSurveyOpen, setIsSurveyOpen] = 
useState(false);
718|    const [confirmWhatsAppOpen, setConfirmWhatsAppOpen] 
= useState(false);
719|    const [pendingConvId, setPendingConvId] = 
useState<string | null>(null);
   |          ^
720|    const [pendingWaLink, setPendingWaLink] = 
useState<string | null>(null);
721|    const [isEditing, setIsEditing] = useState(false);

[33mThe symbol "pendingWaLink" has already been 
declared[33m
718|    const [confirmWhatsAppOpen, setConfirmWhatsAppOpen] 
= useState(false);
719|    const [pendingConvId, setPendingConvId] = 
useState<string | null>(null);
720|    const [pendingWaLink, setPendingWaLink] = 
useState<string | null>(null);
   |          ^
721|    const [isEditing, setIsEditing] = useState(false);
722|    const [editingBooking, setEditingBooking] = 
useState<EditBookingData | null>(null);

[33mThe symbol "setPendingWaLink" has already been 
declared[33m
718|    const [confirmWhatsAppOpen, setConfirmWhatsAppOpen] 
= useState(false);
719|    const [pendingConvId, setPendingConvId] = 
useState<string | null>(null);
720|    const [pendingWaLink, setPendingWaLink] = 
useState<string | null>(null);
   |          ^
721|    const [isEditing, setIsEditing] = useState(false);
722|    const [editingBooking, setEditingBooking] = 
useState<EditBookingData | null>(null);

[33mThe symbol "isEditing" has already been declared[33m
719|    const [pendingConvId, setPendingConvId] = 
useState<string | null>(null);
720|    const [pendingWaLink, setPendingWaLink] = 
useState<string | null>(null);
721|    const [isEditing, setIsEditing] = useState(false);
   |          ^
722|    const [editingBooking, setEditingBooking] = 
useState<EditBookingData | null>(null);
723|    const [isSurveyOpen, setIsSurveyOpen] = 
useState(false);

[33mThe symbol "setIsEditing" has already been declared[33m
719|    const [pendingConvId, setPendingConvId] = 
useState<string | null>(null);
720|    const [pendingWaLink, setPendingWaLink] = 
useState<string | null>(null);
721|    const [isEditing, setIsEditing] = useState(false);
   |          ^
722|    const [editingBooking, setEditingBooking] = 
useState<EditBookingData | null>(null);
723|    const [isSurveyOpen, setIsSurveyOpen] = 
useState(false);

[33mThe symbol "editingBooking" has already been 
declared[33m
720|    const [pendingWaLink, setPendingWaLink] = 
useState<string | null>(null);
721|    const [isEditing, setIsEditing] = useState(false);
722|    const [editingBooking, setEditingBooking] = 
useState<EditBookingData | null>(null);
   |          ^
723|    const [isSurveyOpen, setIsSurveyOpen] = 
useState(false);
724|    const [confirmWhatsAppOpen, setConfirmWhatsAppOpen] 
= useState(false);

[33mThe symbol "setEditingBooking" has already been 
declared[33m
720|    const [pendingWaLink, setPendingWaLink] = 
useState<string | null>(null);
721|    const [isEditing, setIsEditing] = useState(false);
722|    const [editingBooking, setEditingBooking] = 
useState<EditBookingData | null>(null);
   |          ^
723|    const [isSurveyOpen, setIsSurveyOpen] = 
useState(false);
724|    const [confirmWhatsAppOpen, setConfirmWhatsAppOpen] 
= useState(false);

[33mThe symbol "isSurveyOpen" has already been declared[33m
721|    const [isEditing, setIsEditing] = useState(false);
722|    const [editingBooking, setEditingBooking] = 
useState<EditBookingData | null>(null);
723|    const [isSurveyOpen, setIsSurveyOpen] = 
useState(false);
   |          ^
724|    const [confirmWhatsAppOpen, setConfirmWhatsAppOpen] 
= useState(false);
725|    const [pendingConvId, setPendingConvId] = 
useState<string | null>(null);

[33mThe symbol "setIsSurveyOpen" has already been 
declared[33m
721|    const [isEditing, setIsEditing] = useState(false);
722|    const [editingBooking, setEditingBooking] = 
useState<EditBookingData | null>(null);
723|    const [isSurveyOpen, setIsSurveyOpen] = 
useState(false);
   |          ^
724|    const [confirmWhatsAppOpen, setConfirmWhatsAppOpen] 
= useState(false);
725|    const [pendingConvId, setPendingConvId] = 
useState<string | null>(null);

[33mThe symbol "confirmWhatsAppOpen" has already been 
declared[33m
722|    const [editingBooking, setEditingBooking] = 
useState<EditBookingData | null>(null);
723|    const [isSurveyOpen, setIsSurveyOpen] = 
useState(false);
724|    const [confirmWhatsAppOpen, setConfirmWhatsAppOpen] 
= useState(false);
   |          ^
725|    const [pendingConvId, setPendingConvId] = 
useState<string | null>(null);
726|    const [pendingWaLink, setPendingWaLink] = 
useState<string | null>(null);

[33mThe symbol "setConfirmWhatsAppOpen" has already been 
declared[33m
722|    const [editingBooking, setEditingBooking] = 
useState<EditBookingData | null>(null);
723|    const [isSurveyOpen, setIsSurveyOpen] = 
useState(false);
724|    const [confirmWhatsAppOpen, setConfirmWhatsAppOpen] 
= useState(false);
   |          ^
725|    const [pendingConvId, setPendingConvId] = 
useState<string | null>(null);
726|    const [pendingWaLink, setPendingWaLink] = 
useState<string | null>(null);

[33mThe symbol "pendingConvId" has already been 
declared[33m
723|    const [isSurveyOpen, setIsSurveyOpen] = 
useState(false);
724|    const [confirmWhatsAppOpen, setConfirmWhatsAppOpen] 
= useState(false);
725|    const [pendingConvId, setPendingConvId] = 
useState<string | null>(null);
   |          ^
726|    const [pendingWaLink, setPendingWaLink] = 
useState<string | null>(null);
727|    const [isEditing, setIsEditing] = useState(false);

[33mThe symbol "setPendingConvId" has already been 
declared[33m
723|    const [isSurveyOpen, setIsSurveyOpen] = 
useState(false);
724|    const [confirmWhatsAppOpen, setConfirmWhatsAppOpen] 
= useState(false);
725|    const [pendingConvId, setPendingConvId] = 
useState<string | null>(null);
   |          ^
726|    const [pendingWaLink, setPendingWaLink] = 
useState<string | null>(null);
727|    const [isEditing, setIsEditing] = useState(false);

[33mThe symbol "pendingWaLink" has already been 
declared[33m
724|    const [confirmWhatsAppOpen, setConfirmWhatsAppOpen] 
= useState(false);
725|    const [pendingConvId, setPendingConvId] = 
useState<string | null>(null);
726|    const [pendingWaLink, setPendingWaLink] = 
useState<string | null>(null);
   |          ^
727|    const [isEditing, setIsEditing] = useState(false);
728|    const [editingBooking, setEditingBooking] = 
useState<EditBookingData | null>(null);

[33mThe symbol "setPendingWaLink" has already been 
declared[33m
724|    const [confirmWhatsAppOpen, setConfirmWhatsAppOpen] 
= useState(false);
725|    const [pendingConvId, setPendingConvId] = 
useState<string | null>(null);
726|    const [pendingWaLink, setPendingWaLink] = 
useState<string | null>(null);
   |          ^
727|    const [isEditing, setIsEditing] = useState(false);
728|    const [editingBooking, setEditingBooking] = 
useState<EditBookingData | null>(null);

[33mThe symbol "isEditing" has already been declared[33m
725|    const [pendingConvId, setPendingConvId] = 
useState<string | null>(null);
726|    const [pendingWaLink, setPendingWaLink] = 
useState<string | null>(null);
727|    const [isEditing, setIsEditing] = useState(false);
   |          ^
728|    const [editingBooking, setEditingBooking] = 
useState<EditBookingData | null>(null);
729|    const [isSurveyOpen, setIsSurveyOpen] = 
useState(false);

[33mThe symbol "setIsEditing" has already been declared[33m
725|    const [pendingConvId, setPendingConvId] = 
useState<string | null>(null);
726|    const [pendingWaLink, setPendingWaLink] = 
useState<string | null>(null);
727|    const [isEditing, setIsEditing] = useState(false);
   |          ^
728|    const [editingBooking, setEditingBooking] = 
useState<EditBookingData | null>(null);
729|    const [isSurveyOpen, setIsSurveyOpen] = 
useState(false);

[33mThe symbol "editingBooking" has already been 
declared[33m
726|    const [pendingWaLink, setPendingWaLink] = 
useState<string | null>(null);
727|    const [isEditing, setIsEditing] = useState(false);
728|    const [editingBooking, setEditingBooking] = 
useState<EditBookingData | null>(null);
   |          ^
729|    const [isSurveyOpen, setIsSurveyOpen] = 
useState(false);
730|    const [confirmWhatsAppOpen, setConfirmWhatsAppOpen] 
= useState(false);

[33mThe symbol "setEditingBooking" has already been 
declared[33m
726|    const [pendingWaLink, setPendingWaLink] = 
useState<string | null>(null);
727|    const [isEditing, setIsEditing] = useState(false);
728|    const [editingBooking, setEditingBooking] = 
useState<EditBookingData | null>(null);
   |          ^
729|    const [isSurveyOpen, setIsSurveyOpen] = 
useState(false);
730|    const [confirmWhatsAppOpen, setConfirmWhatsAppOpen] 
= useState(false);

[33mThe symbol "isSurveyOpen" has already been declared[33m
727|    const [isEditing, setIsEditing] = useState(false);
728|    const [editingBooking, setEditingBooking] = 
useState<EditBookingData | null>(null);
729|    const [isSurveyOpen, setIsSurveyOpen] = 
useState(false);
   |          ^
730|    const [confirmWhatsAppOpen, setConfirmWhatsAppOpen] 
= useState(false);
731|    const [pendingConvId, setPendingConvId] = 
useState<string | null>(null);

[33mThe symbol "setIsSurveyOpen" has already been 
declared[33m
727|    const [isEditing, setIsEditing] = useState(false);
728|    const [editingBooking, setEditingBooking] = 
useState<EditBookingData | null>(null);
729|    const [isSurveyOpen, setIsSurveyOpen] = 
useState(false);
   |          ^
730|    const [confirmWhatsAppOpen, setConfirmWhatsAppOpen] 
= useState(false);
731|    const [pendingConvId, setPendingConvId] = 
useState<string | null>(null);

[33mThe symbol "confirmWhatsAppOpen" has already been 
declared[33m
728|    const [editingBooking, setEditingBooking] = 
useState<EditBookingData | null>(null);
729|    const [isSurveyOpen, setIsSurveyOpen] = 
useState(false);
730|    const [confirmWhatsAppOpen, setConfirmWhatsAppOpen] 
= useState(false);
   |          ^
731|    const [pendingConvId, setPendingConvId] = 
useState<string | null>(null);
732|    const [pendingWaLink, setPendingWaLink] = 
useState<string | null>(null);

[33mThe symbol "setConfirmWhatsAppOpen" has already been 
declared[33m
728|    const [editingBooking, setEditingBooking] = 
useState<EditBookingData | null>(null);
729|    const [isSurveyOpen, setIsSurveyOpen] = 
useState(false);
730|    const [confirmWhatsAppOpen, setConfirmWhatsAppOpen] 
= useState(false);
   |          ^
731|    const [pendingConvId, setPendingConvId] = 
useState<string | null>(null);
732|    const [pendingWaLink, setPendingWaLink] = 
useState<string | null>(null);

[33mThe symbol "pendingConvId" has already been 
declared[33m
729|    const [isSurveyOpen, setIsSurveyOpen] = 
useState(false);
730|    const [confirmWhatsAppOpen, setConfirmWhatsAppOpen] 
= useState(false);
731|    const [pendingConvId, setPendingConvId] = 
useState<string | null>(null);
   |          ^
732|    const [pendingWaLink, setPendingWaLink] = 
useState<string | null>(null);
733|    const [isEditing, setIsEditing] = useState(false);

[33mThe symbol "setPendingConvId" has already been 
declared[33m
729|    const [isSurveyOpen, setIsSurveyOpen] = 
useState(false);
730|    const [confirmWhatsAppOpen, setConfirmWhatsAppOpen] 
= useState(false);
731|    const [pendingConvId, setPendingConvId] = 
useState<string | null>(null);
   |          ^
732|    const [pendingWaLink, setPendingWaLink] = 
useState<string | null>(null);
733|    const [isEditing, setIsEditing] = useState(false);

[33mThe symbol "pendingWaLink" has already been 
declared[33m
730|    const [confirmWhatsAppOpen, setConfirmWhatsAppOpen] 
= useState(false);
731|    const [pendingConvId, setPendingConvId] = 
useState<string | null>(null);
732|    const [pendingWaLink, setPendingWaLink] = 
useState<string | null>(null);
   |          ^
733|    const [isEditing, setIsEditing] = useState(false);
734|    const [editingBooking, setEditingBooking] = 
useState<EditBookingData | null>(null);

[33mThe symbol "setPendingWaLink" has already been 
declared[33m
730|    const [confirmWhatsAppOpen, setConfirmWhatsAppOpen] 
= useState(false);
731|    const [pendingConvId, setPendingConvId] = 
useState<string | null>(null);
732|    const [pendingWaLink, setPendingWaLink] = 
useState<string | null>(null);
   |          ^
733|    const [isEditing, setIsEditing] = useState(false);
734|    const [editingBooking, setEditingBooking] = 
useState<EditBookingData | null>(null);

[33mThe symbol "isEditing" has already been declared[33m
731|    const [pendingConvId, setPendingConvId] = 
useState<string | null>(null);
732|    const [pendingWaLink, setPendingWaLink] = 
useState<string | null>(null);
733|    const [isEditing, setIsEditing] = useState(false);
   |          ^
734|    const [editingBooking, setEditingBooking] = 
useState<EditBookingData | null>(null);
735|    const [isSurveyOpen, setIsSurveyOpen] = 
useState(false);

[33mThe symbol "setIsEditing" has already been declared[33m
731|    const [pendingConvId, setPendingConvId] = 
useState<string | null>(null);
732|    const [pendingWaLink, setPendingWaLink] = 
useState<string | null>(null);
733|    const [isEditing, setIsEditing] = useState(false);
   |          ^
734|    const [editingBooking, setEditingBooking] = 
useState<EditBookingData | null>(null);
735|    const [isSurveyOpen, setIsSurveyOpen] = 
useState(false);

[33mThe symbol "editingBooking" has already been 
declared[33m
732|    const [pendingWaLink, setPendingWaLink] = 
useState<string | null>(null);
733|    const [isEditing, setIsEditing] = useState(false);
734|    const [editingBooking, setEditingBooking] = 
useState<EditBookingData | null>(null);
   |          ^
735|    const [isSurveyOpen, setIsSurveyOpen] = 
useState(false);
736|    const [confirmWhatsAppOpen, setConfirmWhatsAppOpen] 
= useState(false);

[33mThe symbol "setEditingBooking" has already been 
declared[33m
732|    const [pendingWaLink, setPendingWaLink] = 
useState<string | null>(null);
733|    const [isEditing, setIsEditing] = useState(false);
734|    const [editingBooking, setEditingBooking] = 
useState<EditBookingData | null>(null);
   |          ^
735|    const [isSurveyOpen, setIsSurveyOpen] = 
useState(false);
736|    const [confirmWhatsAppOpen, setConfirmWhatsAppOpen] 
= useState(false);

[33mThe symbol "isSurveyOpen" has already been declared[33m
733|    const [isEditing, setIsEditing] = useState(false);
734|    const [editingBooking, setEditingBooking] = 
useState<EditBookingData | null>(null);
735|    const [isSurveyOpen, setIsSurveyOpen] = 
useState(false);
   |          ^
736|    const [confirmWhatsAppOpen, setConfirmWhatsAppOpen] 
= useState(false);
737|    const [pendingConvId, setPendingConvId] = 
useState<string | null>(null);

[33mThe symbol "setIsSurveyOpen" has already been 
declared[33m
733|    const [isEditing, setIsEditing] = useState(false);
734|    const [editingBooking, setEditingBooking] = 
useState<EditBookingData | null>(null);
735|    const [isSurveyOpen, setIsSurveyOpen] = 
useState(false);
   |          ^
736|    const [confirmWhatsAppOpen, setConfirmWhatsAppOpen] 
= useState(false);
737|    const [pendingConvId, setPendingConvId] = 
useState<string | null>(null);

[33mThe symbol "confirmWhatsAppOpen" has already been 
declared[33m
734|    const [editingBooking, setEditingBooking] = 
useState<EditBookingData | null>(null);
735|    const [isSurveyOpen, setIsSurveyOpen] = 
useState(false);
736|    const [confirmWhatsAppOpen, setConfirmWhatsAppOpen] 
= useState(false);
   |          ^
737|    const [pendingConvId, setPendingConvId] = 
useState<string | null>(null);
738|    const [pendingWaLink, setPendingWaLink] = 
useState<string | null>(null);

[33mThe symbol "setConfirmWhatsAppOpen" has already been 
declared[33m
734|    const [editingBooking, setEditingBooking] = 
useState<EditBookingData | null>(null);
735|    const [isSurveyOpen, setIsSurveyOpen] = 
useState(false);
736|    const [confirmWhatsAppOpen, setConfirmWhatsAppOpen] 
= useState(false);
   |          ^
737|    const [pendingConvId, setPendingConvId] = 
useState<string | null>(null);
738|    const [pendingWaLink, setPendingWaLink] = 
useState<string | null>(null);

[33mThe symbol "pendingConvId" has already been 
declared[33m
735|    const [isSurveyOpen, setIsSurveyOpen] = 
useState(false);
736|    const [confirmWhatsAppOpen, setConfirmWhatsAppOpen] 
= useState(false);
737|    const [pendingConvId, setPendingConvId] = 
useState<string | null>(null);
   |          ^
738|    const [pendingWaLink, setPendingWaLink] = 
useState<string | null>(null);
739|    const [isEditing, setIsEditing] = useState(false);

[33mThe symbol "setPendingConvId" has already been 
declared[33m
735|    const [isSurveyOpen, setIsSurveyOpen] = 
useState(false);
736|    const [confirmWhatsAppOpen, setConfirmWhatsAppOpen] 
= useState(false);
737|    const [pendingConvId, setPendingConvId] = 
useState<string | null>(null);
   |          ^
738|    const [pendingWaLink, setPendingWaLink] = 
useState<string | null>(null);
739|    const [isEditing, setIsEditing] = useState(false);

[33mThe symbol "pendingWaLink" has already been 
declared[33m
736|    const [confirmWhatsAppOpen, setConfirmWhatsAppOpen] 
= useState(false);
737|    const [pendingConvId, setPendingConvId] = 
useState<string | null>(null);
738|    const [pendingWaLink, setPendingWaLink] = 
useState<string | null>(null);
   |          ^
739|    const [isEditing, setIsEditing] = useState(false);
740|    const [editingBooking, setEditingBooking] = 
useState<EditBookingData | null>(null);

[33mThe symbol "setPendingWaLink" has already been 
declared[33m
736|    const [confirmWhatsAppOpen, setConfirmWhatsAppOpen] 
= useState(false);
737|    const [pendingConvId, setPendingConvId] = 
useState<string | null>(null);
738|    const [pendingWaLink, setPendingWaLink] = 
useState<string | null>(null);
   |          ^
739|    const [isEditing, setIsEditing] = useState(false);
740|    const [editingBooking, setEditingBooking] = 
useState<EditBookingData | null>(null);

[33mThe symbol "isEditing" has already been declared[33m
737|    const [pendingConvId, setPendingConvId] = 
useState<string | null>(null);
738|    const [pendingWaLink, setPendingWaLink] = 
useState<string | null>(null);
739|    const [isEditing, setIsEditing] = useState(false);
   |          ^
740|    const [editingBooking, setEditingBooking] = 
useState<EditBookingData | null>(null);
741|    const [isSurveyOpen, setIsSurveyOpen] = 
useState(false);

[33mThe symbol "setIsEditing" has already been declared[33m
737|    const [pendingConvId, setPendingConvId] = 
useState<string | null>(null);
738|    const [pendingWaLink, setPendingWaLink] = 
useState<string | null>(null);
739|    const [isEditing, setIsEditing] = useState(false);
   |          ^
740|    const [editingBooking, setEditingBooking] = 
useState<EditBookingData | null>(null);
741|    const [isSurveyOpen, setIsSurveyOpen] = 
useState(false);

[33mThe symbol "editingBooking" has already been 
declared[33m
738|    const [pendingWaLink, setPendingWaLink] = 
useState<string | null>(null);
739|    const [isEditing, setIsEditing] = useState(false);
740|    const [editingBooking, setEditingBooking] = 
useState<EditBookingData | null>(null);
   |          ^
741|    const [isSurveyOpen, setIsSurveyOpen] = 
useState(false);
742|    const [confirmWhatsAppOpen, setConfirmWhatsAppOpen] 
= useState(false);

[33mThe symbol "setEditingBooking" has already been 
declared[33m
738|    const [pendingWaLink, setPendingWaLink] = 
useState<string | null>(null);
739|    const [isEditing, setIsEditing] = useState(false);
740|    const [editingBooking, setEditingBooking] = 
useState<EditBookingData | null>(null);
   |          ^
741|    const [isSurveyOpen, setIsSurveyOpen] = 
useState(false);
742|    const [confirmWhatsAppOpen, setConfirmWhatsAppOpen] 
= useState(false);

[33mThe symbol "isSurveyOpen" has already been declared[33m
739|    const [isEditing, setIsEditing] = useState(false);
740|    const [editingBooking, setEditingBooking] = 
useState<EditBookingData | null>(null);
741|    const [isSurveyOpen, setIsSurveyOpen] = 
useState(false);
   |          ^
742|    const [confirmWhatsAppOpen, setConfirmWhatsAppOpen] 
= useState(false);
743|    const [pendingConvId, setPendingConvId] = 
useState<string | null>(null);

[33mThe symbol "setIsSurveyOpen" has already been 
declared[33m
739|    const [isEditing, setIsEditing] = useState(false);
740|    const [editingBooking, setEditingBooking] = 
useState<EditBookingData | null>(null);
741|    const [isSurveyOpen, setIsSurveyOpen] = 
useState(false);
   |          ^
742|    const [confirmWhatsAppOpen, setConfirmWhatsAppOpen] 
= useState(false);
743|    const [pendingConvId, setPendingConvId] = 
useState<string | null>(null);

[33mThe symbol "confirmWhatsAppOpen" has already been 
declared[33m
740|    const [editingBooking, setEditingBooking] = 
useState<EditBookingData | null>(null);
741|    const [isSurveyOpen, setIsSurveyOpen] = 
useState(false);
742|    const [confirmWhatsAppOpen, setConfirmWhatsAppOpen] 
= useState(false);
   |          ^
743|    const [pendingConvId, setPendingConvId] = 
useState<string | null>(null);
744|    const [pendingWaLink, setPendingWaLink] = 
useState<string | null>(null);

[33mThe symbol "setConfirmWhatsAppOpen" has already been 
declared[33m
740|    const [editingBooking, setEditingBooking] = 
useState<EditBookingData | null>(null);
741|    const [isSurveyOpen, setIsSurveyOpen] = 
useState(false);
742|    const [confirmWhatsAppOpen, setConfirmWhatsAppOpen] 
= useState(false);
   |          ^
743|    const [pendingConvId, setPendingConvId] = 
useState<string | null>(null);
744|    const [pendingWaLink, setPendingWaLink] = 
useState<string | null>(null);

[33mThe symbol "pendingConvId" has already been 
declared[33m
741|    const [isSurveyOpen, setIsSurveyOpen] = 
useState(false);
742|    const [confirmWhatsAppOpen, setConfirmWhatsAppOpen] 
= useState(false);
743|    const [pendingConvId, setPendingConvId] = 
useState<string | null>(null);
   |          ^
744|    const [pendingWaLink, setPendingWaLink] = 
useState<string | null>(null);
745|    const [isEditing, setIsEditing] = useState(false);

[33mThe symbol "setPendingConvId" has already been 
declared[33m
741|    const [isSurveyOpen, setIsSurveyOpen] = 
useState(false);
742|    const [confirmWhatsAppOpen, setConfirmWhatsAppOpen] 
= useState(false);
743|    const [pendingConvId, setPendingConvId] = 
useState<string | null>(null);
   |          ^
744|    const [pendingWaLink, setPendingWaLink] = 
useState<string | null>(null);
745|    const [isEditing, setIsEditing] = useState(false);

[33mThe symbol "pendingWaLink" has already been 
declared[33m
742|    const [confirmWhatsAppOpen, setConfirmWhatsAppOpen] 
= useState(false);
743|    const [pendingConvId, setPendingConvId] = 
useState<string | null>(null);
744|    const [pendingWaLink, setPendingWaLink] = 
useState<string | null>(null);
   |          ^
745|    const [isEditing, setIsEditing] = useState(false);
746|    const [editingBooking, setEditingBooking] = 
useState<EditBookingData | null>(null);

[33mThe symbol "setPendingWaLink" has already been 
declared[33m
742|    const [confirmWhatsAppOpen, setConfirmWhatsAppOpen] 
= useState(false);
743|    const [pendingConvId, setPendingConvId] = 
useState<string | null>(null);
744|    const [pendingWaLink, setPendingWaLink] = 
useState<string | null>(null);
   |          ^
745|    const [isEditing, setIsEditing] = useState(false);
746|    const [editingBooking, setEditingBooking] = 
useState<EditBookingData | null>(null);

[33mThe symbol "isEditing" has already been declared[33m
743|    const [pendingConvId, setPendingConvId] = 
useState<string | null>(null);
744|    const [pendingWaLink, setPendingWaLink] = 
useState<string | null>(null);
745|    const [isEditing, setIsEditing] = useState(false);
   |          ^
746|    const [editingBooking, setEditingBooking] = 
useState<EditBookingData | null>(null);
747|    const [isSurveyOpen, setIsSurveyOpen] = 
useState(false);

[33mThe symbol "setIsEditing" has already been declared[33m
743|    const [pendingConvId, setPendingConvId] = 
useState<string | null>(null);
744|    const [pendingWaLink, setPendingWaLink] = 
useState<string | null>(null);
745|    const [isEditing, setIsEditing] = useState(false);
   |          ^
746|    const [editingBooking, setEditingBooking] = 
useState<EditBookingData | null>(null);
747|    const [isSurveyOpen, setIsSurveyOpen] = 
useState(false);

[33mThe symbol "editingBooking" has already been 
declared[33m
744|    const [pendingWaLink, setPendingWaLink] = 
useState<string | null>(null);
745|    const [isEditing, setIsEditing] = useState(false);
746|    const [editingBooking, setEditingBooking] = 
useState<EditBookingData | null>(null);
   |          ^
747|    const [isSurveyOpen, setIsSurveyOpen] = 
useState(false);
748|    const [confirmWhatsAppOpen, setConfirmWhatsAppOpen] 
= useState(false);

[33mThe symbol "setEditingBooking" has already been 
declared[33m
744|    const [pendingWaLink, setPendingWaLink] = 
useState<string | null>(null);
745|    const [isEditing, setIsEditing] = useState(false);
746|    const [editingBooking, setEditingBooking] = 
useState<EditBookingData | null>(null);
   |          ^
747|    const [isSurveyOpen, setIsSurveyOpen] = 
useState(false);
748|    const [confirmWhatsAppOpen, setConfirmWhatsAppOpen] 
= useState(false);

[33mThe symbol "isSurveyOpen" has already been declared[33m
745|    const [isEditing, setIsEditing] = useState(false);
746|    const [editingBooking, setEditingBooking] = 
useState<EditBookingData | null>(null);
747|    const [isSurveyOpen, setIsSurveyOpen] = 
useState(false);
   |          ^
748|    const [confirmWhatsAppOpen, setConfirmWhatsAppOpen] 
= useState(false);
749|    const [pendingConvId, setPendingConvId] = 
useState<string | null>(null);

[33mThe symbol "setIsSurveyOpen" has already been 
declared[33m
745|    const [isEditing, setIsEditing] = useState(false);
746|    const [editingBooking, setEditingBooking] = 
useState<EditBookingData | null>(null);
747|    const [isSurveyOpen, setIsSurveyOpen] = 
useState(false);
   |          ^
748|    const [confirmWhatsAppOpen, setConfirmWhatsAppOpen] 
= useState(false);
749|    const [pendingConvId, setPendingConvId] = 
useState<string | null>(null);

[33mThe symbol "confirmWhatsAppOpen" has already been 
declared[33m
746|    const [editingBooking, setEditingBooking] = 
useState<EditBookingData | null>(null);
747|    const [isSurveyOpen, setIsSurveyOpen] = 
useState(false);
748|    const [confirmWhatsAppOpen, setConfirmWhatsAppOpen] 
= useState(false);
   |          ^
749|    const [pendingConvId, setPendingConvId] = 
useState<string | null>(null);
750|    const [pendingWaLink, setPendingWaLink] = 
useState<string | null>(null);

[33mThe symbol "setConfirmWhatsAppOpen" has already been 
declared[33m
746|    const [editingBooking, setEditingBooking] = 
useState<EditBookingData | null>(null);
747|    const [isSurveyOpen, setIsSurveyOpen] = 
useState(false);
748|    const [confirmWhatsAppOpen, setConfirmWhatsAppOpen] 
= useState(false);
   |          ^
749|    const [pendingConvId, setPendingConvId] = 
useState<string | null>(null);
750|    const [pendingWaLink, setPendingWaLink] = 
useState<string | null>(null);

[33mThe symbol "pendingConvId" has already been 
declared[33m
747|    const [isSurveyOpen, setIsSurveyOpen] = 
useState(false);
748|    const [confirmWhatsAppOpen, setConfirmWhatsAppOpen] 
= useState(false);
749|    const [pendingConvId, setPendingConvId] = 
useState<string | null>(null);
   |          ^
750|    const [pendingWaLink, setPendingWaLink] = 
useState<string | null>(null);
751|    const [isEditing, setIsEditing] = useState(false);

[33mThe symbol "setPendingConvId" has already been 
declared[33m
747|    const [isSurveyOpen, setIsSurveyOpen] = 
useState(false);
748|    const [confirmWhatsAppOpen, setConfirmWhatsAppOpen] 
= useState(false);
749|    const [pendingConvId, setPendingConvId] = 
useState<string | null>(null);
   |          ^
750|    const [pendingWaLink, setPendingWaLink] = 
useState<string | null>(null);
751|    const [isEditing, setIsEditing] = useState(false);

[33mThe symbol "pendingWaLink" has already been 
declared[33m
748|    const [confirmWhatsAppOpen, setConfirmWhatsAppOpen] 
= useState(false);
749|    const [pendingConvId, setPendingConvId] = 
useState<string | null>(null);
750|    const [pendingWaLink, setPendingWaLink] = 
useState<string | null>(null);
   |          ^
751|    const [isEditing, setIsEditing] = useState(false);
752|    const [editingBooking, setEditingBooking] = 
useState<EditBookingData | null>(null);

[33mThe symbol "setPendingWaLink" has already been 
declared[33m
748|    const [confirmWhatsAppOpen, setConfirmWhatsAppOpen] 
= useState(false);
749|    const [pendingConvId, setPendingConvId] = 
useState<string | null>(null);
750|    const [pendingWaLink, setPendingWaLink] = 
useState<string | null>(null);
   |          ^
751|    const [isEditing, setIsEditing] = useState(false);
752|    const [editingBooking, setEditingBooking] = 
useState<EditBookingData | null>(null);

[33mThe symbol "isEditing" has already been declared[33m
749|    const [pendingConvId, setPendingConvId] = 
useState<string | null>(null);
750|    const [pendingWaLink, setPendingWaLink] = 
useState<string | null>(null);
751|    const [isEditing, setIsEditing] = useState(false);
   |          ^
752|    const [editingBooking, setEditingBooking] = 
useState<EditBookingData | null>(null);
753|    const [isSurveyOpen, setIsSurveyOpen] = 
useState(false);

[33mThe symbol "setIsEditing" has already been declared[33m
749|    const [pendingConvId, setPendingConvId] = 
useState<string | null>(null);
750|    const [pendingWaLink, setPendingWaLink] = 
useState<string | null>(null);
751|    const [isEditing, setIsEditing] = useState(false);
   |          ^
752|    const [editingBooking, setEditingBooking] = 
useState<EditBookingData | null>(null);
753|    const [isSurveyOpen, setIsSurveyOpen] = 
useState(false);

[33mThe symbol "editingBooking" has already been 
declared[33m
750|    const [pendingWaLink, setPendingWaLink] = 
useState<string | null>(null);
751|    const [isEditing, setIsEditing] = useState(false);
752|    const [editingBooking, setEditingBooking] = 
useState<EditBookingData | null>(null);
   |          ^
753|    const [isSurveyOpen, setIsSurveyOpen] = 
useState(false);
754|    const [confirmWhatsAppOpen, setConfirmWhatsAppOpen] 
= useState(false);

[33mThe symbol "setEditingBooking" has already been 
declared[33m
750|    const [pendingWaLink, setPendingWaLink] = 
useState<string | null>(null);
751|    const [isEditing, setIsEditing] = useState(false);
752|    const [editingBooking, setEditingBooking] = 
useState<EditBookingData | null>(null);
   |          ^
753|    const [isSurveyOpen, setIsSurveyOpen] = 
useState(false);
754|    const [confirmWhatsAppOpen, setConfirmWhatsAppOpen] 
= useState(false);

[33mThe symbol "isSurveyOpen" has already been declared[33m
751|    const [isEditing, setIsEditing] = useState(false);
752|    const [editingBooking, setEditingBooking] = 
useState<EditBookingData | null>(null);
753|    const [isSurveyOpen, setIsSurveyOpen] = 
useState(false);
   |          ^
754|    const [confirmWhatsAppOpen, setConfirmWhatsAppOpen] 
= useState(false);
755|    const [pendingConvId, setPendingConvId] = 
useState<string | null>(null);

[33mThe symbol "setIsSurveyOpen" has already been 
declared[33m
751|    const [isEditing, setIsEditing] = useState(false);
752|    const [editingBooking, setEditingBooking] = 
useState<EditBookingData | null>(null);
753|    const [isSurveyOpen, setIsSurveyOpen] = 
useState(false);
   |          ^
754|    const [confirmWhatsAppOpen, setConfirmWhatsAppOpen] 
= useState(false);
755|    const [pendingConvId, setPendingConvId] = 
useState<string | null>(null);

[33mThe symbol "confirmWhatsAppOpen" has already been 
declared[33m
752|    const [editingBooking, setEditingBooking] = 
useState<EditBookingData | null>(null);
753|    const [isSurveyOpen, setIsSurveyOpen] = 
useState(false);
754|    const [confirmWhatsAppOpen, setConfirmWhatsAppOpen] 
= useState(false);
   |          ^
755|    const [pendingConvId, setPendingConvId] = 
useState<string | null>(null);
756|    const [pendingWaLink, setPendingWaLink] = 
useState<string | null>(null);

[33mThe symbol "setConfirmWhatsAppOpen" has already been 
declared[33m
752|    const [editingBooking, setEditingBooking] = 
useState<EditBookingData | null>(null);
753|    const [isSurveyOpen, setIsSurveyOpen] = 
useState(false);
754|    const [confirmWhatsAppOpen, setConfirmWhatsAppOpen] 
= useState(false);
   |          ^
755|    const [pendingConvId, setPendingConvId] = 
useState<string | null>(null);
756|    const [pendingWaLink, setPendingWaLink] = 
useState<string | null>(null);

[33mThe symbol "pendingConvId" has already been 
declared[33m
753|    const [isSurveyOpen, setIsSurveyOpen] = 
useState(false);
754|    const [confirmWhatsAppOpen, setConfirmWhatsAppOpen] 
= useState(false);
755|    const [pendingConvId, setPendingConvId] = 
useState<string | null>(null);
   |          ^
756|    const [pendingWaLink, setPendingWaLink] = 
useState<string | null>(null);
757|    const [isEditing, setIsEditing] = useState(false);

[33mThe symbol "setPendingConvId" has already been 
declared[33m
753|    const [isSurveyOpen, setIsSurveyOpen] = 
useState(false);
754|    const [confirmWhatsAppOpen, setConfirmWhatsAppOpen] 
= useState(false);
755|    const [pendingConvId, setPendingConvId] = 
useState<string | null>(null);
   |          ^
756|    const [pendingWaLink, setPendingWaLink] = 
useState<string | null>(null);
757|    const [isEditing, setIsEditing] = useState(false);

[33mThe symbol "pendingWaLink" has already been 
declared[33m
754|    const [confirmWhatsAppOpen, setConfirmWhatsAppOpen] 
= useState(false);
755|    const [pendingConvId, setPendingConvId] = 
useState<string | null>(null);
756|    const [pendingWaLink, setPendingWaLink] = 
useState<string | null>(null);
   |          ^
757|    const [isEditing, setIsEditing] = useState(false);
758|    const [editingBooking, setEditingBooking] = 
useState<EditBookingData | null>(null);

[33mThe symbol "setPendingWaLink" has already been 
declared[33m
754|    const [confirmWhatsAppOpen, setConfirmWhatsAppOpen] 
= useState(false);
755|    const [pendingConvId, setPendingConvId] = 
useState<string | null>(null);
756|    const [pendingWaLink, setPendingWaLink] = 
useState<string | null>(null);
   |          ^
757|    const [isEditing, setIsEditing] = useState(false);
758|    const [editingBooking, setEditingBooking] = 
useState<EditBookingData | null>(null);

[33mThe symbol "isEditing" has already been declared[33m
755|    const [pendingConvId, setPendingConvId] = 
useState<string | null>(null);
756|    const [pendingWaLink, setPendingWaLink] = 
useState<string | null>(null);
757|    const [isEditing, setIsEditing] = useState(false);
   |          ^
758|    const [editingBooking, setEditingBooking] = 
useState<EditBookingData | null>(null);
759|    const [isSurveyOpen, setIsSurveyOpen] = 
useState(false);

[33mThe symbol "setIsEditing" has already been declared[33m
755|    const [pendingConvId, setPendingConvId] = 
useState<string | null>(null);
756|    const [pendingWaLink, setPendingWaLink] = 
useState<string | null>(null);
757|    const [isEditing, setIsEditing] = useState(false);
   |          ^
758|    const [editingBooking, setEditingBooking] = 
useState<EditBookingData | null>(null);
759|    const [isSurveyOpen, setIsSurveyOpen] = 
useState(false);

[33mThe symbol "editingBooking" has already been 
declared[33m
756|    const [pendingWaLink, setPendingWaLink] = 
useState<string | null>(null);
757|    const [isEditing, setIsEditing] = useState(false);
758|    const [editingBooking, setEditingBooking] = 
useState<EditBookingData | null>(null);
   |          ^
759|    const [isSurveyOpen, setIsSurveyOpen] = 
useState(false);
760|    const [confirmWhatsAppOpen, setConfirmWhatsAppOpen] 
= useState(false);

[33mThe symbol "setEditingBooking" has already been 
declared[33m
756|    const [pendingWaLink, setPendingWaLink] = 
useState<string | null>(null);
757|    const [isEditing, setIsEditing] = useState(false);
758|    const [editingBooking, setEditingBooking] = 
useState<EditBookingData | null>(null);
   |          ^
759|    const [isSurveyOpen, setIsSurveyOpen] = 
useState(false);
760|    const [confirmWhatsAppOpen, setConfirmWhatsAppOpen] 
= useState(false);

[33mThe symbol "isSurveyOpen" has already been declared[33m
757|    const [isEditing, setIsEditing] = useState(false);
758|    const [editingBooking, setEditingBooking] = 
useState<EditBookingData | null>(null);
759|    const [isSurveyOpen, setIsSurveyOpen] = 
useState(false);
   |          ^
760|    const [confirmWhatsAppOpen, setConfirmWhatsAppOpen] 
= useState(false);
761|    const [pendingConvId, setPendingConvId] = 
useState<string | null>(null);

[33mThe symbol "setIsSurveyOpen" has already been 
declared[33m
757|    const [isEditing, setIsEditing] = useState(false);
758|    const [editingBooking, setEditingBooking] = 
useState<EditBookingData | null>(null);
759|    const [isSurveyOpen, setIsSurveyOpen] = 
useState(false);
   |          ^
760|    const [confirmWhatsAppOpen, setConfirmWhatsAppOpen] 
= useState(false);
761|    const [pendingConvId, setPendingConvId] = 
useState<string | null>(null);

[33mThe symbol "confirmWhatsAppOpen" has already been 
declared[33m
758|    const [editingBooking, setEditingBooking] = 
useState<EditBookingData | null>(null);
759|    const [isSurveyOpen, setIsSurveyOpen] = 
useState(false);
760|    const [confirmWhatsAppOpen, setConfirmWhatsAppOpen] 
= useState(false);
   |          ^
761|    const [pendingConvId, setPendingConvId] = 
useState<string | null>(null);
762|    const [pendingWaLink, setPendingWaLink] = 
useState<string | null>(null);

[33mThe symbol "setConfirmWhatsAppOpen" has already been 
declared[33m
758|    const [editingBooking, setEditingBooking] = 
useState<EditBookingData | null>(null);
759|    const [isSurveyOpen, setIsSurveyOpen] = 
useState(false);
760|    const [confirmWhatsAppOpen, setConfirmWhatsAppOpen] 
= useState(false);
   |          ^
761|    const [pendingConvId, setPendingConvId] = 
useState<string | null>(null);
762|    const [pendingWaLink, setPendingWaLink] = 
useState<string | null>(null);

[33mThe symbol "pendingConvId" has already been 
declared[33m
759|    const [isSurveyOpen, setIsSurveyOpen] = 
useState(false);
760|    const [confirmWhatsAppOpen, setConfirmWhatsAppOpen] 
= useState(false);
761|    const [pendingConvId, setPendingConvId] = 
useState<string | null>(null);
   |          ^
762|    const [pendingWaLink, setPendingWaLink] = 
useState<string | null>(null);
763|    const [isEditing, setIsEditing] = useState(false);

[33mThe symbol "setPendingConvId" has already been 
declared[33m
759|    const [isSurveyOpen, setIsSurveyOpen] = 
useState(false);
760|    const [confirmWhatsAppOpen, setConfirmWhatsAppOpen] 
= useState(false);
761|    const [pendingConvId, setPendingConvId] = 
useState<string | null>(null);
   |          ^
762|    const [pendingWaLink, setPendingWaLink] = 
useState<string | null>(null);
763|    const [isEditing, setIsEditing] = useState(false);

[33mThe symbol "pendingWaLink" has already been 
declared[33m
760|    const [confirmWhatsAppOpen, setConfirmWhatsAppOpen] 
= useState(false);
761|    const [pendingConvId, setPendingConvId] = 
useState<string | null>(null);
762|    const [pendingWaLink, setPendingWaLink] = 
useState<string | null>(null);
   |          ^
763|    const [isEditing, setIsEditing] = useState(false);
764|    const [editingBooking, setEditingBooking] = 
useState<EditBookingData | null>(null);

[33mThe symbol "setPendingWaLink" has already been 
declared[33m
760|    const [confirmWhatsAppOpen, setConfirmWhatsAppOpen] 
= useState(false);
761|    const [pendingConvId, setPendingConvId] = 
useState<string | null>(null);
762|    const [pendingWaLink, setPendingWaLink] = 
useState<string | null>(null);
   |          ^
763|    const [isEditing, setIsEditing] = useState(false);
764|    const [editingBooking, setEditingBooking] = 
useState<EditBookingData | null>(null);

[33mThe symbol "isEditing" has already been declared[33m
761|    const [pendingConvId, setPendingConvId] = 
useState<string | null>(null);
762|    const [pendingWaLink, setPendingWaLink] = 
useState<string | null>(null);
763|    const [isEditing, setIsEditing] = useState(false);
   |          ^
764|    const [editingBooking, setEditingBooking] = 
useState<EditBookingData | null>(null);
765|    const [isSurveyOpen, setIsSurveyOpen] = 
useState(false);

[33mThe symbol "setIsEditing" has already been declared[33m
761|    const [pendingConvId, setPendingConvId] = 
useState<string | null>(null);
762|    const [pendingWaLink, setPendingWaLink] = 
useState<string | null>(null);
763|    const [isEditing, setIsEditing] = useState(false);
   |          ^
764|    const [editingBooking, setEditingBooking] = 
useState<EditBookingData | null>(null);
765|    const [isSurveyOpen, setIsSurveyOpen] = 
useState(false);

[33mThe symbol "editingBooking" has already been 
declared[33m
762|    const [pendingWaLink, setPendingWaLink] = 
useState<string | null>(null);
763|    const [isEditing, setIsEditing] = useState(false);
764|    const [editingBooking, setEditingBooking] = 
useState<EditBookingData | null>(null);
   |          ^
765|    const [isSurveyOpen, setIsSurveyOpen] = 
useState(false);
766|    const [confirmWhatsAppOpen, setConfirmWhatsAppOpen] 
= useState(false);

[33mThe symbol "setEditingBooking" has already been 
declared[33m
762|    const [pendingWaLink, setPendingWaLink] = 
useState<string | null>(null);
763|    const [isEditing, setIsEditing] = useState(false);
764|    const [editingBooking, setEditingBooking] = 
useState<EditBookingData | null>(null);
   |          ^
765|    const [isSurveyOpen, setIsSurveyOpen] = 
useState(false);
766|    const [confirmWhatsAppOpen, setConfirmWhatsAppOpen] 
= useState(false);

[33mThe symbol "isSurveyOpen" has already been declared[33m
763|    const [isEditing, setIsEditing] = useState(false);
764|    const [editingBooking, setEditingBooking] = 
useState<EditBookingData | null>(null);
765|    const [isSurveyOpen, setIsSurveyOpen] = 
useState(false);
   |          ^
766|    const [confirmWhatsAppOpen, setConfirmWhatsAppOpen] 
= useState(false);
767|    const [pendingConvId, setPendingConvId] = 
useState<string | null>(null);

[33mThe symbol "setIsSurveyOpen" has already been 
declared[33m
763|    const [isEditing, setIsEditing] = useState(false);
764|    const [editingBooking, setEditingBooking] = 
useState<EditBookingData | null>(null);
765|    const [isSurveyOpen, setIsSurveyOpen] = 
useState(false);
   |          ^
766|    const [confirmWhatsAppOpen, setConfirmWhatsAppOpen] 
= useState(false);
767|    const [pendingConvId, setPendingConvId] = 
useState<string | null>(null);

[33mThe symbol "confirmWhatsAppOpen" has already been 
declared[33m
764|    const [editingBooking, setEditingBooking] = 
useState<EditBookingData | null>(null);
765|    const [isSurveyOpen, setIsSurveyOpen] = 
useState(false);
766|    const [confirmWhatsAppOpen, setConfirmWhatsAppOpen] 
= useState(false);
   |          ^
767|    const [pendingConvId, setPendingConvId] = 
useState<string | null>(null);
768|    const [pendingWaLink, setPendingWaLink] = 
useState<string | null>(null);

[33mThe symbol "setConfirmWhatsAppOpen" has already been 
declared[33m
764|    const [editingBooking, setEditingBooking] = 
useState<EditBookingData | null>(null);
765|    const [isSurveyOpen, setIsSurveyOpen] = 
useState(false);
766|    const [confirmWhatsAppOpen, setConfirmWhatsAppOpen] 
= useState(false);
   |          ^
767|    const [pendingConvId, setPendingConvId] = 
useState<string | null>(null);
768|    const [pendingWaLink, setPendingWaLink] = 
useState<string | null>(null);

[33mThe symbol "pendingConvId" has already been 
declared[33m
765|    const [isSurveyOpen, setIsSurveyOpen] = 
useState(false);
766|    const [confirmWhatsAppOpen, setConfirmWhatsAppOpen] 
= useState(false);
767|    const [pendingConvId, setPendingConvId] = 
useState<string | null>(null);
   |          ^
768|    const [pendingWaLink, setPendingWaLink] = 
useState<string | null>(null);
769|    const [isEditing, setIsEditing] = useState(false);

[33mThe symbol "setPendingConvId" has already been 
declared[33m
765|    const [isSurveyOpen, setIsSurveyOpen] = 
useState(false);
766|    const [confirmWhatsAppOpen, setConfirmWhatsAppOpen] 
= useState(false);
767|    const [pendingConvId, setPendingConvId] = 
useState<string | null>(null);
   |          ^
768|    const [pendingWaLink, setPendingWaLink] = 
useState<string | null>(null);
769|    const [isEditing, setIsEditing] = useState(false);

[33mThe symbol "pendingWaLink" has already been 
declared[33m
766|    const [confirmWhatsAppOpen, setConfirmWhatsAppOpen] 
= useState(false);
767|    const [pendingConvId, setPendingConvId] = 
useState<string | null>(null);
768|    const [pendingWaLink, setPendingWaLink] = 
useState<string | null>(null);
   |          ^
769|    const [isEditing, setIsEditing] = useState(false);
770|    const [editingBooking, setEditingBooking] = 
useState<EditBookingData | null>(null);

[33mThe symbol "setPendingWaLink" has already been 
declared[33m
766|    const [confirmWhatsAppOpen, setConfirmWhatsAppOpen] 
= useState(false);
767|    const [pendingConvId, setPendingConvId] = 
useState<string | null>(null);
768|    const [pendingWaLink, setPendingWaLink] = 
useState<string | null>(null);
   |          ^
769|    const [isEditing, setIsEditing] = useState(false);
770|    const [editingBooking, setEditingBooking] = 
useState<EditBookingData | null>(null);

[33mThe symbol "isEditing" has already been declared[33m
767|    const [pendingConvId, setPendingConvId] = 
useState<string | null>(null);
768|    const [pendingWaLink, setPendingWaLink] = 
useState<string | null>(null);
769|    const [isEditing, setIsEditing] = useState(false);
   |          ^
770|    const [editingBooking, setEditingBooking] = 
useState<EditBookingData | null>(null);
771|    const [isSurveyOpen, setIsSurveyOpen] = 
useState(false);

[33mThe symbol "setIsEditing" has already been declared[33m
767|    const [pendingConvId, setPendingConvId] = 
useState<string | null>(null);
768|    const [pendingWaLink, setPendingWaLink] = 
useState<string | null>(null);
769|    const [isEditing, setIsEditing] = useState(false);
   |          ^
770|    const [editingBooking, setEditingBooking] = 
useState<EditBookingData | null>(null);
771|    const [isSurveyOpen, setIsSurveyOpen] = 
useState(false);

[33mThe symbol "editingBooking" has already been 
declared[33m
768|    const [pendingWaLink, setPendingWaLink] = 
useState<string | null>(null);
769|    const [isEditing, setIsEditing] = useState(false);
770|    const [editingBooking, setEditingBooking] = 
useState<EditBookingData | null>(null);
   |          ^
771|    const [isSurveyOpen, setIsSurveyOpen] = 
useState(false);
772|    const [confirmWhatsAppOpen, setConfirmWhatsAppOpen] 
= useState(false);

[33mThe symbol "setEditingBooking" has already been 
declared[33m
768|    const [pendingWaLink, setPendingWaLink] = 
useState<string | null>(null);
769|    const [isEditing, setIsEditing] = useState(false);
770|    const [editingBooking, setEditingBooking] = 
useState<EditBookingData | null>(null);
   |          ^
771|    const [isSurveyOpen, setIsSurveyOpen] = 
useState(false);
772|    const [confirmWhatsAppOpen, setConfirmWhatsAppOpen] 
= useState(false);

[33mThe symbol "isSurveyOpen" has already been declared[33m
769|    const [isEditing, setIsEditing] = useState(false);
770|    const [editingBooking, setEditingBooking] = 
useState<EditBookingData | null>(null);
771|    const [isSurveyOpen, setIsSurveyOpen] = 
useState(false);
   |          ^
772|    const [confirmWhatsAppOpen, setConfirmWhatsAppOpen] 
= useState(false);
773|    const [pendingConvId, setPendingConvId] = 
useState<string | null>(null);

[33mThe symbol "setIsSurveyOpen" has already been 
declared[33m
769|    const [isEditing, setIsEditing] = useState(false);
770|    const [editingBooking, setEditingBooking] = 
useState<EditBookingData | null>(null);
771|    const [isSurveyOpen, setIsSurveyOpen] = 
useState(false);
   |          ^
772|    const [confirmWhatsAppOpen, setConfirmWhatsAppOpen] 
= useState(false);
773|    const [pendingConvId, setPendingConvId] = 
useState<string | null>(null);

[33mThe symbol "confirmWhatsAppOpen" has already been 
declared[33m
770|    const [editingBooking, setEditingBooking] = 
useState<EditBookingData | null>(null);
771|    const [isSurveyOpen, setIsSurveyOpen] = 
useState(false);
772|    const [confirmWhatsAppOpen, setConfirmWhatsAppOpen] 
= useState(false);
   |          ^
773|    const [pendingConvId, setPendingConvId] = 
useState<string | null>(null);
774|    const [pendingWaLink, setPendingWaLink] = 
useState<string | null>(null);

[33mThe symbol "setConfirmWhatsAppOpen" has already been 
declared[33m
770|    const [editingBooking, setEditingBooking] = 
useState<EditBookingData | null>(null);
771|    const [isSurveyOpen, setIsSurveyOpen] = 
useState(false);
772|    const [confirmWhatsAppOpen, setConfirmWhatsAppOpen] 
= useState(false);
   |          ^
773|    const [pendingConvId, setPendingConvId] = 
useState<string | null>(null);
774|    const [pendingWaLink, setPendingWaLink] = 
useState<string | null>(null);

[33mThe symbol "pendingConvId" has already been 
declared[33m
771|    const [isSurveyOpen, setIsSurveyOpen] = 
useState(false);
772|    const [confirmWhatsAppOpen, setConfirmWhatsAppOpen] 
= useState(false);
773|    const [pendingConvId, setPendingConvId] = 
useState<string | null>(null);
   |          ^
774|    const [pendingWaLink, setPendingWaLink] = 
useState<string | null>(null);
775|    const [isEditing, setIsEditing] = useState(false);

[33mThe symbol "setPendingConvId" has already been 
declared[33m
771|    const [isSurveyOpen, setIsSurveyOpen] = 
useState(false);
772|    const [confirmWhatsAppOpen, setConfirmWhatsAppOpen] 
= useState(false);
773|    const [pendingConvId, setPendingConvId] = 
useState<string | null>(null);
   |          ^
774|    const [pendingWaLink, setPendingWaLink] = 
useState<string | null>(null);
775|    const [isEditing, setIsEditing] = useState(false);

[33mThe symbol "pendingWaLink" has already been 
declared[33m
772|    const [confirmWhatsAppOpen, setConfirmWhatsAppOpen] 
= useState(false);
773|    const [pendingConvId, setPendingConvId] = 
useState<string | null>(null);
774|    const [pendingWaLink, setPendingWaLink] = 
useState<string | null>(null);
   |          ^
775|    const [isEditing, setIsEditing] = useState(false);
776|    const [editingBooking, setEditingBooking] = 
useState<EditBookingData | null>(null);

[33mThe symbol "setPendingWaLink" has already been 
declared[33m
772|    const [confirmWhatsAppOpen, setConfirmWhatsAppOpen] 
= useState(false);
773|    const [pendingConvId, setPendingConvId] = 
useState<string | null>(null);
774|    const [pendingWaLink, setPendingWaLink] = 
useState<string | null>(null);
   |          ^
775|    const [isEditing, setIsEditing] = useState(false);
776|    const [editingBooking, setEditingBooking] = 
useState<EditBookingData | null>(null);

[33mThe symbol "isEditing" has already been declared[33m
773|    const [pendingConvId, setPendingConvId] = 
useState<string | null>(null);
774|    const [pendingWaLink, setPendingWaLink] = 
useState<string | null>(null);
775|    const [isEditing, setIsEditing] = useState(false);
   |          ^
776|    const [editingBooking, setEditingBooking] = 
useState<EditBookingData | null>(null);
777|    const [isSurveyOpen, setIsSurveyOpen] = 
useState(false);

[33mThe symbol "setIsEditing" has already been declared[33m
773|    const [pendingConvId, setPendingConvId] = 
useState<string | null>(null);
774|    const [pendingWaLink, setPendingWaLink] = 
useState<string | null>(null);
775|    const [isEditing, setIsEditing] = useState(false);
   |          ^
776|    const [editingBooking, setEditingBooking] = 
useState<EditBookingData | null>(null);
777|    const [isSurveyOpen, setIsSurveyOpen] = 
useState(false);

[33mThe symbol "editingBooking" has already been 
declared[33m
774|    const [pendingWaLink, setPendingWaLink] = 
useState<string | null>(null);
775|    const [isEditing, setIsEditing] = useState(false);
776|    const [editingBooking, setEditingBooking] = 
useState<EditBookingData | null>(null);
   |          ^
777|    const [isSurveyOpen, setIsSurveyOpen] = 
useState(false);
778|    const [confirmWhatsAppOpen, setConfirmWhatsAppOpen] 
= useState(false);

[33mThe symbol "setEditingBooking" has already been 
declared[33m
774|    const [pendingWaLink, setPendingWaLink] = 
useState<string | null>(null);
775|    const [isEditing, setIsEditing] = useState(false);
776|    const [editingBooking, setEditingBooking] = 
useState<EditBookingData | null>(null);
   |          ^
777|    const [isSurveyOpen, setIsSurveyOpen] = 
useState(false);
778|    const [confirmWhatsAppOpen, setConfirmWhatsAppOpen] 
= useState(false);

[33mThe symbol "isSurveyOpen" has already been declared[33m
775|    const [isEditing, setIsEditing] = useState(false);
776|    const [editingBooking, setEditingBooking] = 
useState<EditBookingData | null>(null);
777|    const [isSurveyOpen, setIsSurveyOpen] = 
useState(false);
   |          ^
778|    const [confirmWhatsAppOpen, setConfirmWhatsAppOpen] 
= useState(false);
779|    const [pendingConvId, setPendingConvId] = 
useState<string | null>(null);

[33mThe symbol "setIsSurveyOpen" has already been 
declared[33m
775|    const [isEditing, setIsEditing] = useState(false);
776|    const [editingBooking, setEditingBooking] = 
useState<EditBookingData | null>(null);
777|    const [isSurveyOpen, setIsSurveyOpen] = 
useState(false);
   |          ^
778|    const [confirmWhatsAppOpen, setConfirmWhatsAppOpen] 
= useState(false);
779|    const [pendingConvId, setPendingConvId] = 
useState<string | null>(null);

[33mThe symbol "confirmWhatsAppOpen" has already been 
declared[33m
776|    const [editingBooking, setEditingBooking] = 
useState<EditBookingData | null>(null);
777|    const [isSurveyOpen, setIsSurveyOpen] = 
useState(false);
778|    const [confirmWhatsAppOpen, setConfirmWhatsAppOpen] 
= useState(false);
   |          ^
779|    const [pendingConvId, setPendingConvId] = 
useState<string | null>(null);
780|    const [pendingWaLink, setPendingWaLink] = 
useState<string | null>(null);

[33mThe symbol "setConfirmWhatsAppOpen" has already been 
declared[33m
776|    const [editingBooking, setEditingBooking] = 
useState<EditBookingData | null>(null);
777|    const [isSurveyOpen, setIsSurveyOpen] = 
useState(false);
778|    const [confirmWhatsAppOpen, setConfirmWhatsAppOpen] 
= useState(false);
   |          ^
779|    const [pendingConvId, setPendingConvId] = 
useState<string | null>(null);
780|    const [pendingWaLink, setPendingWaLink] = 
useState<string | null>(null);

[33mThe symbol "pendingConvId" has already been 
declared[33m
777|    const [isSurveyOpen, setIsSurveyOpen] = 
useState(false);
778|    const [confirmWhatsAppOpen, setConfirmWhatsAppOpen] 
= useState(false);
779|    const [pendingConvId, setPendingConvId] = 
useState<string | null>(null);
   |          ^
780|    const [pendingWaLink, setPendingWaLink] = 
useState<string | null>(null);
781|    const [isEditing, setIsEditing] = useState(false);

[33mThe symbol "setPendingConvId" has already been 
declared[33m
777|    const [isSurveyOpen, setIsSurveyOpen] = 
useState(false);
778|    const [confirmWhatsAppOpen, setConfirmWhatsAppOpen] 
= useState(false);
779|    const [pendingConvId, setPendingConvId] = 
useState<string | null>(null);
   |          ^
780|    const [pendingWaLink, setPendingWaLink] = 
useState<string | null>(null);
781|    const [isEditing, setIsEditing] = useState(false);

[33mThe symbol "pendingWaLink" has already been 
declared[33m
778|    const [confirmWhatsAppOpen, setConfirmWhatsAppOpen] 
= useState(false);
779|    const [pendingConvId, setPendingConvId] = 
useState<string | null>(null);
780|    const [pendingWaLink, setPendingWaLink] = 
useState<string | null>(null);
   |          ^
781|    const [isEditing, setIsEditing] = useState(false);
782|    const [editingBooking, setEditingBooking] = 
useState<EditBookingData | null>(null);

[33mThe symbol "setPendingWaLink" has already been 
declared[33m
778|    const [confirmWhatsAppOpen, setConfirmWhatsAppOpen] 
= useState(false);
779|    const [pendingConvId, setPendingConvId] = 
useState<string | null>(null);
780|    const [pendingWaLink, setPendingWaLink] = 
useState<string | null>(null);
   |          ^
781|    const [isEditing, setIsEditing] = useState(false);
782|    const [editingBooking, setEditingBooking] = 
useState<EditBookingData | null>(null);

[33mThe symbol "isEditing" has already been declared[33m
779|    const [pendingConvId, setPendingConvId] = 
useState<string | null>(null);
780|    const [pendingWaLink, setPendingWaLink] = 
useState<string | null>(null);
781|    const [isEditing, setIsEditing] = useState(false);
   |          ^
782|    const [editingBooking, setEditingBooking] = 
useState<EditBookingData | null>(null);
783|    const [isSurveyOpen, setIsSurveyOpen] = 
useState(false);

[33mThe symbol "setIsEditing" has already been declared[33m
779|    const [pendingConvId, setPendingConvId] = 
useState<string | null>(null);
780|    const [pendingWaLink, setPendingWaLink] = 
useState<string | null>(null);
781|    const [isEditing, setIsEditing] = useState(false);
   |          ^
782|    const [editingBooking, setEditingBooking] = 
useState<EditBookingData | null>(null);
783|    const [isSurveyOpen, setIsSurveyOpen] = 
useState(false);

[33mThe symbol "editingBooking" has already been 
declared[33m
780|    const [pendingWaLink, setPendingWaLink] = 
useState<string | null>(null);
781|    const [isEditing, setIsEditing] = useState(false);
782|    const [editingBooking, setEditingBooking] = 
useState<EditBookingData | null>(null);
   |          ^
783|    const [isSurveyOpen, setIsSurveyOpen] = 
useState(false);
784|    const [confirmWhatsAppOpen, setConfirmWhatsAppOpen] 
= useState(false);

[33mThe symbol "setEditingBooking" has already been 
declared[33m
780|    const [pendingWaLink, setPendingWaLink] = 
useState<string | null>(null);
781|    const [isEditing, setIsEditing] = useState(false);
782|    const [editingBooking, setEditingBooking] = 
useState<EditBookingData | null>(null);
   |          ^
783|    const [isSurveyOpen, setIsSurveyOpen] = 
useState(false);
784|    const [confirmWhatsAppOpen, setConfirmWhatsAppOpen] 
= useState(false);

[33mThe symbol "isSurveyOpen" has already been declared[33m
781|    const [isEditing, setIsEditing] = useState(false);
782|    const [editingBooking, setEditingBooking] = 
useState<EditBookingData | null>(null);
783|    const [isSurveyOpen, setIsSurveyOpen] = 
useState(false);
   |          ^
784|    const [confirmWhatsAppOpen, setConfirmWhatsAppOpen] 
= useState(false);
785|    const [pendingConvId, setPendingConvId] = 
useState<string | null>(null);

[33mThe symbol "setIsSurveyOpen" has already been 
declared[33m
781|    const [isEditing, setIsEditing] = useState(false);
782|    const [editingBooking, setEditingBooking] = 
useState<EditBookingData | null>(null);
783|    const [isSurveyOpen, setIsSurveyOpen] = 
useState(false);
   |          ^
784|    const [confirmWhatsAppOpen, setConfirmWhatsAppOpen] 
= useState(false);
785|    const [pendingConvId, setPendingConvId] = 
useState<string | null>(null);

[33mThe symbol "confirmWhatsAppOpen" has already been 
declared[33m
782|    const [editingBooking, setEditingBooking] = 
useState<EditBookingData | null>(null);
783|    const [isSurveyOpen, setIsSurveyOpen] = 
useState(false);
784|    const [confirmWhatsAppOpen, setConfirmWhatsAppOpen] 
= useState(false);
   |          ^
785|    const [pendingConvId, setPendingConvId] = 
useState<string | null>(null);
786|    const [pendingWaLink, setPendingWaLink] = 
useState<string | null>(null);

[33mThe symbol "setConfirmWhatsAppOpen" has already been 
declared[33m
782|    const [editingBooking, setEditingBooking] = 
useState<EditBookingData | null>(null);
783|    const [isSurveyOpen, setIsSurveyOpen] = 
useState(false);
784|    const [confirmWhatsAppOpen, setConfirmWhatsAppOpen] 
= useState(false);
   |          ^
785|    const [pendingConvId, setPendingConvId] = 
useState<string | null>(null);
786|    const [pendingWaLink, setPendingWaLink] = 
useState<string | null>(null);

[33mThe symbol "pendingConvId" has already been 
declared[33m
783|    const [isSurveyOpen, setIsSurveyOpen] = 
useState(false);
784|    const [confirmWhatsAppOpen, setConfirmWhatsAppOpen] 
= useState(false);
785|    const [pendingConvId, setPendingConvId] = 
useState<string | null>(null);
   |          ^
786|    const [pendingWaLink, setPendingWaLink] = 
useState<string | null>(null);
787|    const [isEditing, setIsEditing] = useState(false);

[33mThe symbol "setPendingConvId" has already been 
declared[33m
783|    const [isSurveyOpen, setIsSurveyOpen] = 
useState(false);
784|    const [confirmWhatsAppOpen, setConfirmWhatsAppOpen] 
= useState(false);
785|    const [pendingConvId, setPendingConvId] = 
useState<string | null>(null);
   |          ^
786|    const [pendingWaLink, setPendingWaLink] = 
useState<string | null>(null);
787|    const [isEditing, setIsEditing] = useState(false);

[33mThe symbol "pendingWaLink" has already been 
declared[33m
784|    const [confirmWhatsAppOpen, setConfirmWhatsAppOpen] 
= useState(false);
785|    const [pendingConvId, setPendingConvId] = 
useState<string | null>(null);
786|    const [pendingWaLink, setPendingWaLink] = 
useState<string | null>(null);
   |          ^
787|    const [isEditing, setIsEditing] = useState(false);
788|    const [editingBooking, setEditingBooking] = 
useState<EditBookingData | null>(null);

[33mThe symbol "setPendingWaLink" has already been 
declared[33m
784|    const [confirmWhatsAppOpen, setConfirmWhatsAppOpen] 
= useState(false);
785|    const [pendingConvId, setPendingConvId] = 
useState<string | null>(null);
786|    const [pendingWaLink, setPendingWaLink] = 
useState<string | null>(null);
   |          ^
787|    const [isEditing, setIsEditing] = useState(false);
788|    const [editingBooking, setEditingBooking] = 
useState<EditBookingData | null>(null);

[33mThe symbol "isEditing" has already been declared[33m
785|    const [pendingConvId, setPendingConvId] = 
useState<string | null>(null);
786|    const [pendingWaLink, setPendingWaLink] = 
useState<string | null>(null);
787|    const [isEditing, setIsEditing] = useState(false);
   |          ^
788|    const [editingBooking, setEditingBooking] = 
useState<EditBookingData | null>(null);
789|    const [isSurveyOpen, setIsSurveyOpen] = 
useState(false);

[33mThe symbol "setIsEditing" has already been declared[33m
785|    const [pendingConvId, setPendingConvId] = 
useState<string | null>(null);
786|    const [pendingWaLink, setPendingWaLink] = 
useState<string | null>(null);
787|    const [isEditing, setIsEditing] = useState(false);
   |          ^
788|    const [editingBooking, setEditingBooking] = 
useState<EditBookingData | null>(null);
789|    const [isSurveyOpen, setIsSurveyOpen] = 
useState(false);

[33mThe symbol "editingBooking" has already been 
declared[33m
786|    const [pendingWaLink, setPendingWaLink] = 
useState<string | null>(null);
787|    const [isEditing, setIsEditing] = useState(false);
788|    const [editingBooking, setEditingBooking] = 
useState<EditBookingData | null>(null);
   |          ^
789|    const [isSurveyOpen, setIsSurveyOpen] = 
useState(false);
790|    const [confirmWhatsAppOpen, setConfirmWhatsAppOpen] 
= useState(false);

[33mThe symbol "setEditingBooking" has already been 
declared[33m
786|    const [pendingWaLink, setPendingWaLink] = 
useState<string | null>(null);
787|    const [isEditing, setIsEditing] = useState(false);
788|    const [editingBooking, setEditingBooking] = 
useState<EditBookingData | null>(null);
   |          ^
789|    const [isSurveyOpen, setIsSurveyOpen] = 
useState(false);
790|    const [confirmWhatsAppOpen, setConfirmWhatsAppOpen] 
= useState(false);

[33mThe symbol "isSurveyOpen" has already been declared[33m
787|    const [isEditing, setIsEditing] = useState(false);
788|    const [editingBooking, setEditingBooking] = 
useState<EditBookingData | null>(null);
789|    const [isSurveyOpen, setIsSurveyOpen] = 
useState(false);
   |          ^
790|    const [confirmWhatsAppOpen, setConfirmWhatsAppOpen] 
= useState(false);
791|    const [pendingConvId, setPendingConvId] = 
useState<string | null>(null);

[33mThe symbol "setIsSurveyOpen" has already been 
declared[33m
787|    const [isEditing, setIsEditing] = useState(false);
788|    const [editingBooking, setEditingBooking] = 
useState<EditBookingData | null>(null);
789|    const [isSurveyOpen, setIsSurveyOpen] = 
useState(false);
   |          ^
790|    const [confirmWhatsAppOpen, setConfirmWhatsAppOpen] 
= useState(false);
791|    const [pendingConvId, setPendingConvId] = 
useState<string | null>(null);

[33mThe symbol "confirmWhatsAppOpen" has already been 
declared[33m
788|    const [editingBooking, setEditingBooking] = 
useState<EditBookingData | null>(null);
789|    const [isSurveyOpen, setIsSurveyOpen] = 
useState(false);
790|    const [confirmWhatsAppOpen, setConfirmWhatsAppOpen] 
= useState(false);
   |          ^
791|    const [pendingConvId, setPendingConvId] = 
useState<string | null>(null);
792|    const [pendingWaLink, setPendingWaLink] = 
useState<string | null>(null);

[33mThe symbol "setConfirmWhatsAppOpen" has already been 
declared[33m
788|    const [editingBooking, setEditingBooking] = 
useState<EditBookingData | null>(null);
789|    const [isSurveyOpen, setIsSurveyOpen] = 
useState(false);
790|    const [confirmWhatsAppOpen, setConfirmWhatsAppOpen] 
= useState(false);
   |          ^
791|    const [pendingConvId, setPendingConvId] = 
useState<string | null>(null);
792|    const [pendingWaLink, setPendingWaLink] = 
useState<string | null>(null);

[33mThe symbol "pendingConvId" has already been 
declared[33m
789|    const [isSurveyOpen, setIsSurveyOpen] = 
useState(false);
790|    const [confirmWhatsAppOpen, setConfirmWhatsAppOpen] 
= useState(false);
791|    const [pendingConvId, setPendingConvId] = 
useState<string | null>(null);
   |          ^
792|    const [pendingWaLink, setPendingWaLink] = 
useState<string | null>(null);
793|    const [isEditing, setIsEditing] = useState(false);

[33mThe symbol "setPendingConvId" has already been 
declared[33m
789|    const [isSurveyOpen, setIsSurveyOpen] = 
useState(false);
790|    const [confirmWhatsAppOpen, setConfirmWhatsAppOpen] 
= useState(false);
791|    const [pendingConvId, setPendingConvId] = 
useState<string | null>(null);
   |          ^
792|    const [pendingWaLink, setPendingWaLink] = 
useState<string | null>(null);
793|    const [isEditing, setIsEditing] = useState(false);

[33mThe symbol "pendingWaLink" has already been 
declared[33m
790|    const [confirmWhatsAppOpen, setConfirmWhatsAppOpen] 
= useState(false);
791|    const [pendingConvId, setPendingConvId] = 
useState<string | null>(null);
792|    const [pendingWaLink, setPendingWaLink] = 
useState<string | null>(null);
   |          ^
793|    const [isEditing, setIsEditing] = useState(false);
794|    const [editingBooking, setEditingBooking] = 
useState<EditBookingData | null>(null);

[33mThe symbol "setPendingWaLink" has already been 
declared[33m
790|    const [confirmWhatsAppOpen, setConfirmWhatsAppOpen] 
= useState(false);
791|    const [pendingConvId, setPendingConvId] = 
useState<string | null>(null);
792|    const [pendingWaLink, setPendingWaLink] = 
useState<string | null>(null);
   |          ^
793|    const [isEditing, setIsEditing] = useState(false);
794|    const [editingBooking, setEditingBooking] = 
useState<EditBookingData | null>(null);

[33mThe symbol "isEditing" has already been declared[33m
791|    const [pendingConvId, setPendingConvId] = 
useState<string | null>(null);
792|    const [pendingWaLink, setPendingWaLink] = 
useState<string | null>(null);
793|    const [isEditing, setIsEditing] = useState(false);
   |          ^
794|    const [editingBooking, setEditingBooking] = 
useState<EditBookingData | null>(null);
795|    const [isSurveyOpen, setIsSurveyOpen] = 
useState(false);

[33mThe symbol "setIsEditing" has already been declared[33m
791|    const [pendingConvId, setPendingConvId] = 
useState<string | null>(null);
792|    const [pendingWaLink, setPendingWaLink] = 
useState<string | null>(null);
793|    const [isEditing, setIsEditing] = useState(false);
   |          ^
794|    const [editingBooking, setEditingBooking] = 
useState<EditBookingData | null>(null);
795|    const [isSurveyOpen, setIsSurveyOpen] = 
useState(false);

[33mThe symbol "editingBooking" has already been 
declared[33m
792|    const [pendingWaLink, setPendingWaLink] = 
useState<string | null>(null);
793|    const [isEditing, setIsEditing] = useState(false);
794|    const [editingBooking, setEditingBooking] = 
useState<EditBookingData | null>(null);
   |          ^
795|    const [isSurveyOpen, setIsSurveyOpen] = 
useState(false);
796|    const [confirmWhatsAppOpen, setConfirmWhatsAppOpen] 
= useState(false);

[33mThe symbol "setEditingBooking" has already been 
declared[33m
792|    const [pendingWaLink, setPendingWaLink] = 
useState<string | null>(null);
793|    const [isEditing, setIsEditing] = useState(false);
794|    const [editingBooking, setEditingBooking] = 
useState<EditBookingData | null>(null);
   |          ^
795|    const [isSurveyOpen, setIsSurveyOpen] = 
useState(false);
796|    const [confirmWhatsAppOpen, setConfirmWhatsAppOpen] 
= useState(false);

[33mThe symbol "isSurveyOpen" has already been declared[33m
793|    const [isEditing, setIsEditing] = useState(false);
794|    const [editingBooking, setEditingBooking] = 
useState<EditBookingData | null>(null);
795|    const [isSurveyOpen, setIsSurveyOpen] = 
useState(false);
   |          ^
796|    const [confirmWhatsAppOpen, setConfirmWhatsAppOpen] 
= useState(false);
797|    const [pendingConvId, setPendingConvId] = 
useState<string | null>(null);

[33mThe symbol "setIsSurveyOpen" has already been 
declared[33m
793|    const [isEditing, setIsEditing] = useState(false);
794|    const [editingBooking, setEditingBooking] = 
useState<EditBookingData | null>(null);
795|    const [isSurveyOpen, setIsSurveyOpen] = 
useState(false);
   |          ^
796|    const [confirmWhatsAppOpen, setConfirmWhatsAppOpen] 
= useState(false);
797|    const [pendingConvId, setPendingConvId] = 
useState<string | null>(null);

[33mThe symbol "confirmWhatsAppOpen" has already been 
declared[33m
794|    const [editingBooking, setEditingBooking] = 
useState<EditBookingData | null>(null);
795|    const [isSurveyOpen, setIsSurveyOpen] = 
useState(false);
796|    const [confirmWhatsAppOpen, setConfirmWhatsAppOpen] 
= useState(false);
   |          ^
797|    const [pendingConvId, setPendingConvId] = 
useState<string | null>(null);
798|    const [pendingWaLink, setPendingWaLink] = 
useState<string | null>(null);

[33mThe symbol "setConfirmWhatsAppOpen" has already been 
declared[33m
794|    const [editingBooking, setEditingBooking] = 
useState<EditBookingData | null>(null);
795|    const [isSurveyOpen, setIsSurveyOpen] = 
useState(false);
796|    const [confirmWhatsAppOpen, setConfirmWhatsAppOpen] 
= useState(false);
   |          ^
797|    const [pendingConvId, setPendingConvId] = 
useState<string | null>(null);
798|    const [pendingWaLink, setPendingWaLink] = 
useState<string | null>(null);

[33mThe symbol "pendingConvId" has already been 
declared[33m
795|    const [isSurveyOpen, setIsSurveyOpen] = 
useState(false);
796|    const [confirmWhatsAppOpen, setConfirmWhatsAppOpen] 
= useState(false);
797|    const [pendingConvId, setPendingConvId] = 
useState<string | null>(null);
   |          ^
798|    const [pendingWaLink, setPendingWaLink] = 
useState<string | null>(null);
799|    const [isEditing, setIsEditing] = useState(false);

[33mThe symbol "setPendingConvId" has already been 
declared[33m
795|    const [isSurveyOpen, setIsSurveyOpen] = 
useState(false);
796|    const [confirmWhatsAppOpen, setConfirmWhatsAppOpen] 
= useState(false);
797|    const [pendingConvId, setPendingConvId] = 
useState<string | null>(null);
   |          ^
798|    const [pendingWaLink, setPendingWaLink] = 
useState<string | null>(null);
799|    const [isEditing, setIsEditing] = useState(false);

[33mThe symbol "pendingWaLink" has already been 
declared[33m
796|    const [confirmWhatsAppOpen, setConfirmWhatsAppOpen] 
= useState(false);
797|    const [pendingConvId, setPendingConvId] = 
useState<string | null>(null);
798|    const [pendingWaLink, setPendingWaLink] = 
useState<string | null>(null);
   |          ^
799|    const [isEditing, setIsEditing] = useState(false);
800|    const [editingBooking, setEditingBooking] = 
useState<EditBookingData | null>(null);

[33mThe symbol "setPendingWaLink" has already been 
declared[33m
796|    const [confirmWhatsAppOpen, setConfirmWhatsAppOpen] 
= useState(false);
797|    const [pendingConvId, setPendingConvId] = 
useState<string | null>(null);
798|    const [pendingWaLink, setPendingWaLink] = 
useState<string | null>(null);
   |          ^
799|    const [isEditing, setIsEditing] = useState(false);
800|    const [editingBooking, setEditingBooking] = 
useState<EditBookingData | null>(null);

[33mThe symbol "isEditing" has already been declared[33m
797|    const [pendingConvId, setPendingConvId] = 
useState<string | null>(null);
798|    const [pendingWaLink, setPendingWaLink] = 
useState<string | null>(null);
799|    const [isEditing, setIsEditing] = useState(false);
   |          ^
800|    const [editingBooking, setEditingBooking] = 
useState<EditBookingData | null>(null);
801|    const [isSurveyOpen, setIsSurveyOpen] = 
useState(false);

[33mThe symbol "setIsEditing" has already been declared[33m
797|    const [pendingConvId, setPendingConvId] = 
useState<string | null>(null);
798|    const [pendingWaLink, setPendingWaLink] = 
useState<string | null>(null);
799|    const [isEditing, setIsEditing] = useState(false);
   |          ^
800|    const [editingBooking, setEditingBooking] = 
useState<EditBookingData | null>(null);
801|    const [isSurveyOpen, setIsSurveyOpen] = 
useState(false);

[33mThe symbol "editingBooking" has already been 
declared[33m
798|    const [pendingWaLink, setPendingWaLink] = 
useState<string | null>(null);
799|    const [isEditing, setIsEditing] = useState(false);
800|    const [editingBooking, setEditingBooking] = 
useState<EditBookingData | null>(null);
   |          ^
801|    const [isSurveyOpen, setIsSurveyOpen] = 
useState(false);
802|    const [confirmWhatsAppOpen, setConfirmWhatsAppOpen] 
= useState(false);

[33mThe symbol "setEditingBooking" has already been 
declared[33m
798|    const [pendingWaLink, setPendingWaLink] = 
useState<string | null>(null);
799|    const [isEditing, setIsEditing] = useState(false);
800|    const [editingBooking, setEditingBooking] = 
useState<EditBookingData | null>(null);
   |          ^
801|    const [isSurveyOpen, setIsSurveyOpen] = 
useState(false);
802|    const [confirmWhatsAppOpen, setConfirmWhatsAppOpen] 
= useState(false);

[33mThe symbol "isSurveyOpen" has already been declared[33m
799|    const [isEditing, setIsEditing] = useState(false);
800|    const [editingBooking, setEditingBooking] = 
useState<EditBookingData | null>(null);
801|    const [isSurveyOpen, setIsSurveyOpen] = 
useState(false);
   |          ^
802|    const [confirmWhatsAppOpen, setConfirmWhatsAppOpen] 
= useState(false);
803|    const [pendingConvId, setPendingConvId] = 
useState<string | null>(null);

[33mThe symbol "setIsSurveyOpen" has already been 
declared[33m
799|    const [isEditing, setIsEditing] = useState(false);
800|    const [editingBooking, setEditingBooking] = 
useState<EditBookingData | null>(null);
801|    const [isSurveyOpen, setIsSurveyOpen] = 
useState(false);
   |          ^
802|    const [confirmWhatsAppOpen, setConfirmWhatsAppOpen] 
= useState(false);
803|    const [pendingConvId, setPendingConvId] = 
useState<string | null>(null);

[33mThe symbol "confirmWhatsAppOpen" has already been 
declared[33m
800|    const [editingBooking, setEditingBooking] = 
useState<EditBookingData | null>(null);
801|    const [isSurveyOpen, setIsSurveyOpen] = 
useState(false);
802|    const [confirmWhatsAppOpen, setConfirmWhatsAppOpen] 
= useState(false);
   |          ^
803|    const [pendingConvId, setPendingConvId] = 
useState<string | null>(null);
804|    const [pendingWaLink, setPendingWaLink] = 
useState<string | null>(null);

[33mThe symbol "setConfirmWhatsAppOpen" has already been 
declared[33m
800|    const [editingBooking, setEditingBooking] = 
useState<EditBookingData | null>(null);
801|    const [isSurveyOpen, setIsSurveyOpen] = 
useState(false);
802|    const [confirmWhatsAppOpen, setConfirmWhatsAppOpen] 
= useState(false);
   |          ^
803|    const [pendingConvId, setPendingConvId] = 
useState<string | null>(null);
804|    const [pendingWaLink, setPendingWaLink] = 
useState<string | null>(null);

[33mThe symbol "pendingConvId" has already been 
declared[33m
801|    const [isSurveyOpen, setIsSurveyOpen] = 
useState(false);
802|    const [confirmWhatsAppOpen, setConfirmWhatsAppOpen] 
= useState(false);
803|    const [pendingConvId, setPendingConvId] = 
useState<string | null>(null);
   |          ^
804|    const [pendingWaLink, setPendingWaLink] = 
useState<string | null>(null);
805|    const [isEditing, setIsEditing] = useState(false);

[33mThe symbol "setPendingConvId" has already been 
declared[33m
801|    const [isSurveyOpen, setIsSurveyOpen] = 
useState(false);
802|    const [confirmWhatsAppOpen, setConfirmWhatsAppOpen] 
= useState(false);
803|    const [pendingConvId, setPendingConvId] = 
useState<string | null>(null);
   |          ^
804|    const [pendingWaLink, setPendingWaLink] = 
useState<string | null>(null);
805|    const [isEditing, setIsEditing] = useState(false);

[33mThe symbol "pendingWaLink" has already been 
declared[33m
802|    const [confirmWhatsAppOpen, setConfirmWhatsAppOpen] 
= useState(false);
803|    const [pendingConvId, setPendingConvId] = 
useState<string | null>(null);
804|    const [pendingWaLink, setPendingWaLink] = 
useState<string | null>(null);
   |          ^
805|    const [isEditing, setIsEditing] = useState(false);
806|    const [editingBooking, setEditingBooking] = 
useState<EditBookingData | null>(null);

[33mThe symbol "setPendingWaLink" has already been 
declared[33m
802|    const [confirmWhatsAppOpen, setConfirmWhatsAppOpen] 
= useState(false);
803|    const [pendingConvId, setPendingConvId] = 
useState<string | null>(null);
804|    const [pendingWaLink, setPendingWaLink] = 
useState<string | null>(null);
   |          ^
805|    const [isEditing, setIsEditing] = useState(false);
806|    const [editingBooking, setEditingBooking] = 
useState<EditBookingData | null>(null);

[33mThe symbol "isEditing" has already been declared[33m
803|    const [pendingConvId, setPendingConvId] = 
useState<string | null>(null);
804|    const [pendingWaLink, setPendingWaLink] = 
useState<string | null>(null);
805|    const [isEditing, setIsEditing] = useState(false);
   |          ^
806|    const [editingBooking, setEditingBooking] = 
useState<EditBookingData | null>(null);
807|    const [isSurveyOpen, setIsSurveyOpen] = 
useState(false);

[33mThe symbol "setIsEditing" has already been declared[33m
803|    const [pendingConvId, setPendingConvId] = 
useState<string | null>(null);
804|    const [pendingWaLink, setPendingWaLink] = 
useState<string | null>(null);
805|    const [isEditing, setIsEditing] = useState(false);
   |          ^
806|    const [editingBooking, setEditingBooking] = 
useState<EditBookingData | null>(null);
807|    const [isSurveyOpen, setIsSurveyOpen] = 
useState(false);

[33mThe symbol "editingBooking" has already been 
declared[33m
804|    const [pendingWaLink, setPendingWaLink] = 
useState<string | null>(null);
805|    const [isEditing, setIsEditing] = useState(false);
806|    const [editingBooking, setEditingBooking] = 
useState<EditBookingData | null>(null);
   |          ^
807|    const [isSurveyOpen, setIsSurveyOpen] = 
useState(false);
808|    const [confirmWhatsAppOpen, setConfirmWhatsAppOpen] 
= useState(false);

[33mThe symbol "setEditingBooking" has already been 
declared[33m
804|    const [pendingWaLink, setPendingWaLink] = 
useState<string | null>(null);
805|    const [isEditing, setIsEditing] = useState(false);
806|    const [editingBooking, setEditingBooking] = 
useState<EditBookingData | null>(null);
   |          ^
807|    const [isSurveyOpen, setIsSurveyOpen] = 
useState(false);
808|    const [confirmWhatsAppOpen, setConfirmWhatsAppOpen] 
= useState(false);

[33mThe symbol "isSurveyOpen" has already been declared[33m
805|    const [isEditing, setIsEditing] = useState(false);
806|    const [editingBooking, setEditingBooking] = 
useState<EditBookingData | null>(null);
807|    const [isSurveyOpen, setIsSurveyOpen] = 
useState(false);
   |          ^
808|    const [confirmWhatsAppOpen, setConfirmWhatsAppOpen] 
= useState(false);
809|    const [pendingConvId, setPendingConvId] = 
useState<string | null>(null);

[33mThe symbol "setIsSurveyOpen" has already been 
declared[33m
805|    const [isEditing, setIsEditing] = useState(false);
806|    const [editingBooking, setEditingBooking] = 
useState<EditBookingData | null>(null);
807|    const [isSurveyOpen, setIsSurveyOpen] = 
useState(false);
   |          ^
808|    const [confirmWhatsAppOpen, setConfirmWhatsAppOpen] 
= useState(false);
809|    const [pendingConvId, setPendingConvId] = 
useState<string | null>(null);

[33mThe symbol "confirmWhatsAppOpen" has already been 
declared[33m
806|    const [editingBooking, setEditingBooking] = 
useState<EditBookingData | null>(null);
807|    const [isSurveyOpen, setIsSurveyOpen] = 
useState(false);
808|    const [confirmWhatsAppOpen, setConfirmWhatsAppOpen] 
= useState(false);
   |          ^
809|    const [pendingConvId, setPendingConvId] = 
useState<string | null>(null);
810|    const [pendingWaLink, setPendingWaLink] = 
useState<string | null>(null);

[33mThe symbol "setConfirmWhatsAppOpen" has already been 
declared[33m
806|    const [editingBooking, setEditingBooking] = 
useState<EditBookingData | null>(null);
807|    const [isSurveyOpen, setIsSurveyOpen] = 
useState(false);
808|    const [confirmWhatsAppOpen, setConfirmWhatsAppOpen] 
= useState(false);
   |          ^
809|    const [pendingConvId, setPendingConvId] = 
useState<string | null>(null);
810|    const [pendingWaLink, setPendingWaLink] = 
useState<string | null>(null);

[33mThe symbol "pendingConvId" has already been 
declared[33m
807|    const [isSurveyOpen, setIsSurveyOpen] = 
useState(false);
808|    const [confirmWhatsAppOpen, setConfirmWhatsAppOpen] 
= useState(false);
809|    const [pendingConvId, setPendingConvId] = 
useState<string | null>(null);
   |          ^
810|    const [pendingWaLink, setPendingWaLink] = 
useState<string | null>(null);
811|    const [isEditing, setIsEditing] = useState(false);

[33mThe symbol "setPendingConvId" has already been 
declared[33m
807|    const [isSurveyOpen, setIsSurveyOpen] = 
useState(false);
808|    const [confirmWhatsAppOpen, setConfirmWhatsAppOpen] 
= useState(false);
809|    const [pendingConvId, setPendingConvId] = 
useState<string | null>(null);
   |          ^
810|    const [pendingWaLink, setPendingWaLink] = 
useState<string | null>(null);
811|    const [isEditing, setIsEditing] = useState(false);

[33mThe symbol "pendingWaLink" has already been 
declared[33m
808|    const [confirmWhatsAppOpen, setConfirmWhatsAppOpen] 
= useState(false);
809|    const [pendingConvId, setPendingConvId] = 
useState<string | null>(null);
810|    const [pendingWaLink, setPendingWaLink] = 
useState<string | null>(null);
   |          ^
811|    const [isEditing, setIsEditing] = useState(false);
812|    const [editingBooking, setEditingBooking] = 
useState<EditBookingData | null>(null);

[33mThe symbol "setPendingWaLink" has already been 
declared[33m
808|    const [confirmWhatsAppOpen, setConfirmWhatsAppOpen] 
= useState(false);
809|    const [pendingConvId, setPendingConvId] = 
useState<string | null>(null);
810|    const [pendingWaLink, setPendingWaLink] = 
useState<string | null>(null);
   |          ^
811|    const [isEditing, setIsEditing] = useState(false);
812|    const [editingBooking, setEditingBooking] = 
useState<EditBookingData | null>(null);

[33mThe symbol "isEditing" has already been declared[33m
809|    const [pendingConvId, setPendingConvId] = 
useState<string | null>(null);
810|    const [pendingWaLink, setPendingWaLink] = 
useState<string | null>(null);
811|    const [isEditing, setIsEditing] = useState(false);
   |          ^
812|    const [editingBooking, setEditingBooking] = 
useState<EditBookingData | null>(null);
813|    const [isSurveyOpen, setIsSurveyOpen] = 
useState(false);

[33mThe symbol "setIsEditing" has already been declared[33m
809|    const [pendingConvId, setPendingConvId] = 
useState<string | null>(null);
810|    const [pendingWaLink, setPendingWaLink] = 
useState<string | null>(null);
811|    const [isEditing, setIsEditing] = useState(false);
   |          ^
812|    const [editingBooking, setEditingBooking] = 
useState<EditBookingData | null>(null);
813|    const [isSurveyOpen, setIsSurveyOpen] = 
useState(false);

[33mThe symbol "editingBooking" has already been 
declared[33m
810|    const [pendingWaLink, setPendingWaLink] = 
useState<string | null>(null);
811|    const [isEditing, setIsEditing] = useState(false);
812|    const [editingBooking, setEditingBooking] = 
useState<EditBookingData | null>(null);
   |          ^
813|    const [isSurveyOpen, setIsSurveyOpen] = 
useState(false);
814|    const [confirmWhatsAppOpen, setConfirmWhatsAppOpen] 
= useState(false);

[33mThe symbol "setEditingBooking" has already been 
declared[33m
810|    const [pendingWaLink, setPendingWaLink] = 
useState<string | null>(null);
811|    const [isEditing, setIsEditing] = useState(false);
812|    const [editingBooking, setEditingBooking] = 
useState<EditBookingData | null>(null);
   |          ^
813|    const [isSurveyOpen, setIsSurveyOpen] = 
useState(false);
814|    const [confirmWhatsAppOpen, setConfirmWhatsAppOpen] 
= useState(false);

[33mThe symbol "isSurveyOpen" has already been declared[33m
811|    const [isEditing, setIsEditing] = useState(false);
812|    const [editingBooking, setEditingBooking] = 
useState<EditBookingData | null>(null);
813|    const [isSurveyOpen, setIsSurveyOpen] = 
useState(false);
   |          ^
814|    const [confirmWhatsAppOpen, setConfirmWhatsAppOpen] 
= useState(false);
815|    const [pendingConvId, setPendingConvId] = 
useState<string | null>(null);

[33mThe symbol "setIsSurveyOpen" has already been 
declared[33m
811|    const [isEditing, setIsEditing] = useState(false);
812|    const [editingBooking, setEditingBooking] = 
useState<EditBookingData | null>(null);
813|    const [isSurveyOpen, setIsSurveyOpen] = 
useState(false);
   |          ^
814|    const [confirmWhatsAppOpen, setConfirmWhatsAppOpen] 
= useState(false);
815|    const [pendingConvId, setPendingConvId] = 
useState<string | null>(null);

[33mThe symbol "confirmWhatsAppOpen" has already been 
declared[33m
812|    const [editingBooking, setEditingBooking] = 
useState<EditBookingData | null>(null);
813|    const [isSurveyOpen, setIsSurveyOpen] = 
useState(false);
814|    const [confirmWhatsAppOpen, setConfirmWhatsAppOpen] 
= useState(false);
   |          ^
815|    const [pendingConvId, setPendingConvId] = 
useState<string | null>(null);
816|    const [pendingWaLink, setPendingWaLink] = 
useState<string | null>(null);

[33mThe symbol "setConfirmWhatsAppOpen" has already been 
declared[33m
812|    const [editingBooking, setEditingBooking] = 
useState<EditBookingData | null>(null);
813|    const [isSurveyOpen, setIsSurveyOpen] = 
useState(false);
814|    const [confirmWhatsAppOpen, setConfirmWhatsAppOpen] 
= useState(false);
   |          ^
815|    const [pendingConvId, setPendingConvId] = 
useState<string | null>(null);
816|    const [pendingWaLink, setPendingWaLink] = 
useState<string | null>(null);

[33mThe symbol "pendingConvId" has already been 
declared[33m
813|    const [isSurveyOpen, setIsSurveyOpen] = 
useState(false);
814|    const [confirmWhatsAppOpen, setConfirmWhatsAppOpen] 
= useState(false);
815|    const [pendingConvId, setPendingConvId] = 
useState<string | null>(null);
   |          ^
816|    const [pendingWaLink, setPendingWaLink] = 
useState<string | null>(null);
817|    const [isEditing, setIsEditing] = useState(false);

[33mThe symbol "setPendingConvId" has already been 
declared[33m
813|    const [isSurveyOpen, setIsSurveyOpen] = 
useState(false);
814|    const [confirmWhatsAppOpen, setConfirmWhatsAppOpen] 
= useState(false);
815|    const [pendingConvId, setPendingConvId] = 
useState<string | null>(null);
   |          ^
816|    const [pendingWaLink, setPendingWaLink] = 
useState<string | null>(null);
817|    const [isEditing, setIsEditing] = useState(false);

[33mThe symbol "pendingWaLink" has already been 
declared[33m
814|    const [confirmWhatsAppOpen, setConfirmWhatsAppOpen] 
= useState(false);
815|    const [pendingConvId, setPendingConvId] = 
useState<string | null>(null);
816|    const [pendingWaLink, setPendingWaLink] = 
useState<string | null>(null);
   |          ^
817|    const [isEditing, setIsEditing] = useState(false);
818|    const [editingBooking, setEditingBooking] = 
useState<EditBookingData | null>(null);

[33mThe symbol "setPendingWaLink" has already been 
declared[33m
814|    const [confirmWhatsAppOpen, setConfirmWhatsAppOpen] 
= useState(false);
815|    const [pendingConvId, setPendingConvId] = 
useState<string | null>(null);
816|    const [pendingWaLink, setPendingWaLink] = 
useState<string | null>(null);
   |          ^
817|    const [isEditing, setIsEditing] = useState(false);
818|    const [editingBooking, setEditingBooking] = 
useState<EditBookingData | null>(null);

[33mThe symbol "isEditing" has already been declared[33m
815|    const [pendingConvId, setPendingConvId] = 
useState<string | null>(null);
816|    const [pendingWaLink, setPendingWaLink] = 
useState<string | null>(null);
817|    const [isEditing, setIsEditing] = useState(false);
   |          ^
818|    const [editingBooking, setEditingBooking] = 
useState<EditBookingData | null>(null);
819|    const [isSurveyOpen, setIsSurveyOpen] = 
useState(false);

[33mThe symbol "setIsEditing" has already been declared[33m
815|    const [pendingConvId, setPendingConvId] = 
useState<string | null>(null);
816|    const [pendingWaLink, setPendingWaLink] = 
useState<string | null>(null);
817|    const [isEditing, setIsEditing] = useState(false);
   |          ^
818|    const [editingBooking, setEditingBooking] = 
useState<EditBookingData | null>(null);
819|    const [isSurveyOpen, setIsSurveyOpen] = 
useState(false);

[33mThe symbol "editingBooking" has already been 
declared[33m
816|    const [pendingWaLink, setPendingWaLink] = 
useState<string | null>(null);
817|    const [isEditing, setIsEditing] = useState(false);
818|    const [editingBooking, setEditingBooking] = 
useState<EditBookingData | null>(null);
   |          ^
819|    const [isSurveyOpen, setIsSurveyOpen] = 
useState(false);
820|    const [confirmWhatsAppOpen, setConfirmWhatsAppOpen] 
= useState(false);

[33mThe symbol "setEditingBooking" has already been 
declared[33m
816|    const [pendingWaLink, setPendingWaLink] = 
useState<string | null>(null);
817|    const [isEditing, setIsEditing] = useState(false);
818|    const [editingBooking, setEditingBooking] = 
useState<EditBookingData | null>(null);
   |          ^
819|    const [isSurveyOpen, setIsSurveyOpen] = 
useState(false);
820|    const [confirmWhatsAppOpen, setConfirmWhatsAppOpen] 
= useState(false);

[33mThe symbol "isSurveyOpen" has already been declared[33m
817|    const [isEditing, setIsEditing] = useState(false);
818|    const [editingBooking, setEditingBooking] = 
useState<EditBookingData | null>(null);
819|    const [isSurveyOpen, setIsSurveyOpen] = 
useState(false);
   |          ^
820|    const [confirmWhatsAppOpen, setConfirmWhatsAppOpen] 
= useState(false);
821|    const [pendingConvId, setPendingConvId] = 
useState<string | null>(null);

[33mThe symbol "setIsSurveyOpen" has already been 
declared[33m
817|    const [isEditing, setIsEditing] = useState(false);
818|    const [editingBooking, setEditingBooking] = 
useState<EditBookingData | null>(null);
819|    const [isSurveyOpen, setIsSurveyOpen] = 
useState(false);
   |          ^
820|    const [confirmWhatsAppOpen, setConfirmWhatsAppOpen] 
= useState(false);
821|    const [pendingConvId, setPendingConvId] = 
useState<string | null>(null);

[33mThe symbol "confirmWhatsAppOpen" has already been 
declared[33m
818|    const [editingBooking, setEditingBooking] = 
useState<EditBookingData | null>(null);
819|    const [isSurveyOpen, setIsSurveyOpen] = 
useState(false);
820|    const [confirmWhatsAppOpen, setConfirmWhatsAppOpen] 
= useState(false);
   |          ^
821|    const [pendingConvId, setPendingConvId] = 
useState<string | null>(null);
822|    const [pendingWaLink, setPendingWaLink] = 
useState<string | null>(null);

[33mThe symbol "setConfirmWhatsAppOpen" has already been 
declared[33m
818|    const [editingBooking, setEditingBooking] = 
useState<EditBookingData | null>(null);
819|    const [isSurveyOpen, setIsSurveyOpen] = 
useState(false);
820|    const [confirmWhatsAppOpen, setConfirmWhatsAppOpen] 
= useState(false);
   |          ^
821|    const [pendingConvId, setPendingConvId] = 
useState<string | null>(null);
822|    const [pendingWaLink, setPendingWaLink] = 
useState<string | null>(null);

[33mThe symbol "pendingConvId" has already been 
declared[33m
819|    const [isSurveyOpen, setIsSurveyOpen] = 
useState(false);
820|    const [confirmWhatsAppOpen, setConfirmWhatsAppOpen] 
= useState(false);
821|    const [pendingConvId, setPendingConvId] = 
useState<string | null>(null);
   |          ^
822|    const [pendingWaLink, setPendingWaLink] = 
useState<string | null>(null);
823|    const [isEditing, setIsEditing] = useState(false);

[33mThe symbol "setPendingConvId" has already been 
declared[33m
819|    const [isSurveyOpen, setIsSurveyOpen] = 
useState(false);
820|    const [confirmWhatsAppOpen, setConfirmWhatsAppOpen] 
= useState(false);
821|    const [pendingConvId, setPendingConvId] = 
useState<string | null>(null);
   |          ^
822|    const [pendingWaLink, setPendingWaLink] = 
useState<string | null>(null);
823|    const [isEditing, setIsEditing] = useState(false);

[33mThe symbol "pendingWaLink" has already been 
declared[33m
820|    const [confirmWhatsAppOpen, setConfirmWhatsAppOpen] 
= useState(false);
821|    const [pendingConvId, setPendingConvId] = 
useState<string | null>(null);
822|    const [pendingWaLink, setPendingWaLink] = 
useState<string | null>(null);
   |          ^
823|    const [isEditing, setIsEditing] = useState(false);
824|    const [editingBooking, setEditingBooking] = 
useState<EditBookingData | null>(null);

[33mThe symbol "setPendingWaLink" has already been 
declared[33m
820|    const [confirmWhatsAppOpen, setConfirmWhatsAppOpen] 
= useState(false);
821|    const [pendingConvId, setPendingConvId] = 
useState<string | null>(null);
822|    const [pendingWaLink, setPendingWaLink] = 
useState<string | null>(null);
   |          ^
823|    const [isEditing, setIsEditing] = useState(false);
824|    const [editingBooking, setEditingBooking] = 
useState<EditBookingData | null>(null);

[33mThe symbol "isEditing" has already been declared[33m
821|    const [pendingConvId, setPendingConvId] = 
useState<string | null>(null);
822|    const [pendingWaLink, setPendingWaLink] = 
useState<string | null>(null);
823|    const [isEditing, setIsEditing] = useState(false);
   |          ^
824|    const [editingBooking, setEditingBooking] = 
useState<EditBookingData | null>(null);
825|    const [isSurveyOpen, setIsSurveyOpen] = 
useState(false);

[33mThe symbol "setIsEditing" has already been declared[33m
821|    const [pendingConvId, setPendingConvId] = 
useState<string | null>(null);
822|    const [pendingWaLink, setPendingWaLink] = 
useState<string | null>(null);
823|    const [isEditing, setIsEditing] = useState(false);
   |          ^
824|    const [editingBooking, setEditingBooking] = 
useState<EditBookingData | null>(null);
825|    const [isSurveyOpen, setIsSurveyOpen] = 
useState(false);

[33mThe symbol "editingBooking" has already been 
declared[33m
822|    const [pendingWaLink, setPendingWaLink] = 
useState<string | null>(null);
823|    const [isEditing, setIsEditing] = useState(false);
824|    const [editingBooking, setEditingBooking] = 
useState<EditBookingData | null>(null);
   |          ^
825|    const [isSurveyOpen, setIsSurveyOpen] = 
useState(false);
826|    const [confirmWhatsAppOpen, setConfirmWhatsAppOpen] 
= useState(false);

[33mThe symbol "setEditingBooking" has already been 
declared[33m
822|    const [pendingWaLink, setPendingWaLink] = 
useState<string | null>(null);
823|    const [isEditing, setIsEditing] = useState(false);
824|    const [editingBooking, setEditingBooking] = 
useState<EditBookingData | null>(null);
   |          ^
825|    const [isSurveyOpen, setIsSurveyOpen] = 
useState(false);
826|    const [confirmWhatsAppOpen, setConfirmWhatsAppOpen] 
= useState(false);

[33mThe symbol "isSurveyOpen" has already been declared[33m
823|    const [isEditing, setIsEditing] = useState(false);
824|    const [editingBooking, setEditingBooking] = 
useState<EditBookingData | null>(null);
825|    const [isSurveyOpen, setIsSurveyOpen] = 
useState(false);
   |          ^
826|    const [confirmWhatsAppOpen, setConfirmWhatsAppOpen] 
= useState(false);
827|    const [pendingConvId, setPendingConvId] = 
useState<string | null>(null);

[33mThe symbol "setIsSurveyOpen" has already been 
declared[33m
823|    const [isEditing, setIsEditing] = useState(false);
824|    const [editingBooking, setEditingBooking] = 
useState<EditBookingData | null>(null);
825|    const [isSurveyOpen, setIsSurveyOpen] = 
useState(false);
   |          ^
826|    const [confirmWhatsAppOpen, setConfirmWhatsAppOpen] 
= useState(false);
827|    const [pendingConvId, setPendingConvId] = 
useState<string | null>(null);

[33mThe symbol "confirmWhatsAppOpen" has already been 
declared[33m
824|    const [editingBooking, setEditingBooking] = 
useState<EditBookingData | null>(null);
825|    const [isSurveyOpen, setIsSurveyOpen] = 
useState(false);
826|    const [confirmWhatsAppOpen, setConfirmWhatsAppOpen] 
= useState(false);
   |          ^
827|    const [pendingConvId, setPendingConvId] = 
useState<string | null>(null);
828|    const [pendingWaLink, setPendingWaLink] = 
useState<string | null>(null);

[33mThe symbol "setConfirmWhatsAppOpen" has already been 
declared[33m
824|    const [editingBooking, setEditingBooking] = 
useState<EditBookingData | null>(null);
825|    const [isSurveyOpen, setIsSurveyOpen] = 
useState(false);
826|    const [confirmWhatsAppOpen, setConfirmWhatsAppOpen] 
= useState(false);
   |          ^
827|    const [pendingConvId, setPendingConvId] = 
useState<string | null>(null);
828|    const [pendingWaLink, setPendingWaLink] = 
useState<string | null>(null);

[33mThe symbol "pendingConvId" has already been 
declared[33m
825|    const [isSurveyOpen, setIsSurveyOpen] = 
useState(false);
826|    const [confirmWhatsAppOpen, setConfirmWhatsAppOpen] 
= useState(false);
827|    const [pendingConvId, setPendingConvId] = 
useState<string | null>(null);
   |          ^
828|    const [pendingWaLink, setPendingWaLink] = 
useState<string | null>(null);
829|    const [isEditing, setIsEditing] = useState(false);

[33mThe symbol "setPendingConvId" has already been 
declared[33m
825|    const [isSurveyOpen, setIsSurveyOpen] = 
useState(false);
826|    const [confirmWhatsAppOpen, setConfirmWhatsAppOpen] 
= useState(false);
827|    const [pendingConvId, setPendingConvId] = 
useState<string | null>(null);
   |          ^
828|    const [pendingWaLink, setPendingWaLink] = 
useState<string | null>(null);
829|    const [isEditing, setIsEditing] = useState(false);

[33mThe symbol "pendingWaLink" has already been 
declared[33m
826|    const [confirmWhatsAppOpen, setConfirmWhatsAppOpen] 
= useState(false);
827|    const [pendingConvId, setPendingConvId] = 
useState<string | null>(null);
828|    const [pendingWaLink, setPendingWaLink] = 
useState<string | null>(null);
   |          ^
829|    const [isEditing, setIsEditing] = useState(false);
830|    const [editingBooking, setEditingBooking] = 
useState<EditBookingData | null>(null);

[33mThe symbol "setPendingWaLink" has already been 
declared[33m
826|    const [confirmWhatsAppOpen, setConfirmWhatsAppOpen] 
= useState(false);
827|    const [pendingConvId, setPendingConvId] = 
useState<string | null>(null);
828|    const [pendingWaLink, setPendingWaLink] = 
useState<string | null>(null);
   |          ^
829|    const [isEditing, setIsEditing] = useState(false);
830|    const [editingBooking, setEditingBooking] = 
useState<EditBookingData | null>(null);

[33mThe symbol "isEditing" has already been declared[33m
827|    const [pendingConvId, setPendingConvId] = 
useState<string | null>(null);
828|    const [pendingWaLink, setPendingWaLink] = 
useState<string | null>(null);
829|    const [isEditing, setIsEditing] = useState(false);
   |          ^
830|    const [editingBooking, setEditingBooking] = 
useState<EditBookingData | null>(null);
831|    const [isSurveyOpen, setIsSurveyOpen] = 
useState(false);

[33mThe symbol "setIsEditing" has already been declared[33m
827|    const [pendingConvId, setPendingConvId] = 
useState<string | null>(null);
828|    const [pendingWaLink, setPendingWaLink] = 
useState<string | null>(null);
829|    const [isEditing, setIsEditing] = useState(false);
   |          ^
830|    const [editingBooking, setEditingBooking] = 
useState<EditBookingData | null>(null);
831|    const [isSurveyOpen, setIsSurveyOpen] = 
useState(false);

[33mThe symbol "editingBooking" has already been 
declared[33m
828|    const [pendingWaLink, setPendingWaLink] = 
useState<string | null>(null);
829|    const [isEditing, setIsEditing] = useState(false);
830|    const [editingBooking, setEditingBooking] = 
useState<EditBookingData | null>(null);
   |          ^
831|    const [isSurveyOpen, setIsSurveyOpen] = 
useState(false);
832|    const [confirmWhatsAppOpen, setConfirmWhatsAppOpen] 
= useState(false);

[33mThe symbol "setEditingBooking" has already been 
declared[33m
828|    const [pendingWaLink, setPendingWaLink] = 
useState<string | null>(null);
829|    const [isEditing, setIsEditing] = useState(false);
830|    const [editingBooking, setEditingBooking] = 
useState<EditBookingData | null>(null);
   |          ^
831|    const [isSurveyOpen, setIsSurveyOpen] = 
useState(false);
832|    const [confirmWhatsAppOpen, setConfirmWhatsAppOpen] 
= useState(false);

[33mThe symbol "isSurveyOpen" has already been declared[33m
829|    const [isEditing, setIsEditing] = useState(false);
830|    const [editingBooking, setEditingBooking] = 
useState<EditBookingData | null>(null);
831|    const [isSurveyOpen, setIsSurveyOpen] = 
useState(false);
   |          ^
832|    const [confirmWhatsAppOpen, setConfirmWhatsAppOpen] 
= useState(false);
833|    const [pendingConvId, setPendingConvId] = 
useState<string | null>(null);

[33mThe symbol "setIsSurveyOpen" has already been 
declared[33m
829|    const [isEditing, setIsEditing] = useState(false);
830|    const [editingBooking, setEditingBooking] = 
useState<EditBookingData | null>(null);
831|    const [isSurveyOpen, setIsSurveyOpen] = 
useState(false);
   |          ^
832|    const [confirmWhatsAppOpen, setConfirmWhatsAppOpen] 
= useState(false);
833|    const [pendingConvId, setPendingConvId] = 
useState<string | null>(null);

[33mThe symbol "confirmWhatsAppOpen" has already been 
declared[33m
830|    const [editingBooking, setEditingBooking] = 
useState<EditBookingData | null>(null);
831|    const [isSurveyOpen, setIsSurveyOpen] = 
useState(false);
832|    const [confirmWhatsAppOpen, setConfirmWhatsAppOpen] 
= useState(false);
   |          ^
833|    const [pendingConvId, setPendingConvId] = 
useState<string | null>(null);
834|    const [pendingWaLink, setPendingWaLink] = 
useState<string | null>(null);

[33mThe symbol "setConfirmWhatsAppOpen" has already been 
declared[33m
830|    const [editingBooking, setEditingBooking] = 
useState<EditBookingData | null>(null);
831|    const [isSurveyOpen, setIsSurveyOpen] = 
useState(false);
832|    const [confirmWhatsAppOpen, setConfirmWhatsAppOpen] 
= useState(false);
   |          ^
833|    const [pendingConvId, setPendingConvId] = 
useState<string | null>(null);
834|    const [pendingWaLink, setPendingWaLink] = 
useState<string | null>(null);

[33mThe symbol "pendingConvId" has already been 
declared[33m
831|    const [isSurveyOpen, setIsSurveyOpen] = 
useState(false);
832|    const [confirmWhatsAppOpen, setConfirmWhatsAppOpen] 
= useState(false);
833|    const [pendingConvId, setPendingConvId] = 
useState<string | null>(null);
   |          ^
834|    const [pendingWaLink, setPendingWaLink] = 
useState<string | null>(null);
835|    const [isEditing, setIsEditing] = useState(false);

[33mThe symbol "setPendingConvId" has already been 
declared[33m
831|    const [isSurveyOpen, setIsSurveyOpen] = 
useState(false);
832|    const [confirmWhatsAppOpen, setConfirmWhatsAppOpen] 
= useState(false);
833|    const [pendingConvId, setPendingConvId] = 
useState<string | null>(null);
   |          ^
834|    const [pendingWaLink, setPendingWaLink] = 
useState<string | null>(null);
835|    const [isEditing, setIsEditing] = useState(false);

[33mThe symbol "pendingWaLink" has already been 
declared[33m
832|    const [confirmWhatsAppOpen, setConfirmWhatsAppOpen] 
= useState(false);
833|    const [pendingConvId, setPendingConvId] = 
useState<string | null>(null);
834|    const [pendingWaLink, setPendingWaLink] = 
useState<string | null>(null);
   |          ^
835|    const [isEditing, setIsEditing] = useState(false);
836|    const [editingBooking, setEditingBooking] = 
useState<EditBookingData | null>(null);

[33mThe symbol "setPendingWaLink" has already been 
declared[33m
832|    const [confirmWhatsAppOpen, setConfirmWhatsAppOpen] 
= useState(false);
833|    const [pendingConvId, setPendingConvId] = 
useState<string | null>(null);
834|    const [pendingWaLink, setPendingWaLink] = 
useState<string | null>(null);
   |          ^
835|    const [isEditing, setIsEditing] = useState(false);
836|    const [editingBooking, setEditingBooking] = 
useState<EditBookingData | null>(null);

[33mThe symbol "isEditing" has already been declared[33m
833|    const [pendingConvId, setPendingConvId] = 
useState<string | null>(null);
834|    const [pendingWaLink, setPendingWaLink] = 
useState<string | null>(null);
835|    const [isEditing, setIsEditing] = useState(false);
   |          ^
836|    const [editingBooking, setEditingBooking] = 
useState<EditBookingData | null>(null);
837|    const [isSurveyOpen, setIsSurveyOpen] = 
useState(false);

[33mThe symbol "setIsEditing" has already been declared[33m
833|    const [pendingConvId, setPendingConvId] = 
useState<string | null>(null);
834|    const [pendingWaLink, setPendingWaLink] = 
useState<string | null>(null);
835|    const [isEditing, setIsEditing] = useState(false);
   |          ^
836|    const [editingBooking, setEditingBooking] = 
useState<EditBookingData | null>(null);
837|    const [isSurveyOpen, setIsSurveyOpen] = 
useState(false);

[33mThe symbol "editingBooking" has already been 
declared[33m
834|    const [pendingWaLink, setPendingWaLink] = 
useState<string | null>(null);
835|    const [isEditing, setIsEditing] = useState(false);
836|    const [editingBooking, setEditingBooking] = 
useState<EditBookingData | null>(null);
   |          ^
837|    const [isSurveyOpen, setIsSurveyOpen] = 
useState(false);
838|    const [confirmWhatsAppOpen, setConfirmWhatsAppOpen] 
= useState(false);

[33mThe symbol "setEditingBooking" has already been 
declared[33m
834|    const [pendingWaLink, setPendingWaLink] = 
useState<string | null>(null);
835|    const [isEditing, setIsEditing] = useState(false);
836|    const [editingBooking, setEditingBooking] = 
useState<EditBookingData | null>(null);
   |          ^
837|    const [isSurveyOpen, setIsSurveyOpen] = 
useState(false);
838|    const [confirmWhatsAppOpen, setConfirmWhatsAppOpen] 
= useState(false);

[33mThe symbol "isSurveyOpen" has already been declared[33m
835|    const [isEditing, setIsEditing] = useState(false);
836|    const [editingBooking, setEditingBooking] = 
useState<EditBookingData | null>(null);
837|    const [isSurveyOpen, setIsSurveyOpen] = 
useState(false);
   |          ^
838|    const [confirmWhatsAppOpen, setConfirmWhatsAppOpen] 
= useState(false);
839|    const [pendingConvId, setPendingConvId] = 
useState<string | null>(null);

[33mThe symbol "setIsSurveyOpen" has already been 
declared[33m
835|    const [isEditing, setIsEditing] = useState(false);
836|    const [editingBooking, setEditingBooking] = 
useState<EditBookingData | null>(null);
837|    const [isSurveyOpen, setIsSurveyOpen] = 
useState(false);
   |          ^
838|    const [confirmWhatsAppOpen, setConfirmWhatsAppOpen] 
= useState(false);
839|    const [pendingConvId, setPendingConvId] = 
useState<string | null>(null);

[33mThe symbol "confirmWhatsAppOpen" has already been 
declared[33m
836|    const [editingBooking, setEditingBooking] = 
useState<EditBookingData | null>(null);
837|    const [isSurveyOpen, setIsSurveyOpen] = 
useState(false);
838|    const [confirmWhatsAppOpen, setConfirmWhatsAppOpen] 
= useState(false);
   |          ^
839|    const [pendingConvId, setPendingConvId] = 
useState<string | null>(null);
840|    const [pendingWaLink, setPendingWaLink] = 
useState<string | null>(null);

[33mThe symbol "setConfirmWhatsAppOpen" has already been 
declared[33m
836|    const [editingBooking, setEditingBooking] = 
useState<EditBookingData | null>(null);
837|    const [isSurveyOpen, setIsSurveyOpen] = 
useState(false);
838|    const [confirmWhatsAppOpen, setConfirmWhatsAppOpen] 
= useState(false);
   |          ^
839|    const [pendingConvId, setPendingConvId] = 
useState<string | null>(null);
840|    const [pendingWaLink, setPendingWaLink] = 
useState<string | null>(null);

[33mThe symbol "pendingConvId" has already been 
declared[33m
837|    const [isSurveyOpen, setIsSurveyOpen] = 
useState(false);
838|    const [confirmWhatsAppOpen, setConfirmWhatsAppOpen] 
= useState(false);
839|    const [pendingConvId, setPendingConvId] = 
useState<string | null>(null);
   |          ^
840|    const [pendingWaLink, setPendingWaLink] = 
useState<string | null>(null);
841|    const [isEditing, setIsEditing] = useState(false);

[33mThe symbol "setPendingConvId" has already been 
declared[33m
837|    const [isSurveyOpen, setIsSurveyOpen] = 
useState(false);
838|    const [confirmWhatsAppOpen, setConfirmWhatsAppOpen] 
= useState(false);
839|    const [pendingConvId, setPendingConvId] = 
useState<string | null>(null);
   |          ^
840|    const [pendingWaLink, setPendingWaLink] = 
useState<string | null>(null);
841|    const [isEditing, setIsEditing] = useState(false);

[33mThe symbol "pendingWaLink" has already been 
declared[33m
838|    const [confirmWhatsAppOpen, setConfirmWhatsAppOpen] 
= useState(false);
839|    const [pendingConvId, setPendingConvId] = 
useState<string | null>(null);
840|    const [pendingWaLink, setPendingWaLink] = 
useState<string | null>(null);
   |          ^
841|    const [isEditing, setIsEditing] = useState(false);
842|    const [editingBooking, setEditingBooking] = 
useState<EditBookingData | null>(null);

[33mThe symbol "setPendingWaLink" has already been 
declared[33m
838|    const [confirmWhatsAppOpen, setConfirmWhatsAppOpen] 
= useState(false);
839|    const [pendingConvId, setPendingConvId] = 
useState<string | null>(null);
840|    const [pendingWaLink, setPendingWaLink] = 
useState<string | null>(null);
   |          ^
841|    const [isEditing, setIsEditing] = useState(false);
842|    const [editingBooking, setEditingBooking] = 
useState<EditBookingData | null>(null);

[33mThe symbol "isEditing" has already been declared[33m
839|    const [pendingConvId, setPendingConvId] = 
useState<string | null>(null);
840|    const [pendingWaLink, setPendingWaLink] = 
useState<string | null>(null);
841|    const [isEditing, setIsEditing] = useState(false);
   |          ^
842|    const [editingBooking, setEditingBooking] = 
useState<EditBookingData | null>(null);
843|    const [isSurveyOpen, setIsSurveyOpen] = 
useState(false);

[33mThe symbol "setIsEditing" has already been declared[33m
839|    const [pendingConvId, setPendingConvId] = 
useState<string | null>(null);
840|    const [pendingWaLink, setPendingWaLink] = 
useState<string | null>(null);
841|    const [isEditing, setIsEditing] = useState(false);
   |          ^
842|    const [editingBooking, setEditingBooking] = 
useState<EditBookingData | null>(null);
843|    const [isSurveyOpen, setIsSurveyOpen] = 
useState(false);

[33mThe symbol "editingBooking" has already been 
declared[33m
840|    const [pendingWaLink, setPendingWaLink] = 
useState<string | null>(null);
841|    const [isEditing, setIsEditing] = useState(false);
842|    const [editingBooking, setEditingBooking] = 
useState<EditBookingData | null>(null);
   |          ^
843|    const [isSurveyOpen, setIsSurveyOpen] = 
useState(false);
844|    const [confirmWhatsAppOpen, setConfirmWhatsAppOpen] 
= useState(false);

[33mThe symbol "setEditingBooking" has already been 
declared[33m
840|    const [pendingWaLink, setPendingWaLink] = 
useState<string | null>(null);
841|    const [isEditing, setIsEditing] = useState(false);
842|    const [editingBooking, setEditingBooking] = 
useState<EditBookingData | null>(null);
   |          ^
843|    const [isSurveyOpen, setIsSurveyOpen] = 
useState(false);
844|    const [confirmWhatsAppOpen, setConfirmWhatsAppOpen] 
= useState(false);

[33mThe symbol "isSurveyOpen" has already been declared[33m
841|    const [isEditing, setIsEditing] = useState(false);
842|    const [editingBooking, setEditingBooking] = 
useState<EditBookingData | null>(null);
843|    const [isSurveyOpen, setIsSurveyOpen] = 
useState(false);
   |          ^
844|    const [confirmWhatsAppOpen, setConfirmWhatsAppOpen] 
= useState(false);
845|    const [pendingConvId, setPendingConvId] = 
useState<string | null>(null);

[33mThe symbol "setIsSurveyOpen" has already been 
declared[33m
841|    const [isEditing, setIsEditing] = useState(false);
842|    const [editingBooking, setEditingBooking] = 
useState<EditBookingData | null>(null);
843|    const [isSurveyOpen, setIsSurveyOpen] = 
useState(false);
   |          ^
844|    const [confirmWhatsAppOpen, setConfirmWhatsAppOpen] 
= useState(false);
845|    const [pendingConvId, setPendingConvId] = 
useState<string | null>(null);

[33mThe symbol "confirmWhatsAppOpen" has already been 
declared[33m
842|    const [editingBooking, setEditingBooking] = 
useState<EditBookingData | null>(null);
843|    const [isSurveyOpen, setIsSurveyOpen] = 
useState(false);
844|    const [confirmWhatsAppOpen, setConfirmWhatsAppOpen] 
= useState(false);
   |          ^
845|    const [pendingConvId, setPendingConvId] = 
useState<string | null>(null);
846|    const [pendingWaLink, setPendingWa

[33mThe symbol "setConfirmWhatsAppOpen" has already been 
declared[33m
842|    const [editingBooking, setEditingBooking] = 
useState<EditBookingData | null>(null);
843|    const [isSurveyOpen, setIsSurveyOpen] = 
useState(false);
844|    const [confirmWhatsAppOpen, setConfirmWhatsAppOpen] 
= useState(false);
   |          ^
845|    const [pendingConvId, setPendingConvId] = 
useState<string | null>(null);
846|    const [pendingWaLink, setPendingWa

[33mThe symbol "pendingConvId" has already been 
declared[33m
843|    const [isSurveyOpen, setIsSurveyOpen] = 
useState(false);
844|    const [confirmWhatsAppOpen, setConfirmWhatsAppOpen] 
= useState(false);
845|    const [pendingConvId, setPendingConvId] = 
useState<string | null>(null);
   |          ^
846|    const [pendingWaLink, setPendingWa
847|  

[33mThe symbol "setPendingConvId" has already been 
declared[33m
843|    const [isSurveyOpen, setIsSurveyOpen] = 
useState(false);
844|    const [confirmWhatsAppOpen, setConfirmWhatsAppOpen] 
= useState(false);
845|    const [pendingConvId, setPendingConvId] = 
useState<string | null>(null);
   |          ^
846|    const [pendingWaLink, setPendingWa
847|  

[33mExpected "]" but found end of file[33m
845|    const [pendingConvId, setPendingConvId] = 
useState<string | null>(null);
846|    const [pendingWaLink, setPendingWa
847|  
   |  ^
[31m
    at failureErrorWithLog (C:\Users\abdal\munaasib-event-com
pass-app-34-main\node_modules\esbuild\lib\main.js:1472:15)
    at C:\Users\abdal\munaasib-event-compass-app-34-main\node
_modules\esbuild\lib\main.js:755:50
    at responseCallbacks.<computed> (C:\Users\abdal\munaasib-
event-compass-app-34-main\node_modules\esbuild\lib\main.js:62
2:9)
    at handleIncomingPacket (C:\Users\abdal\munaasib-event-co
mpass-app-34-main\node_modules\esbuild\lib\main.js:677:12)
    at Socket.readFromStdout (C:\Users\abdal\munaasib-event-c
ompass-app-34-main\node_modules\esbuild\lib\main.js:600:7)
    at Socket.emit (node:events:518:28)
    at addChunk (node:internal/streams/readable:561:12)
    at readableAddChunkPushByteMode 
(node:internal/streams/readable:512:3)
    at Readable.push (node:internal/streams/readable:392:5)
    at Pipe.onStreamRead 
(node:internal/stream_base_commons:189:23)[39m
